[2026-08-12T23:58:07.778234Z] Digital Synthesis Agent
workflow_id=2abe0c5d-7ac4-43fe-8031-ae931b35b29f
workflow_dir=/root/chiploop-backend/artifacts/3c6dfa47-ba1d-4be5-857c-c60b38fc0ff6/2abe0c5d-7ac4-43fe-8031-ae931b35b29f/b4a2d3ee-d6f5-41d7-8ee3-2683e506f826/digital/arch2tapeout
spec_json=/root/chiploop-backend/artifacts/3c6dfa47-ba1d-4be5-857c-c60b38fc0ff6/2abe0c5d-7ac4-43fe-8031-ae931b35b29f/b4a2d3ee-d6f5-41d7-8ee3-2683e506f826/digital/arch2tapeout/handoff/spec/digital_spec.json
top_module=smart_sensor_hub_mcu
rtl_count=1
request_target_frequency_mhz=100
clock_period_ns=10.0
upstream_sdc=/root/chiploop-backend/artifacts/3c6dfa47-ba1d-4be5-857c-c60b38fc0ff6/2abe0c5d-7ac4-43fe-8031-ae931b35b29f/b4a2d3ee-d6f5-41d7-8ee3-2683e506f826/digital/arch2tapeout/digital/impl_setup/constraints/smart_sensor_hub_mcu.sdc
sdc_basename=smart_sensor_hub_mcu.sdc
synth_sdc_path=artifacts/3c6dfa47-ba1d-4be5-857c-c60b38fc0ff6/2abe0c5d-7ac4-43fe-8031-ae931b35b29f/b4a2d3ee-d6f5-41d7-8ee3-2683e506f826/digital/arch2tapeout/digital/synth/constraints/smart_sensor_hub_mcu.sdc
state_constraints_sdc=/root/chiploop-backend/artifacts/3c6dfa47-ba1d-4be5-857c-c60b38fc0ff6/2abe0c5d-7ac4-43fe-8031-ae931b35b29f/b4a2d3ee-d6f5-41d7-8ee3-2683e506f826/digital/arch2tapeout/digital/impl_setup/constraints/smart_sensor_hub_mcu.sdc
pdk_variant=sky130A
macro_lib_count=0
macro_lef_count=0
macro_gds_count=0
macro_spice_count=0
macro_verilog_count=0
pdk_sram_collateral=[]
yosys_macro_lib_script=artifacts/3c6dfa47-ba1d-4be5-857c-c60b38fc0ff6/2abe0c5d-7ac4-43fe-8031-ae931b35b29f/b4a2d3ee-d6f5-41d7-8ee3-2683e506f826/digital/arch2tapeout/digital/synth/yosys_macro_libs.ys
pre_synthesis_rtl_repairs={}
