=== STDERR ===
%Error-MODMISSING: pass2/adaptive_aero_control_top.v:66:5: Cannot find file containing module: 'fpga_bram_history_wrapper'
   66 |     fpga_bram_history_wrapper u_history_bram (
      |     ^~~~~~~~~~~~~~~~~~~~~~~~~
                   ... For error description see https://verilator.org/warn/MODMISSING?v=5.047
                   ... This may be because there's no search path specified with -I<dir>.
                   ... Looked in:
                        fpga_bram_history_wrapper
                        fpga_bram_history_wrapper.v
                        fpga_bram_history_wrapper.sv
                        obj_dir/fpga_bram_history_wrapper
                        obj_dir/fpga_bram_history_wrapper.v
                        obj_dir/fpga_bram_history_wrapper.sv
                   ... With current working directory '/root/chiploop-backend/backend/workflows/51f414ff-9b5c-4f21-8a55-c7792a69faa8/rtl'
%Error-MODMISSING: pass2/adaptive_aero_control_top.v:75:5: Cannot find file containing module: 'adaptive_aero_control_registers'
   75 |     adaptive_aero_control_registers u_regs (
      |     ^~~~~~~~~~~~~~~~~~~~~~~~~~~~~~~
%Error-MODMISSING: pass2/adaptive_aero_control_top.v:96:5: Cannot find file containing module: 'adaptive_aero_control_transport'
   96 |     adaptive_aero_control_transport u_transport (
      |     ^~~~~~~~~~~~~~~~~~~~~~~~~~~~~~~
%Error-MODMISSING: pass2/adaptive_aero_control_top.v:127:5: Cannot find file containing module: 'adaptive_aero_control_safety'
  127 |     adaptive_aero_control_safety u_safety (
      |     ^~~~~~~~~~~~~~~~~~~~~~~~~~~~
%Error: Exiting due to 4 error(s)

=== RETURN CODE ===
1
