=== STDERR ===
%Warning-WIDTHEXPAND: pass3/adaptive_aero_control_top.v:114:21: Operator ASSIGNW expects 16 bits on the Assign RHS, but Assign RHS's SEL generates 1 bits.
                                                              : ... note: In instance 'adaptive_aero_control_top'
  114 | assign actuator_cmd = actuator_cmd_i[0];
      |                     ^
                      ... For warning description see https://verilator.org/warn/WIDTHEXPAND?v=5.047
                      ... Use "/* verilator lint_off WIDTHEXPAND */" and lint_on around source to disable this message.
%Error-PROCASSWIRE: pass3/adaptive_aero_control_regs.v:121:9: Procedural assignment to wire, perhaps intended var (IEEE 1800-2023 6.5): 'reg_rvalid'
                                                            : ... note: In instance 'adaptive_aero_control_top.u_adaptive_aero_control_regs'
  121 |         reg_rvalid <= 1'b0;
      |         ^~~~~~~~~~
                    ... For error description see https://verilator.org/warn/PROCASSWIRE?v=5.047
%Error-PROCASSWIRE: pass3/adaptive_aero_control_regs.v:124:9: Procedural assignment to wire, perhaps intended var (IEEE 1800-2023 6.5): 'reg_rvalid'
                                                            : ... note: In instance 'adaptive_aero_control_top.u_adaptive_aero_control_regs'
  124 |         reg_rvalid <= reg_rd_en;
      |         ^~~~~~~~~~
%Warning-UNUSEDSIGNAL: pass3/adaptive_aero_control_top.v:51:13: Signal is not used: 'sticky_fault_w1c'
                                                              : ... note: In instance 'adaptive_aero_control_top'
   51 | wire [15:0] sticky_fault_w1c;
      |             ^~~~~~~~~~~~~~~~
                       ... For warning description see https://verilator.org/warn/UNUSEDSIGNAL?v=5.047
                       ... Use "/* verilator lint_off UNUSEDSIGNAL */" and lint_on around source to disable this message.
%Warning-UNDRIVEN: pass3/adaptive_aero_control_top.v:52:13: Signal is not driven: 'telemetry_requests_issued'
                                                          : ... note: In instance 'adaptive_aero_control_top'
   52 | wire [31:0] telemetry_requests_issued;
      |             ^~~~~~~~~~~~~~~~~~~~~~~~~
                   ... For warning description see https://verilator.org/warn/UNDRIVEN?v=5.047
                   ... Use "/* verilator lint_off UNDRIVEN */" and lint_on around source to disable this message.
%Warning-UNDRIVEN: pass3/adaptive_aero_control_top.v:53:13: Signal is not driven: 'telemetry_responses_accepted'
                                                          : ... note: In instance 'adaptive_aero_control_top'
   53 | wire [31:0] telemetry_responses_accepted;
      |             ^~~~~~~~~~~~~~~~~~~~~~~~~~~~
%Warning-UNDRIVEN: pass3/adaptive_aero_control_top.v:54:13: Signal is not driven: 'telemetry_stale_rejects'
                                                          : ... note: In instance 'adaptive_aero_control_top'
   54 | wire [31:0] telemetry_stale_rejects;
      |             ^~~~~~~~~~~~~~~~~~~~~~~
%Warning-UNDRIVEN: pass3/adaptive_aero_control_top.v:55:13: Signal is not driven: 'telemetry_timeout_events'
                                                          : ... note: In instance 'adaptive_aero_control_top'
   55 | wire [31:0] telemetry_timeout_events;
      |             ^~~~~~~~~~~~~~~~~~~~~~~~
%Warning-UNDRIVEN: pass3/adaptive_aero_control_top.v:56:13: Signal is not driven: 'telemetry_clamp_events'
                                                          : ... note: In instance 'adaptive_aero_control_top'
   56 | wire [31:0] telemetry_clamp_events;
      |             ^~~~~~~~~~~~~~~~~~~~~~
%Warning-UNDRIVEN: pass3/adaptive_aero_control_top.v:57:13: Signal is not driven: 'telemetry_fallback_activations'
                                                          : ... note: In instance 'adaptive_aero_control_top'
   57 | wire [31:0] telemetry_fallback_activations;
      |             ^~~~~~~~~~~~~~~~~~~~~~~~~~~~~~
%Warning-UNDRIVEN: pass3/adaptive_aero_control_top.v:58:13: Signal is not driven: 'telemetry_protocol_errors'
                                                          : ... note: In instance 'adaptive_aero_control_top'
   58 | wire [31:0] telemetry_protocol_errors;
      |             ^~~~~~~~~~~~~~~~~~~~~~~~~
%Warning-UNDRIVEN: pass3/adaptive_aero_control_top.v:59:12: Signal is not driven: 'telemetry_queue_occupancy'
                                                          : ... note: In instance 'adaptive_aero_control_top'
   59 | wire [7:0] telemetry_queue_occupancy;
      |            ^~~~~~~~~~~~~~~~~~~~~~~~~
%Warning-UNDRIVEN: pass3/adaptive_aero_control_top.v:60:12: Signal is not driven: 'telemetry_last_error_code'
                                                          : ... note: In instance 'adaptive_aero_control_top'
   60 | wire [7:0] telemetry_last_error_code;
      |            ^~~~~~~~~~~~~~~~~~~~~~~~~
%Warning-UNDRIVEN: pass3/adaptive_aero_control_top.v:61:13: Signal is not driven: 'telemetry_last_rsp_sequence'
                                                          : ... note: In instance 'adaptive_aero_control_top'
   61 | wire [15:0] telemetry_last_rsp_sequence;
      |             ^~~~~~~~~~~~~~~~~~~~~~~~~~~
%Warning-UNDRIVEN: pass3/adaptive_aero_control_top.v:62:12: Signal is not driven: 'telemetry_last_rsp_age'
                                                          : ... note: In instance 'adaptive_aero_control_top'
   62 | wire [7:0] telemetry_last_rsp_age;
      |            ^~~~~~~~~~~~~~~~~~~~~~
%Warning-UNDRIVEN: pass3/adaptive_aero_control_top.v:63:13: Signal is not driven: 'telemetry_seq_counter'
                                                          : ... note: In instance 'adaptive_aero_control_top'
   63 | wire [15:0] telemetry_seq_counter;
      |             ^~~~~~~~~~~~~~~~~~~~~
%Warning-UNDRIVEN: pass3/adaptive_aero_control_top.v:64:13: Signal is not driven: 'fault_summary'
                                                          : ... note: In instance 'adaptive_aero_control_top'
   64 | wire [15:0] fault_summary;
      |             ^~~~~~~~~~~~~
%Warning-UNUSEDSIGNAL: pass3/adaptive_aero_control_top.v:73:12: Signal is not used: 'request_queue_occupancy'
                                                              : ... note: In instance 'adaptive_aero_control_top'
   73 | wire [7:0] request_queue_occupancy;
      |            ^~~~~~~~~~~~~~~~~~~~~~~
%Warning-UNUSEDSIGNAL: pass3/adaptive_aero_control_top.v:74:6: Signal is not used: 'request_accepted_pulse'
                                                             : ... note: In instance 'adaptive_aero_control_top'
   74 | wire request_accepted_pulse;
      |      ^~~~~~~~~~~~~~~~~~~~~~
%Warning-UNUSEDSIGNAL: pass3/adaptive_aero_control_top.v:76:6: Signal is not used: 'busy_reject'
                                                             : ... note: In instance 'adaptive_aero_control_top'
   76 | wire busy_reject;
      |      ^~~~~~~~~~~
%Warning-UNUSEDSIGNAL: pass3/adaptive_aero_control_top.v:79:6: Signal is not used: 'resp_accept_pulse'
                                                             : ... note: In instance 'adaptive_aero_control_top'
   79 | wire resp_accept_pulse;
      |      ^~~~~~~~~~~~~~~~~
%Warning-UNUSEDSIGNAL: pass3/adaptive_aero_control_top.v:80:6: Signal is not used: 'resp_reject_pulse'
                                                             : ... note: In instance 'adaptive_aero_control_top'
   80 | wire resp_reject_pulse;
      |      ^~~~~~~~~~~~~~~~~
%Warning-UNUSEDSIGNAL: pass3/adaptive_aero_control_top.v:81:6: Signal is not used: 'resp_stale_pulse'
                                                             : ... note: In instance 'adaptive_aero_control_top'
   81 | wire resp_stale_pulse;
      |      ^~~~~~~~~~~~~~~~
%Warning-UNUSEDSIGNAL: pass3/adaptive_aero_control_top.v:82:6: Signal is not used: 'timeout_fault'
                                                             : ... note: In instance 'adaptive_aero_control_top'
   82 | wire timeout_fault;
      |      ^~~~~~~~~~~~~
%Warning-UNUSEDSIGNAL: pass3/adaptive_aero_control_top.v:83:6: Signal is not used: 'protocol_fault'
                                                             : ... note: In instance 'adaptive_aero_control_top'
   83 | wire protocol_fault;
      |      ^~~~~~~~~~~~~~
%Warning-UNUSEDSIGNAL: pass3/adaptive_aero_control_top.v:84:13: Signal is not used: 'sticky_fault_bits'
                                                              : ... note: In instance 'adaptive_aero_control_top'
   84 | wire [15:0] sticky_fault_bits;
      |             ^~~~~~~~~~~~~~~~~
%Warning-UNUSEDSIGNAL: pass3/adaptive_aero_control_top.v:85:13: Bits of signal are not used: 'actuator_cmd_i'[15:1]
                                                              : ... note: In instance 'adaptive_aero_control_top'
   85 | wire [15:0] actuator_cmd_i;
      |             ^~~~~~~~~~~~~~
%Warning-UNUSEDSIGNAL: pass3/adaptive_aero_control_top.v:88:6: Signal is not used: 'fallback_active'
                                                             : ... note: In instance 'adaptive_aero_control_top'
   88 | wire fallback_active;
      |      ^~~~~~~~~~~~~~~
%Warning-UNUSEDSIGNAL: pass3/adaptive_aero_control_top.v:89:6: Signal is not used: 'clamp_event'
                                                             : ... note: In instance 'adaptive_aero_control_top'
   89 | wire clamp_event;
      |      ^~~~~~~~~~~
%Warning-UNUSEDSIGNAL: pass3/adaptive_aero_control_top.v:90:13: Signal is not used: 'last_rsp_sequence'
                                                              : ... note: In instance 'adaptive_aero_control_top'
   90 | wire [15:0] last_rsp_sequence;
      |             ^~~~~~~~~~~~~~~~~
%Warning-UNUSEDSIGNAL: pass3/adaptive_aero_control_top.v:91:12: Signal is not used: 'last_rsp_age'
                                                              : ... note: In instance 'adaptive_aero_control_top'
   91 | wire [7:0] last_rsp_age;
      |            ^~~~~~~~~~~~
%Warning-UNUSEDSIGNAL: pass3/adaptive_aero_control_top.v:92:12: Signal is not used: 'last_error_code'
                                                              : ... note: In instance 'adaptive_aero_control_top'
   92 | wire [7:0] last_error_code;
      |            ^~~~~~~~~~~~~~~
%Warning-UNUSEDSIGNAL: pass3/adaptive_aero_control_top.v:94:13: Signal is not driven, nor used: 'adaptive_aero_control_regs_cfg_actuator_max'
                                                              : ... note: In instance 'adaptive_aero_control_top'
   94 | wire [15:0] adaptive_aero_control_regs_cfg_actuator_max;
      |             ^~~~~~~~~~~~~~~~~~~~~~~~~~~~~~~~~~~~~~~~~~~
%Warning-UNUSEDSIGNAL: pass3/adaptive_aero_control_top.v:95:13: Signal is not driven, nor used: 'adaptive_aero_control_regs_cfg_actuator_min'
                                                              : ... note: In instance 'adaptive_aero_control_top'
   95 | wire [15:0] adaptive_aero_control_regs_cfg_actuator_min;
      |             ^~~~~~~~~~~~~~~~~~~~~~~~~~~~~~~~~~~~~~~~~~~
%Warning-UNUSEDSIGNAL: pass3/adaptive_aero_control_top.v:96:6: Signal is not driven, nor used: 'adaptive_aero_control_regs_cfg_enable'
                                                             : ... note: In instance 'adaptive_aero_control_top'
   96 | wire adaptive_aero_control_regs_cfg_enable;
      |      ^~~~~~~~~~~~~~~~~~~~~~~~~~~~~~~~~~~~~
%Warning-UNUSEDSIGNAL: pass3/adaptive_aero_control_top.v:97:13: Signal is not driven, nor used: 'adaptive_aero_control_regs_cfg_fallback_cmd'
                                                              : ... note: In instance 'adaptive_aero_control_top'
   97 | wire [15:0] adaptive_aero_control_regs_cfg_fallback_cmd;
      |             ^~~~~~~~~~~~~~~~~~~~~~~~~~~~~~~~~~~~~~~~~~~
%Warning-UNUSEDSIGNAL: pass3/adaptive_aero_control_top.v:98:12: Signal is not driven, nor used: 'adaptive_aero_control_regs_cfg_freshness_thresh'
                                                              : ... note: In instance 'adaptive_aero_control_top'
   98 | wire [7:0] adaptive_aero_control_regs_cfg_freshness_thresh;
      |            ^~~~~~~~~~~~~~~~~~~~~~~~~~~~~~~~~~~~~~~~~~~~~~~
%Warning-UNUSEDSIGNAL: pass3/adaptive_aero_control_top.v:99:13: Signal is not driven, nor used: 'adaptive_aero_control_regs_cfg_geometry_id'
                                                              : ... note: In instance 'adaptive_aero_control_top'
   99 | wire [15:0] adaptive_aero_control_regs_cfg_geometry_id;
      |             ^~~~~~~~~~~~~~~~~~~~~~~~~~~~~~~~~~~~~~~~~~
%Warning-UNUSEDSIGNAL: pass3/adaptive_aero_control_top.v:100:12: Signal is not driven, nor used: 'adaptive_aero_control_regs_cfg_mode'
                                                               : ... note: In instance 'adaptive_aero_control_top'
  100 | wire [2:0] adaptive_aero_control_regs_cfg_mode;
      |            ^~~~~~~~~~~~~~~~~~~~~~~~~~~~~~~~~~~
%Warning-UNUSEDSIGNAL: pass3/adaptive_aero_control_top.v:101:6: Signal is not driven, nor used: 'adaptive_aero_control_regs_cfg_queue_enable'
                                                              : ... note: In instance 'adaptive_aero_control_top'
  101 | wire adaptive_aero_control_regs_cfg_queue_enable;
      |      ^~~~~~~~~~~~~~~~~~~~~~~~~~~~~~~~~~~~~~~~~~~
%Warning-UNUSEDSIGNAL: pass3/adaptive_aero_control_top.v:102:13: Signal is not driven, nor used: 'adaptive_aero_control_regs_cfg_safe_cmd'
                                                               : ... note: In instance 'adaptive_aero_control_top'
  102 | wire [15:0] adaptive_aero_control_regs_cfg_safe_cmd;
      |             ^~~~~~~~~~~~~~~~~~~~~~~~~~~~~~~~~~~~~~~
%Warning-UNUSEDSIGNAL: pass3/adaptive_aero_control_top.v:103:13: Signal is not driven, nor used: 'adaptive_aero_control_regs_cfg_seq_seed'
                                                               : ... note: In instance 'adaptive_aero_control_top'
  103 | wire [15:0] adaptive_aero_control_regs_cfg_seq_seed;
      |             ^~~~~~~~~~~~~~~~~~~~~~~~~~~~~~~~~~~~~~~
%Warning-UNUSEDSIGNAL: pass3/adaptive_aero_control_top.v:104:13: Signal is not driven, nor used: 'adaptive_aero_control_regs_cfg_timeout_thresh'
                                                               : ... note: In instance 'adaptive_aero_control_top'
  104 | wire [15:0] adaptive_aero_control_regs_cfg_timeout_thresh;
      |             ^~~~~~~~~~~~~~~~~~~~~~~~~~~~~~~~~~~~~~~~~~~~~
%Warning-UNUSEDSIGNAL: pass3/adaptive_aero_control_top.v:105:13: Signal is not driven, nor used: 'adaptive_aero_control_regs_cfg_velocity_ref'
                                                               : ... note: In instance 'adaptive_aero_control_top'
  105 | wire [15:0] adaptive_aero_control_regs_cfg_velocity_ref;
      |             ^~~~~~~~~~~~~~~~~~~~~~~~~~~~~~~~~~~~~~~~~~~
%Warning-UNUSEDSIGNAL: pass3/adaptive_aero_control_top.v:106:13: Signal is not driven, nor used: 'adaptive_aero_request_fsm_request_launch_cycle'
                                                               : ... note: In instance 'adaptive_aero_control_top'
  106 | wire [15:0] adaptive_aero_request_fsm_request_launch_cycle;
      |             ^~~~~~~~~~~~~~~~~~~~~~~~~~~~~~~~~~~~~~~~~~~~~~
%Warning-UNUSEDSIGNAL: pass3/adaptive_aero_control_top.v:107:6: Signal is not driven, nor used: 'adaptive_aero_request_fsm_request_outstanding'
                                                              : ... note: In instance 'adaptive_aero_control_top'
  107 | wire adaptive_aero_request_fsm_request_outstanding;
      |      ^~~~~~~~~~~~~~~~~~~~~~~~~~~~~~~~~~~~~~~~~~~~~
%Warning-UNUSEDSIGNAL: pass3/adaptive_aero_control_top.v:108:13: Signal is not driven, nor used: 'adaptive_aero_request_fsm_request_sequence'
                                                               : ... note: In instance 'adaptive_aero_control_top'
  108 | wire [15:0] adaptive_aero_request_fsm_request_sequence;
      |             ^~~~~~~~~~~~~~~~~~~~~~~~~~~~~~~~~~~~~~~~~~
%Warning-UNUSEDSIGNAL: pass3/adaptive_aero_response_guard.v:43:14: Signal is not used: 'cfg_velocity_ref'
                                                                 : ... note: In instance 'adaptive_aero_control_top.u_adaptive_aero_response_guard'
   43 | input [15:0] cfg_velocity_ref;
      |              ^~~~~~~~~~~~~~~~
%Warning-UNUSEDSIGNAL: pass3/adaptive_aero_response_guard.v:48:14: Bits of signal are not used: 'model_rsp_data'[63:32]
                                                                 : ... note: In instance 'adaptive_aero_control_top.u_adaptive_aero_response_guard'
   48 | input [63:0] model_rsp_data;
      |              ^~~~~~~~~~~~~~
%Warning-UNUSEDSIGNAL: pass3/adaptive_aero_response_guard.v:81:12: Signal is not used: 'resp_cmd_raw'
                                                                 : ... note: In instance 'adaptive_aero_control_top.u_adaptive_aero_response_guard'
   81 | reg [15:0] resp_cmd_raw;
      |            ^~~~~~~~~~~~
%Warning-UNUSEDSIGNAL: pass3/adaptive_aero_response_guard.v:82:12: Signal is not used: 'resp_seq'
                                                                 : ... note: In instance 'adaptive_aero_control_top.u_adaptive_aero_response_guard'
   82 | reg [15:0] resp_seq;
      |            ^~~~~~~~
%Warning-UNUSEDSIGNAL: pass3/adaptive_aero_response_guard.v:83:11: Signal is not used: 'age_calc8'
                                                                 : ... note: In instance 'adaptive_aero_control_top.u_adaptive_aero_response_guard'
   83 | reg [7:0] age_calc8;
      |           ^~~~~~~~~
%Error: Exiting due to 2 error(s)

=== RETURN CODE ===
1
