/----------------------------------------------------------------------------\
 |                                                                            |
 |  yosys -- Yosys Open SYnthesis Suite                                       |
 |                                                                            |
 |  Copyright (C) 2012 - 2020  Claire Xenia Wolf <claire@yosyshq.com>         |
 |                                                                            |
 |  Permission to use, copy, modify, and/or distribute this software for any  |
 |  purpose with or without fee is hereby granted, provided that the above    |
 |  copyright notice and this permission notice appear in all copies.         |
 |                                                                            |
 |  THE SOFTWARE IS PROVIDED "AS IS" AND THE AUTHOR DISCLAIMS ALL WARRANTIES  |
 |  WITH REGARD TO THIS SOFTWARE INCLUDING ALL IMPLIED WARRANTIES OF          |
 |  MERCHANTABILITY AND FITNESS. IN NO EVENT SHALL THE AUTHOR BE LIABLE FOR   |
 |  ANY SPECIAL, DIRECT, INDIRECT, OR CONSEQUENTIAL DAMAGES OR ANY DAMAGES    |
 |  WHATSOEVER RESULTING FROM LOSS OF USE, DATA OR PROFITS, WHETHER IN AN     |
 |  ACTION OF CONTRACT, NEGLIGENCE OR OTHER TORTIOUS ACTION, ARISING OUT OF   |
 |  OR IN CONNECTION WITH THE USE OR PERFORMANCE OF THIS SOFTWARE.            |
 |                                                                            |
 \----------------------------------------------------------------------------/

 Yosys 0.33 (git sha1 2584903a060)


-- Executing script file `/root/chiploop-backend/backend/workflows/9c17c947-7429-4ac2-8c83-d7c3f630d808/fpga/target_explorer/gowin_tang_nano_20k/baseline/synth/synth.ys' --

1. Executing Verilog-2005 frontend: /root/chiploop-backend/backend/workflows/9c17c947-7429-4ac2-8c83-d7c3f630d808/fpga/src/upstream/adaptive_aero_control_top.v
Parsing SystemVerilog input from `/root/chiploop-backend/backend/workflows/9c17c947-7429-4ac2-8c83-d7c3f630d808/fpga/src/upstream/adaptive_aero_control_top.v' to AST representation.
Generating RTLIL representation for module `\adaptive_aero_control_top'.
Successfully finished Verilog frontend.

2. Executing SYNTH_GOWIN pass.

2.1. Executing Verilog-2005 frontend: /usr/bin/../share/yosys/gowin/cells_sim.v
Parsing Verilog input from `/usr/bin/../share/yosys/gowin/cells_sim.v' to AST representation.
Generating RTLIL representation for module `\LUT1'.
Generating RTLIL representation for module `\LUT2'.
Generating RTLIL representation for module `\LUT3'.
Generating RTLIL representation for module `\LUT4'.
Generating RTLIL representation for module `\__APICULA_LUT5'.
Generating RTLIL representation for module `\__APICULA_LUT6'.
Generating RTLIL representation for module `\__APICULA_LUT7'.
Generating RTLIL representation for module `\__APICULA_LUT8'.
Generating RTLIL representation for module `\MUX2'.
Generating RTLIL representation for module `\MUX2_LUT5'.
Generating RTLIL representation for module `\MUX2_LUT6'.
Generating RTLIL representation for module `\MUX2_LUT7'.
Generating RTLIL representation for module `\MUX2_LUT8'.
Generating RTLIL representation for module `\DFF'.
Generating RTLIL representation for module `\DFFE'.
Generating RTLIL representation for module `\DFFS'.
Generating RTLIL representation for module `\DFFSE'.
Generating RTLIL representation for module `\DFFR'.
Generating RTLIL representation for module `\DFFRE'.
Generating RTLIL representation for module `\DFFP'.
Generating RTLIL representation for module `\DFFPE'.
Generating RTLIL representation for module `\DFFC'.
Generating RTLIL representation for module `\DFFCE'.
Generating RTLIL representation for module `\DFFN'.
Generating RTLIL representation for module `\DFFNE'.
Generating RTLIL representation for module `\DFFNS'.
Generating RTLIL representation for module `\DFFNSE'.
Generating RTLIL representation for module `\DFFNR'.
Generating RTLIL representation for module `\DFFNRE'.
Generating RTLIL representation for module `\DFFNP'.
Generating RTLIL representation for module `\DFFNPE'.
Generating RTLIL representation for module `\DFFNC'.
Generating RTLIL representation for module `\DFFNCE'.
Generating RTLIL representation for module `\VCC'.
Generating RTLIL representation for module `\GND'.
Generating RTLIL representation for module `\IBUF'.
Generating RTLIL representation for module `\OBUF'.
Generating RTLIL representation for module `\TBUF'.
Generating RTLIL representation for module `\IOBUF'.
Generating RTLIL representation for module `\ELVDS_OBUF'.
Generating RTLIL representation for module `\TLVDS_OBUF'.
Generating RTLIL representation for module `\OSER4'.
Generating RTLIL representation for module `\OSER8'.
Generating RTLIL representation for module `\OSER10'.
Generating RTLIL representation for module `\OVIDEO'.
Generating RTLIL representation for module `\OSER16'.
Generating RTLIL representation for module `\IDES4'.
Generating RTLIL representation for module `\IDES8'.
Generating RTLIL representation for module `\IDES10'.
Generating RTLIL representation for module `\IVIDEO'.
Generating RTLIL representation for module `\IDES16'.
Generating RTLIL representation for module `\IDDR'.
Generating RTLIL representation for module `\IDDRC'.
Generating RTLIL representation for module `\ODDR'.
Generating RTLIL representation for module `\ODDRC'.
Generating RTLIL representation for module `\GSR'.
Generating RTLIL representation for module `\ALU'.
Generating RTLIL representation for module `\RAM16S1'.
Generating RTLIL representation for module `\RAM16S2'.
Generating RTLIL representation for module `\RAM16S4'.
Generating RTLIL representation for module `\RAM16SDP1'.
Generating RTLIL representation for module `\RAM16SDP2'.
Generating RTLIL representation for module `\RAM16SDP4'.
Generating RTLIL representation for module `\SP'.
Generating RTLIL representation for module `\SPX9'.
Generating RTLIL representation for module `\SDP'.
Generating RTLIL representation for module `\SDPX9'.
Generating RTLIL representation for module `\DP'.
Generating RTLIL representation for module `\DPX9'.
Generating RTLIL representation for module `\rPLL'.
Generating RTLIL representation for module `\PLLVR'.
Generating RTLIL representation for module `\OSC'.
Generating RTLIL representation for module `\OSCZ'.
Generating RTLIL representation for module `\OSCF'.
Generating RTLIL representation for module `\OSCH'.
Generating RTLIL representation for module `\OSCW'.
Generating RTLIL representation for module `\OSCO'.
Successfully finished Verilog frontend.

2.2. Executing Verilog-2005 frontend: /usr/bin/../share/yosys/gowin/cells_xtra.v
Parsing Verilog input from `/usr/bin/../share/yosys/gowin/cells_xtra.v' to AST representation.
Generating RTLIL representation for module `\MUX2_MUX8'.
Generating RTLIL representation for module `\MUX2_MUX16'.
Generating RTLIL representation for module `\MUX2_MUX32'.
Generating RTLIL representation for module `\MUX4'.
Generating RTLIL representation for module `\MUX8'.
Generating RTLIL representation for module `\MUX16'.
Generating RTLIL representation for module `\MUX32'.
Generating RTLIL representation for module `\LUT5'.
Generating RTLIL representation for module `\LUT6'.
Generating RTLIL representation for module `\LUT7'.
Generating RTLIL representation for module `\LUT8'.
Generating RTLIL representation for module `\DL'.
Generating RTLIL representation for module `\DLE'.
Generating RTLIL representation for module `\DLC'.
Generating RTLIL representation for module `\DLCE'.
Generating RTLIL representation for module `\DLP'.
Generating RTLIL representation for module `\DLPE'.
Generating RTLIL representation for module `\DLN'.
Generating RTLIL representation for module `\DLNE'.
Generating RTLIL representation for module `\DLNC'.
Generating RTLIL representation for module `\DLNCE'.
Generating RTLIL representation for module `\DLNP'.
Generating RTLIL representation for module `\DLNPE'.
Generating RTLIL representation for module `\INV'.
Generating RTLIL representation for module `\IODELAY'.
Generating RTLIL representation for module `\IEM'.
Generating RTLIL representation for module `\ROM16'.
Generating RTLIL representation for module `\ROM'.
Generating RTLIL representation for module `\ROMX9'.
Generating RTLIL representation for module `\rSDP'.
Generating RTLIL representation for module `\rSDPX9'.
Generating RTLIL representation for module `\rROM'.
Generating RTLIL representation for module `\rROMX9'.
Generating RTLIL representation for module `\pROM'.
Generating RTLIL representation for module `\pROMX9'.
Generating RTLIL representation for module `\SDPB'.
Generating RTLIL representation for module `\SDPX9B'.
Generating RTLIL representation for module `\DPB'.
Generating RTLIL representation for module `\DPX9B'.
Generating RTLIL representation for module `\PADD18'.
Generating RTLIL representation for module `\PADD9'.
Generating RTLIL representation for module `\MULT9X9'.
Generating RTLIL representation for module `\MULT18X18'.
Generating RTLIL representation for module `\MULT36X36'.
Generating RTLIL representation for module `\MULTALU36X18'.
Generating RTLIL representation for module `\MULTADDALU18X18'.
Generating RTLIL representation for module `\MULTALU18X18'.
Generating RTLIL representation for module `\ALU54D'.
Generating RTLIL representation for module `\BUFG'.
Generating RTLIL representation for module `\BUFS'.
Generating RTLIL representation for module `\PLL'.
Generating RTLIL representation for module `\TLVDS_IBUF'.
Generating RTLIL representation for module `\TLVDS_TBUF'.
Generating RTLIL representation for module `\TLVDS_IOBUF'.
Generating RTLIL representation for module `\ELVDS_IBUF'.
Generating RTLIL representation for module `\ELVDS_TBUF'.
Generating RTLIL representation for module `\ELVDS_IOBUF'.
Generating RTLIL representation for module `\MIPI_IBUF'.
Generating RTLIL representation for module `\MIPI_IBUF_HS'.
Generating RTLIL representation for module `\MIPI_IBUF_LP'.
Generating RTLIL representation for module `\MIPI_OBUF'.
Generating RTLIL representation for module `\MIPI_OBUF_A'.
Generating RTLIL representation for module `\I3C_IOBUF'.
Generating RTLIL representation for module `\CLKDIV'.
Generating RTLIL representation for module `\DHCEN'.
Generating RTLIL representation for module `\DLL'.
Generating RTLIL representation for module `\DLLDLY'.
Generating RTLIL representation for module `\FLASH96K'.
Generating RTLIL representation for module `\FLASH256K'.
Generating RTLIL representation for module `\FLASH608K'.
Generating RTLIL representation for module `\DCS'.
Generating RTLIL representation for module `\DQCE'.
Generating RTLIL representation for module `\FLASH128K'.
Generating RTLIL representation for module `\MCU'.
Generating RTLIL representation for module `\USB20_PHY'.
Generating RTLIL representation for module `\ADC'.
Generating RTLIL representation for module `\BANDGAP'.
Generating RTLIL representation for module `\CLKDIV2'.
Generating RTLIL representation for module `\DCC'.
Generating RTLIL representation for module `\DHCENC'.
Generating RTLIL representation for module `\EMCU'.
Generating RTLIL representation for module `\FLASH64K'.
Generating RTLIL representation for module `\FLASH64KZ'.
Generating RTLIL representation for module `\I3C'.
Generating RTLIL representation for module `\IODELAYA'.
Generating RTLIL representation for module `\IODELAYC'.
Generating RTLIL representation for module `\SPMI'.
Generating RTLIL representation for module `\IODELAYB'.
Generating RTLIL representation for module `\PLLO'.
Generating RTLIL representation for module `\DCCG'.
Generating RTLIL representation for module `\FLASH96KA'.
Generating RTLIL representation for module `\MIPI_DPHY_RX'.
Generating RTLIL representation for module `\CLKDIVG'.
Successfully finished Verilog frontend.

2.3. Executing HIERARCHY pass (managing design hierarchy).

2.3.1. Analyzing design hierarchy..
Top module:  \adaptive_aero_control_top

2.3.2. Analyzing design hierarchy..
Top module:  \adaptive_aero_control_top
Removed 0 unused modules.

2.4. Executing SYNTH pass.

2.4.1. Executing PROC pass (convert processes to netlists).

2.4.1.1. Executing PROC_CLEAN pass (remove empty switches from decision trees).
Found and cleaned up 1 empty switch in `\ALU.$proc$/usr/bin/../share/yosys/gowin/cells_sim.v:913$232'.
Cleaned up 1 empty switch.

2.4.1.2. Executing PROC_RMDEAD pass (remove dead branches from decision trees).
Marked 1 switch rules as full_case in process $proc$/usr/bin/../share/yosys/gowin/cells_sim.v:535$228 in module DFFNCE.
Marked 1 switch rules as full_case in process $proc$/usr/bin/../share/yosys/gowin/cells_sim.v:515$226 in module DFFNC.
Marked 1 switch rules as full_case in process $proc$/usr/bin/../share/yosys/gowin/cells_sim.v:496$224 in module DFFNPE.
Marked 1 switch rules as full_case in process $proc$/usr/bin/../share/yosys/gowin/cells_sim.v:476$222 in module DFFNP.
Marked 1 switch rules as full_case in process $proc$/usr/bin/../share/yosys/gowin/cells_sim.v:457$220 in module DFFNRE.
Marked 1 switch rules as full_case in process $proc$/usr/bin/../share/yosys/gowin/cells_sim.v:437$218 in module DFFNR.
Marked 1 switch rules as full_case in process $proc$/usr/bin/../share/yosys/gowin/cells_sim.v:418$216 in module DFFNSE.
Marked 1 switch rules as full_case in process $proc$/usr/bin/../share/yosys/gowin/cells_sim.v:398$214 in module DFFNS.
Marked 1 switch rules as full_case in process $proc$/usr/bin/../share/yosys/gowin/cells_sim.v:348$208 in module DFFCE.
Marked 1 switch rules as full_case in process $proc$/usr/bin/../share/yosys/gowin/cells_sim.v:328$206 in module DFFC.
Marked 1 switch rules as full_case in process $proc$/usr/bin/../share/yosys/gowin/cells_sim.v:309$204 in module DFFPE.
Marked 1 switch rules as full_case in process $proc$/usr/bin/../share/yosys/gowin/cells_sim.v:289$202 in module DFFP.
Marked 1 switch rules as full_case in process $proc$/usr/bin/../share/yosys/gowin/cells_sim.v:270$200 in module DFFRE.
Marked 1 switch rules as full_case in process $proc$/usr/bin/../share/yosys/gowin/cells_sim.v:250$198 in module DFFR.
Marked 1 switch rules as full_case in process $proc$/usr/bin/../share/yosys/gowin/cells_sim.v:231$196 in module DFFSE.
Marked 1 switch rules as full_case in process $proc$/usr/bin/../share/yosys/gowin/cells_sim.v:211$194 in module DFFS.
Marked 1 switch rules as full_case in process $proc$/root/chiploop-backend/backend/workflows/9c17c947-7429-4ac2-8c83-d7c3f630d808/fpga/src/upstream/adaptive_aero_control_top.v:45$5 in module adaptive_aero_control_top.
Marked 4 switch rules as full_case in process $proc$/root/chiploop-backend/backend/workflows/9c17c947-7429-4ac2-8c83-d7c3f630d808/fpga/src/upstream/adaptive_aero_control_top.v:17$1 in module adaptive_aero_control_top.
Removed a total of 0 dead cases.

2.4.1.3. Executing PROC_PRUNE pass (remove redundant assignments in processes).
Removed 10 redundant assignments.
Promoted 30 assignments to connections.

2.4.1.4. Executing PROC_INIT pass (extract init attributes).
Found init rule in `\DFFNCE.$proc$/usr/bin/../share/yosys/gowin/cells_sim.v:0$229'.
  Set init value: \Q = 1'0
Found init rule in `\DFFNC.$proc$/usr/bin/../share/yosys/gowin/cells_sim.v:0$227'.
  Set init value: \Q = 1'0
Found init rule in `\DFFNPE.$proc$/usr/bin/../share/yosys/gowin/cells_sim.v:0$225'.
  Set init value: \Q = 1'1
Found init rule in `\DFFNP.$proc$/usr/bin/../share/yosys/gowin/cells_sim.v:0$223'.
  Set init value: \Q = 1'1
Found init rule in `\DFFNRE.$proc$/usr/bin/../share/yosys/gowin/cells_sim.v:0$221'.
  Set init value: \Q = 1'0
Found init rule in `\DFFNR.$proc$/usr/bin/../share/yosys/gowin/cells_sim.v:0$219'.
  Set init value: \Q = 1'0
Found init rule in `\DFFNSE.$proc$/usr/bin/../share/yosys/gowin/cells_sim.v:0$217'.
  Set init value: \Q = 1'1
Found init rule in `\DFFNS.$proc$/usr/bin/../share/yosys/gowin/cells_sim.v:0$215'.
  Set init value: \Q = 1'1
Found init rule in `\DFFNE.$proc$/usr/bin/../share/yosys/gowin/cells_sim.v:0$213'.
  Set init value: \Q = 1'0
Found init rule in `\DFFN.$proc$/usr/bin/../share/yosys/gowin/cells_sim.v:0$211'.
  Set init value: \Q = 1'0
Found init rule in `\DFFCE.$proc$/usr/bin/../share/yosys/gowin/cells_sim.v:0$209'.
  Set init value: \Q = 1'0
Found init rule in `\DFFC.$proc$/usr/bin/../share/yosys/gowin/cells_sim.v:0$207'.
  Set init value: \Q = 1'0
Found init rule in `\DFFPE.$proc$/usr/bin/../share/yosys/gowin/cells_sim.v:0$205'.
  Set init value: \Q = 1'1
Found init rule in `\DFFP.$proc$/usr/bin/../share/yosys/gowin/cells_sim.v:0$203'.
  Set init value: \Q = 1'1
Found init rule in `\DFFRE.$proc$/usr/bin/../share/yosys/gowin/cells_sim.v:0$201'.
  Set init value: \Q = 1'0
Found init rule in `\DFFR.$proc$/usr/bin/../share/yosys/gowin/cells_sim.v:0$199'.
  Set init value: \Q = 1'0
Found init rule in `\DFFSE.$proc$/usr/bin/../share/yosys/gowin/cells_sim.v:0$197'.
  Set init value: \Q = 1'1
Found init rule in `\DFFS.$proc$/usr/bin/../share/yosys/gowin/cells_sim.v:0$195'.
  Set init value: \Q = 1'1
Found init rule in `\DFFE.$proc$/usr/bin/../share/yosys/gowin/cells_sim.v:0$193'.
  Set init value: \Q = 1'0
Found init rule in `\DFF.$proc$/usr/bin/../share/yosys/gowin/cells_sim.v:0$191'.
  Set init value: \Q = 1'0

2.4.1.5. Executing PROC_ARST pass (detect async resets in processes).
Found async reset \CLEAR in `\DFFNCE.$proc$/usr/bin/../share/yosys/gowin/cells_sim.v:535$228'.
Found async reset \CLEAR in `\DFFNC.$proc$/usr/bin/../share/yosys/gowin/cells_sim.v:515$226'.
Found async reset \PRESET in `\DFFNPE.$proc$/usr/bin/../share/yosys/gowin/cells_sim.v:496$224'.
Found async reset \PRESET in `\DFFNP.$proc$/usr/bin/../share/yosys/gowin/cells_sim.v:476$222'.
Found async reset \CLEAR in `\DFFCE.$proc$/usr/bin/../share/yosys/gowin/cells_sim.v:348$208'.
Found async reset \CLEAR in `\DFFC.$proc$/usr/bin/../share/yosys/gowin/cells_sim.v:328$206'.
Found async reset \PRESET in `\DFFPE.$proc$/usr/bin/../share/yosys/gowin/cells_sim.v:309$204'.
Found async reset \PRESET in `\DFFP.$proc$/usr/bin/../share/yosys/gowin/cells_sim.v:289$202'.
Found async reset \reset_n in `\adaptive_aero_control_top.$proc$/root/chiploop-backend/backend/workflows/9c17c947-7429-4ac2-8c83-d7c3f630d808/fpga/src/upstream/adaptive_aero_control_top.v:45$5'.

2.4.1.6. Executing PROC_ROM pass (convert switches to ROMs).
Converted 0 switches.
<suppressed ~22 debug messages>

2.4.1.7. Executing PROC_MUX pass (convert decision trees to multiplexers).
Creating decoders for process `\ALU.$proc$/usr/bin/../share/yosys/gowin/cells_sim.v:913$232'.
Creating decoders for process `\DFFNCE.$proc$/usr/bin/../share/yosys/gowin/cells_sim.v:0$229'.
Creating decoders for process `\DFFNCE.$proc$/usr/bin/../share/yosys/gowin/cells_sim.v:535$228'.
     1/1: $0\Q[0:0]
Creating decoders for process `\DFFNC.$proc$/usr/bin/../share/yosys/gowin/cells_sim.v:0$227'.
Creating decoders for process `\DFFNC.$proc$/usr/bin/../share/yosys/gowin/cells_sim.v:515$226'.
     1/1: $0\Q[0:0]
Creating decoders for process `\DFFNPE.$proc$/usr/bin/../share/yosys/gowin/cells_sim.v:0$225'.
Creating decoders for process `\DFFNPE.$proc$/usr/bin/../share/yosys/gowin/cells_sim.v:496$224'.
     1/1: $0\Q[0:0]
Creating decoders for process `\DFFNP.$proc$/usr/bin/../share/yosys/gowin/cells_sim.v:0$223'.
Creating decoders for process `\DFFNP.$proc$/usr/bin/../share/yosys/gowin/cells_sim.v:476$222'.
     1/1: $0\Q[0:0]
Creating decoders for process `\DFFNRE.$proc$/usr/bin/../share/yosys/gowin/cells_sim.v:0$221'.
Creating decoders for process `\DFFNRE.$proc$/usr/bin/../share/yosys/gowin/cells_sim.v:457$220'.
     1/1: $0\Q[0:0]
Creating decoders for process `\DFFNR.$proc$/usr/bin/../share/yosys/gowin/cells_sim.v:0$219'.
Creating decoders for process `\DFFNR.$proc$/usr/bin/../share/yosys/gowin/cells_sim.v:437$218'.
     1/1: $0\Q[0:0]
Creating decoders for process `\DFFNSE.$proc$/usr/bin/../share/yosys/gowin/cells_sim.v:0$217'.
Creating decoders for process `\DFFNSE.$proc$/usr/bin/../share/yosys/gowin/cells_sim.v:418$216'.
     1/1: $0\Q[0:0]
Creating decoders for process `\DFFNS.$proc$/usr/bin/../share/yosys/gowin/cells_sim.v:0$215'.
Creating decoders for process `\DFFNS.$proc$/usr/bin/../share/yosys/gowin/cells_sim.v:398$214'.
     1/1: $0\Q[0:0]
Creating decoders for process `\DFFNE.$proc$/usr/bin/../share/yosys/gowin/cells_sim.v:0$213'.
Creating decoders for process `\DFFNE.$proc$/usr/bin/../share/yosys/gowin/cells_sim.v:381$212'.
     1/1: $0\Q[0:0]
Creating decoders for process `\DFFN.$proc$/usr/bin/../share/yosys/gowin/cells_sim.v:0$211'.
Creating decoders for process `\DFFN.$proc$/usr/bin/../share/yosys/gowin/cells_sim.v:366$210'.
Creating decoders for process `\DFFCE.$proc$/usr/bin/../share/yosys/gowin/cells_sim.v:0$209'.
Creating decoders for process `\DFFCE.$proc$/usr/bin/../share/yosys/gowin/cells_sim.v:348$208'.
     1/1: $0\Q[0:0]
Creating decoders for process `\DFFC.$proc$/usr/bin/../share/yosys/gowin/cells_sim.v:0$207'.
Creating decoders for process `\DFFC.$proc$/usr/bin/../share/yosys/gowin/cells_sim.v:328$206'.
     1/1: $0\Q[0:0]
Creating decoders for process `\DFFPE.$proc$/usr/bin/../share/yosys/gowin/cells_sim.v:0$205'.
Creating decoders for process `\DFFPE.$proc$/usr/bin/../share/yosys/gowin/cells_sim.v:309$204'.
     1/1: $0\Q[0:0]
Creating decoders for process `\DFFP.$proc$/usr/bin/../share/yosys/gowin/cells_sim.v:0$203'.
Creating decoders for process `\DFFP.$proc$/usr/bin/../share/yosys/gowin/cells_sim.v:289$202'.
     1/1: $0\Q[0:0]
Creating decoders for process `\DFFRE.$proc$/usr/bin/../share/yosys/gowin/cells_sim.v:0$201'.
Creating decoders for process `\DFFRE.$proc$/usr/bin/../share/yosys/gowin/cells_sim.v:270$200'.
     1/1: $0\Q[0:0]
Creating decoders for process `\DFFR.$proc$/usr/bin/../share/yosys/gowin/cells_sim.v:0$199'.
Creating decoders for process `\DFFR.$proc$/usr/bin/../share/yosys/gowin/cells_sim.v:250$198'.
     1/1: $0\Q[0:0]
Creating decoders for process `\DFFSE.$proc$/usr/bin/../share/yosys/gowin/cells_sim.v:0$197'.
Creating decoders for process `\DFFSE.$proc$/usr/bin/../share/yosys/gowin/cells_sim.v:231$196'.
     1/1: $0\Q[0:0]
Creating decoders for process `\DFFS.$proc$/usr/bin/../share/yosys/gowin/cells_sim.v:0$195'.
Creating decoders for process `\DFFS.$proc$/usr/bin/../share/yosys/gowin/cells_sim.v:211$194'.
     1/1: $0\Q[0:0]
Creating decoders for process `\DFFE.$proc$/usr/bin/../share/yosys/gowin/cells_sim.v:0$193'.
Creating decoders for process `\DFFE.$proc$/usr/bin/../share/yosys/gowin/cells_sim.v:194$192'.
     1/1: $0\Q[0:0]
Creating decoders for process `\DFF.$proc$/usr/bin/../share/yosys/gowin/cells_sim.v:0$191'.
Creating decoders for process `\DFF.$proc$/usr/bin/../share/yosys/gowin/cells_sim.v:179$190'.
Creating decoders for process `\adaptive_aero_control_top.$proc$/root/chiploop-backend/backend/workflows/9c17c947-7429-4ac2-8c83-d7c3f630d808/fpga/src/upstream/adaptive_aero_control_top.v:45$5'.
     1/2: $0\clamp_hit[0:0]
     2/2: $0\safe_cmd[11:0]
Creating decoders for process `\adaptive_aero_control_top.$proc$/root/chiploop-backend/backend/workflows/9c17c947-7429-4ac2-8c83-d7c3f630d808/fpga/src/upstream/adaptive_aero_control_top.v:17$1'.
     1/6: $2\clamp_hit_next[0:0]
     2/6: $2\clamped_cmd[11:0]
     3/6: $1\clamp_hit_next[0:0]
     4/6: $1\clamped_cmd[11:0]
     5/6: $1\selected_cmd[11:0]
     6/6: $1\fallback_cmd[11:0]

2.4.1.8. Executing PROC_DLATCH pass (convert process syncs to latches).
No latch inferred for signal `\adaptive_aero_control_top.\selected_cmd' from process `\adaptive_aero_control_top.$proc$/root/chiploop-backend/backend/workflows/9c17c947-7429-4ac2-8c83-d7c3f630d808/fpga/src/upstream/adaptive_aero_control_top.v:17$1'.
No latch inferred for signal `\adaptive_aero_control_top.\fallback_cmd' from process `\adaptive_aero_control_top.$proc$/root/chiploop-backend/backend/workflows/9c17c947-7429-4ac2-8c83-d7c3f630d808/fpga/src/upstream/adaptive_aero_control_top.v:17$1'.
No latch inferred for signal `\adaptive_aero_control_top.\clamped_cmd' from process `\adaptive_aero_control_top.$proc$/root/chiploop-backend/backend/workflows/9c17c947-7429-4ac2-8c83-d7c3f630d808/fpga/src/upstream/adaptive_aero_control_top.v:17$1'.
No latch inferred for signal `\adaptive_aero_control_top.\clamp_hit_next' from process `\adaptive_aero_control_top.$proc$/root/chiploop-backend/backend/workflows/9c17c947-7429-4ac2-8c83-d7c3f630d808/fpga/src/upstream/adaptive_aero_control_top.v:17$1'.

2.4.1.9. Executing PROC_DFF pass (convert process syncs to FFs).
Creating register for signal `\ALU.\C' using process `\ALU.$proc$/usr/bin/../share/yosys/gowin/cells_sim.v:913$232'.
  created direct connection (no actual register cell created).
Creating register for signal `\ALU.\S' using process `\ALU.$proc$/usr/bin/../share/yosys/gowin/cells_sim.v:913$232'.
  created direct connection (no actual register cell created).
Creating register for signal `\DFFNCE.\Q' using process `\DFFNCE.$proc$/usr/bin/../share/yosys/gowin/cells_sim.v:535$228'.
  created $adff cell `$procdff$340' with negative edge clock and positive level reset.
Creating register for signal `\DFFNC.\Q' using process `\DFFNC.$proc$/usr/bin/../share/yosys/gowin/cells_sim.v:515$226'.
  created $adff cell `$procdff$341' with negative edge clock and positive level reset.
Creating register for signal `\DFFNPE.\Q' using process `\DFFNPE.$proc$/usr/bin/../share/yosys/gowin/cells_sim.v:496$224'.
  created $adff cell `$procdff$342' with negative edge clock and positive level reset.
Creating register for signal `\DFFNP.\Q' using process `\DFFNP.$proc$/usr/bin/../share/yosys/gowin/cells_sim.v:476$222'.
  created $adff cell `$procdff$343' with negative edge clock and positive level reset.
Creating register for signal `\DFFNRE.\Q' using process `\DFFNRE.$proc$/usr/bin/../share/yosys/gowin/cells_sim.v:457$220'.
  created $dff cell `$procdff$344' with negative edge clock.
Creating register for signal `\DFFNR.\Q' using process `\DFFNR.$proc$/usr/bin/../share/yosys/gowin/cells_sim.v:437$218'.
  created $dff cell `$procdff$345' with negative edge clock.
Creating register for signal `\DFFNSE.\Q' using process `\DFFNSE.$proc$/usr/bin/../share/yosys/gowin/cells_sim.v:418$216'.
  created $dff cell `$procdff$346' with negative edge clock.
Creating register for signal `\DFFNS.\Q' using process `\DFFNS.$proc$/usr/bin/../share/yosys/gowin/cells_sim.v:398$214'.
  created $dff cell `$procdff$347' with negative edge clock.
Creating register for signal `\DFFNE.\Q' using process `\DFFNE.$proc$/usr/bin/../share/yosys/gowin/cells_sim.v:381$212'.
  created $dff cell `$procdff$348' with negative edge clock.
Creating register for signal `\DFFN.\Q' using process `\DFFN.$proc$/usr/bin/../share/yosys/gowin/cells_sim.v:366$210'.
  created $dff cell `$procdff$349' with negative edge clock.
Creating register for signal `\DFFCE.\Q' using process `\DFFCE.$proc$/usr/bin/../share/yosys/gowin/cells_sim.v:348$208'.
  created $adff cell `$procdff$350' with positive edge clock and positive level reset.
Creating register for signal `\DFFC.\Q' using process `\DFFC.$proc$/usr/bin/../share/yosys/gowin/cells_sim.v:328$206'.
  created $adff cell `$procdff$351' with positive edge clock and positive level reset.
Creating register for signal `\DFFPE.\Q' using process `\DFFPE.$proc$/usr/bin/../share/yosys/gowin/cells_sim.v:309$204'.
  created $adff cell `$procdff$352' with positive edge clock and positive level reset.
Creating register for signal `\DFFP.\Q' using process `\DFFP.$proc$/usr/bin/../share/yosys/gowin/cells_sim.v:289$202'.
  created $adff cell `$procdff$353' with positive edge clock and positive level reset.
Creating register for signal `\DFFRE.\Q' using process `\DFFRE.$proc$/usr/bin/../share/yosys/gowin/cells_sim.v:270$200'.
  created $dff cell `$procdff$354' with positive edge clock.
Creating register for signal `\DFFR.\Q' using process `\DFFR.$proc$/usr/bin/../share/yosys/gowin/cells_sim.v:250$198'.
  created $dff cell `$procdff$355' with positive edge clock.
Creating register for signal `\DFFSE.\Q' using process `\DFFSE.$proc$/usr/bin/../share/yosys/gowin/cells_sim.v:231$196'.
  created $dff cell `$procdff$356' with positive edge clock.
Creating register for signal `\DFFS.\Q' using process `\DFFS.$proc$/usr/bin/../share/yosys/gowin/cells_sim.v:211$194'.
  created $dff cell `$procdff$357' with positive edge clock.
Creating register for signal `\DFFE.\Q' using process `\DFFE.$proc$/usr/bin/../share/yosys/gowin/cells_sim.v:194$192'.
  created $dff cell `$procdff$358' with positive edge clock.
Creating register for signal `\DFF.\Q' using process `\DFF.$proc$/usr/bin/../share/yosys/gowin/cells_sim.v:179$190'.
  created $dff cell `$procdff$359' with positive edge clock.
Creating register for signal `\adaptive_aero_control_top.\safe_cmd' using process `\adaptive_aero_control_top.$proc$/root/chiploop-backend/backend/workflows/9c17c947-7429-4ac2-8c83-d7c3f630d808/fpga/src/upstream/adaptive_aero_control_top.v:45$5'.
  created $adff cell `$procdff$360' with positive edge clock and negative level reset.
Creating register for signal `\adaptive_aero_control_top.\clamp_hit' using process `\adaptive_aero_control_top.$proc$/root/chiploop-backend/backend/workflows/9c17c947-7429-4ac2-8c83-d7c3f630d808/fpga/src/upstream/adaptive_aero_control_top.v:45$5'.
  created $adff cell `$procdff$361' with positive edge clock and negative level reset.

2.4.1.10. Executing PROC_MEMWR pass (convert process memory writes to cells).

2.4.1.11. Executing PROC_CLEAN pass (remove empty switches from decision trees).
Removing empty process `ALU.$proc$/usr/bin/../share/yosys/gowin/cells_sim.v:913$232'.
Removing empty process `DFFNCE.$proc$/usr/bin/../share/yosys/gowin/cells_sim.v:0$229'.
Found and cleaned up 1 empty switch in `\DFFNCE.$proc$/usr/bin/../share/yosys/gowin/cells_sim.v:535$228'.
Removing empty process `DFFNCE.$proc$/usr/bin/../share/yosys/gowin/cells_sim.v:535$228'.
Removing empty process `DFFNC.$proc$/usr/bin/../share/yosys/gowin/cells_sim.v:0$227'.
Removing empty process `DFFNC.$proc$/usr/bin/../share/yosys/gowin/cells_sim.v:515$226'.
Removing empty process `DFFNPE.$proc$/usr/bin/../share/yosys/gowin/cells_sim.v:0$225'.
Found and cleaned up 1 empty switch in `\DFFNPE.$proc$/usr/bin/../share/yosys/gowin/cells_sim.v:496$224'.
Removing empty process `DFFNPE.$proc$/usr/bin/../share/yosys/gowin/cells_sim.v:496$224'.
Removing empty process `DFFNP.$proc$/usr/bin/../share/yosys/gowin/cells_sim.v:0$223'.
Removing empty process `DFFNP.$proc$/usr/bin/../share/yosys/gowin/cells_sim.v:476$222'.
Removing empty process `DFFNRE.$proc$/usr/bin/../share/yosys/gowin/cells_sim.v:0$221'.
Found and cleaned up 2 empty switches in `\DFFNRE.$proc$/usr/bin/../share/yosys/gowin/cells_sim.v:457$220'.
Removing empty process `DFFNRE.$proc$/usr/bin/../share/yosys/gowin/cells_sim.v:457$220'.
Removing empty process `DFFNR.$proc$/usr/bin/../share/yosys/gowin/cells_sim.v:0$219'.
Found and cleaned up 1 empty switch in `\DFFNR.$proc$/usr/bin/../share/yosys/gowin/cells_sim.v:437$218'.
Removing empty process `DFFNR.$proc$/usr/bin/../share/yosys/gowin/cells_sim.v:437$218'.
Removing empty process `DFFNSE.$proc$/usr/bin/../share/yosys/gowin/cells_sim.v:0$217'.
Found and cleaned up 2 empty switches in `\DFFNSE.$proc$/usr/bin/../share/yosys/gowin/cells_sim.v:418$216'.
Removing empty process `DFFNSE.$proc$/usr/bin/../share/yosys/gowin/cells_sim.v:418$216'.
Removing empty process `DFFNS.$proc$/usr/bin/../share/yosys/gowin/cells_sim.v:0$215'.
Found and cleaned up 1 empty switch in `\DFFNS.$proc$/usr/bin/../share/yosys/gowin/cells_sim.v:398$214'.
Removing empty process `DFFNS.$proc$/usr/bin/../share/yosys/gowin/cells_sim.v:398$214'.
Removing empty process `DFFNE.$proc$/usr/bin/../share/yosys/gowin/cells_sim.v:0$213'.
Found and cleaned up 1 empty switch in `\DFFNE.$proc$/usr/bin/../share/yosys/gowin/cells_sim.v:381$212'.
Removing empty process `DFFNE.$proc$/usr/bin/../share/yosys/gowin/cells_sim.v:381$212'.
Removing empty process `DFFN.$proc$/usr/bin/../share/yosys/gowin/cells_sim.v:0$211'.
Removing empty process `DFFN.$proc$/usr/bin/../share/yosys/gowin/cells_sim.v:366$210'.
Removing empty process `DFFCE.$proc$/usr/bin/../share/yosys/gowin/cells_sim.v:0$209'.
Found and cleaned up 1 empty switch in `\DFFCE.$proc$/usr/bin/../share/yosys/gowin/cells_sim.v:348$208'.
Removing empty process `DFFCE.$proc$/usr/bin/../share/yosys/gowin/cells_sim.v:348$208'.
Removing empty process `DFFC.$proc$/usr/bin/../share/yosys/gowin/cells_sim.v:0$207'.
Removing empty process `DFFC.$proc$/usr/bin/../share/yosys/gowin/cells_sim.v:328$206'.
Removing empty process `DFFPE.$proc$/usr/bin/../share/yosys/gowin/cells_sim.v:0$205'.
Found and cleaned up 1 empty switch in `\DFFPE.$proc$/usr/bin/../share/yosys/gowin/cells_sim.v:309$204'.
Removing empty process `DFFPE.$proc$/usr/bin/../share/yosys/gowin/cells_sim.v:309$204'.
Removing empty process `DFFP.$proc$/usr/bin/../share/yosys/gowin/cells_sim.v:0$203'.
Removing empty process `DFFP.$proc$/usr/bin/../share/yosys/gowin/cells_sim.v:289$202'.
Removing empty process `DFFRE.$proc$/usr/bin/../share/yosys/gowin/cells_sim.v:0$201'.
Found and cleaned up 2 empty switches in `\DFFRE.$proc$/usr/bin/../share/yosys/gowin/cells_sim.v:270$200'.
Removing empty process `DFFRE.$proc$/usr/bin/../share/yosys/gowin/cells_sim.v:270$200'.
Removing empty process `DFFR.$proc$/usr/bin/../share/yosys/gowin/cells_sim.v:0$199'.
Found and cleaned up 1 empty switch in `\DFFR.$proc$/usr/bin/../share/yosys/gowin/cells_sim.v:250$198'.
Removing empty process `DFFR.$proc$/usr/bin/../share/yosys/gowin/cells_sim.v:250$198'.
Removing empty process `DFFSE.$proc$/usr/bin/../share/yosys/gowin/cells_sim.v:0$197'.
Found and cleaned up 2 empty switches in `\DFFSE.$proc$/usr/bin/../share/yosys/gowin/cells_sim.v:231$196'.
Removing empty process `DFFSE.$proc$/usr/bin/../share/yosys/gowin/cells_sim.v:231$196'.
Removing empty process `DFFS.$proc$/usr/bin/../share/yosys/gowin/cells_sim.v:0$195'.
Found and cleaned up 1 empty switch in `\DFFS.$proc$/usr/bin/../share/yosys/gowin/cells_sim.v:211$194'.
Removing empty process `DFFS.$proc$/usr/bin/../share/yosys/gowin/cells_sim.v:211$194'.
Removing empty process `DFFE.$proc$/usr/bin/../share/yosys/gowin/cells_sim.v:0$193'.
Found and cleaned up 1 empty switch in `\DFFE.$proc$/usr/bin/../share/yosys/gowin/cells_sim.v:194$192'.
Removing empty process `DFFE.$proc$/usr/bin/../share/yosys/gowin/cells_sim.v:194$192'.
Removing empty process `DFF.$proc$/usr/bin/../share/yosys/gowin/cells_sim.v:0$191'.
Removing empty process `DFF.$proc$/usr/bin/../share/yosys/gowin/cells_sim.v:179$190'.
Removing empty process `adaptive_aero_control_top.$proc$/root/chiploop-backend/backend/workflows/9c17c947-7429-4ac2-8c83-d7c3f630d808/fpga/src/upstream/adaptive_aero_control_top.v:45$5'.
Found and cleaned up 4 empty switches in `\adaptive_aero_control_top.$proc$/root/chiploop-backend/backend/workflows/9c17c947-7429-4ac2-8c83-d7c3f630d808/fpga/src/upstream/adaptive_aero_control_top.v:17$1'.
Removing empty process `adaptive_aero_control_top.$proc$/root/chiploop-backend/backend/workflows/9c17c947-7429-4ac2-8c83-d7c3f630d808/fpga/src/upstream/adaptive_aero_control_top.v:17$1'.
Cleaned up 22 empty switches.

2.4.1.12. Executing OPT_EXPR pass (perform const folding).
Optimizing module adaptive_aero_control_top.
<suppressed ~2 debug messages>

2.4.2. Executing OPT_EXPR pass (perform const folding).
Optimizing module adaptive_aero_control_top.

2.4.3. Executing OPT_CLEAN pass (remove unused cells and wires).
Finding unused cells or wires in module \adaptive_aero_control_top..
Removed 1 unused cells and 22 unused wires.
<suppressed ~2 debug messages>

2.4.4. Executing CHECK pass (checking for obvious problems).
Checking module adaptive_aero_control_top...
Found and reported 0 problems.

2.4.5. Executing OPT pass (performing simple optimizations).

2.4.5.1. Executing OPT_EXPR pass (perform const folding).
Optimizing module adaptive_aero_control_top.

2.4.5.2. Executing OPT_MERGE pass (detect identical cells).
Finding identical cells in module `\adaptive_aero_control_top'.
Removed a total of 0 cells.

2.4.5.3. Executing OPT_MUXTREE pass (detect dead branches in mux trees).
Running muxtree optimizer on module \adaptive_aero_control_top..
  Creating internal representation of mux trees.
  Evaluating internal representation of mux trees.
  Analyzing evaluation results.
Removed 0 multiplexer ports.
<suppressed ~4 debug messages>

2.4.5.4. Executing OPT_REDUCE pass (consolidate $*mux and $reduce_* inputs).
  Optimizing cells in module \adaptive_aero_control_top.
Performed a total of 0 changes.

2.4.5.5. Executing OPT_MERGE pass (detect identical cells).
Finding identical cells in module `\adaptive_aero_control_top'.
Removed a total of 0 cells.

2.4.5.6. Executing OPT_DFF pass (perform DFF optimizations).

2.4.5.7. Executing OPT_CLEAN pass (remove unused cells and wires).
Finding unused cells or wires in module \adaptive_aero_control_top..

2.4.5.8. Executing OPT_EXPR pass (perform const folding).
Optimizing module adaptive_aero_control_top.

2.4.5.9. Finished OPT passes. (There is nothing left to do.)

2.4.6. Executing FSM pass (extract and optimize FSM).

2.4.6.1. Executing FSM_DETECT pass (finding FSMs in design).

2.4.6.2. Executing FSM_EXTRACT pass (extracting FSM from design).

2.4.6.3. Executing FSM_OPT pass (simple optimizations of FSMs).

2.4.6.4. Executing OPT_CLEAN pass (remove unused cells and wires).
Finding unused cells or wires in module \adaptive_aero_control_top..

2.4.6.5. Executing FSM_OPT pass (simple optimizations of FSMs).

2.4.6.6. Executing FSM_RECODE pass (re-assigning FSM state encoding).

2.4.6.7. Executing FSM_INFO pass (dumping all available information on FSM cells).

2.4.6.8. Executing FSM_MAP pass (mapping FSMs to basic logic).

2.4.7. Executing OPT pass (performing simple optimizations).

2.4.7.1. Executing OPT_EXPR pass (perform const folding).
Optimizing module adaptive_aero_control_top.

2.4.7.2. Executing OPT_MERGE pass (detect identical cells).
Finding identical cells in module `\adaptive_aero_control_top'.
Removed a total of 0 cells.

2.4.7.3. Executing OPT_MUXTREE pass (detect dead branches in mux trees).
Running muxtree optimizer on module \adaptive_aero_control_top..
  Creating internal representation of mux trees.
  Evaluating internal representation of mux trees.
  Analyzing evaluation results.
Removed 0 multiplexer ports.
<suppressed ~4 debug messages>

2.4.7.4. Executing OPT_REDUCE pass (consolidate $*mux and $reduce_* inputs).
  Optimizing cells in module \adaptive_aero_control_top.
Performed a total of 0 changes.

2.4.7.5. Executing OPT_MERGE pass (detect identical cells).
Finding identical cells in module `\adaptive_aero_control_top'.
Removed a total of 0 cells.

2.4.7.6. Executing OPT_DFF pass (perform DFF optimizations).

2.4.7.7. Executing OPT_CLEAN pass (remove unused cells and wires).
Finding unused cells or wires in module \adaptive_aero_control_top..

2.4.7.8. Executing OPT_EXPR pass (perform const folding).
Optimizing module adaptive_aero_control_top.

2.4.7.9. Finished OPT passes. (There is nothing left to do.)

2.4.8. Executing WREDUCE pass (reducing word size of cells).
Removed top 3 bits (of 12) from mux cell adaptive_aero_control_top.$procmux$336 ($pmux).
Removed top 1 bits (of 2) from port B of cell adaptive_aero_control_top.$procmux$338_CMP0 ($eq).
Removed top 3 bits (of 12) from wire adaptive_aero_control_top.fallback_cmd.

2.4.9. Executing PEEPOPT pass (run peephole optimizers).

2.4.10. Executing OPT_CLEAN pass (remove unused cells and wires).
Finding unused cells or wires in module \adaptive_aero_control_top..
Removed 0 unused cells and 1 unused wires.
<suppressed ~1 debug messages>

2.4.11. Executing ALUMACC pass (create $alu and $macc cells).
Extracting $alu and $macc cells in module adaptive_aero_control_top:
  creating $alu model for $gt$/root/chiploop-backend/backend/workflows/9c17c947-7429-4ac2-8c83-d7c3f630d808/fpga/src/upstream/adaptive_aero_control_top.v:39$4 ($gt): new $alu
  creating $alu model for $lt$/root/chiploop-backend/backend/workflows/9c17c947-7429-4ac2-8c83-d7c3f630d808/fpga/src/upstream/adaptive_aero_control_top.v:34$3 ($lt): new $alu
  creating $alu cell for $lt$/root/chiploop-backend/backend/workflows/9c17c947-7429-4ac2-8c83-d7c3f630d808/fpga/src/upstream/adaptive_aero_control_top.v:34$3: $auto$alumacc.cc:485:replace_alu$365
  creating $alu cell for $gt$/root/chiploop-backend/backend/workflows/9c17c947-7429-4ac2-8c83-d7c3f630d808/fpga/src/upstream/adaptive_aero_control_top.v:39$4: $auto$alumacc.cc:485:replace_alu$376
  created 2 $alu and 0 $macc cells.

2.4.12. Executing SHARE pass (SAT-based resource sharing).

2.4.13. Executing OPT pass (performing simple optimizations).

2.4.13.1. Executing OPT_EXPR pass (perform const folding).
Optimizing module adaptive_aero_control_top.
<suppressed ~4 debug messages>

2.4.13.2. Executing OPT_MERGE pass (detect identical cells).
Finding identical cells in module `\adaptive_aero_control_top'.
Removed a total of 0 cells.

2.4.13.3. Executing OPT_MUXTREE pass (detect dead branches in mux trees).
Running muxtree optimizer on module \adaptive_aero_control_top..
  Creating internal representation of mux trees.
  Evaluating internal representation of mux trees.
  Analyzing evaluation results.
Removed 0 multiplexer ports.
<suppressed ~4 debug messages>

2.4.13.4. Executing OPT_REDUCE pass (consolidate $*mux and $reduce_* inputs).
  Optimizing cells in module \adaptive_aero_control_top.
Performed a total of 0 changes.

2.4.13.5. Executing OPT_MERGE pass (detect identical cells).
Finding identical cells in module `\adaptive_aero_control_top'.
Removed a total of 0 cells.

2.4.13.6. Executing OPT_DFF pass (perform DFF optimizations).

2.4.13.7. Executing OPT_CLEAN pass (remove unused cells and wires).
Finding unused cells or wires in module \adaptive_aero_control_top..
Removed 2 unused cells and 4 unused wires.
<suppressed ~3 debug messages>

2.4.13.8. Executing OPT_EXPR pass (perform const folding).
Optimizing module adaptive_aero_control_top.

2.4.13.9. Rerunning OPT passes. (Maybe there is more to do..)

2.4.13.10. Executing OPT_MUXTREE pass (detect dead branches in mux trees).
Running muxtree optimizer on module \adaptive_aero_control_top..
  Creating internal representation of mux trees.
  Evaluating internal representation of mux trees.
  Analyzing evaluation results.
Removed 0 multiplexer ports.
<suppressed ~4 debug messages>

2.4.13.11. Executing OPT_REDUCE pass (consolidate $*mux and $reduce_* inputs).
  Optimizing cells in module \adaptive_aero_control_top.
Performed a total of 0 changes.

2.4.13.12. Executing OPT_MERGE pass (detect identical cells).
Finding identical cells in module `\adaptive_aero_control_top'.
Removed a total of 0 cells.

2.4.13.13. Executing OPT_DFF pass (perform DFF optimizations).

2.4.13.14. Executing OPT_CLEAN pass (remove unused cells and wires).
Finding unused cells or wires in module \adaptive_aero_control_top..

2.4.13.15. Executing OPT_EXPR pass (perform const folding).
Optimizing module adaptive_aero_control_top.

2.4.13.16. Finished OPT passes. (There is nothing left to do.)

2.4.14. Executing MEMORY pass.

2.4.14.1. Executing OPT_MEM pass (optimize memories).
Performed a total of 0 transformations.

2.4.14.2. Executing OPT_MEM_PRIORITY pass (removing unnecessary memory write priority relations).
Performed a total of 0 transformations.

2.4.14.3. Executing OPT_MEM_FEEDBACK pass (finding memory read-to-write feedback paths).

2.4.14.4. Executing MEMORY_BMUX2ROM pass (converting muxes to ROMs).

2.4.14.5. Executing MEMORY_DFF pass (merging $dff cells to $memrd).

2.4.14.6. Executing OPT_CLEAN pass (remove unused cells and wires).
Finding unused cells or wires in module \adaptive_aero_control_top..

2.4.14.7. Executing MEMORY_SHARE pass (consolidating $memrd/$memwr cells).

2.4.14.8. Executing OPT_MEM_WIDEN pass (optimize memories where all ports are wide).
Performed a total of 0 transformations.

2.4.14.9. Executing OPT_CLEAN pass (remove unused cells and wires).
Finding unused cells or wires in module \adaptive_aero_control_top..

2.4.14.10. Executing MEMORY_COLLECT pass (generating $mem cells).

2.4.15. Executing OPT_CLEAN pass (remove unused cells and wires).
Finding unused cells or wires in module \adaptive_aero_control_top..

2.5. Executing MEMORY_LIBMAP pass (mapping memories to cells).

2.6. Executing TECHMAP pass (map to technology primitives).

2.6.1. Executing Verilog-2005 frontend: /usr/bin/../share/yosys/gowin/lutrams_map.v
Parsing Verilog input from `/usr/bin/../share/yosys/gowin/lutrams_map.v' to AST representation.
Generating RTLIL representation for module `\$__GOWIN_LUTRAM_'.
Successfully finished Verilog frontend.

2.6.2. Executing Verilog-2005 frontend: /usr/bin/../share/yosys/gowin/brams_map.v
Parsing Verilog input from `/usr/bin/../share/yosys/gowin/brams_map.v' to AST representation.
Generating RTLIL representation for module `\$__GOWIN_SP_'.
Generating RTLIL representation for module `\$__GOWIN_DP_'.
Generating RTLIL representation for module `\$__GOWIN_SDP_'.
Successfully finished Verilog frontend.

2.6.3. Continuing TECHMAP pass.
No more expansions possible.
<suppressed ~6 debug messages>

2.7. Executing OPT pass (performing simple optimizations).

2.7.1. Executing OPT_EXPR pass (perform const folding).
Optimizing module adaptive_aero_control_top.

2.7.2. Executing OPT_MERGE pass (detect identical cells).
Finding identical cells in module `\adaptive_aero_control_top'.
Removed a total of 0 cells.

2.7.3. Executing OPT_DFF pass (perform DFF optimizations).

2.7.4. Executing OPT_CLEAN pass (remove unused cells and wires).
Finding unused cells or wires in module \adaptive_aero_control_top..

2.7.5. Finished fast OPT passes.

2.8. Executing MEMORY_MAP pass (converting memories to logic and flip-flops).

2.9. Executing OPT pass (performing simple optimizations).

2.9.1. Executing OPT_EXPR pass (perform const folding).
Optimizing module adaptive_aero_control_top.

2.9.2. Executing OPT_MERGE pass (detect identical cells).
Finding identical cells in module `\adaptive_aero_control_top'.
Removed a total of 0 cells.

2.9.3. Executing OPT_MUXTREE pass (detect dead branches in mux trees).
Running muxtree optimizer on module \adaptive_aero_control_top..
  Creating internal representation of mux trees.
  Evaluating internal representation of mux trees.
  Analyzing evaluation results.
Removed 0 multiplexer ports.
<suppressed ~4 debug messages>

2.9.4. Executing OPT_REDUCE pass (consolidate $*mux and $reduce_* inputs).
  Optimizing cells in module \adaptive_aero_control_top.
    Consolidated identical input bits for $pmux cell $procmux$336:
      Old ports: A=9'000100000, B=27'000000000010000000100000000, Y=\fallback_cmd
      New ports: A=3'001, B=9'000010100, Y={ \fallback_cmd [8:7] \fallback_cmd [5] }
      New connections: { \fallback_cmd [6] \fallback_cmd [4:0] } = 6'000000
  Optimizing cells in module \adaptive_aero_control_top.
Performed a total of 1 changes.

2.9.5. Executing OPT_MERGE pass (detect identical cells).
Finding identical cells in module `\adaptive_aero_control_top'.
Removed a total of 0 cells.

2.9.6. Executing OPT_DFF pass (perform DFF optimizations).

2.9.7. Executing OPT_CLEAN pass (remove unused cells and wires).
Finding unused cells or wires in module \adaptive_aero_control_top..

2.9.8. Executing OPT_EXPR pass (perform const folding).
Optimizing module adaptive_aero_control_top.

2.9.9. Rerunning OPT passes. (Maybe there is more to do..)

2.9.10. Executing OPT_MUXTREE pass (detect dead branches in mux trees).
Running muxtree optimizer on module \adaptive_aero_control_top..
  Creating internal representation of mux trees.
  Evaluating internal representation of mux trees.
  Analyzing evaluation results.
Removed 0 multiplexer ports.
<suppressed ~4 debug messages>

2.9.11. Executing OPT_REDUCE pass (consolidate $*mux and $reduce_* inputs).
  Optimizing cells in module \adaptive_aero_control_top.
Performed a total of 0 changes.

2.9.12. Executing OPT_MERGE pass (detect identical cells).
Finding identical cells in module `\adaptive_aero_control_top'.
Removed a total of 0 cells.

2.9.13. Executing OPT_DFF pass (perform DFF optimizations).

2.9.14. Executing OPT_CLEAN pass (remove unused cells and wires).
Finding unused cells or wires in module \adaptive_aero_control_top..

2.9.15. Executing OPT_EXPR pass (perform const folding).
Optimizing module adaptive_aero_control_top.

2.9.16. Finished OPT passes. (There is nothing left to do.)

2.10. Executing TECHMAP pass (map to technology primitives).

2.10.1. Executing Verilog-2005 frontend: /usr/bin/../share/yosys/techmap.v
Parsing Verilog input from `/usr/bin/../share/yosys/techmap.v' to AST representation.
Generating RTLIL representation for module `\_90_simplemap_bool_ops'.
Generating RTLIL representation for module `\_90_simplemap_reduce_ops'.
Generating RTLIL representation for module `\_90_simplemap_logic_ops'.
Generating RTLIL representation for module `\_90_simplemap_compare_ops'.
Generating RTLIL representation for module `\_90_simplemap_various'.
Generating RTLIL representation for module `\_90_simplemap_registers'.
Generating RTLIL representation for module `\_90_shift_ops_shr_shl_sshl_sshr'.
Generating RTLIL representation for module `\_90_shift_shiftx'.
Generating RTLIL representation for module `\_90_fa'.
Generating RTLIL representation for module `\_90_lcu'.
Generating RTLIL representation for module `\_90_alu'.
Generating RTLIL representation for module `\_90_macc'.
Generating RTLIL representation for module `\_90_alumacc'.
Generating RTLIL representation for module `\$__div_mod_u'.
Generating RTLIL representation for module `\$__div_mod_trunc'.
Generating RTLIL representation for module `\_90_div'.
Generating RTLIL representation for module `\_90_mod'.
Generating RTLIL representation for module `\$__div_mod_floor'.
Generating RTLIL representation for module `\_90_divfloor'.
Generating RTLIL representation for module `\_90_modfloor'.
Generating RTLIL representation for module `\_90_pow'.
Generating RTLIL representation for module `\_90_pmux'.
Generating RTLIL representation for module `\_90_demux'.
Generating RTLIL representation for module `\_90_lut'.
Successfully finished Verilog frontend.

2.10.2. Executing Verilog-2005 frontend: /usr/bin/../share/yosys/gowin/arith_map.v
Parsing Verilog input from `/usr/bin/../share/yosys/gowin/arith_map.v' to AST representation.
Generating RTLIL representation for module `\_80_gw1n_alu'.
Successfully finished Verilog frontend.

2.10.3. Continuing TECHMAP pass.
Using extmapper simplemap for cells of type $logic_not.
Using template $paramod$ee3d784672cdb1cb32d9a801a3af776716f16b74\_80_gw1n_alu for cells of type $alu.
Using extmapper simplemap for cells of type $or.
Using extmapper simplemap for cells of type $mux.
Using extmapper simplemap for cells of type $reduce_and.
Using extmapper simplemap for cells of type $not.
Using extmapper simplemap for cells of type $eq.
Using template $paramod$85df5dc01c7df96a7d8e5f1fdf76ce9ac452af63\_90_pmux for cells of type $pmux.
Using extmapper simplemap for cells of type $adff.
Using extmapper simplemap for cells of type $xor.
Using extmapper simplemap for cells of type $pos.
Using extmapper simplemap for cells of type $reduce_or.
Using extmapper simplemap for cells of type $and.
No more expansions possible.
<suppressed ~162 debug messages>

2.11. Executing OPT pass (performing simple optimizations).

2.11.1. Executing OPT_EXPR pass (perform const folding).
Optimizing module adaptive_aero_control_top.
<suppressed ~79 debug messages>

2.11.2. Executing OPT_MERGE pass (detect identical cells).
Finding identical cells in module `\adaptive_aero_control_top'.
Removed a total of 0 cells.

2.11.3. Executing OPT_DFF pass (perform DFF optimizations).

2.11.4. Executing OPT_CLEAN pass (remove unused cells and wires).
Finding unused cells or wires in module \adaptive_aero_control_top..
Removed 25 unused cells and 106 unused wires.
<suppressed ~26 debug messages>

2.11.5. Finished fast OPT passes.

2.12. Executing OPT_CLEAN pass (remove unused cells and wires).
Finding unused cells or wires in module \adaptive_aero_control_top..

2.13. Executing DFFLEGALIZE pass (convert FFs to types supported by the target).

2.14. Executing TECHMAP pass (map to technology primitives).

2.14.1. Executing Verilog-2005 frontend: /usr/bin/../share/yosys/gowin/cells_map.v
Parsing Verilog input from `/usr/bin/../share/yosys/gowin/cells_map.v' to AST representation.
Generating RTLIL representation for module `\$_DFF_N_'.
Generating RTLIL representation for module `\$_DFF_P_'.
Generating RTLIL representation for module `\$_DFFE_PP_'.
Generating RTLIL representation for module `\$_DFFE_NP_'.
Generating RTLIL representation for module `\$_SDFF_PP0_'.
Generating RTLIL representation for module `\$_SDFF_NP0_'.
Generating RTLIL representation for module `\$_SDFFE_PP0P_'.
Generating RTLIL representation for module `\$_SDFFE_NP0P_'.
Generating RTLIL representation for module `\$_SDFF_PP1_'.
Generating RTLIL representation for module `\$_SDFF_NP1_'.
Generating RTLIL representation for module `\$_SDFFE_PP1P_'.
Generating RTLIL representation for module `\$_SDFFE_NP1P_'.
Generating RTLIL representation for module `\$_DFF_PP1_'.
Generating RTLIL representation for module `\$_DFF_NP1_'.
Generating RTLIL representation for module `\$_DFF_PP0_'.
Generating RTLIL representation for module `\$_DFF_NP0_'.
Generating RTLIL representation for module `\$_DFFE_PP1P_'.
Generating RTLIL representation for module `\$_DFFE_NP1P_'.
Generating RTLIL representation for module `\$_DFFE_PP0P_'.
Generating RTLIL representation for module `\$_DFFE_NP0P_'.
Generating RTLIL representation for module `\$lut'.
Successfully finished Verilog frontend.

2.14.2. Continuing TECHMAP pass.
Using template \$_DFF_PP0_ for cells of type $_DFF_PP0_.
Using template \$_DFF_PP1_ for cells of type $_DFF_PP1_.
No more expansions possible.
<suppressed ~36 debug messages>

2.15. Executing OPT_EXPR pass (perform const folding).
Optimizing module adaptive_aero_control_top.

2.16. Executing SIMPLEMAP pass (map simple cells to gate primitives).

2.17. Executing ABC pass (technology mapping using ABC).

2.17.1. Extracting gate netlist of module `\adaptive_aero_control_top' to `<abc-temp-dir>/input.blif'..
Extracted 112 gates and 155 wires to a netlist network with 41 inputs and 50 outputs.

2.17.1.1. Executing ABC.
Running ABC command: "<yosys-exe-dir>/yosys-abc" -s -f <abc-temp-dir>/abc.script 2>&1
ABC: ABC command line: "source <abc-temp-dir>/abc.script".
ABC: 
ABC: + read_blif <abc-temp-dir>/input.blif 
ABC: + read_lut <abc-temp-dir>/lutdefs.txt 
ABC: + strash 
ABC: + &get -n 
ABC: + &fraig -x 
ABC: + &put 
ABC: + scorr 
ABC: Warning: The network is combinational (run "fraig" or "fraig_sweep").
ABC: + dc2 
ABC: + dretime 
ABC: + strash 
ABC: + dch -f 
ABC: + if 
ABC: + mfs2 
ABC: + write_blif <abc-temp-dir>/output.blif 

2.17.1.2. Re-integrating ABC results.
ABC RESULTS:              $lut cells:       59
ABC RESULTS:        internal signals:       64
ABC RESULTS:           input signals:       41
ABC RESULTS:          output signals:       50
Removing temp directory.
Removed 0 unused cells and 178 unused wires.

2.18. Executing TECHMAP pass (map to technology primitives).

2.18.1. Executing Verilog-2005 frontend: /usr/bin/../share/yosys/gowin/cells_map.v
Parsing Verilog input from `/usr/bin/../share/yosys/gowin/cells_map.v' to AST representation.
Generating RTLIL representation for module `\$_DFF_N_'.
Generating RTLIL representation for module `\$_DFF_P_'.
Generating RTLIL representation for module `\$_DFFE_PP_'.
Generating RTLIL representation for module `\$_DFFE_NP_'.
Generating RTLIL representation for module `\$_SDFF_PP0_'.
Generating RTLIL representation for module `\$_SDFF_NP0_'.
Generating RTLIL representation for module `\$_SDFFE_PP0P_'.
Generating RTLIL representation for module `\$_SDFFE_NP0P_'.
Generating RTLIL representation for module `\$_SDFF_PP1_'.
Generating RTLIL representation for module `\$_SDFF_NP1_'.
Generating RTLIL representation for module `\$_SDFFE_PP1P_'.
Generating RTLIL representation for module `\$_SDFFE_NP1P_'.
Generating RTLIL representation for module `\$_DFF_PP1_'.
Generating RTLIL representation for module `\$_DFF_NP1_'.
Generating RTLIL representation for module `\$_DFF_PP0_'.
Generating RTLIL representation for module `\$_DFF_NP0_'.
Generating RTLIL representation for module `\$_DFFE_PP1P_'.
Generating RTLIL representation for module `\$_DFFE_NP1P_'.
Generating RTLIL representation for module `\$_DFFE_PP0P_'.
Generating RTLIL representation for module `\$_DFFE_NP0P_'.
Generating RTLIL representation for module `\$lut'.
Successfully finished Verilog frontend.

2.18.2. Continuing TECHMAP pass.
Using template $paramod\$lut\WIDTH=32'00000000000000000000000000000001\LUT=2'01 for cells of type $lut.
Using template $paramod$ee19d45db61acb4c70d938b97483a4ed4b792645\$lut for cells of type $lut.
Using template $paramod$287fc40df277be5303029e92cf8599a6aab4ddf0\$lut for cells of type $lut.
Using template $paramod$a9fc6e1212e2c97f661279eebf7fa89d410eb14a\$lut for cells of type $lut.
Using template $paramod\$lut\WIDTH=32'00000000000000000000000000000011\LUT=8'11001010 for cells of type $lut.
Using template $paramod$4f57e57142ed457d1044df52ffa89d79adbbcd5d\$lut for cells of type $lut.
Using template $paramod\$lut\WIDTH=32'00000000000000000000000000000010\LUT=4'1000 for cells of type $lut.
Using template $paramod$8b09f347504cfc0d3d65fbb4601497936543b1b3\$lut for cells of type $lut.
Using template $paramod$2d07c1a6c53c7b878509360922c4fa5ebedc3011\$lut for cells of type $lut.
Using template $paramod$911ce2c2ed06f63589760952a728b60224a26237\$lut for cells of type $lut.
Using template $paramod$f8a44942035f98ee0a78f8271e77eed8584b8e7c\$lut for cells of type $lut.
Using template $paramod$fd5a24fea500b44926ed68e99b6782bc867bf342\$lut for cells of type $lut.
Using template $paramod$cb7a23b14aea5b547cc6f8beac6203ea7e94fdcd\$lut for cells of type $lut.
Using template $paramod$bb4fff1cc3b827238aa40993cafede1c5beecbe3\$lut for cells of type $lut.
Using template $paramod$9f00ada3beef921d7cc403e4cdcc2195b948ee2d\$lut for cells of type $lut.
Using template $paramod$1a0e2b41b703e4f9a4473c978be3fcac3e4019a9\$lut for cells of type $lut.
Using template $paramod$16f4d5a320f8c31ec68e2957f4cfe520c3f549a4\$lut for cells of type $lut.
Using template $paramod$bf0d0292861bdee659ef5cbc5e58b330ac5871f9\$lut for cells of type $lut.
Using template $paramod$3a32a7587b9f95b908af04fb9b75cd3eae00b58e\$lut for cells of type $lut.
Using template $paramod$f9d5cb7f3a24a3978811c5219d2f4f07ec60cef0\$lut for cells of type $lut.
Using template $paramod$a2b4ddfa3906001b2ef9f2414d79c3048f2a3a6e\$lut for cells of type $lut.
Using template $paramod$91aafddf43f5e308d8e8e0b83bba5f4ae76b3183\$lut for cells of type $lut.
Using template $paramod$61bc98ece8c76bffd4acdf40e5f231340cba90fc\$lut for cells of type $lut.
Using template $paramod$16863281a9301e30ffd8706341550763fea6fed9\$lut for cells of type $lut.
Using template $paramod$e78fc583bc63d9abc457d62c1dca2e6961c62914\$lut for cells of type $lut.
Using template $paramod$cbf3f509aedd39ed7c19441d740558af9647b274\$lut for cells of type $lut.
Using template $paramod$ad333e63f712bdb887b1029efee6e57bf7a0f59c\$lut for cells of type $lut.
Using template $paramod$9728486d945212460dc34b4d76cd17f99282d7b1\$lut for cells of type $lut.
Using template $paramod$94d46b21082d5cdefb25174cbeb21d8af9e5ebcf\$lut for cells of type $lut.
Using template $paramod$82ff6a29af9c62178ae37f321e6f59ae905f1f2c\$lut for cells of type $lut.
Using template $paramod$e9f64cfb923d2f92468f1b15fcaee3639f62da5d\$lut for cells of type $lut.
Using template $paramod$692927e279b3d5c42ee4aacb287247c0b34943ed\$lut for cells of type $lut.
Using template $paramod$4a24b2ca24b6ac8acdcc755881493774ee6209ab\$lut for cells of type $lut.
Using template $paramod$31e7da31317866fa13c6c90ffaf91bab41e8db21\$lut for cells of type $lut.
Using template $paramod$9664483609d9e726df9697364de1aad825ad3979\$lut for cells of type $lut.
Using template $paramod$3e024e0095b19af7dd95c41a91fc8c6b979ac8b7\$lut for cells of type $lut.
Using template $paramod$4ccc28356bf548df2a85e501401adc54dd1eedb8\$lut for cells of type $lut.
Using template $paramod$71aef15baef258f08bc022309d7912fccaff9fc0\$lut for cells of type $lut.
Using template $paramod$90922b8483dee99c2372d5e846222814c103d005\$lut for cells of type $lut.
Using template $paramod$baee406d84fe0a8ab3e46482a4f51900848b9595\$lut for cells of type $lut.
Using template $paramod$f07b73d327ad8495f053b284ea355fafa252b61f\$lut for cells of type $lut.
Using template $paramod$fe2ccc9771c7f3621af3392ea69c0322e13310d4\$lut for cells of type $lut.
Using template $paramod$33c795e568b37ef3b0e269d3bb4ccba479e50bca\$lut for cells of type $lut.
Using template $paramod$8e7c168caf0ee12953b2eec180961e4d23b1c63c\$lut for cells of type $lut.
Using template $paramod$626707b1a4b9e7bd2355faaa37fa9ff185e19277\$lut for cells of type $lut.
Using template $paramod$69521ca0476af0e517b75d5f51fdff4e776d0dc8\$lut for cells of type $lut.
Using template $paramod$fb75c117ce9b7df35d166ba0e2e5a881747c5ea8\$lut for cells of type $lut.
Using template $paramod$3dbc23c2e10ef4d579dae84a807e6aec71723149\$lut for cells of type $lut.
Using template $paramod$84f1edbce8c93971f79139fa0fbe75b5915c60a4\$lut for cells of type $lut.
Using template $paramod$e11db06c55b3a4bb6b41273ca1dd91432e6da514\$lut for cells of type $lut.
Using template $paramod$734cb5d7d83659ae4da13abb9e04fafa8dc19119\$lut for cells of type $lut.
Using template $paramod$a0cf25a462775f827a095ab1cfae41bffe2a7b04\$lut for cells of type $lut.
Using template $paramod$f12f5c320f33b032a5d8e9643b181e1c187aab62\$lut for cells of type $lut.
Using template $paramod$6521e856a3504625ce4b862bc4672a008f773156\$lut for cells of type $lut.
Using template $paramod$f7defcd573066404c868253de2933d1a602e19fd\$lut for cells of type $lut.
Using template $paramod$b466135909c462e3cd3ba27e2d696def392cc0d6\$lut for cells of type $lut.
Using template $paramod$ede761341368efd53bcaebaec83bbf67ed9dec7f\$lut for cells of type $lut.
No more expansions possible.
<suppressed ~982 debug messages>

2.19. Executing OPT_LUT_INS pass (discard unused LUT inputs).
Optimizing LUTs in adaptive_aero_control_top.
  Optimizing lut $abc$981$auto$blifparse.cc:525:parse_blif$983.genblk1.genblk1.genblk1.genblk1.genblk1.genblk1.genblk1.genblk1.lut0.genblk1.genblk1.genblk1.genblk1.genblk1.genblk1.genblk1.lut1.genblk1.genblk1.genblk1.genblk1.genblk1.genblk1.lut0.genblk1.genblk1.genblk1.genblk1.genblk1.lut0 (4 -> 0)
  Optimizing lut $abc$981$auto$blifparse.cc:525:parse_blif$986.genblk1.genblk1.genblk1.genblk1.genblk1.genblk1.genblk1.genblk1.lut0.genblk1.genblk1.genblk1.genblk1.genblk1.genblk1.genblk1.lut0.genblk1.genblk1.genblk1.genblk1.genblk1.genblk1.lut0.genblk1.genblk1.genblk1.genblk1.genblk1.lut0 (4 -> 0)
  Optimizing lut $abc$981$auto$blifparse.cc:525:parse_blif$986.genblk1.genblk1.genblk1.genblk1.genblk1.genblk1.genblk1.genblk1.lut0.genblk1.genblk1.genblk1.genblk1.genblk1.genblk1.genblk1.lut0.genblk1.genblk1.genblk1.genblk1.genblk1.genblk1.lut1.genblk1.genblk1.genblk1.genblk1.genblk1.lut0 (4 -> 0)
  Optimizing lut $abc$981$auto$blifparse.cc:525:parse_blif$986.genblk1.genblk1.genblk1.genblk1.genblk1.genblk1.genblk1.genblk1.lut0.genblk1.genblk1.genblk1.genblk1.genblk1.genblk1.genblk1.lut1.genblk1.genblk1.genblk1.genblk1.genblk1.genblk1.lut0.genblk1.genblk1.genblk1.genblk1.genblk1.lut0 (4 -> 0)
  Optimizing lut $abc$981$auto$blifparse.cc:525:parse_blif$986.genblk1.genblk1.genblk1.genblk1.genblk1.genblk1.genblk1.genblk1.lut0.genblk1.genblk1.genblk1.genblk1.genblk1.genblk1.genblk1.lut1.genblk1.genblk1.genblk1.genblk1.genblk1.genblk1.lut1.genblk1.genblk1.genblk1.genblk1.genblk1.lut0 (4 -> 0)
  Optimizing lut $abc$981$auto$blifparse.cc:525:parse_blif$990.genblk1.genblk1.genblk1.genblk1.genblk1.genblk1.genblk1.genblk1.lut0.genblk1.genblk1.genblk1.genblk1.genblk1.genblk1.genblk1.lut0.genblk1.genblk1.genblk1.genblk1.genblk1.genblk1.lut1.genblk1.genblk1.genblk1.genblk1.genblk1.lut0 (4 -> 0)
  Optimizing lut $abc$981$auto$blifparse.cc:525:parse_blif$990.genblk1.genblk1.genblk1.genblk1.genblk1.genblk1.genblk1.genblk1.lut0.genblk1.genblk1.genblk1.genblk1.genblk1.genblk1.genblk1.lut1.genblk1.genblk1.genblk1.genblk1.genblk1.genblk1.lut0.genblk1.genblk1.genblk1.genblk1.genblk1.lut0 (4 -> 0)
  Optimizing lut $abc$981$auto$blifparse.cc:525:parse_blif$990.genblk1.genblk1.genblk1.genblk1.genblk1.genblk1.genblk1.genblk1.lut0.genblk1.genblk1.genblk1.genblk1.genblk1.genblk1.genblk1.lut1.genblk1.genblk1.genblk1.genblk1.genblk1.genblk1.lut1.genblk1.genblk1.genblk1.genblk1.genblk1.lut0 (4 -> 0)
  Optimizing lut $abc$981$auto$blifparse.cc:525:parse_blif$990.genblk1.genblk1.genblk1.genblk1.genblk1.genblk1.genblk1.genblk1.lut1.genblk1.genblk1.genblk1.genblk1.genblk1.genblk1.genblk1.lut0.genblk1.genblk1.genblk1.genblk1.genblk1.genblk1.lut0.genblk1.genblk1.genblk1.genblk1.genblk1.lut0 (4 -> 0)
  Optimizing lut $abc$981$auto$blifparse.cc:525:parse_blif$990.genblk1.genblk1.genblk1.genblk1.genblk1.genblk1.genblk1.genblk1.lut1.genblk1.genblk1.genblk1.genblk1.genblk1.genblk1.genblk1.lut0.genblk1.genblk1.genblk1.genblk1.genblk1.genblk1.lut1.genblk1.genblk1.genblk1.genblk1.genblk1.lut0 (4 -> 0)
  Optimizing lut $abc$981$auto$blifparse.cc:525:parse_blif$991.genblk1.genblk1.genblk1.genblk1.genblk1.genblk1.genblk1.genblk1.lut0.genblk1.genblk1.genblk1.genblk1.genblk1.genblk1.genblk1.lut1.genblk1.genblk1.genblk1.genblk1.genblk1.genblk1.lut0.genblk1.genblk1.genblk1.genblk1.genblk1.lut0 (4 -> 2)
  Optimizing lut $abc$981$auto$blifparse.cc:525:parse_blif$991.genblk1.genblk1.genblk1.genblk1.genblk1.genblk1.genblk1.genblk1.lut0.genblk1.genblk1.genblk1.genblk1.genblk1.genblk1.genblk1.lut1.genblk1.genblk1.genblk1.genblk1.genblk1.genblk1.lut1.genblk1.genblk1.genblk1.genblk1.genblk1.lut0 (4 -> 2)
  Optimizing lut $abc$981$auto$blifparse.cc:525:parse_blif$991.genblk1.genblk1.genblk1.genblk1.genblk1.genblk1.genblk1.genblk1.lut0.genblk1.genblk1.genblk1.genblk1.genblk1.genblk1.genblk1.lut0.genblk1.genblk1.genblk1.genblk1.genblk1.genblk1.lut0.genblk1.genblk1.genblk1.genblk1.genblk1.lut0 (4 -> 2)
  Optimizing lut $abc$981$auto$blifparse.cc:525:parse_blif$991.genblk1.genblk1.genblk1.genblk1.genblk1.genblk1.genblk1.genblk1.lut0.genblk1.genblk1.genblk1.genblk1.genblk1.genblk1.genblk1.lut0.genblk1.genblk1.genblk1.genblk1.genblk1.genblk1.lut1.genblk1.genblk1.genblk1.genblk1.genblk1.lut0 (4 -> 2)
  Optimizing lut $abc$981$auto$blifparse.cc:525:parse_blif$990.genblk1.genblk1.genblk1.genblk1.genblk1.genblk1.genblk1.genblk1.lut1.genblk1.genblk1.genblk1.genblk1.genblk1.genblk1.genblk1.lut1.genblk1.genblk1.genblk1.genblk1.genblk1.genblk1.lut1.genblk1.genblk1.genblk1.genblk1.genblk1.lut0 (4 -> 0)
  Optimizing lut $abc$981$auto$blifparse.cc:525:parse_blif$991.genblk1.genblk1.genblk1.genblk1.genblk1.genblk1.genblk1.genblk1.lut1.genblk1.genblk1.genblk1.genblk1.genblk1.genblk1.genblk1.lut0.genblk1.genblk1.genblk1.genblk1.genblk1.genblk1.lut0.genblk1.genblk1.genblk1.genblk1.genblk1.lut0 (4 -> 0)
  Optimizing lut $abc$981$auto$blifparse.cc:525:parse_blif$991.genblk1.genblk1.genblk1.genblk1.genblk1.genblk1.genblk1.genblk1.lut1.genblk1.genblk1.genblk1.genblk1.genblk1.genblk1.genblk1.lut0.genblk1.genblk1.genblk1.genblk1.genblk1.genblk1.lut1.genblk1.genblk1.genblk1.genblk1.genblk1.lut0 (4 -> 0)
  Optimizing lut $abc$981$auto$blifparse.cc:525:parse_blif$991.genblk1.genblk1.genblk1.genblk1.genblk1.genblk1.genblk1.genblk1.lut1.genblk1.genblk1.genblk1.genblk1.genblk1.genblk1.genblk1.lut1.genblk1.genblk1.genblk1.genblk1.genblk1.genblk1.lut0.genblk1.genblk1.genblk1.genblk1.genblk1.lut0 (4 -> 2)
  Optimizing lut $abc$981$auto$blifparse.cc:525:parse_blif$991.genblk1.genblk1.genblk1.genblk1.genblk1.genblk1.genblk1.genblk1.lut1.genblk1.genblk1.genblk1.genblk1.genblk1.genblk1.genblk1.lut1.genblk1.genblk1.genblk1.genblk1.genblk1.genblk1.lut1.genblk1.genblk1.genblk1.genblk1.genblk1.lut0 (4 -> 2)
  Optimizing lut $abc$981$auto$blifparse.cc:525:parse_blif$983.genblk1.genblk1.genblk1.genblk1.genblk1.genblk1.genblk1.genblk1.lut1.genblk1.genblk1.genblk1.genblk1.genblk1.genblk1.genblk1.lut0.genblk1.genblk1.genblk1.genblk1.genblk1.genblk1.lut1.genblk1.genblk1.genblk1.genblk1.genblk1.lut0 (4 -> 0)
  Optimizing lut $abc$981$auto$blifparse.cc:525:parse_blif$983.genblk1.genblk1.genblk1.genblk1.genblk1.genblk1.genblk1.genblk1.lut1.genblk1.genblk1.genblk1.genblk1.genblk1.genblk1.genblk1.lut1.genblk1.genblk1.genblk1.genblk1.genblk1.genblk1.lut0.genblk1.genblk1.genblk1.genblk1.genblk1.lut0 (4 -> 0)
  Optimizing lut $abc$981$auto$blifparse.cc:525:parse_blif$986.genblk1.genblk1.genblk1.genblk1.genblk1.genblk1.genblk1.genblk1.lut1.genblk1.genblk1.genblk1.genblk1.genblk1.genblk1.genblk1.lut0.genblk1.genblk1.genblk1.genblk1.genblk1.genblk1.lut1.genblk1.genblk1.genblk1.genblk1.genblk1.lut0 (4 -> 0)
  Optimizing lut $abc$981$auto$blifparse.cc:525:parse_blif$986.genblk1.genblk1.genblk1.genblk1.genblk1.genblk1.genblk1.genblk1.lut1.genblk1.genblk1.genblk1.genblk1.genblk1.genblk1.genblk1.lut0.genblk1.genblk1.genblk1.genblk1.genblk1.genblk1.lut0.genblk1.genblk1.genblk1.genblk1.genblk1.lut0 (4 -> 0)
  Optimizing lut $abc$981$auto$blifparse.cc:525:parse_blif$986.genblk1.genblk1.genblk1.genblk1.genblk1.genblk1.genblk1.genblk1.lut1.genblk1.genblk1.genblk1.genblk1.genblk1.genblk1.genblk1.lut1.genblk1.genblk1.genblk1.genblk1.genblk1.genblk1.lut0.genblk1.genblk1.genblk1.genblk1.genblk1.lut0 (4 -> 0)
  Optimizing lut $abc$981$auto$blifparse.cc:525:parse_blif$983.genblk1.genblk1.genblk1.genblk1.genblk1.genblk1.genblk1.genblk1.lut0.genblk1.genblk1.genblk1.genblk1.genblk1.genblk1.genblk1.lut1.genblk1.genblk1.genblk1.genblk1.genblk1.genblk1.lut1.genblk1.genblk1.genblk1.genblk1.genblk1.lut0 (4 -> 0)
  Optimizing lut $abc$981$auto$blifparse.cc:525:parse_blif$983.genblk1.genblk1.genblk1.genblk1.genblk1.genblk1.genblk1.genblk1.lut0.genblk1.genblk1.genblk1.genblk1.genblk1.genblk1.genblk1.lut1.genblk1.genblk1.genblk1.genblk1.genblk1.genblk1.lut1.genblk1.genblk1.genblk1.genblk1.genblk1.lut1 (4 -> 0)
  Optimizing lut $abc$981$auto$blifparse.cc:525:parse_blif$984.genblk1.genblk1.genblk1.genblk1.genblk1.genblk1.lut1.genblk1.genblk1.genblk1.genblk1.genblk1.lut0 (4 -> 0)
  Optimizing lut $abc$981$auto$blifparse.cc:525:parse_blif$986.genblk1.genblk1.genblk1.genblk1.genblk1.genblk1.genblk1.genblk1.lut0.genblk1.genblk1.genblk1.genblk1.genblk1.genblk1.genblk1.lut1.genblk1.genblk1.genblk1.genblk1.genblk1.genblk1.lut1.genblk1.genblk1.genblk1.genblk1.genblk1.lut1 (4 -> 0)
  Optimizing lut $abc$981$auto$blifparse.cc:525:parse_blif$990.genblk1.genblk1.genblk1.genblk1.genblk1.genblk1.genblk1.genblk1.lut0.genblk1.genblk1.genblk1.genblk1.genblk1.genblk1.genblk1.lut1.genblk1.genblk1.genblk1.genblk1.genblk1.genblk1.lut1.genblk1.genblk1.genblk1.genblk1.genblk1.lut1 (4 -> 0)
  Optimizing lut $abc$981$auto$blifparse.cc:525:parse_blif$985.genblk1.genblk1.genblk1.genblk1.genblk1.genblk1.lut0.genblk1.genblk1.genblk1.genblk1.genblk1.lut1 (4 -> 0)
  Optimizing lut $abc$981$auto$blifparse.cc:525:parse_blif$988.genblk1.genblk1.genblk1.genblk1.genblk1.genblk1.lut1.genblk1.genblk1.genblk1.genblk1.genblk1.lut0 (4 -> 0)
  Optimizing lut $abc$981$auto$blifparse.cc:525:parse_blif$988.genblk1.genblk1.genblk1.genblk1.genblk1.genblk1.lut0.genblk1.genblk1.genblk1.genblk1.genblk1.lut1 (4 -> 0)
  Optimizing lut $abc$981$auto$blifparse.cc:525:parse_blif$986.genblk1.genblk1.genblk1.genblk1.genblk1.genblk1.genblk1.genblk1.lut1.genblk1.genblk1.genblk1.genblk1.genblk1.genblk1.genblk1.lut0.genblk1.genblk1.genblk1.genblk1.genblk1.genblk1.lut1.genblk1.genblk1.genblk1.genblk1.genblk1.lut1 (4 -> 0)
  Optimizing lut $abc$981$auto$blifparse.cc:525:parse_blif$997.genblk1.genblk1.genblk1.genblk1.genblk1.lut1 (4 -> 3)
  Optimizing lut $abc$981$auto$blifparse.cc:525:parse_blif$993.genblk1.genblk1.genblk1.genblk1.genblk1.lut0 (4 -> 1)
  Optimizing lut $abc$981$auto$blifparse.cc:525:parse_blif$983.genblk1.genblk1.genblk1.genblk1.genblk1.genblk1.genblk1.genblk1.lut1.genblk1.genblk1.genblk1.genblk1.genblk1.genblk1.genblk1.lut1.genblk1.genblk1.genblk1.genblk1.genblk1.genblk1.lut1.genblk1.genblk1.genblk1.genblk1.genblk1.lut1 (4 -> 0)
  Optimizing lut $abc$981$auto$blifparse.cc:525:parse_blif$983.genblk1.genblk1.genblk1.genblk1.genblk1.genblk1.genblk1.genblk1.lut1.genblk1.genblk1.genblk1.genblk1.genblk1.genblk1.genblk1.lut1.genblk1.genblk1.genblk1.genblk1.genblk1.genblk1.lut0.genblk1.genblk1.genblk1.genblk1.genblk1.lut1 (4 -> 0)
  Optimizing lut $abc$981$auto$blifparse.cc:525:parse_blif$1018.genblk1.genblk1.genblk1.genblk1.genblk1.lut1 (4 -> 3)
  Optimizing lut $abc$981$auto$blifparse.cc:525:parse_blif$999.genblk1.genblk1.genblk1.genblk1.genblk1.lut0 (4 -> 1)
  Optimizing lut $abc$981$auto$blifparse.cc:525:parse_blif$1008.genblk1.genblk1.genblk1.genblk1.genblk1.lut1 (4 -> 0)
  Optimizing lut $abc$981$auto$blifparse.cc:525:parse_blif$1009.genblk1.genblk1.genblk1.genblk1.genblk1.lut1 (4 -> 3)
  Optimizing lut $abc$981$auto$blifparse.cc:525:parse_blif$986.genblk1.genblk1.genblk1.genblk1.genblk1.genblk1.genblk1.genblk1.lut0.genblk1.genblk1.genblk1.genblk1.genblk1.genblk1.genblk1.lut1.genblk1.genblk1.genblk1.genblk1.genblk1.genblk1.lut0.genblk1.genblk1.genblk1.genblk1.genblk1.lut1 (4 -> 0)
  Optimizing lut $abc$981$auto$blifparse.cc:525:parse_blif$1012.genblk1.genblk1.genblk1.genblk1.genblk1.lut0 (4 -> 1)
  Optimizing lut $abc$981$auto$blifparse.cc:525:parse_blif$1001.genblk1.genblk1.genblk1.genblk1.genblk1.lut1 (4 -> 3)
  Optimizing lut $abc$981$auto$blifparse.cc:525:parse_blif$990.genblk1.genblk1.genblk1.genblk1.genblk1.genblk1.genblk1.genblk1.lut1.genblk1.genblk1.genblk1.genblk1.genblk1.genblk1.genblk1.lut0.genblk1.genblk1.genblk1.genblk1.genblk1.genblk1.lut1.genblk1.genblk1.genblk1.genblk1.genblk1.lut1 (4 -> 0)
  Optimizing lut $abc$981$auto$blifparse.cc:525:parse_blif$990.genblk1.genblk1.genblk1.genblk1.genblk1.genblk1.genblk1.genblk1.lut0.genblk1.genblk1.genblk1.genblk1.genblk1.genblk1.genblk1.lut1.genblk1.genblk1.genblk1.genblk1.genblk1.genblk1.lut0.genblk1.genblk1.genblk1.genblk1.genblk1.lut1 (4 -> 0)
  Optimizing lut $abc$981$auto$blifparse.cc:525:parse_blif$1012.genblk1.genblk1.genblk1.genblk1.genblk1.lut1 (4 -> 3)
  Optimizing lut $abc$981$auto$blifparse.cc:525:parse_blif$991.genblk1.genblk1.genblk1.genblk1.genblk1.genblk1.genblk1.genblk1.lut1.genblk1.genblk1.genblk1.genblk1.genblk1.genblk1.genblk1.lut0.genblk1.genblk1.genblk1.genblk1.genblk1.genblk1.lut0.genblk1.genblk1.genblk1.genblk1.genblk1.lut1 (4 -> 0)
  Optimizing lut $abc$981$auto$blifparse.cc:525:parse_blif$986.genblk1.genblk1.genblk1.genblk1.genblk1.genblk1.genblk1.genblk1.lut1.genblk1.genblk1.genblk1.genblk1.genblk1.genblk1.genblk1.lut0.genblk1.genblk1.genblk1.genblk1.genblk1.genblk1.lut0.genblk1.genblk1.genblk1.genblk1.genblk1.lut1 (4 -> 0)
  Optimizing lut $abc$981$auto$blifparse.cc:525:parse_blif$990.genblk1.genblk1.genblk1.genblk1.genblk1.genblk1.genblk1.genblk1.lut1.genblk1.genblk1.genblk1.genblk1.genblk1.genblk1.genblk1.lut0.genblk1.genblk1.genblk1.genblk1.genblk1.genblk1.lut0.genblk1.genblk1.genblk1.genblk1.genblk1.lut1 (4 -> 0)
  Optimizing lut $abc$981$auto$blifparse.cc:525:parse_blif$985.genblk1.genblk1.genblk1.genblk1.genblk1.genblk1.lut1.genblk1.genblk1.genblk1.genblk1.genblk1.lut1 (4 -> 0)
  Optimizing lut $abc$981$auto$blifparse.cc:525:parse_blif$984.genblk1.genblk1.genblk1.genblk1.genblk1.genblk1.lut1.genblk1.genblk1.genblk1.genblk1.genblk1.lut1 (4 -> 0)
  Optimizing lut $abc$981$auto$blifparse.cc:525:parse_blif$990.genblk1.genblk1.genblk1.genblk1.genblk1.genblk1.genblk1.genblk1.lut1.genblk1.genblk1.genblk1.genblk1.genblk1.genblk1.genblk1.lut1.genblk1.genblk1.genblk1.genblk1.genblk1.genblk1.lut0.genblk1.genblk1.genblk1.genblk1.genblk1.lut1 (4 -> 0)
  Optimizing lut $abc$981$auto$blifparse.cc:525:parse_blif$1009.genblk1.genblk1.genblk1.genblk1.genblk1.lut0 (4 -> 1)
  Optimizing lut $abc$981$auto$blifparse.cc:525:parse_blif$1004.genblk1.genblk1.genblk1.genblk1.genblk1.lut1 (4 -> 3)
  Optimizing lut $abc$981$auto$blifparse.cc:525:parse_blif$995.genblk1.genblk1.genblk1.genblk1.genblk1.lut0 (4 -> 1)
  Optimizing lut $abc$981$auto$blifparse.cc:525:parse_blif$1006.genblk1.genblk1.genblk1.genblk1.genblk1.lut1 (4 -> 3)
  Optimizing lut $abc$981$auto$blifparse.cc:525:parse_blif$1004.genblk1.genblk1.genblk1.genblk1.genblk1.lut0 (4 -> 1)
  Optimizing lut $abc$981$auto$blifparse.cc:525:parse_blif$984.genblk1.genblk1.genblk1.genblk1.genblk1.genblk1.lut0.genblk1.genblk1.genblk1.genblk1.genblk1.lut1 (4 -> 0)
  Optimizing lut $abc$981$auto$blifparse.cc:525:parse_blif$1018.genblk1.genblk1.genblk1.genblk1.genblk1.lut0 (4 -> 1)
  Optimizing lut $abc$981$auto$blifparse.cc:525:parse_blif$1011.genblk1.genblk1.genblk1.genblk1.genblk1.lut1 (4 -> 0)
  Optimizing lut $abc$981$auto$blifparse.cc:525:parse_blif$1001.genblk1.genblk1.genblk1.genblk1.genblk1.lut0 (4 -> 1)
  Optimizing lut $abc$981$auto$blifparse.cc:525:parse_blif$1016.genblk1.genblk1.genblk1.genblk1.genblk1.lut0 (4 -> 1)
  Optimizing lut $abc$981$auto$blifparse.cc:525:parse_blif$1016.genblk1.genblk1.genblk1.genblk1.genblk1.lut1 (4 -> 3)
  Optimizing lut $abc$981$auto$blifparse.cc:525:parse_blif$1014.genblk1.genblk1.genblk1.genblk1.genblk1.lut1 (4 -> 3)
  Optimizing lut $abc$981$auto$blifparse.cc:525:parse_blif$986.genblk1.genblk1.genblk1.genblk1.genblk1.genblk1.genblk1.genblk1.lut1.genblk1.genblk1.genblk1.genblk1.genblk1.genblk1.genblk1.lut1.genblk1.genblk1.genblk1.genblk1.genblk1.genblk1.lut0.genblk1.genblk1.genblk1.genblk1.genblk1.lut1 (4 -> 0)
  Optimizing lut $abc$981$auto$blifparse.cc:525:parse_blif$991.genblk1.genblk1.genblk1.genblk1.genblk1.genblk1.genblk1.genblk1.lut1.genblk1.genblk1.genblk1.genblk1.genblk1.genblk1.genblk1.lut1.genblk1.genblk1.genblk1.genblk1.genblk1.genblk1.lut0.genblk1.genblk1.genblk1.genblk1.genblk1.lut1 (4 -> 2)
  Optimizing lut $abc$981$auto$blifparse.cc:525:parse_blif$1006.genblk1.genblk1.genblk1.genblk1.genblk1.lut0 (4 -> 1)
  Optimizing lut $abc$981$auto$blifparse.cc:525:parse_blif$997.genblk1.genblk1.genblk1.genblk1.genblk1.lut0 (4 -> 1)
  Optimizing lut $abc$981$auto$blifparse.cc:525:parse_blif$983.genblk1.genblk1.genblk1.genblk1.genblk1.genblk1.genblk1.genblk1.lut0.genblk1.genblk1.genblk1.genblk1.genblk1.genblk1.genblk1.lut1.genblk1.genblk1.genblk1.genblk1.genblk1.genblk1.lut0.genblk1.genblk1.genblk1.genblk1.genblk1.lut1 (4 -> 0)
  Optimizing lut $abc$981$auto$blifparse.cc:525:parse_blif$993.genblk1.genblk1.genblk1.genblk1.genblk1.lut1 (4 -> 3)
  Optimizing lut $abc$981$auto$blifparse.cc:525:parse_blif$986.genblk1.genblk1.genblk1.genblk1.genblk1.genblk1.genblk1.genblk1.lut0.genblk1.genblk1.genblk1.genblk1.genblk1.genblk1.genblk1.lut0.genblk1.genblk1.genblk1.genblk1.genblk1.genblk1.lut1.genblk1.genblk1.genblk1.genblk1.genblk1.lut1 (4 -> 0)
  Optimizing lut $abc$981$auto$blifparse.cc:525:parse_blif$985.genblk1.genblk1.genblk1.genblk1.genblk1.genblk1.lut1.genblk1.genblk1.genblk1.genblk1.genblk1.lut0 (4 -> 0)
  Optimizing lut $abc$981$auto$blifparse.cc:525:parse_blif$986.genblk1.genblk1.genblk1.genblk1.genblk1.genblk1.genblk1.genblk1.lut0.genblk1.genblk1.genblk1.genblk1.genblk1.genblk1.genblk1.lut0.genblk1.genblk1.genblk1.genblk1.genblk1.genblk1.lut0.genblk1.genblk1.genblk1.genblk1.genblk1.lut1 (4 -> 0)
  Optimizing lut $abc$981$auto$blifparse.cc:525:parse_blif$986.genblk1.genblk1.genblk1.genblk1.genblk1.genblk1.genblk1.genblk1.lut1.genblk1.genblk1.genblk1.genblk1.genblk1.genblk1.genblk1.lut1.genblk1.genblk1.genblk1.genblk1.genblk1.genblk1.lut1.genblk1.genblk1.genblk1.genblk1.genblk1.lut1 (4 -> 1)
  Optimizing lut $abc$981$auto$blifparse.cc:525:parse_blif$990.genblk1.genblk1.genblk1.genblk1.genblk1.genblk1.genblk1.genblk1.lut0.genblk1.genblk1.genblk1.genblk1.genblk1.genblk1.genblk1.lut0.genblk1.genblk1.genblk1.genblk1.genblk1.genblk1.lut0.genblk1.genblk1.genblk1.genblk1.genblk1.lut1 (4 -> 0)
  Optimizing lut $abc$981$auto$blifparse.cc:525:parse_blif$991.genblk1.genblk1.genblk1.genblk1.genblk1.genblk1.genblk1.genblk1.lut0.genblk1.genblk1.genblk1.genblk1.genblk1.genblk1.genblk1.lut0.genblk1.genblk1.genblk1.genblk1.genblk1.genblk1.lut0.genblk1.genblk1.genblk1.genblk1.genblk1.lut1 (4 -> 2)
  Optimizing lut $abc$981$auto$blifparse.cc:525:parse_blif$982.genblk1.genblk1.genblk1.genblk1.genblk1.lut0 (4 -> 0)
  Optimizing lut $abc$981$auto$blifparse.cc:525:parse_blif$995.genblk1.genblk1.genblk1.genblk1.genblk1.lut1 (4 -> 3)
  Optimizing lut $abc$981$auto$blifparse.cc:525:parse_blif$1014.genblk1.genblk1.genblk1.genblk1.genblk1.lut0 (4 -> 1)
  Optimizing lut $abc$981$auto$blifparse.cc:525:parse_blif$991.genblk1.genblk1.genblk1.genblk1.genblk1.genblk1.genblk1.genblk1.lut0.genblk1.genblk1.genblk1.genblk1.genblk1.genblk1.genblk1.lut1.genblk1.genblk1.genblk1.genblk1.genblk1.genblk1.lut0.genblk1.genblk1.genblk1.genblk1.genblk1.lut1 (4 -> 2)
  Optimizing lut $abc$981$auto$blifparse.cc:525:parse_blif$999.genblk1.genblk1.genblk1.genblk1.genblk1.lut1 (4 -> 3)

2.20. Executing SETUNDEF pass (replace undef values with defined constants).

2.21. Executing HILOMAP pass (mapping to constant drivers).
Removed 0 unused cells and 445 unused wires.

2.22. Executing AUTONAME pass.
Renamed 3559 objects in module adaptive_aero_control_top (35 iterations).
<suppressed ~447 debug messages>

2.23. Executing HIERARCHY pass (managing design hierarchy).

2.23.1. Analyzing design hierarchy..
Top module:  \adaptive_aero_control_top

2.23.2. Analyzing design hierarchy..
Top module:  \adaptive_aero_control_top
Removed 0 unused modules.

2.24. Printing statistics.

=== adaptive_aero_control_top ===

   Number of wires:                202
   Number of wire bits:            351
   Number of public wires:         202
   Number of public wire bits:     351
   Number of memories:               0
   Number of memory bits:            0
   Number of processes:              0
   Number of cells:                257
     ALU                            24
     DFFC                           12
     DFFP                            1
     GND                             1
     LUT1                           74
     LUT2                           10
     LUT3                           24
     LUT4                           26
     MUX2_LUT5                      53
     MUX2_LUT6                      19
     MUX2_LUT7                       8
     MUX2_LUT8                       4
     VCC                             1

2.25. Executing CHECK pass (checking for obvious problems).
Checking module adaptive_aero_control_top...
Found and reported 0 problems.

2.26. Executing JSON backend.

End of script. Logfile hash: 2d03dd259d, CPU: user 0.56s system 0.03s, MEM: 189.89 MB peak
Yosys 0.33 (git sha1 2584903a060)
Time spent: 19% 1x abc (0 sec), 19% 12x read_verilog (0 sec), ...