[2026-08-07T02:22:31.587252Z] Digital Implementation Setup Agent
workflow_id=55d732dd-e74d-4573-942e-f57f4022a30a
workflow_dir=/root/chiploop-backend/artifacts/3c6dfa47-ba1d-4be5-857c-c60b38fc0ff6/55d732dd-e74d-4573-942e-f57f4022a30a/4eff7828-b199-475d-b369-869bb7f9364b/digital/arch2tapeout
profile_path=/root/chiploop-backend/artifacts/3c6dfa47-ba1d-4be5-857c-c60b38fc0ff6/55d732dd-e74d-4573-942e-f57f4022a30a/4eff7828-b199-475d-b369-869bb7f9364b/digital/arch2tapeout/digital/foundry/foundry_profile.json
spec_json=None
top_module=motor_control_top
top_level_io_bits=435
die_area=0 0 520 520
rtl_count=6
clock_port=clk_rst_n
reset_name=reset_n
clock_mhz=100.0
clock_period_ns=10.0
clock_intent={"type": "digital_clock_intent", "clocks": [{"name": "clk_rst_n", "port": "clk_rst_n", "frequency_mhz": 100.0, "period_ns": 10.0, "source": "rtl_port_inference+default_frequency", "needs_user_frequency": false}], "resets": [], "primary_clock": "clk_rst_n", "primary_reset": null, "needs_user_review": false, "provenance": {"requested": true, "sdc_clocks": 0, "spec_clocks": 0, "rtl_clocks": 1, "spec_resets": 0, "rtl_resets": 0}}
request_target_frequency_mhz=100.0
request_constraints_sdc_present=False
upstream_sdc=None
sdc_source=inferred_clock_intent
sdc_basename=motor_control_top.sdc
canonical_sdc=/root/chiploop-backend/artifacts/3c6dfa47-ba1d-4be5-857c-c60b38fc0ff6/55d732dd-e74d-4573-942e-f57f4022a30a/4eff7828-b199-475d-b369-869bb7f9364b/digital/arch2tapeout/digital/impl_setup/constraints/motor_control_top.sdc
filelist=/root/chiploop-backend/artifacts/3c6dfa47-ba1d-4be5-857c-c60b38fc0ff6/55d732dd-e74d-4573-942e-f57f4022a30a/4eff7828-b199-475d-b369-869bb7f9364b/digital/arch2tapeout/digital/impl_setup/filelist.f
pdk=sky130A
pdk_root=/root/chiploop-backend/backend/pdk
openlane_cfg=/root/chiploop-backend/artifacts/3c6dfa47-ba1d-4be5-857c-c60b38fc0ff6/55d732dd-e74d-4573-942e-f57f4022a30a/4eff7828-b199-475d-b369-869bb7f9364b/digital/arch2tapeout/digital/impl_setup/openlane/config.json
corners=/root/chiploop-backend/artifacts/3c6dfa47-ba1d-4be5-857c-c60b38fc0ff6/55d732dd-e74d-4573-942e-f57f4022a30a/4eff7828-b199-475d-b369-869bb7f9364b/digital/arch2tapeout/digital/impl_setup/corners.json
