OpenROAD edf00dff99f6c40d67a30c0e22a8191c5d2ed9d6 
Features included (+) or not (-): +Charts +GPU +GUI +Python
This program is licensed under the BSD-3 license. See the LICENSE file for details.
Components of this program may be licensed under more restrictive licenses which must be honored.
[INFO ODB-0227] LEF file: /pdk/sky130A/libs.ref/sky130_fd_sc_hd/techlef/sky130_fd_sc_hd__nom.tlef, created 13 layers, 25 vias
[WARNING ODB-0220] WARNING (LEFPARS-2008): NOWIREEXTENSIONATPIN statement is obsolete in version 5.6 or later.
The NOWIREEXTENSIONATPIN statement will be ignored. See file /pdk/sky130A/libs.ref/sky130_fd_sc_hd/lef/sky130_fd_sc_hd.lef at line 2.

[INFO ODB-0227] LEF file: /pdk/sky130A/libs.ref/sky130_fd_sc_hd/lef/sky130_fd_sc_hd.lef, created 437 library cells
no_mix
***************************
Preview DFT Report
Number of chains: 4
Clock domain: No Mix
***************************

Scan chain 'chain_0' has 136 cells (136 bits)

  _0461_ (clk, rising)
  _0462_
  _0463_
  _0464_
  _0465_
  _0466_
  _0467_
  _0468_
  _0469_
  _0470_
  _0471_
  _0472_
  _0473_
  _0474_
  _0475_
  _0291_
  _0492_
  _0491_
  _0490_
  _0489_
  _0488_
  _0487_
  _0486_
  _0476_
  _0484_
  _0483_
  _0482_
  _0481_
  _0480_
  _0479_
  _0478_
  _0477_
  _0485_
  _0442_
  _0441_
  _0440_
  _0439_
  _0438_
  _0437_
  _0436_
  _0460_
  _0434_
  _0433_
  _0432_
  _0431_
  _0430_
  _0429_
  _0428_
  _0427_
  _0435_
  _0459_
  _0458_
  _0457_
  _0456_
  _0455_
  _0454_
  _0453_
  _0443_
  _0451_
  _0450_
  _0449_
  _0448_
  _0447_
  _0446_
  _0445_
  _0444_
  _0452_
  _0543_
  _0542_
  _0541_
  _0540_
  _0539_
  _0538_
  _0537_
  _0493_
  _0535_
  _0534_
  _0533_
  _0532_
  _0531_
  _0530_
  _0529_
  _0528_
  _0536_
  _0560_
  _0559_
  _0558_
  _0557_
  _0556_
  _0555_
  _0554_
  _0544_
  _0552_
  _0551_
  _0550_
  _0549_
  _0548_
  _0547_
  _0546_
  _0545_
  _0553_
  _0509_
  _0508_
  _0507_
  _0506_
  _0505_
  _0504_
  _0503_
  _0527_
  _0501_
  _0500_
  _0499_
  _0498_
  _0497_
  _0496_
  _0495_
  _0494_
  _0502_
  _0526_
  _0525_
  _0524_
  _0523_
  _0522_
  _0521_
  _0520_
  _0510_
  _0518_
  _0517_
  _0516_
  _0515_
  _0514_
  _0513_
  _0512_
  _0511_
  _0519_
  _0326_

Scan chain 'chain_1' has 136 cells (136 bits)

  _0327_ (clk, rising)
  _0328_
  _0329_
  _0330_
  _0331_
  _0332_
  _0333_
  _0334_
  _0335_
  _0336_
  _0337_
  _0338_
  _0339_
  _0340_
  _0426_
  _0357_
  _0356_
  _0355_
  _0354_
  _0353_
  _0352_
  _0351_
  _0341_
  _0349_
  _0348_
  _0347_
  _0346_
  _0345_
  _0344_
  _0343_
  _0342_
  _0350_
  _0307_
  _0306_
  _0305_
  _0304_
  _0303_
  _0302_
  _0301_
  _0325_
  _0299_
  _0298_
  _0297_
  _0296_
  _0295_
  _0294_
  _0293_
  _0292_
  _0300_
  _0324_
  _0323_
  _0322_
  _0321_
  _0320_
  _0319_
  _0318_
  _0308_
  _0316_
  _0315_
  _0314_
  _0313_
  _0312_
  _0311_
  _0310_
  _0309_
  _0317_
  _0408_
  _0407_
  _0406_
  _0405_
  _0404_
  _0403_
  _0402_
  _0358_
  _0400_
  _0399_
  _0398_
  _0397_
  _0396_
  _0395_
  _0394_
  _0393_
  _0401_
  _0425_
  _0424_
  _0423_
  _0422_
  _0421_
  _0420_
  _0419_
  _0409_
  _0417_
  _0416_
  _0415_
  _0414_
  _0413_
  _0412_
  _0411_
  _0410_
  _0418_
  _0374_
  _0373_
  _0372_
  _0371_
  _0370_
  _0369_
  _0368_
  _0392_
  _0366_
  _0365_
  _0364_
  _0363_
  _0362_
  _0361_
  _0360_
  _0359_
  _0367_
  _0391_
  _0390_
  _0389_
  _0388_
  _0387_
  _0386_
  _0385_
  _0375_
  _0383_
  _0382_
  _0381_
  _0380_
  _0379_
  _0378_
  _0377_
  _0376_
  _0384_
  _0732_
  _0733_

Scan chain 'chain_2' has 136 cells (136 bits)

  _0734_ (clk, rising)
  _0735_
  _0736_
  _0737_
  _0738_
  _0739_
  _0740_
  _0741_
  _0742_
  _0743_
  _0744_
  _0745_
  _0746_
  _0561_
  _0763_
  _0762_
  _0761_
  _0760_
  _0759_
  _0758_
  _0757_
  _0747_
  _0755_
  _0754_
  _0753_
  _0752_
  _0751_
  _0750_
  _0749_
  _0748_
  _0756_
  _0713_
  _0712_
  _0711_
  _0710_
  _0709_
  _0708_
  _0707_
  _0731_
  _0705_
  _0704_
  _0703_
  _0702_
  _0701_
  _0700_
  _0699_
  _0698_
  _0706_
  _0730_
  _0729_
  _0728_
  _0727_
  _0726_
  _0725_
  _0724_
  _0714_
  _0722_
  _0721_
  _0720_
  _0719_
  _0718_
  _0717_
  _0716_
  _0715_
  _0723_
  _0814_
  _0813_
  _0812_
  _0811_
  _0810_
  _0809_
  _0808_
  _0764_
  _0806_
  _0805_
  _0804_
  _0803_
  _0802_
  _0801_
  _0800_
  _0799_
  _0807_
  _0831_
  _0830_
  _0829_
  _0828_
  _0827_
  _0826_
  _0825_
  _0815_
  _0823_
  _0822_
  _0821_
  _0820_
  _0819_
  _0818_
  _0817_
  _0816_
  _0824_
  _0780_
  _0779_
  _0778_
  _0777_
  _0776_
  _0775_
  _0774_
  _0798_
  _0772_
  _0771_
  _0770_
  _0769_
  _0768_
  _0767_
  _0766_
  _0765_
  _0773_
  _0797_
  _0796_
  _0795_
  _0794_
  _0793_
  _0792_
  _0791_
  _0781_
  _0789_
  _0788_
  _0787_
  _0786_
  _0785_
  _0784_
  _0783_
  _0782_
  _0790_
  _0611_
  _0610_
  _0609_

Scan chain 'chain_3' has 133 cells (133 bits)

  _0608_ (clk, rising)
  _0607_
  _0606_
  _0605_
  _0697_
  _0603_
  _0602_
  _0601_
  _0600_
  _0599_
  _0598_
  _0597_
  _0596_
  _0604_
  _0628_
  _0627_
  _0626_
  _0625_
  _0624_
  _0623_
  _0622_
  _0612_
  _0620_
  _0619_
  _0618_
  _0617_
  _0616_
  _0615_
  _0614_
  _0613_
  _0621_
  _0577_
  _0576_
  _0575_
  _0574_
  _0573_
  _0572_
  _0571_
  _0595_
  _0569_
  _0568_
  _0567_
  _0566_
  _0565_
  _0564_
  _0563_
  _0562_
  _0570_
  _0594_
  _0593_
  _0592_
  _0591_
  _0590_
  _0589_
  _0588_
  _0578_
  _0586_
  _0585_
  _0584_
  _0583_
  _0582_
  _0581_
  _0580_
  _0579_
  _0587_
  _0679_
  _0678_
  _0677_
  _0676_
  _0675_
  _0674_
  _0673_
  _0629_
  _0671_
  _0670_
  _0669_
  _0668_
  _0667_
  _0666_
  _0665_
  _0664_
  _0672_
  _0696_
  _0695_
  _0694_
  _0693_
  _0692_
  _0691_
  _0690_
  _0680_
  _0688_
  _0687_
  _0686_
  _0685_
  _0684_
  _0683_
  _0682_
  _0681_
  _0689_
  _0645_
  _0644_
  _0643_
  _0642_
  _0641_
  _0640_
  _0639_
  _0663_
  _0637_
  _0636_
  _0635_
  _0634_
  _0633_
  _0632_
  _0631_
  _0630_
  _0638_
  _0662_
  _0661_
  _0660_
  _0659_
  _0658_
  _0657_
  _0656_
  _0646_
  _0654_
  _0653_
  _0652_
  _0651_
  _0650_
  _0649_
  _0648_
  _0647_
  _0655_


[INFO DFT-0003] Cell '_0291_' is already an scan cell, we will not replace it
[INFO DFT-0003] Cell '_0292_' is already an scan cell, we will not replace it
[INFO DFT-0003] Cell '_0293_' is already an scan cell, we will not replace it
[INFO DFT-0003] Cell '_0294_' is already an scan cell, we will not replace it
[INFO DFT-0003] Cell '_0295_' is already an scan cell, we will not replace it
[INFO DFT-0003] Cell '_0296_' is already an scan cell, we will not replace it
[INFO DFT-0003] Cell '_0297_' is already an scan cell, we will not replace it
[INFO DFT-0003] Cell '_0298_' is already an scan cell, we will not replace it
[INFO DFT-0003] Cell '_0299_' is already an scan cell, we will not replace it
[INFO DFT-0003] Cell '_0300_' is already an scan cell, we will not replace it
[INFO DFT-0003] Cell '_0301_' is already an scan cell, we will not replace it
[INFO DFT-0003] Cell '_0302_' is already an scan cell, we will not replace it
[INFO DFT-0003] Cell '_0303_' is already an scan cell, we will not replace it
[INFO DFT-0003] Cell '_0304_' is already an scan cell, we will not replace it
[INFO DFT-0003] Cell '_0305_' is already an scan cell, we will not replace it
[INFO DFT-0003] Cell '_0306_' is already an scan cell, we will not replace it
[INFO DFT-0003] Cell '_0307_' is already an scan cell, we will not replace it
[INFO DFT-0003] Cell '_0308_' is already an scan cell, we will not replace it
[INFO DFT-0003] Cell '_0309_' is already an scan cell, we will not replace it
[INFO DFT-0003] Cell '_0310_' is already an scan cell, we will not replace it
[INFO DFT-0003] Cell '_0311_' is already an scan cell, we will not replace it
[INFO DFT-0003] Cell '_0312_' is already an scan cell, we will not replace it
[INFO DFT-0003] Cell '_0313_' is already an scan cell, we will not replace it
[INFO DFT-0003] Cell '_0314_' is already an scan cell, we will not replace it
[INFO DFT-0003] Cell '_0315_' is already an scan cell, we will not replace it
[INFO DFT-0003] Cell '_0316_' is already an scan cell, we will not replace it
[INFO DFT-0003] Cell '_0317_' is already an scan cell, we will not replace it
[INFO DFT-0003] Cell '_0318_' is already an scan cell, we will not replace it
[INFO DFT-0003] Cell '_0319_' is already an scan cell, we will not replace it
[INFO DFT-0003] Cell '_0320_' is already an scan cell, we will not replace it
[INFO DFT-0003] Cell '_0321_' is already an scan cell, we will not replace it
[INFO DFT-0003] Cell '_0322_' is already an scan cell, we will not replace it
[INFO DFT-0003] Cell '_0323_' is already an scan cell, we will not replace it
[INFO DFT-0003] Cell '_0324_' is already an scan cell, we will not replace it
[INFO DFT-0003] Cell '_0325_' is already an scan cell, we will not replace it
[INFO DFT-0003] Cell '_0326_' is already an scan cell, we will not replace it
[INFO DFT-0003] Cell '_0327_' is already an scan cell, we will not replace it
[INFO DFT-0003] Cell '_0328_' is already an scan cell, we will not replace it
[INFO DFT-0003] Cell '_0329_' is already an scan cell, we will not replace it
[INFO DFT-0003] Cell '_0330_' is already an scan cell, we will not replace it
[INFO DFT-0003] Cell '_0331_' is already an scan cell, we will not replace it
[INFO DFT-0003] Cell '_0332_' is already an scan cell, we will not replace it
[INFO DFT-0003] Cell '_0333_' is already an scan cell, we will not replace it
[INFO DFT-0003] Cell '_0334_' is already an scan cell, we will not replace it
[INFO DFT-0003] Cell '_0335_' is already an scan cell, we will not replace it
[INFO DFT-0003] Cell '_0336_' is already an scan cell, we will not replace it
[INFO DFT-0003] Cell '_0337_' is already an scan cell, we will not replace it
[INFO DFT-0003] Cell '_0338_' is already an scan cell, we will not replace it
[INFO DFT-0003] Cell '_0339_' is already an scan cell, we will not replace it
[INFO DFT-0003] Cell '_0340_' is already an scan cell, we will not replace it
[INFO DFT-0003] Cell '_0341_' is already an scan cell, we will not replace it
[INFO DFT-0003] Cell '_0342_' is already an scan cell, we will not replace it
[INFO DFT-0003] Cell '_0343_' is already an scan cell, we will not replace it
[INFO DFT-0003] Cell '_0344_' is already an scan cell, we will not replace it
[INFO DFT-0003] Cell '_0345_' is already an scan cell, we will not replace it
[INFO DFT-0003] Cell '_0346_' is already an scan cell, we will not replace it
[INFO DFT-0003] Cell '_0347_' is already an scan cell, we will not replace it
[INFO DFT-0003] Cell '_0348_' is already an scan cell, we will not replace it
[INFO DFT-0003] Cell '_0349_' is already an scan cell, we will not replace it
[INFO DFT-0003] Cell '_0350_' is already an scan cell, we will not replace it
[INFO DFT-0003] Cell '_0351_' is already an scan cell, we will not replace it
[INFO DFT-0003] Cell '_0352_' is already an scan cell, we will not replace it
[INFO DFT-0003] Cell '_0353_' is already an scan cell, we will not replace it
[INFO DFT-0003] Cell '_0354_' is already an scan cell, we will not replace it
[INFO DFT-0003] Cell '_0355_' is already an scan cell, we will not replace it
[INFO DFT-0003] Cell '_0356_' is already an scan cell, we will not replace it
[INFO DFT-0003] Cell '_0357_' is already an scan cell, we will not replace it
[INFO DFT-0003] Cell '_0358_' is already an scan cell, we will not replace it
[INFO DFT-0003] Cell '_0359_' is already an scan cell, we will not replace it
[INFO DFT-0003] Cell '_0360_' is already an scan cell, we will not replace it
[INFO DFT-0003] Cell '_0361_' is already an scan cell, we will not replace it
[INFO DFT-0003] Cell '_0362_' is already an scan cell, we will not replace it
[INFO DFT-0003] Cell '_0363_' is already an scan cell, we will not replace it
[INFO DFT-0003] Cell '_0364_' is already an scan cell, we will not replace it
[INFO DFT-0003] Cell '_0365_' is already an scan cell, we will not replace it
[INFO DFT-0003] Cell '_0366_' is already an scan cell, we will not replace it
[INFO DFT-0003] Cell '_0367_' is already an scan cell, we will not replace it
[INFO DFT-0003] Cell '_0368_' is already an scan cell, we will not replace it
[INFO DFT-0003] Cell '_0369_' is already an scan cell, we will not replace it
[INFO DFT-0003] Cell '_0370_' is already an scan cell, we will not replace it
[INFO DFT-0003] Cell '_0371_' is already an scan cell, we will not replace it
[INFO DFT-0003] Cell '_0372_' is already an scan cell, we will not replace it
[INFO DFT-0003] Cell '_0373_' is already an scan cell, we will not replace it
[INFO DFT-0003] Cell '_0374_' is already an scan cell, we will not replace it
[INFO DFT-0003] Cell '_0375_' is already an scan cell, we will not replace it
[INFO DFT-0003] Cell '_0376_' is already an scan cell, we will not replace it
[INFO DFT-0003] Cell '_0377_' is already an scan cell, we will not replace it
[INFO DFT-0003] Cell '_0378_' is already an scan cell, we will not replace it
[INFO DFT-0003] Cell '_0379_' is already an scan cell, we will not replace it
[INFO DFT-0003] Cell '_0380_' is already an scan cell, we will not replace it
[INFO DFT-0003] Cell '_0381_' is already an scan cell, we will not replace it
[INFO DFT-0003] Cell '_0382_' is already an scan cell, we will not replace it
[INFO DFT-0003] Cell '_0383_' is already an scan cell, we will not replace it
[INFO DFT-0003] Cell '_0384_' is already an scan cell, we will not replace it
[INFO DFT-0003] Cell '_0385_' is already an scan cell, we will not replace it
[INFO DFT-0003] Cell '_0386_' is already an scan cell, we will not replace it
[INFO DFT-0003] Cell '_0387_' is already an scan cell, we will not replace it
[INFO DFT-0003] Cell '_0388_' is already an scan cell, we will not replace it
[INFO DFT-0003] Cell '_0389_' is already an scan cell, we will not replace it
[INFO DFT-0003] Cell '_0390_' is already an scan cell, we will not replace it
[INFO DFT-0003] Cell '_0391_' is already an scan cell, we will not replace it
[INFO DFT-0003] Cell '_0392_' is already an scan cell, we will not replace it
[INFO DFT-0003] Cell '_0393_' is already an scan cell, we will not replace it
[INFO DFT-0003] Cell '_0394_' is already an scan cell, we will not replace it
[INFO DFT-0003] Cell '_0395_' is already an scan cell, we will not replace it
[INFO DFT-0003] Cell '_0396_' is already an scan cell, we will not replace it
[INFO DFT-0003] Cell '_0397_' is already an scan cell, we will not replace it
[INFO DFT-0003] Cell '_0398_' is already an scan cell, we will not replace it
[INFO DFT-0003] Cell '_0399_' is already an scan cell, we will not replace it
[INFO DFT-0003] Cell '_0400_' is already an scan cell, we will not replace it
[INFO DFT-0003] Cell '_0401_' is already an scan cell, we will not replace it
[INFO DFT-0003] Cell '_0402_' is already an scan cell, we will not replace it
[INFO DFT-0003] Cell '_0403_' is already an scan cell, we will not replace it
[INFO DFT-0003] Cell '_0404_' is already an scan cell, we will not replace it
[INFO DFT-0003] Cell '_0405_' is already an scan cell, we will not replace it
[INFO DFT-0003] Cell '_0406_' is already an scan cell, we will not replace it
[INFO DFT-0003] Cell '_0407_' is already an scan cell, we will not replace it
[INFO DFT-0003] Cell '_0408_' is already an scan cell, we will not replace it
[INFO DFT-0003] Cell '_0409_' is already an scan cell, we will not replace it
[INFO DFT-0003] Cell '_0410_' is already an scan cell, we will not replace it
[INFO DFT-0003] Cell '_0411_' is already an scan cell, we will not replace it
[INFO DFT-0003] Cell '_0412_' is already an scan cell, we will not replace it
[INFO DFT-0003] Cell '_0413_' is already an scan cell, we will not replace it
[INFO DFT-0003] Cell '_0414_' is already an scan cell, we will not replace it
[INFO DFT-0003] Cell '_0415_' is already an scan cell, we will not replace it
[INFO DFT-0003] Cell '_0416_' is already an scan cell, we will not replace it
[INFO DFT-0003] Cell '_0417_' is already an scan cell, we will not replace it
[INFO DFT-0003] Cell '_0418_' is already an scan cell, we will not replace it
[INFO DFT-0003] Cell '_0419_' is already an scan cell, we will not replace it
[INFO DFT-0003] Cell '_0420_' is already an scan cell, we will not replace it
[INFO DFT-0003] Cell '_0421_' is already an scan cell, we will not replace it
[INFO DFT-0003] Cell '_0422_' is already an scan cell, we will not replace it
[INFO DFT-0003] Cell '_0423_' is already an scan cell, we will not replace it
[INFO DFT-0003] Cell '_0424_' is already an scan cell, we will not replace it
[INFO DFT-0003] Cell '_0425_' is already an scan cell, we will not replace it
[INFO DFT-0003] Cell '_0426_' is already an scan cell, we will not replace it
[INFO DFT-0003] Cell '_0427_' is already an scan cell, we will not replace it
[INFO DFT-0003] Cell '_0428_' is already an scan cell, we will not replace it
[INFO DFT-0003] Cell '_0429_' is already an scan cell, we will not replace it
[INFO DFT-0003] Cell '_0430_' is already an scan cell, we will not replace it
[INFO DFT-0003] Cell '_0431_' is already an scan cell, we will not replace it
[INFO DFT-0003] Cell '_0432_' is already an scan cell, we will not replace it
[INFO DFT-0003] Cell '_0433_' is already an scan cell, we will not replace it
[INFO DFT-0003] Cell '_0434_' is already an scan cell, we will not replace it
[INFO DFT-0003] Cell '_0435_' is already an scan cell, we will not replace it
[INFO DFT-0003] Cell '_0436_' is already an scan cell, we will not replace it
[INFO DFT-0003] Cell '_0437_' is already an scan cell, we will not replace it
[INFO DFT-0003] Cell '_0438_' is already an scan cell, we will not replace it
[INFO DFT-0003] Cell '_0439_' is already an scan cell, we will not replace it
[INFO DFT-0003] Cell '_0440_' is already an scan cell, we will not replace it
[INFO DFT-0003] Cell '_0441_' is already an scan cell, we will not replace it
[INFO DFT-0003] Cell '_0442_' is already an scan cell, we will not replace it
[INFO DFT-0003] Cell '_0443_' is already an scan cell, we will not replace it
[INFO DFT-0003] Cell '_0444_' is already an scan cell, we will not replace it
[INFO DFT-0003] Cell '_0445_' is already an scan cell, we will not replace it
[INFO DFT-0003] Cell '_0446_' is already an scan cell, we will not replace it
[INFO DFT-0003] Cell '_0447_' is already an scan cell, we will not replace it
[INFO DFT-0003] Cell '_0448_' is already an scan cell, we will not replace it
[INFO DFT-0003] Cell '_0449_' is already an scan cell, we will not replace it
[INFO DFT-0003] Cell '_0450_' is already an scan cell, we will not replace it
[INFO DFT-0003] Cell '_0451_' is already an scan cell, we will not replace it
[INFO DFT-0003] Cell '_0452_' is already an scan cell, we will not replace it
[INFO DFT-0003] Cell '_0453_' is already an scan cell, we will not replace it
[INFO DFT-0003] Cell '_0454_' is already an scan cell, we will not replace it
[INFO DFT-0003] Cell '_0455_' is already an scan cell, we will not replace it
[INFO DFT-0003] Cell '_0456_' is already an scan cell, we will not replace it
[INFO DFT-0003] Cell '_0457_' is already an scan cell, we will not replace it
[INFO DFT-0003] Cell '_0458_' is already an scan cell, we will not replace it
[INFO DFT-0003] Cell '_0459_' is already an scan cell, we will not replace it
[INFO DFT-0003] Cell '_0460_' is already an scan cell, we will not replace it
[INFO DFT-0003] Cell '_0461_' is already an scan cell, we will not replace it
[INFO DFT-0003] Cell '_0462_' is already an scan cell, we will not replace it
[INFO DFT-0003] Cell '_0463_' is already an scan cell, we will not replace it
[INFO DFT-0003] Cell '_0464_' is already an scan cell, we will not replace it
[INFO DFT-0003] Cell '_0465_' is already an scan cell, we will not replace it
[INFO DFT-0003] Cell '_0466_' is already an scan cell, we will not replace it
[INFO DFT-0003] Cell '_0467_' is already an scan cell, we will not replace it
[INFO DFT-0003] Cell '_0468_' is already an scan cell, we will not replace it
[INFO DFT-0003] Cell '_0469_' is already an scan cell, we will not replace it
[INFO DFT-0003] Cell '_0470_' is already an scan cell, we will not replace it
[INFO DFT-0003] Cell '_0471_' is already an scan cell, we will not replace it
[INFO DFT-0003] Cell '_0472_' is already an scan cell, we will not replace it
[INFO DFT-0003] Cell '_0473_' is already an scan cell, we will not replace it
[INFO DFT-0003] Cell '_0474_' is already an scan cell, we will not replace it
[INFO DFT-0003] Cell '_0475_' is already an scan cell, we will not replace it
[INFO DFT-0003] Cell '_0476_' is already an scan cell, we will not replace it
[INFO DFT-0003] Cell '_0477_' is already an scan cell, we will not replace it
[INFO DFT-0003] Cell '_0478_' is already an scan cell, we will not replace it
[INFO DFT-0003] Cell '_0479_' is already an scan cell, we will not replace it
[INFO DFT-0003] Cell '_0480_' is already an scan cell, we will not replace it
[INFO DFT-0003] Cell '_0481_' is already an scan cell, we will not replace it
[INFO DFT-0003] Cell '_0482_' is already an scan cell, we will not replace it
[INFO DFT-0003] Cell '_0483_' is already an scan cell, we will not replace it
[INFO DFT-0003] Cell '_0484_' is already an scan cell, we will not replace it
[INFO DFT-0003] Cell '_0485_' is already an scan cell, we will not replace it
[INFO DFT-0003] Cell '_0486_' is already an scan cell, we will not replace it
[INFO DFT-0003] Cell '_0487_' is already an scan cell, we will not replace it
[INFO DFT-0003] Cell '_0488_' is already an scan cell, we will not replace it
[INFO DFT-0003] Cell '_0489_' is already an scan cell, we will not replace it
[INFO DFT-0003] Cell '_0490_' is already an scan cell, we will not replace it
[INFO DFT-0003] Cell '_0491_' is already an scan cell, we will not replace it
[INFO DFT-0003] Cell '_0492_' is already an scan cell, we will not replace it
[INFO DFT-0003] Cell '_0493_' is already an scan cell, we will not replace it
[INFO DFT-0003] Cell '_0494_' is already an scan cell, we will not replace it
[INFO DFT-0003] Cell '_0495_' is already an scan cell, we will not replace it
[INFO DFT-0003] Cell '_0496_' is already an scan cell, we will not replace it
[INFO DFT-0003] Cell '_0497_' is already an scan cell, we will not replace it
[INFO DFT-0003] Cell '_0498_' is already an scan cell, we will not replace it
[INFO DFT-0003] Cell '_0499_' is already an scan cell, we will not replace it
[INFO DFT-0003] Cell '_0500_' is already an scan cell, we will not replace it
[INFO DFT-0003] Cell '_0501_' is already an scan cell, we will not replace it
[INFO DFT-0003] Cell '_0502_' is already an scan cell, we will not replace it
[INFO DFT-0003] Cell '_0503_' is already an scan cell, we will not replace it
[INFO DFT-0003] Cell '_0504_' is already an scan cell, we will not replace it
[INFO DFT-0003] Cell '_0505_' is already an scan cell, we will not replace it
[INFO DFT-0003] Cell '_0506_' is already an scan cell, we will not replace it
[INFO DFT-0003] Cell '_0507_' is already an scan cell, we will not replace it
[INFO DFT-0003] Cell '_0508_' is already an scan cell, we will not replace it
[INFO DFT-0003] Cell '_0509_' is already an scan cell, we will not replace it
[INFO DFT-0003] Cell '_0510_' is already an scan cell, we will not replace it
[INFO DFT-0003] Cell '_0511_' is already an scan cell, we will not replace it
[INFO DFT-0003] Cell '_0512_' is already an scan cell, we will not replace it
[INFO DFT-0003] Cell '_0513_' is already an scan cell, we will not replace it
[INFO DFT-0003] Cell '_0514_' is already an scan cell, we will not replace it
[INFO DFT-0003] Cell '_0515_' is already an scan cell, we will not replace it
[INFO DFT-0003] Cell '_0516_' is already an scan cell, we will not replace it
[INFO DFT-0003] Cell '_0517_' is already an scan cell, we will not replace it
[INFO DFT-0003] Cell '_0518_' is already an scan cell, we will not replace it
[INFO DFT-0003] Cell '_0519_' is already an scan cell, we will not replace it
[INFO DFT-0003] Cell '_0520_' is already an scan cell, we will not replace it
[INFO DFT-0003] Cell '_0521_' is already an scan cell, we will not replace it
[INFO DFT-0003] Cell '_0522_' is already an scan cell, we will not replace it
[INFO DFT-0003] Cell '_0523_' is already an scan cell, we will not replace it
[INFO DFT-0003] Cell '_0524_' is already an scan cell, we will not replace it
[INFO DFT-0003] Cell '_0525_' is already an scan cell, we will not replace it
[INFO DFT-0003] Cell '_0526_' is already an scan cell, we will not replace it
[INFO DFT-0003] Cell '_0527_' is already an scan cell, we will not replace it
[INFO DFT-0003] Cell '_0528_' is already an scan cell, we will not replace it
[INFO DFT-0003] Cell '_0529_' is already an scan cell, we will not replace it
[INFO DFT-0003] Cell '_0530_' is already an scan cell, we will not replace it
[INFO DFT-0003] Cell '_0531_' is already an scan cell, we will not replace it
[INFO DFT-0003] Cell '_0532_' is already an scan cell, we will not replace it
[INFO DFT-0003] Cell '_0533_' is already an scan cell, we will not replace it
[INFO DFT-0003] Cell '_0534_' is already an scan cell, we will not replace it
[INFO DFT-0003] Cell '_0535_' is already an scan cell, we will not replace it
[INFO DFT-0003] Cell '_0536_' is already an scan cell, we will not replace it
[INFO DFT-0003] Cell '_0537_' is already an scan cell, we will not replace it
[INFO DFT-0003] Cell '_0538_' is already an scan cell, we will not replace it
[INFO DFT-0003] Cell '_0539_' is already an scan cell, we will not replace it
[INFO DFT-0003] Cell '_0540_' is already an scan cell, we will not replace it
[INFO DFT-0003] Cell '_0541_' is already an scan cell, we will not replace it
[INFO DFT-0003] Cell '_0542_' is already an scan cell, we will not replace it
[INFO DFT-0003] Cell '_0543_' is already an scan cell, we will not replace it
[INFO DFT-0003] Cell '_0544_' is already an scan cell, we will not replace it
[INFO DFT-0003] Cell '_0545_' is already an scan cell, we will not replace it
[INFO DFT-0003] Cell '_0546_' is already an scan cell, we will not replace it
[INFO DFT-0003] Cell '_0547_' is already an scan cell, we will not replace it
[INFO DFT-0003] Cell '_0548_' is already an scan cell, we will not replace it
[INFO DFT-0003] Cell '_0549_' is already an scan cell, we will not replace it
[INFO DFT-0003] Cell '_0550_' is already an scan cell, we will not replace it
[INFO DFT-0003] Cell '_0551_' is already an scan cell, we will not replace it
[INFO DFT-0003] Cell '_0552_' is already an scan cell, we will not replace it
[INFO DFT-0003] Cell '_0553_' is already an scan cell, we will not replace it
[INFO DFT-0003] Cell '_0554_' is already an scan cell, we will not replace it
[INFO DFT-0003] Cell '_0555_' is already an scan cell, we will not replace it
[INFO DFT-0003] Cell '_0556_' is already an scan cell, we will not replace it
[INFO DFT-0003] Cell '_0557_' is already an scan cell, we will not replace it
[INFO DFT-0003] Cell '_0558_' is already an scan cell, we will not replace it
[INFO DFT-0003] Cell '_0559_' is already an scan cell, we will not replace it
[INFO DFT-0003] Cell '_0560_' is already an scan cell, we will not replace it
[INFO DFT-0003] Cell '_0561_' is already an scan cell, we will not replace it
[INFO DFT-0003] Cell '_0562_' is already an scan cell, we will not replace it
[INFO DFT-0003] Cell '_0563_' is already an scan cell, we will not replace it
[INFO DFT-0003] Cell '_0564_' is already an scan cell, we will not replace it
[INFO DFT-0003] Cell '_0565_' is already an scan cell, we will not replace it
[INFO DFT-0003] Cell '_0566_' is already an scan cell, we will not replace it
[INFO DFT-0003] Cell '_0567_' is already an scan cell, we will not replace it
[INFO DFT-0003] Cell '_0568_' is already an scan cell, we will not replace it
[INFO DFT-0003] Cell '_0569_' is already an scan cell, we will not replace it
[INFO DFT-0003] Cell '_0570_' is already an scan cell, we will not replace it
[INFO DFT-0003] Cell '_0571_' is already an scan cell, we will not replace it
[INFO DFT-0003] Cell '_0572_' is already an scan cell, we will not replace it
[INFO DFT-0003] Cell '_0573_' is already an scan cell, we will not replace it
[INFO DFT-0003] Cell '_0574_' is already an scan cell, we will not replace it
[INFO DFT-0003] Cell '_0575_' is already an scan cell, we will not replace it
[INFO DFT-0003] Cell '_0576_' is already an scan cell, we will not replace it
[INFO DFT-0003] Cell '_0577_' is already an scan cell, we will not replace it
[INFO DFT-0003] Cell '_0578_' is already an scan cell, we will not replace it
[INFO DFT-0003] Cell '_0579_' is already an scan cell, we will not replace it
[INFO DFT-0003] Cell '_0580_' is already an scan cell, we will not replace it
[INFO DFT-0003] Cell '_0581_' is already an scan cell, we will not replace it
[INFO DFT-0003] Cell '_0582_' is already an scan cell, we will not replace it
[INFO DFT-0003] Cell '_0583_' is already an scan cell, we will not replace it
[INFO DFT-0003] Cell '_0584_' is already an scan cell, we will not replace it
[INFO DFT-0003] Cell '_0585_' is already an scan cell, we will not replace it
[INFO DFT-0003] Cell '_0586_' is already an scan cell, we will not replace it
[INFO DFT-0003] Cell '_0587_' is already an scan cell, we will not replace it
[INFO DFT-0003] Cell '_0588_' is already an scan cell, we will not replace it
[INFO DFT-0003] Cell '_0589_' is already an scan cell, we will not replace it
[INFO DFT-0003] Cell '_0590_' is already an scan cell, we will not replace it
[INFO DFT-0003] Cell '_0591_' is already an scan cell, we will not replace it
[INFO DFT-0003] Cell '_0592_' is already an scan cell, we will not replace it
[INFO DFT-0003] Cell '_0593_' is already an scan cell, we will not replace it
[INFO DFT-0003] Cell '_0594_' is already an scan cell, we will not replace it
[INFO DFT-0003] Cell '_0595_' is already an scan cell, we will not replace it
[INFO DFT-0003] Cell '_0596_' is already an scan cell, we will not replace it
[INFO DFT-0003] Cell '_0597_' is already an scan cell, we will not replace it
[INFO DFT-0003] Cell '_0598_' is already an scan cell, we will not replace it
[INFO DFT-0003] Cell '_0599_' is already an scan cell, we will not replace it
[INFO DFT-0003] Cell '_0600_' is already an scan cell, we will not replace it
[INFO DFT-0003] Cell '_0601_' is already an scan cell, we will not replace it
[INFO DFT-0003] Cell '_0602_' is already an scan cell, we will not replace it
[INFO DFT-0003] Cell '_0603_' is already an scan cell, we will not replace it
[INFO DFT-0003] Cell '_0604_' is already an scan cell, we will not replace it
[INFO DFT-0003] Cell '_0605_' is already an scan cell, we will not replace it
[INFO DFT-0003] Cell '_0606_' is already an scan cell, we will not replace it
[INFO DFT-0003] Cell '_0607_' is already an scan cell, we will not replace it
[INFO DFT-0003] Cell '_0608_' is already an scan cell, we will not replace it
[INFO DFT-0003] Cell '_0609_' is already an scan cell, we will not replace it
[INFO DFT-0003] Cell '_0610_' is already an scan cell, we will not replace it
[INFO DFT-0003] Cell '_0611_' is already an scan cell, we will not replace it
[INFO DFT-0003] Cell '_0612_' is already an scan cell, we will not replace it
[INFO DFT-0003] Cell '_0613_' is already an scan cell, we will not replace it
[INFO DFT-0003] Cell '_0614_' is already an scan cell, we will not replace it
[INFO DFT-0003] Cell '_0615_' is already an scan cell, we will not replace it
[INFO DFT-0003] Cell '_0616_' is already an scan cell, we will not replace it
[INFO DFT-0003] Cell '_0617_' is already an scan cell, we will not replace it
[INFO DFT-0003] Cell '_0618_' is already an scan cell, we will not replace it
[INFO DFT-0003] Cell '_0619_' is already an scan cell, we will not replace it
[INFO DFT-0003] Cell '_0620_' is already an scan cell, we will not replace it
[INFO DFT-0003] Cell '_0621_' is already an scan cell, we will not replace it
[INFO DFT-0003] Cell '_0622_' is already an scan cell, we will not replace it
[INFO DFT-0003] Cell '_0623_' is already an scan cell, we will not replace it
[INFO DFT-0003] Cell '_0624_' is already an scan cell, we will not replace it
[INFO DFT-0003] Cell '_0625_' is already an scan cell, we will not replace it
[INFO DFT-0003] Cell '_0626_' is already an scan cell, we will not replace it
[INFO DFT-0003] Cell '_0627_' is already an scan cell, we will not replace it
[INFO DFT-0003] Cell '_0628_' is already an scan cell, we will not replace it
[INFO DFT-0003] Cell '_0629_' is already an scan cell, we will not replace it
[INFO DFT-0003] Cell '_0630_' is already an scan cell, we will not replace it
[INFO DFT-0003] Cell '_0631_' is already an scan cell, we will not replace it
[INFO DFT-0003] Cell '_0632_' is already an scan cell, we will not replace it
[INFO DFT-0003] Cell '_0633_' is already an scan cell, we will not replace it
[INFO DFT-0003] Cell '_0634_' is already an scan cell, we will not replace it
[INFO DFT-0003] Cell '_0635_' is already an scan cell, we will not replace it
[INFO DFT-0003] Cell '_0636_' is already an scan cell, we will not replace it
[INFO DFT-0003] Cell '_0637_' is already an scan cell, we will not replace it
[INFO DFT-0003] Cell '_0638_' is already an scan cell, we will not replace it
[INFO DFT-0003] Cell '_0639_' is already an scan cell, we will not replace it
[INFO DFT-0003] Cell '_0640_' is already an scan cell, we will not replace it
[INFO DFT-0003] Cell '_0641_' is already an scan cell, we will not replace it
[INFO DFT-0003] Cell '_0642_' is already an scan cell, we will not replace it
[INFO DFT-0003] Cell '_0643_' is already an scan cell, we will not replace it
[INFO DFT-0003] Cell '_0644_' is already an scan cell, we will not replace it
[INFO DFT-0003] Cell '_0645_' is already an scan cell, we will not replace it
[INFO DFT-0003] Cell '_0646_' is already an scan cell, we will not replace it
[INFO DFT-0003] Cell '_0647_' is already an scan cell, we will not replace it
[INFO DFT-0003] Cell '_0648_' is already an scan cell, we will not replace it
[INFO DFT-0003] Cell '_0649_' is already an scan cell, we will not replace it
[INFO DFT-0003] Cell '_0650_' is already an scan cell, we will not replace it
[INFO DFT-0003] Cell '_0651_' is already an scan cell, we will not replace it
[INFO DFT-0003] Cell '_0652_' is already an scan cell, we will not replace it
[INFO DFT-0003] Cell '_0653_' is already an scan cell, we will not replace it
[INFO DFT-0003] Cell '_0654_' is already an scan cell, we will not replace it
[INFO DFT-0003] Cell '_0655_' is already an scan cell, we will not replace it
[INFO DFT-0003] Cell '_0656_' is already an scan cell, we will not replace it
[INFO DFT-0003] Cell '_0657_' is already an scan cell, we will not replace it
[INFO DFT-0003] Cell '_0658_' is already an scan cell, we will not replace it
[INFO DFT-0003] Cell '_0659_' is already an scan cell, we will not replace it
[INFO DFT-0003] Cell '_0660_' is already an scan cell, we will not replace it
[INFO DFT-0003] Cell '_0661_' is already an scan cell, we will not replace it
[INFO DFT-0003] Cell '_0662_' is already an scan cell, we will not replace it
[INFO DFT-0003] Cell '_0663_' is already an scan cell, we will not replace it
[INFO DFT-0003] Cell '_0664_' is already an scan cell, we will not replace it
[INFO DFT-0003] Cell '_0665_' is already an scan cell, we will not replace it
[INFO DFT-0003] Cell '_0666_' is already an scan cell, we will not replace it
[INFO DFT-0003] Cell '_0667_' is already an scan cell, we will not replace it
[INFO DFT-0003] Cell '_0668_' is already an scan cell, we will not replace it
[INFO DFT-0003] Cell '_0669_' is already an scan cell, we will not replace it
[INFO DFT-0003] Cell '_0670_' is already an scan cell, we will not replace it
[INFO DFT-0003] Cell '_0671_' is already an scan cell, we will not replace it
[INFO DFT-0003] Cell '_0672_' is already an scan cell, we will not replace it
[INFO DFT-0003] Cell '_0673_' is already an scan cell, we will not replace it
[INFO DFT-0003] Cell '_0674_' is already an scan cell, we will not replace it
[INFO DFT-0003] Cell '_0675_' is already an scan cell, we will not replace it
[INFO DFT-0003] Cell '_0676_' is already an scan cell, we will not replace it
[INFO DFT-0003] Cell '_0677_' is already an scan cell, we will not replace it
[INFO DFT-0003] Cell '_0678_' is already an scan cell, we will not replace it
[INFO DFT-0003] Cell '_0679_' is already an scan cell, we will not replace it
[INFO DFT-0003] Cell '_0680_' is already an scan cell, we will not replace it
[INFO DFT-0003] Cell '_0681_' is already an scan cell, we will not replace it
[INFO DFT-0003] Cell '_0682_' is already an scan cell, we will not replace it
[INFO DFT-0003] Cell '_0683_' is already an scan cell, we will not replace it
[INFO DFT-0003] Cell '_0684_' is already an scan cell, we will not replace it
[INFO DFT-0003] Cell '_0685_' is already an scan cell, we will not replace it
[INFO DFT-0003] Cell '_0686_' is already an scan cell, we will not replace it
[INFO DFT-0003] Cell '_0687_' is already an scan cell, we will not replace it
[INFO DFT-0003] Cell '_0688_' is already an scan cell, we will not replace it
[INFO DFT-0003] Cell '_0689_' is already an scan cell, we will not replace it
[INFO DFT-0003] Cell '_0690_' is already an scan cell, we will not replace it
[INFO DFT-0003] Cell '_0691_' is already an scan cell, we will not replace it
[INFO DFT-0003] Cell '_0692_' is already an scan cell, we will not replace it
[INFO DFT-0003] Cell '_0693_' is already an scan cell, we will not replace it
[INFO DFT-0003] Cell '_0694_' is already an scan cell, we will not replace it
[INFO DFT-0003] Cell '_0695_' is already an scan cell, we will not replace it
[INFO DFT-0003] Cell '_0696_' is already an scan cell, we will not replace it
[INFO DFT-0003] Cell '_0697_' is already an scan cell, we will not replace it
[INFO DFT-0003] Cell '_0698_' is already an scan cell, we will not replace it
[INFO DFT-0003] Cell '_0699_' is already an scan cell, we will not replace it
[INFO DFT-0003] Cell '_0700_' is already an scan cell, we will not replace it
[INFO DFT-0003] Cell '_0701_' is already an scan cell, we will not replace it
[INFO DFT-0003] Cell '_0702_' is already an scan cell, we will not replace it
[INFO DFT-0003] Cell '_0703_' is already an scan cell, we will not replace it
[INFO DFT-0003] Cell '_0704_' is already an scan cell, we will not replace it
[INFO DFT-0003] Cell '_0705_' is already an scan cell, we will not replace it
[INFO DFT-0003] Cell '_0706_' is already an scan cell, we will not replace it
[INFO DFT-0003] Cell '_0707_' is already an scan cell, we will not replace it
[INFO DFT-0003] Cell '_0708_' is already an scan cell, we will not replace it
[INFO DFT-0003] Cell '_0709_' is already an scan cell, we will not replace it
[INFO DFT-0003] Cell '_0710_' is already an scan cell, we will not replace it
[INFO DFT-0003] Cell '_0711_' is already an scan cell, we will not replace it
[INFO DFT-0003] Cell '_0712_' is already an scan cell, we will not replace it
[INFO DFT-0003] Cell '_0713_' is already an scan cell, we will not replace it
[INFO DFT-0003] Cell '_0714_' is already an scan cell, we will not replace it
[INFO DFT-0003] Cell '_0715_' is already an scan cell, we will not replace it
[INFO DFT-0003] Cell '_0716_' is already an scan cell, we will not replace it
[INFO DFT-0003] Cell '_0717_' is already an scan cell, we will not replace it
[INFO DFT-0003] Cell '_0718_' is already an scan cell, we will not replace it
[INFO DFT-0003] Cell '_0719_' is already an scan cell, we will not replace it
[INFO DFT-0003] Cell '_0720_' is already an scan cell, we will not replace it
[INFO DFT-0003] Cell '_0721_' is already an scan cell, we will not replace it
[INFO DFT-0003] Cell '_0722_' is already an scan cell, we will not replace it
[INFO DFT-0003] Cell '_0723_' is already an scan cell, we will not replace it
[INFO DFT-0003] Cell '_0724_' is already an scan cell, we will not replace it
[INFO DFT-0003] Cell '_0725_' is already an scan cell, we will not replace it
[INFO DFT-0003] Cell '_0726_' is already an scan cell, we will not replace it
[INFO DFT-0003] Cell '_0727_' is already an scan cell, we will not replace it
[INFO DFT-0003] Cell '_0728_' is already an scan cell, we will not replace it
[INFO DFT-0003] Cell '_0729_' is already an scan cell, we will not replace it
[INFO DFT-0003] Cell '_0730_' is already an scan cell, we will not replace it
[INFO DFT-0003] Cell '_0731_' is already an scan cell, we will not replace it
[INFO DFT-0003] Cell '_0732_' is already an scan cell, we will not replace it
[INFO DFT-0003] Cell '_0733_' is already an scan cell, we will not replace it
[INFO DFT-0003] Cell '_0734_' is already an scan cell, we will not replace it
[INFO DFT-0003] Cell '_0735_' is already an scan cell, we will not replace it
[INFO DFT-0003] Cell '_0736_' is already an scan cell, we will not replace it
[INFO DFT-0003] Cell '_0737_' is already an scan cell, we will not replace it
[INFO DFT-0003] Cell '_0738_' is already an scan cell, we will not replace it
[INFO DFT-0003] Cell '_0739_' is already an scan cell, we will not replace it
[INFO DFT-0003] Cell '_0740_' is already an scan cell, we will not replace it
[INFO DFT-0003] Cell '_0741_' is already an scan cell, we will not replace it
[INFO DFT-0003] Cell '_0742_' is already an scan cell, we will not replace it
[INFO DFT-0003] Cell '_0743_' is already an scan cell, we will not replace it
[INFO DFT-0003] Cell '_0744_' is already an scan cell, we will not replace it
[INFO DFT-0003] Cell '_0745_' is already an scan cell, we will not replace it
[INFO DFT-0003] Cell '_0746_' is already an scan cell, we will not replace it
[INFO DFT-0003] Cell '_0747_' is already an scan cell, we will not replace it
[INFO DFT-0003] Cell '_0748_' is already an scan cell, we will not replace it
[INFO DFT-0003] Cell '_0749_' is already an scan cell, we will not replace it
[INFO DFT-0003] Cell '_0750_' is already an scan cell, we will not replace it
[INFO DFT-0003] Cell '_0751_' is already an scan cell, we will not replace it
[INFO DFT-0003] Cell '_0752_' is already an scan cell, we will not replace it
[INFO DFT-0003] Cell '_0753_' is already an scan cell, we will not replace it
[INFO DFT-0003] Cell '_0754_' is already an scan cell, we will not replace it
[INFO DFT-0003] Cell '_0755_' is already an scan cell, we will not replace it
[INFO DFT-0003] Cell '_0756_' is already an scan cell, we will not replace it
[INFO DFT-0003] Cell '_0757_' is already an scan cell, we will not replace it
[INFO DFT-0003] Cell '_0758_' is already an scan cell, we will not replace it
[INFO DFT-0003] Cell '_0759_' is already an scan cell, we will not replace it
[INFO DFT-0003] Cell '_0760_' is already an scan cell, we will not replace it
[INFO DFT-0003] Cell '_0761_' is already an scan cell, we will not replace it
[INFO DFT-0003] Cell '_0762_' is already an scan cell, we will not replace it
[INFO DFT-0003] Cell '_0763_' is already an scan cell, we will not replace it
[INFO DFT-0003] Cell '_0764_' is already an scan cell, we will not replace it
[INFO DFT-0003] Cell '_0765_' is already an scan cell, we will not replace it
[INFO DFT-0003] Cell '_0766_' is already an scan cell, we will not replace it
[INFO DFT-0003] Cell '_0767_' is already an scan cell, we will not replace it
[INFO DFT-0003] Cell '_0768_' is already an scan cell, we will not replace it
[INFO DFT-0003] Cell '_0769_' is already an scan cell, we will not replace it
[INFO DFT-0003] Cell '_0770_' is already an scan cell, we will not replace it
[INFO DFT-0003] Cell '_0771_' is already an scan cell, we will not replace it
[INFO DFT-0003] Cell '_0772_' is already an scan cell, we will not replace it
[INFO DFT-0003] Cell '_0773_' is already an scan cell, we will not replace it
[INFO DFT-0003] Cell '_0774_' is already an scan cell, we will not replace it
[INFO DFT-0003] Cell '_0775_' is already an scan cell, we will not replace it
[INFO DFT-0003] Cell '_0776_' is already an scan cell, we will not replace it
[INFO DFT-0003] Cell '_0777_' is already an scan cell, we will not replace it
[INFO DFT-0003] Cell '_0778_' is already an scan cell, we will not replace it
[INFO DFT-0003] Cell '_0779_' is already an scan cell, we will not replace it
[INFO DFT-0003] Cell '_0780_' is already an scan cell, we will not replace it
[INFO DFT-0003] Cell '_0781_' is already an scan cell, we will not replace it
[INFO DFT-0003] Cell '_0782_' is already an scan cell, we will not replace it
[INFO DFT-0003] Cell '_0783_' is already an scan cell, we will not replace it
[INFO DFT-0003] Cell '_0784_' is already an scan cell, we will not replace it
[INFO DFT-0003] Cell '_0785_' is already an scan cell, we will not replace it
[INFO DFT-0003] Cell '_0786_' is already an scan cell, we will not replace it
[INFO DFT-0003] Cell '_0787_' is already an scan cell, we will not replace it
[INFO DFT-0003] Cell '_0788_' is already an scan cell, we will not replace it
[INFO DFT-0003] Cell '_0789_' is already an scan cell, we will not replace it
[INFO DFT-0003] Cell '_0790_' is already an scan cell, we will not replace it
[INFO DFT-0003] Cell '_0791_' is already an scan cell, we will not replace it
[INFO DFT-0003] Cell '_0792_' is already an scan cell, we will not replace it
[INFO DFT-0003] Cell '_0793_' is already an scan cell, we will not replace it
[INFO DFT-0003] Cell '_0794_' is already an scan cell, we will not replace it
[INFO DFT-0003] Cell '_0795_' is already an scan cell, we will not replace it
[INFO DFT-0003] Cell '_0796_' is already an scan cell, we will not replace it
[INFO DFT-0003] Cell '_0797_' is already an scan cell, we will not replace it
[INFO DFT-0003] Cell '_0798_' is already an scan cell, we will not replace it
[INFO DFT-0003] Cell '_0799_' is already an scan cell, we will not replace it
[INFO DFT-0003] Cell '_0800_' is already an scan cell, we will not replace it
[INFO DFT-0003] Cell '_0801_' is already an scan cell, we will not replace it
[INFO DFT-0003] Cell '_0802_' is already an scan cell, we will not replace it
[INFO DFT-0003] Cell '_0803_' is already an scan cell, we will not replace it
[INFO DFT-0003] Cell '_0804_' is already an scan cell, we will not replace it
[INFO DFT-0003] Cell '_0805_' is already an scan cell, we will not replace it
[INFO DFT-0003] Cell '_0806_' is already an scan cell, we will not replace it
[INFO DFT-0003] Cell '_0807_' is already an scan cell, we will not replace it
[INFO DFT-0003] Cell '_0808_' is already an scan cell, we will not replace it
[INFO DFT-0003] Cell '_0809_' is already an scan cell, we will not replace it
[INFO DFT-0003] Cell '_0810_' is already an scan cell, we will not replace it
[INFO DFT-0003] Cell '_0811_' is already an scan cell, we will not replace it
[INFO DFT-0003] Cell '_0812_' is already an scan cell, we will not replace it
[INFO DFT-0003] Cell '_0813_' is already an scan cell, we will not replace it
[INFO DFT-0003] Cell '_0814_' is already an scan cell, we will not replace it
[INFO DFT-0003] Cell '_0815_' is already an scan cell, we will not replace it
[INFO DFT-0003] Cell '_0816_' is already an scan cell, we will not replace it
[INFO DFT-0003] Cell '_0817_' is already an scan cell, we will not replace it
[INFO DFT-0003] Cell '_0818_' is already an scan cell, we will not replace it
[INFO DFT-0003] Cell '_0819_' is already an scan cell, we will not replace it
[INFO DFT-0003] Cell '_0820_' is already an scan cell, we will not replace it
[INFO DFT-0003] Cell '_0821_' is already an scan cell, we will not replace it
[INFO DFT-0003] Cell '_0822_' is already an scan cell, we will not replace it
[INFO DFT-0003] Cell '_0823_' is already an scan cell, we will not replace it
[INFO DFT-0003] Cell '_0824_' is already an scan cell, we will not replace it
[INFO DFT-0003] Cell '_0825_' is already an scan cell, we will not replace it
[INFO DFT-0003] Cell '_0826_' is already an scan cell, we will not replace it
[INFO DFT-0003] Cell '_0827_' is already an scan cell, we will not replace it
[INFO DFT-0003] Cell '_0828_' is already an scan cell, we will not replace it
[INFO DFT-0003] Cell '_0829_' is already an scan cell, we will not replace it
[INFO DFT-0003] Cell '_0830_' is already an scan cell, we will not replace it
[INFO DFT-0003] Cell '_0831_' is already an scan cell, we will not replace it
