[2026-08-12T23:58:05.880160Z] Digital Implementation Setup Agent
workflow_id=2abe0c5d-7ac4-43fe-8031-ae931b35b29f
workflow_dir=/root/chiploop-backend/artifacts/3c6dfa47-ba1d-4be5-857c-c60b38fc0ff6/2abe0c5d-7ac4-43fe-8031-ae931b35b29f/b4a2d3ee-d6f5-41d7-8ee3-2683e506f826/digital/arch2tapeout
profile_path=/root/chiploop-backend/artifacts/3c6dfa47-ba1d-4be5-857c-c60b38fc0ff6/2abe0c5d-7ac4-43fe-8031-ae931b35b29f/b4a2d3ee-d6f5-41d7-8ee3-2683e506f826/digital/arch2tapeout/digital/foundry/foundry_profile.json
spec_json=None
top_module=smart_sensor_hub_mcu
top_level_io_bits=190
die_area=0 0 280 280
rtl_count=1
clock_port=clk
reset_name=reset_n
clock_mhz=100.0
clock_period_ns=10.0
clock_intent={"type": "digital_clock_intent", "clocks": [{"name": "clk", "port": "clk", "frequency_mhz": 100.0, "period_ns": 10.0, "source": "rtl_port_inference+default_frequency", "needs_user_frequency": false}], "resets": [{"name": "reset_n", "port": "reset_n", "active_low": true, "source": "rtl_port_inference"}], "primary_clock": "clk", "primary_reset": "reset_n", "needs_user_review": false, "provenance": {"requested": true, "sdc_clocks": 0, "spec_clocks": 0, "rtl_clocks": 1, "spec_resets": 0, "rtl_resets": 1}}
request_target_frequency_mhz=100
request_constraints_sdc_present=False
upstream_sdc=None
sdc_source=inferred_clock_intent
sdc_basename=smart_sensor_hub_mcu.sdc
canonical_sdc=/root/chiploop-backend/artifacts/3c6dfa47-ba1d-4be5-857c-c60b38fc0ff6/2abe0c5d-7ac4-43fe-8031-ae931b35b29f/b4a2d3ee-d6f5-41d7-8ee3-2683e506f826/digital/arch2tapeout/digital/impl_setup/constraints/smart_sensor_hub_mcu.sdc
filelist=/root/chiploop-backend/artifacts/3c6dfa47-ba1d-4be5-857c-c60b38fc0ff6/2abe0c5d-7ac4-43fe-8031-ae931b35b29f/b4a2d3ee-d6f5-41d7-8ee3-2683e506f826/digital/arch2tapeout/digital/impl_setup/filelist.f
pdk=sky130A
pdk_root=/root/chiploop-backend/backend/pdk
openlane_cfg=/root/chiploop-backend/artifacts/3c6dfa47-ba1d-4be5-857c-c60b38fc0ff6/2abe0c5d-7ac4-43fe-8031-ae931b35b29f/b4a2d3ee-d6f5-41d7-8ee3-2683e506f826/digital/arch2tapeout/digital/impl_setup/openlane/config.json
corners=/root/chiploop-backend/artifacts/3c6dfa47-ba1d-4be5-857c-c60b38fc0ff6/2abe0c5d-7ac4-43fe-8031-ae931b35b29f/b4a2d3ee-d6f5-41d7-8ee3-2683e506f826/digital/arch2tapeout/digital/impl_setup/corners.json
