
 /----------------------------------------------------------------------------\
 |                                                                            |
 |  yosys -- Yosys Open SYnthesis Suite                                       |
 |                                                                            |
 |  Copyright (C) 2012 - 2020  Claire Xenia Wolf <claire@yosyshq.com>         |
 |                                                                            |
 |  Permission to use, copy, modify, and/or distribute this software for any  |
 |  purpose with or without fee is hereby granted, provided that the above    |
 |  copyright notice and this permission notice appear in all copies.         |
 |                                                                            |
 |  THE SOFTWARE IS PROVIDED "AS IS" AND THE AUTHOR DISCLAIMS ALL WARRANTIES  |
 |  WITH REGARD TO THIS SOFTWARE INCLUDING ALL IMPLIED WARRANTIES OF          |
 |  MERCHANTABILITY AND FITNESS. IN NO EVENT SHALL THE AUTHOR BE LIABLE FOR   |
 |  ANY SPECIAL, DIRECT, INDIRECT, OR CONSEQUENTIAL DAMAGES OR ANY DAMAGES    |
 |  WHATSOEVER RESULTING FROM LOSS OF USE, DATA OR PROFITS, WHETHER IN AN     |
 |  ACTION OF CONTRACT, NEGLIGENCE OR OTHER TORTIOUS ACTION, ARISING OUT OF   |
 |  OR IN CONNECTION WITH THE USE OR PERFORMANCE OF THIS SOFTWARE.            |
 |                                                                            |
 \----------------------------------------------------------------------------/

 Yosys 0.33 (git sha1 2584903a060)


-- Executing script file `/root/chiploop-backend/artifacts/3c6dfa47-ba1d-4be5-857c-c60b38fc0ff6/2abe0c5d-7ac4-43fe-8031-ae931b35b29f/b4a2d3ee-d6f5-41d7-8ee3-2683e506f826/digital/arch2tapeout/digital/lec/yosys_lec.ys' --

1. Executing Verilog-2005 frontend: /root/chiploop-backend/artifacts/3c6dfa47-ba1d-4be5-857c-c60b38fc0ff6/2abe0c5d-7ac4-43fe-8031-ae931b35b29f/b4a2d3ee-d6f5-41d7-8ee3-2683e506f826/digital/arch2tapeout/digital/synth/rtl/smart_sensor_hub_mcu.v
Parsing SystemVerilog input from `/root/chiploop-backend/artifacts/3c6dfa47-ba1d-4be5-857c-c60b38fc0ff6/2abe0c5d-7ac4-43fe-8031-ae931b35b29f/b4a2d3ee-d6f5-41d7-8ee3-2683e506f826/digital/arch2tapeout/digital/synth/rtl/smart_sensor_hub_mcu.v' to AST representation.
Generating RTLIL representation for module `\smart_sensor_hub_mcu'.
Successfully finished Verilog frontend.

2. Executing HIERARCHY pass (managing design hierarchy).

2.1. Analyzing design hierarchy..
Top module:  \smart_sensor_hub_mcu

2.2. Analyzing design hierarchy..
Top module:  \smart_sensor_hub_mcu
Removed 0 unused modules.

3. Executing PROC pass (convert processes to netlists).

3.1. Executing PROC_CLEAN pass (remove empty switches from decision trees).
Cleaned up 0 empty switches.

3.2. Executing PROC_RMDEAD pass (remove dead branches from decision trees).
Removed a total of 0 dead cases.

3.3. Executing PROC_PRUNE pass (remove redundant assignments in processes).
Removed 0 redundant assignments.
Promoted 0 assignments to connections.

3.4. Executing PROC_INIT pass (extract init attributes).

3.5. Executing PROC_ARST pass (detect async resets in processes).

3.6. Executing PROC_ROM pass (convert switches to ROMs).
Converted 0 switches.

3.7. Executing PROC_MUX pass (convert decision trees to multiplexers).

3.8. Executing PROC_DLATCH pass (convert process syncs to latches).

3.9. Executing PROC_DFF pass (convert process syncs to FFs).

3.10. Executing PROC_MEMWR pass (convert process memory writes to cells).

3.11. Executing PROC_CLEAN pass (remove empty switches from decision trees).
Cleaned up 0 empty switches.

3.12. Executing OPT_EXPR pass (perform const folding).
Optimizing module smart_sensor_hub_mcu.

4. Executing OPT pass (performing simple optimizations).

4.1. Executing OPT_EXPR pass (perform const folding).
Optimizing module smart_sensor_hub_mcu.

4.2. Executing OPT_MERGE pass (detect identical cells).
Finding identical cells in module `\smart_sensor_hub_mcu'.
Removed a total of 0 cells.

4.3. Executing OPT_MUXTREE pass (detect dead branches in mux trees).
Running muxtree optimizer on module \smart_sensor_hub_mcu..
  Creating internal representation of mux trees.
  No muxes found in this module.
Removed 0 multiplexer ports.

4.4. Executing OPT_REDUCE pass (consolidate $*mux and $reduce_* inputs).
  Optimizing cells in module \smart_sensor_hub_mcu.
Performed a total of 0 changes.

4.5. Executing OPT_MERGE pass (detect identical cells).
Finding identical cells in module `\smart_sensor_hub_mcu'.
Removed a total of 0 cells.

4.6. Executing OPT_DFF pass (perform DFF optimizations).

4.7. Executing OPT_CLEAN pass (remove unused cells and wires).
Finding unused cells or wires in module \smart_sensor_hub_mcu..

4.8. Executing OPT_EXPR pass (perform const folding).
Optimizing module smart_sensor_hub_mcu.

4.9. Finished OPT passes. (There is nothing left to do.)

5. Executing MEMORY pass.

5.1. Executing OPT_MEM pass (optimize memories).
Performed a total of 0 transformations.

5.2. Executing OPT_MEM_PRIORITY pass (removing unnecessary memory write priority relations).
Performed a total of 0 transformations.

5.3. Executing OPT_MEM_FEEDBACK pass (finding memory read-to-write feedback paths).

5.4. Executing MEMORY_BMUX2ROM pass (converting muxes to ROMs).

5.5. Executing MEMORY_DFF pass (merging $dff cells to $memrd).

5.6. Executing OPT_CLEAN pass (remove unused cells and wires).
Finding unused cells or wires in module \smart_sensor_hub_mcu..

5.7. Executing MEMORY_SHARE pass (consolidating $memrd/$memwr cells).

5.8. Executing OPT_MEM_WIDEN pass (optimize memories where all ports are wide).
Performed a total of 0 transformations.

5.9. Executing OPT_CLEAN pass (remove unused cells and wires).
Finding unused cells or wires in module \smart_sensor_hub_mcu..

5.10. Executing MEMORY_COLLECT pass (generating $mem cells).

5.11. Executing MEMORY_MAP pass (converting memories to logic and flip-flops).

6. Executing OPT pass (performing simple optimizations).

6.1. Executing OPT_EXPR pass (perform const folding).
Optimizing module smart_sensor_hub_mcu.

6.2. Executing OPT_MERGE pass (detect identical cells).
Finding identical cells in module `\smart_sensor_hub_mcu'.
Removed a total of 0 cells.

6.3. Executing OPT_MUXTREE pass (detect dead branches in mux trees).
Running muxtree optimizer on module \smart_sensor_hub_mcu..
  Creating internal representation of mux trees.
  No muxes found in this module.
Removed 0 multiplexer ports.

6.4. Executing OPT_REDUCE pass (consolidate $*mux and $reduce_* inputs).
  Optimizing cells in module \smart_sensor_hub_mcu.
Performed a total of 0 changes.

6.5. Executing OPT_MERGE pass (detect identical cells).
Finding identical cells in module `\smart_sensor_hub_mcu'.
Removed a total of 0 cells.

6.6. Executing OPT_DFF pass (perform DFF optimizations).

6.7. Executing OPT_CLEAN pass (remove unused cells and wires).
Finding unused cells or wires in module \smart_sensor_hub_mcu..

6.8. Executing OPT_EXPR pass (perform const folding).
Optimizing module smart_sensor_hub_mcu.

6.9. Finished OPT passes. (There is nothing left to do.)

7. Executing ASYNC2SYNC pass.

8. Executing FLATTEN pass (flatten design).

9. Executing SPLITNETS pass (splitting up multi-bit signals).

10. Executing OPT_CLEAN pass (remove unused cells and wires).
Finding unused cells or wires in module \smart_sensor_hub_mcu..
Renaming module smart_sensor_hub_mcu to gold.

11. Executing Verilog-2005 frontend: /root/chiploop-backend/artifacts/3c6dfa47-ba1d-4be5-857c-c60b38fc0ff6/2abe0c5d-7ac4-43fe-8031-ae931b35b29f/b4a2d3ee-d6f5-41d7-8ee3-2683e506f826/digital/arch2tapeout/digital/lec/input/stdcell_functional_wrappers.v
Parsing SystemVerilog input from `/root/chiploop-backend/artifacts/3c6dfa47-ba1d-4be5-857c-c60b38fc0ff6/2abe0c5d-7ac4-43fe-8031-ae931b35b29f/b4a2d3ee-d6f5-41d7-8ee3-2683e506f826/digital/arch2tapeout/digital/lec/input/stdcell_functional_wrappers.v' to AST representation.
Generating RTLIL representation for module `\sky130_fd_sc_hd__conb_1'.
Successfully finished Verilog frontend.

12. Executing Verilog-2005 frontend: /root/chiploop-backend/artifacts/3c6dfa47-ba1d-4be5-857c-c60b38fc0ff6/2abe0c5d-7ac4-43fe-8031-ae931b35b29f/b4a2d3ee-d6f5-41d7-8ee3-2683e506f826/digital/arch2tapeout/digital/synth/netlist/smart_sensor_hub_mcu_synth.v
Parsing SystemVerilog input from `/root/chiploop-backend/artifacts/3c6dfa47-ba1d-4be5-857c-c60b38fc0ff6/2abe0c5d-7ac4-43fe-8031-ae931b35b29f/b4a2d3ee-d6f5-41d7-8ee3-2683e506f826/digital/arch2tapeout/digital/synth/netlist/smart_sensor_hub_mcu_synth.v' to AST representation.
Generating RTLIL representation for module `\smart_sensor_hub_mcu'.
Successfully finished Verilog frontend.

13. Executing HIERARCHY pass (managing design hierarchy).

13.1. Analyzing design hierarchy..
Top module:  \smart_sensor_hub_mcu
Used module:     \sky130_fd_sc_hd__conb_1

13.2. Analyzing design hierarchy..
Top module:  \smart_sensor_hub_mcu
Used module:     \sky130_fd_sc_hd__conb_1
Removed 0 unused modules.

14. Executing PROC pass (convert processes to netlists).

14.1. Executing PROC_CLEAN pass (remove empty switches from decision trees).
Cleaned up 0 empty switches.

14.2. Executing PROC_RMDEAD pass (remove dead branches from decision trees).
Removed a total of 0 dead cases.

14.3. Executing PROC_PRUNE pass (remove redundant assignments in processes).
Removed 0 redundant assignments.
Promoted 0 assignments to connections.

14.4. Executing PROC_INIT pass (extract init attributes).

14.5. Executing PROC_ARST pass (detect async resets in processes).

14.6. Executing PROC_ROM pass (convert switches to ROMs).
Converted 0 switches.

14.7. Executing PROC_MUX pass (convert decision trees to multiplexers).

14.8. Executing PROC_DLATCH pass (convert process syncs to latches).

14.9. Executing PROC_DFF pass (convert process syncs to FFs).

14.10. Executing PROC_MEMWR pass (convert process memory writes to cells).

14.11. Executing PROC_CLEAN pass (remove empty switches from decision trees).
Cleaned up 0 empty switches.

14.12. Executing OPT_EXPR pass (perform const folding).
Optimizing module smart_sensor_hub_mcu.
Optimizing module sky130_fd_sc_hd__conb_1.

15. Executing OPT pass (performing simple optimizations).

15.1. Executing OPT_EXPR pass (perform const folding).
Optimizing module smart_sensor_hub_mcu.
Optimizing module sky130_fd_sc_hd__conb_1.

15.2. Executing OPT_MERGE pass (detect identical cells).
Finding identical cells in module `\smart_sensor_hub_mcu'.
Finding identical cells in module `\sky130_fd_sc_hd__conb_1'.
Removed a total of 0 cells.

15.3. Executing OPT_MUXTREE pass (detect dead branches in mux trees).
Running muxtree optimizer on module \smart_sensor_hub_mcu..
  Creating internal representation of mux trees.
  No muxes found in this module.
Running muxtree optimizer on module \sky130_fd_sc_hd__conb_1..
  Creating internal representation of mux trees.
  No muxes found in this module.
Removed 0 multiplexer ports.

15.4. Executing OPT_REDUCE pass (consolidate $*mux and $reduce_* inputs).
  Optimizing cells in module \smart_sensor_hub_mcu.
  Optimizing cells in module \sky130_fd_sc_hd__conb_1.
Performed a total of 0 changes.

15.5. Executing OPT_MERGE pass (detect identical cells).
Finding identical cells in module `\smart_sensor_hub_mcu'.
Finding identical cells in module `\sky130_fd_sc_hd__conb_1'.
Removed a total of 0 cells.

15.6. Executing OPT_DFF pass (perform DFF optimizations).

15.7. Executing OPT_CLEAN pass (remove unused cells and wires).
Finding unused cells or wires in module \smart_sensor_hub_mcu..
Finding unused cells or wires in module \sky130_fd_sc_hd__conb_1..

15.8. Executing OPT_EXPR pass (perform const folding).
Optimizing module sky130_fd_sc_hd__conb_1.
Optimizing module smart_sensor_hub_mcu.

15.9. Finished OPT passes. (There is nothing left to do.)

16. Executing MEMORY pass.

16.1. Executing OPT_MEM pass (optimize memories).
Performed a total of 0 transformations.

16.2. Executing OPT_MEM_PRIORITY pass (removing unnecessary memory write priority relations).
Performed a total of 0 transformations.

16.3. Executing OPT_MEM_FEEDBACK pass (finding memory read-to-write feedback paths).

16.4. Executing MEMORY_BMUX2ROM pass (converting muxes to ROMs).

16.5. Executing MEMORY_DFF pass (merging $dff cells to $memrd).

16.6. Executing OPT_CLEAN pass (remove unused cells and wires).
Finding unused cells or wires in module \sky130_fd_sc_hd__conb_1..
Finding unused cells or wires in module \smart_sensor_hub_mcu..

16.7. Executing MEMORY_SHARE pass (consolidating $memrd/$memwr cells).

16.8. Executing OPT_MEM_WIDEN pass (optimize memories where all ports are wide).
Performed a total of 0 transformations.

16.9. Executing OPT_CLEAN pass (remove unused cells and wires).
Finding unused cells or wires in module \sky130_fd_sc_hd__conb_1..
Finding unused cells or wires in module \smart_sensor_hub_mcu..

16.10. Executing MEMORY_COLLECT pass (generating $mem cells).

16.11. Executing MEMORY_MAP pass (converting memories to logic and flip-flops).

17. Executing OPT pass (performing simple optimizations).

17.1. Executing OPT_EXPR pass (perform const folding).
Optimizing module sky130_fd_sc_hd__conb_1.
Optimizing module smart_sensor_hub_mcu.

17.2. Executing OPT_MERGE pass (detect identical cells).
Finding identical cells in module `\sky130_fd_sc_hd__conb_1'.
Finding identical cells in module `\smart_sensor_hub_mcu'.
Removed a total of 0 cells.

17.3. Executing OPT_MUXTREE pass (detect dead branches in mux trees).
Running muxtree optimizer on module \sky130_fd_sc_hd__conb_1..
  Creating internal representation of mux trees.
  No muxes found in this module.
Running muxtree optimizer on module \smart_sensor_hub_mcu..
  Creating internal representation of mux trees.
  No muxes found in this module.
Removed 0 multiplexer ports.

17.4. Executing OPT_REDUCE pass (consolidate $*mux and $reduce_* inputs).
  Optimizing cells in module \sky130_fd_sc_hd__conb_1.
  Optimizing cells in module \smart_sensor_hub_mcu.
Performed a total of 0 changes.

17.5. Executing OPT_MERGE pass (detect identical cells).
Finding identical cells in module `\sky130_fd_sc_hd__conb_1'.
Finding identical cells in module `\smart_sensor_hub_mcu'.
Removed a total of 0 cells.

17.6. Executing OPT_DFF pass (perform DFF optimizations).

17.7. Executing OPT_CLEAN pass (remove unused cells and wires).
Finding unused cells or wires in module \sky130_fd_sc_hd__conb_1..
Finding unused cells or wires in module \smart_sensor_hub_mcu..

17.8. Executing OPT_EXPR pass (perform const folding).
Optimizing module sky130_fd_sc_hd__conb_1.
Optimizing module smart_sensor_hub_mcu.

17.9. Finished OPT passes. (There is nothing left to do.)

18. Executing ASYNC2SYNC pass.

19. Executing FLATTEN pass (flatten design).
Deleting now unused module sky130_fd_sc_hd__conb_1.
<suppressed ~81 debug messages>

20. Executing SPLITNETS pass (splitting up multi-bit signals).

21. Executing OPT_CLEAN pass (remove unused cells and wires).
Finding unused cells or wires in module \smart_sensor_hub_mcu..
Renaming module smart_sensor_hub_mcu to gate.

22. Executing EQUIV_MAKE pass (creating equiv checking module).
Presumably equivalent wires: alert_irq_gold (1'0), alert_irq_gate (1'0) -> alert_irq
Presumably equivalent wires: alert_status[0]_gold (1'0), alert_status[0]_gate (1'0) -> alert_status[0]
Presumably equivalent wires: alert_status[1]_gold (1'0), alert_status[1]_gate (1'0) -> alert_status[1]
Presumably equivalent wires: alert_status[2]_gold (1'0), alert_status[2]_gate (1'0) -> alert_status[2]
Presumably equivalent wires: alert_status[3]_gold (1'0), alert_status[3]_gate (1'0) -> alert_status[3]
Presumably equivalent wires: alert_status[4]_gold (1'0), alert_status[4]_gate (1'0) -> alert_status[4]
Presumably equivalent wires: alert_status[5]_gold (1'0), alert_status[5]_gate (1'0) -> alert_status[5]
Presumably equivalent wires: alert_status[6]_gold (1'0), alert_status[6]_gate (1'0) -> alert_status[6]
Presumably equivalent wires: alert_status[7]_gold (1'0), alert_status[7]_gate (1'0) -> alert_status[7]
Presumably equivalent wires: clk_gold (\clk_gold), clk_gate (\clk_gate) -> clk
Presumably equivalent wires: fifo_level[0]_gold (1'0), fifo_level[0]_gate (1'0) -> fifo_level[0]
Presumably equivalent wires: fifo_level[1]_gold (1'0), fifo_level[1]_gate (1'0) -> fifo_level[1]
Presumably equivalent wires: fifo_level[2]_gold (1'0), fifo_level[2]_gate (1'0) -> fifo_level[2]
Presumably equivalent wires: fifo_level[3]_gold (1'0), fifo_level[3]_gate (1'0) -> fifo_level[3]
Presumably equivalent wires: fifo_level[4]_gold (1'0), fifo_level[4]_gate (1'0) -> fifo_level[4]
Presumably equivalent wires: fifo_level[5]_gold (1'0), fifo_level[5]_gate (1'0) -> fifo_level[5]
Presumably equivalent wires: low_power_active_gold (1'0), low_power_active_gate (1'0) -> low_power_active
Presumably equivalent wires: rd_addr[0]_gold (\rd_addr[0]_gold), rd_addr[0]_gate (\rd_addr[0]_gate) -> rd_addr[0]
Presumably equivalent wires: rd_addr[10]_gold (\rd_addr[10]_gold), rd_addr[10]_gate (\rd_addr[10]_gate) -> rd_addr[10]
Presumably equivalent wires: rd_addr[11]_gold (\rd_addr[11]_gold), rd_addr[11]_gate (\rd_addr[11]_gate) -> rd_addr[11]
Presumably equivalent wires: rd_addr[1]_gold (\rd_addr[1]_gold), rd_addr[1]_gate (\rd_addr[1]_gate) -> rd_addr[1]
Presumably equivalent wires: rd_addr[2]_gold (\rd_addr[2]_gold), rd_addr[2]_gate (\rd_addr[2]_gate) -> rd_addr[2]
Presumably equivalent wires: rd_addr[3]_gold (\rd_addr[3]_gold), rd_addr[3]_gate (\rd_addr[3]_gate) -> rd_addr[3]
Presumably equivalent wires: rd_addr[4]_gold (\rd_addr[4]_gold), rd_addr[4]_gate (\rd_addr[4]_gate) -> rd_addr[4]
Presumably equivalent wires: rd_addr[5]_gold (\rd_addr[5]_gold), rd_addr[5]_gate (\rd_addr[5]_gate) -> rd_addr[5]
Presumably equivalent wires: rd_addr[6]_gold (\rd_addr[6]_gold), rd_addr[6]_gate (\rd_addr[6]_gate) -> rd_addr[6]
Presumably equivalent wires: rd_addr[7]_gold (\rd_addr[7]_gold), rd_addr[7]_gate (\rd_addr[7]_gate) -> rd_addr[7]
Presumably equivalent wires: rd_addr[8]_gold (\rd_addr[8]_gold), rd_addr[8]_gate (\rd_addr[8]_gate) -> rd_addr[8]
Presumably equivalent wires: rd_addr[9]_gold (\rd_addr[9]_gold), rd_addr[9]_gate (\rd_addr[9]_gate) -> rd_addr[9]
Presumably equivalent wires: rd_data[0]_gold (1'0), rd_data[0]_gate (1'0) -> rd_data[0]
Presumably equivalent wires: rd_data[10]_gold (1'0), rd_data[10]_gate (1'0) -> rd_data[10]
Presumably equivalent wires: rd_data[11]_gold (1'0), rd_data[11]_gate (1'0) -> rd_data[11]
Presumably equivalent wires: rd_data[12]_gold (1'0), rd_data[12]_gate (1'0) -> rd_data[12]
Presumably equivalent wires: rd_data[13]_gold (1'0), rd_data[13]_gate (1'0) -> rd_data[13]
Presumably equivalent wires: rd_data[14]_gold (1'0), rd_data[14]_gate (1'0) -> rd_data[14]
Presumably equivalent wires: rd_data[15]_gold (1'0), rd_data[15]_gate (1'0) -> rd_data[15]
Presumably equivalent wires: rd_data[16]_gold (1'0), rd_data[16]_gate (1'0) -> rd_data[16]
Presumably equivalent wires: rd_data[17]_gold (1'0), rd_data[17]_gate (1'0) -> rd_data[17]
Presumably equivalent wires: rd_data[18]_gold (1'0), rd_data[18]_gate (1'0) -> rd_data[18]
Presumably equivalent wires: rd_data[19]_gold (1'0), rd_data[19]_gate (1'0) -> rd_data[19]
Presumably equivalent wires: rd_data[1]_gold (1'0), rd_data[1]_gate (1'0) -> rd_data[1]
Presumably equivalent wires: rd_data[20]_gold (1'0), rd_data[20]_gate (1'0) -> rd_data[20]
Presumably equivalent wires: rd_data[21]_gold (1'0), rd_data[21]_gate (1'0) -> rd_data[21]
Presumably equivalent wires: rd_data[22]_gold (1'0), rd_data[22]_gate (1'0) -> rd_data[22]
Presumably equivalent wires: rd_data[23]_gold (1'0), rd_data[23]_gate (1'0) -> rd_data[23]
Presumably equivalent wires: rd_data[24]_gold (1'0), rd_data[24]_gate (1'0) -> rd_data[24]
Presumably equivalent wires: rd_data[25]_gold (1'0), rd_data[25]_gate (1'0) -> rd_data[25]
Presumably equivalent wires: rd_data[26]_gold (1'0), rd_data[26]_gate (1'0) -> rd_data[26]
Presumably equivalent wires: rd_data[27]_gold (1'0), rd_data[27]_gate (1'0) -> rd_data[27]
Presumably equivalent wires: rd_data[28]_gold (1'0), rd_data[28]_gate (1'0) -> rd_data[28]
Presumably equivalent wires: rd_data[29]_gold (1'0), rd_data[29]_gate (1'0) -> rd_data[29]
Presumably equivalent wires: rd_data[2]_gold (1'0), rd_data[2]_gate (1'0) -> rd_data[2]
Presumably equivalent wires: rd_data[30]_gold (1'0), rd_data[30]_gate (1'0) -> rd_data[30]
Presumably equivalent wires: rd_data[31]_gold (1'0), rd_data[31]_gate (1'0) -> rd_data[31]
Presumably equivalent wires: rd_data[3]_gold (1'0), rd_data[3]_gate (1'0) -> rd_data[3]
Presumably equivalent wires: rd_data[4]_gold (1'0), rd_data[4]_gate (1'0) -> rd_data[4]
Presumably equivalent wires: rd_data[5]_gold (1'0), rd_data[5]_gate (1'0) -> rd_data[5]
Presumably equivalent wires: rd_data[6]_gold (1'0), rd_data[6]_gate (1'0) -> rd_data[6]
Presumably equivalent wires: rd_data[7]_gold (1'0), rd_data[7]_gate (1'0) -> rd_data[7]
Presumably equivalent wires: rd_data[8]_gold (1'0), rd_data[8]_gate (1'0) -> rd_data[8]
Presumably equivalent wires: rd_data[9]_gold (1'0), rd_data[9]_gate (1'0) -> rd_data[9]
Presumably equivalent wires: rd_en_gold (\rd_en_gold), rd_en_gate (\rd_en_gate) -> rd_en
Presumably equivalent wires: reset_n_gold (\reset_n_gold), reset_n_gate (\reset_n_gate) -> reset_n
Presumably equivalent wires: sample_count[0]_gold (1'0), sample_count[0]_gate (1'0) -> sample_count[0]
Presumably equivalent wires: sample_count[10]_gold (1'0), sample_count[10]_gate (1'0) -> sample_count[10]
Presumably equivalent wires: sample_count[11]_gold (1'0), sample_count[11]_gate (1'0) -> sample_count[11]
Presumably equivalent wires: sample_count[12]_gold (1'0), sample_count[12]_gate (1'0) -> sample_count[12]
Presumably equivalent wires: sample_count[13]_gold (1'0), sample_count[13]_gate (1'0) -> sample_count[13]
Presumably equivalent wires: sample_count[14]_gold (1'0), sample_count[14]_gate (1'0) -> sample_count[14]
Presumably equivalent wires: sample_count[15]_gold (1'0), sample_count[15]_gate (1'0) -> sample_count[15]
Presumably equivalent wires: sample_count[16]_gold (1'0), sample_count[16]_gate (1'0) -> sample_count[16]
Presumably equivalent wires: sample_count[17]_gold (1'0), sample_count[17]_gate (1'0) -> sample_count[17]
Presumably equivalent wires: sample_count[18]_gold (1'0), sample_count[18]_gate (1'0) -> sample_count[18]
Presumably equivalent wires: sample_count[19]_gold (1'0), sample_count[19]_gate (1'0) -> sample_count[19]
Presumably equivalent wires: sample_count[1]_gold (1'0), sample_count[1]_gate (1'0) -> sample_count[1]
Presumably equivalent wires: sample_count[20]_gold (1'0), sample_count[20]_gate (1'0) -> sample_count[20]
Presumably equivalent wires: sample_count[21]_gold (1'0), sample_count[21]_gate (1'0) -> sample_count[21]
Presumably equivalent wires: sample_count[22]_gold (1'0), sample_count[22]_gate (1'0) -> sample_count[22]
Presumably equivalent wires: sample_count[23]_gold (1'0), sample_count[23]_gate (1'0) -> sample_count[23]
Presumably equivalent wires: sample_count[24]_gold (1'0), sample_count[24]_gate (1'0) -> sample_count[24]
Presumably equivalent wires: sample_count[25]_gold (1'0), sample_count[25]_gate (1'0) -> sample_count[25]
Presumably equivalent wires: sample_count[26]_gold (1'0), sample_count[26]_gate (1'0) -> sample_count[26]
Presumably equivalent wires: sample_count[27]_gold (1'0), sample_count[27]_gate (1'0) -> sample_count[27]
Presumably equivalent wires: sample_count[28]_gold (1'0), sample_count[28]_gate (1'0) -> sample_count[28]
Presumably equivalent wires: sample_count[29]_gold (1'0), sample_count[29]_gate (1'0) -> sample_count[29]
Presumably equivalent wires: sample_count[2]_gold (1'0), sample_count[2]_gate (1'0) -> sample_count[2]
Presumably equivalent wires: sample_count[30]_gold (1'0), sample_count[30]_gate (1'0) -> sample_count[30]
Presumably equivalent wires: sample_count[31]_gold (1'0), sample_count[31]_gate (1'0) -> sample_count[31]
Presumably equivalent wires: sample_count[3]_gold (1'0), sample_count[3]_gate (1'0) -> sample_count[3]
Presumably equivalent wires: sample_count[4]_gold (1'0), sample_count[4]_gate (1'0) -> sample_count[4]
Presumably equivalent wires: sample_count[5]_gold (1'0), sample_count[5]_gate (1'0) -> sample_count[5]
Presumably equivalent wires: sample_count[6]_gold (1'0), sample_count[6]_gate (1'0) -> sample_count[6]
Presumably equivalent wires: sample_count[7]_gold (1'0), sample_count[7]_gate (1'0) -> sample_count[7]
Presumably equivalent wires: sample_count[8]_gold (1'0), sample_count[8]_gate (1'0) -> sample_count[8]
Presumably equivalent wires: sample_count[9]_gold (1'0), sample_count[9]_gate (1'0) -> sample_count[9]
Presumably equivalent wires: sensor_air_raw[0]_gold (\sensor_air_raw[0]_gold), sensor_air_raw[0]_gate (\sensor_air_raw[0]_gate) -> sensor_air_raw[0]
Presumably equivalent wires: sensor_air_raw[10]_gold (\sensor_air_raw[10]_gold), sensor_air_raw[10]_gate (\sensor_air_raw[10]_gate) -> sensor_air_raw[10]
Presumably equivalent wires: sensor_air_raw[11]_gold (\sensor_air_raw[11]_gold), sensor_air_raw[11]_gate (\sensor_air_raw[11]_gate) -> sensor_air_raw[11]
Presumably equivalent wires: sensor_air_raw[12]_gold (\sensor_air_raw[12]_gold), sensor_air_raw[12]_gate (\sensor_air_raw[12]_gate) -> sensor_air_raw[12]
Presumably equivalent wires: sensor_air_raw[13]_gold (\sensor_air_raw[13]_gold), sensor_air_raw[13]_gate (\sensor_air_raw[13]_gate) -> sensor_air_raw[13]
Presumably equivalent wires: sensor_air_raw[14]_gold (\sensor_air_raw[14]_gold), sensor_air_raw[14]_gate (\sensor_air_raw[14]_gate) -> sensor_air_raw[14]
Presumably equivalent wires: sensor_air_raw[15]_gold (\sensor_air_raw[15]_gold), sensor_air_raw[15]_gate (\sensor_air_raw[15]_gate) -> sensor_air_raw[15]
Presumably equivalent wires: sensor_air_raw[1]_gold (\sensor_air_raw[1]_gold), sensor_air_raw[1]_gate (\sensor_air_raw[1]_gate) -> sensor_air_raw[1]
Presumably equivalent wires: sensor_air_raw[2]_gold (\sensor_air_raw[2]_gold), sensor_air_raw[2]_gate (\sensor_air_raw[2]_gate) -> sensor_air_raw[2]
Presumably equivalent wires: sensor_air_raw[3]_gold (\sensor_air_raw[3]_gold), sensor_air_raw[3]_gate (\sensor_air_raw[3]_gate) -> sensor_air_raw[3]
Presumably equivalent wires: sensor_air_raw[4]_gold (\sensor_air_raw[4]_gold), sensor_air_raw[4]_gate (\sensor_air_raw[4]_gate) -> sensor_air_raw[4]
Presumably equivalent wires: sensor_air_raw[5]_gold (\sensor_air_raw[5]_gold), sensor_air_raw[5]_gate (\sensor_air_raw[5]_gate) -> sensor_air_raw[5]
Presumably equivalent wires: sensor_air_raw[6]_gold (\sensor_air_raw[6]_gold), sensor_air_raw[6]_gate (\sensor_air_raw[6]_gate) -> sensor_air_raw[6]
Presumably equivalent wires: sensor_air_raw[7]_gold (\sensor_air_raw[7]_gold), sensor_air_raw[7]_gate (\sensor_air_raw[7]_gate) -> sensor_air_raw[7]
Presumably equivalent wires: sensor_air_raw[8]_gold (\sensor_air_raw[8]_gold), sensor_air_raw[8]_gate (\sensor_air_raw[8]_gate) -> sensor_air_raw[8]
Presumably equivalent wires: sensor_air_raw[9]_gold (\sensor_air_raw[9]_gold), sensor_air_raw[9]_gate (\sensor_air_raw[9]_gate) -> sensor_air_raw[9]
Presumably equivalent wires: sensor_humidity_raw[0]_gold (\sensor_humidity_raw[0]_gold), sensor_humidity_raw[0]_gate (\sensor_humidity_raw[0]_gate) -> sensor_humidity_raw[0]
Presumably equivalent wires: sensor_humidity_raw[10]_gold (\sensor_humidity_raw[10]_gold), sensor_humidity_raw[10]_gate (\sensor_humidity_raw[10]_gate) -> sensor_humidity_raw[10]
Presumably equivalent wires: sensor_humidity_raw[11]_gold (\sensor_humidity_raw[11]_gold), sensor_humidity_raw[11]_gate (\sensor_humidity_raw[11]_gate) -> sensor_humidity_raw[11]
Presumably equivalent wires: sensor_humidity_raw[12]_gold (\sensor_humidity_raw[12]_gold), sensor_humidity_raw[12]_gate (\sensor_humidity_raw[12]_gate) -> sensor_humidity_raw[12]
Presumably equivalent wires: sensor_humidity_raw[13]_gold (\sensor_humidity_raw[13]_gold), sensor_humidity_raw[13]_gate (\sensor_humidity_raw[13]_gate) -> sensor_humidity_raw[13]
Presumably equivalent wires: sensor_humidity_raw[14]_gold (\sensor_humidity_raw[14]_gold), sensor_humidity_raw[14]_gate (\sensor_humidity_raw[14]_gate) -> sensor_humidity_raw[14]
Presumably equivalent wires: sensor_humidity_raw[15]_gold (\sensor_humidity_raw[15]_gold), sensor_humidity_raw[15]_gate (\sensor_humidity_raw[15]_gate) -> sensor_humidity_raw[15]
Presumably equivalent wires: sensor_humidity_raw[1]_gold (\sensor_humidity_raw[1]_gold), sensor_humidity_raw[1]_gate (\sensor_humidity_raw[1]_gate) -> sensor_humidity_raw[1]
Presumably equivalent wires: sensor_humidity_raw[2]_gold (\sensor_humidity_raw[2]_gold), sensor_humidity_raw[2]_gate (\sensor_humidity_raw[2]_gate) -> sensor_humidity_raw[2]
Presumably equivalent wires: sensor_humidity_raw[3]_gold (\sensor_humidity_raw[3]_gold), sensor_humidity_raw[3]_gate (\sensor_humidity_raw[3]_gate) -> sensor_humidity_raw[3]
Presumably equivalent wires: sensor_humidity_raw[4]_gold (\sensor_humidity_raw[4]_gold), sensor_humidity_raw[4]_gate (\sensor_humidity_raw[4]_gate) -> sensor_humidity_raw[4]
Presumably equivalent wires: sensor_humidity_raw[5]_gold (\sensor_humidity_raw[5]_gold), sensor_humidity_raw[5]_gate (\sensor_humidity_raw[5]_gate) -> sensor_humidity_raw[5]
Presumably equivalent wires: sensor_humidity_raw[6]_gold (\sensor_humidity_raw[6]_gold), sensor_humidity_raw[6]_gate (\sensor_humidity_raw[6]_gate) -> sensor_humidity_raw[6]
Presumably equivalent wires: sensor_humidity_raw[7]_gold (\sensor_humidity_raw[7]_gold), sensor_humidity_raw[7]_gate (\sensor_humidity_raw[7]_gate) -> sensor_humidity_raw[7]
Presumably equivalent wires: sensor_humidity_raw[8]_gold (\sensor_humidity_raw[8]_gold), sensor_humidity_raw[8]_gate (\sensor_humidity_raw[8]_gate) -> sensor_humidity_raw[8]
Presumably equivalent wires: sensor_humidity_raw[9]_gold (\sensor_humidity_raw[9]_gold), sensor_humidity_raw[9]_gate (\sensor_humidity_raw[9]_gate) -> sensor_humidity_raw[9]
Presumably equivalent wires: sensor_sample_req_gold (1'0), sensor_sample_req_gate (1'0) -> sensor_sample_req
Presumably equivalent wires: sensor_temp_raw[0]_gold (\sensor_temp_raw[0]_gold), sensor_temp_raw[0]_gate (\sensor_temp_raw[0]_gate) -> sensor_temp_raw[0]
Presumably equivalent wires: sensor_temp_raw[10]_gold (\sensor_temp_raw[10]_gold), sensor_temp_raw[10]_gate (\sensor_temp_raw[10]_gate) -> sensor_temp_raw[10]
Presumably equivalent wires: sensor_temp_raw[11]_gold (\sensor_temp_raw[11]_gold), sensor_temp_raw[11]_gate (\sensor_temp_raw[11]_gate) -> sensor_temp_raw[11]
Presumably equivalent wires: sensor_temp_raw[12]_gold (\sensor_temp_raw[12]_gold), sensor_temp_raw[12]_gate (\sensor_temp_raw[12]_gate) -> sensor_temp_raw[12]
Presumably equivalent wires: sensor_temp_raw[13]_gold (\sensor_temp_raw[13]_gold), sensor_temp_raw[13]_gate (\sensor_temp_raw[13]_gate) -> sensor_temp_raw[13]
Presumably equivalent wires: sensor_temp_raw[14]_gold (\sensor_temp_raw[14]_gold), sensor_temp_raw[14]_gate (\sensor_temp_raw[14]_gate) -> sensor_temp_raw[14]
Presumably equivalent wires: sensor_temp_raw[15]_gold (\sensor_temp_raw[15]_gold), sensor_temp_raw[15]_gate (\sensor_temp_raw[15]_gate) -> sensor_temp_raw[15]
Presumably equivalent wires: sensor_temp_raw[1]_gold (\sensor_temp_raw[1]_gold), sensor_temp_raw[1]_gate (\sensor_temp_raw[1]_gate) -> sensor_temp_raw[1]
Presumably equivalent wires: sensor_temp_raw[2]_gold (\sensor_temp_raw[2]_gold), sensor_temp_raw[2]_gate (\sensor_temp_raw[2]_gate) -> sensor_temp_raw[2]
Presumably equivalent wires: sensor_temp_raw[3]_gold (\sensor_temp_raw[3]_gold), sensor_temp_raw[3]_gate (\sensor_temp_raw[3]_gate) -> sensor_temp_raw[3]
Presumably equivalent wires: sensor_temp_raw[4]_gold (\sensor_temp_raw[4]_gold), sensor_temp_raw[4]_gate (\sensor_temp_raw[4]_gate) -> sensor_temp_raw[4]
Presumably equivalent wires: sensor_temp_raw[5]_gold (\sensor_temp_raw[5]_gold), sensor_temp_raw[5]_gate (\sensor_temp_raw[5]_gate) -> sensor_temp_raw[5]
Presumably equivalent wires: sensor_temp_raw[6]_gold (\sensor_temp_raw[6]_gold), sensor_temp_raw[6]_gate (\sensor_temp_raw[6]_gate) -> sensor_temp_raw[6]
Presumably equivalent wires: sensor_temp_raw[7]_gold (\sensor_temp_raw[7]_gold), sensor_temp_raw[7]_gate (\sensor_temp_raw[7]_gate) -> sensor_temp_raw[7]
Presumably equivalent wires: sensor_temp_raw[8]_gold (\sensor_temp_raw[8]_gold), sensor_temp_raw[8]_gate (\sensor_temp_raw[8]_gate) -> sensor_temp_raw[8]
Presumably equivalent wires: sensor_temp_raw[9]_gold (\sensor_temp_raw[9]_gold), sensor_temp_raw[9]_gate (\sensor_temp_raw[9]_gate) -> sensor_temp_raw[9]
Presumably equivalent wires: sensor_valid_gold (\sensor_valid_gold), sensor_valid_gate (\sensor_valid_gate) -> sensor_valid
Presumably equivalent wires: wr_addr[0]_gold (\wr_addr[0]_gold), wr_addr[0]_gate (\wr_addr[0]_gate) -> wr_addr[0]
Presumably equivalent wires: wr_addr[10]_gold (\wr_addr[10]_gold), wr_addr[10]_gate (\wr_addr[10]_gate) -> wr_addr[10]
Presumably equivalent wires: wr_addr[11]_gold (\wr_addr[11]_gold), wr_addr[11]_gate (\wr_addr[11]_gate) -> wr_addr[11]
Presumably equivalent wires: wr_addr[1]_gold (\wr_addr[1]_gold), wr_addr[1]_gate (\wr_addr[1]_gate) -> wr_addr[1]
Presumably equivalent wires: wr_addr[2]_gold (\wr_addr[2]_gold), wr_addr[2]_gate (\wr_addr[2]_gate) -> wr_addr[2]
Presumably equivalent wires: wr_addr[3]_gold (\wr_addr[3]_gold), wr_addr[3]_gate (\wr_addr[3]_gate) -> wr_addr[3]
Presumably equivalent wires: wr_addr[4]_gold (\wr_addr[4]_gold), wr_addr[4]_gate (\wr_addr[4]_gate) -> wr_addr[4]
Presumably equivalent wires: wr_addr[5]_gold (\wr_addr[5]_gold), wr_addr[5]_gate (\wr_addr[5]_gate) -> wr_addr[5]
Presumably equivalent wires: wr_addr[6]_gold (\wr_addr[6]_gold), wr_addr[6]_gate (\wr_addr[6]_gate) -> wr_addr[6]
Presumably equivalent wires: wr_addr[7]_gold (\wr_addr[7]_gold), wr_addr[7]_gate (\wr_addr[7]_gate) -> wr_addr[7]
Presumably equivalent wires: wr_addr[8]_gold (\wr_addr[8]_gold), wr_addr[8]_gate (\wr_addr[8]_gate) -> wr_addr[8]
Presumably equivalent wires: wr_addr[9]_gold (\wr_addr[9]_gold), wr_addr[9]_gate (\wr_addr[9]_gate) -> wr_addr[9]
Presumably equivalent wires: wr_data[0]_gold (\wr_data[0]_gold), wr_data[0]_gate (\wr_data[0]_gate) -> wr_data[0]
Presumably equivalent wires: wr_data[10]_gold (\wr_data[10]_gold), wr_data[10]_gate (\wr_data[10]_gate) -> wr_data[10]
Presumably equivalent wires: wr_data[11]_gold (\wr_data[11]_gold), wr_data[11]_gate (\wr_data[11]_gate) -> wr_data[11]
Presumably equivalent wires: wr_data[12]_gold (\wr_data[12]_gold), wr_data[12]_gate (\wr_data[12]_gate) -> wr_data[12]
Presumably equivalent wires: wr_data[13]_gold (\wr_data[13]_gold), wr_data[13]_gate (\wr_data[13]_gate) -> wr_data[13]
Presumably equivalent wires: wr_data[14]_gold (\wr_data[14]_gold), wr_data[14]_gate (\wr_data[14]_gate) -> wr_data[14]
Presumably equivalent wires: wr_data[15]_gold (\wr_data[15]_gold), wr_data[15]_gate (\wr_data[15]_gate) -> wr_data[15]
Presumably equivalent wires: wr_data[16]_gold (\wr_data[16]_gold), wr_data[16]_gate (\wr_data[16]_gate) -> wr_data[16]
Presumably equivalent wires: wr_data[17]_gold (\wr_data[17]_gold), wr_data[17]_gate (\wr_data[17]_gate) -> wr_data[17]
Presumably equivalent wires: wr_data[18]_gold (\wr_data[18]_gold), wr_data[18]_gate (\wr_data[18]_gate) -> wr_data[18]
Presumably equivalent wires: wr_data[19]_gold (\wr_data[19]_gold), wr_data[19]_gate (\wr_data[19]_gate) -> wr_data[19]
Presumably equivalent wires: wr_data[1]_gold (\wr_data[1]_gold), wr_data[1]_gate (\wr_data[1]_gate) -> wr_data[1]
Presumably equivalent wires: wr_data[20]_gold (\wr_data[20]_gold), wr_data[20]_gate (\wr_data[20]_gate) -> wr_data[20]
Presumably equivalent wires: wr_data[21]_gold (\wr_data[21]_gold), wr_data[21]_gate (\wr_data[21]_gate) -> wr_data[21]
Presumably equivalent wires: wr_data[22]_gold (\wr_data[22]_gold), wr_data[22]_gate (\wr_data[22]_gate) -> wr_data[22]
Presumably equivalent wires: wr_data[23]_gold (\wr_data[23]_gold), wr_data[23]_gate (\wr_data[23]_gate) -> wr_data[23]
Presumably equivalent wires: wr_data[24]_gold (\wr_data[24]_gold), wr_data[24]_gate (\wr_data[24]_gate) -> wr_data[24]
Presumably equivalent wires: wr_data[25]_gold (\wr_data[25]_gold), wr_data[25]_gate (\wr_data[25]_gate) -> wr_data[25]
Presumably equivalent wires: wr_data[26]_gold (\wr_data[26]_gold), wr_data[26]_gate (\wr_data[26]_gate) -> wr_data[26]
Presumably equivalent wires: wr_data[27]_gold (\wr_data[27]_gold), wr_data[27]_gate (\wr_data[27]_gate) -> wr_data[27]
Presumably equivalent wires: wr_data[28]_gold (\wr_data[28]_gold), wr_data[28]_gate (\wr_data[28]_gate) -> wr_data[28]
Presumably equivalent wires: wr_data[29]_gold (\wr_data[29]_gold), wr_data[29]_gate (\wr_data[29]_gate) -> wr_data[29]
Presumably equivalent wires: wr_data[2]_gold (\wr_data[2]_gold), wr_data[2]_gate (\wr_data[2]_gate) -> wr_data[2]
Presumably equivalent wires: wr_data[30]_gold (\wr_data[30]_gold), wr_data[30]_gate (\wr_data[30]_gate) -> wr_data[30]
Presumably equivalent wires: wr_data[31]_gold (\wr_data[31]_gold), wr_data[31]_gate (\wr_data[31]_gate) -> wr_data[31]
Presumably equivalent wires: wr_data[3]_gold (\wr_data[3]_gold), wr_data[3]_gate (\wr_data[3]_gate) -> wr_data[3]
Presumably equivalent wires: wr_data[4]_gold (\wr_data[4]_gold), wr_data[4]_gate (\wr_data[4]_gate) -> wr_data[4]
Presumably equivalent wires: wr_data[5]_gold (\wr_data[5]_gold), wr_data[5]_gate (\wr_data[5]_gate) -> wr_data[5]
Presumably equivalent wires: wr_data[6]_gold (\wr_data[6]_gold), wr_data[6]_gate (\wr_data[6]_gate) -> wr_data[6]
Presumably equivalent wires: wr_data[7]_gold (\wr_data[7]_gold), wr_data[7]_gate (\wr_data[7]_gate) -> wr_data[7]
Presumably equivalent wires: wr_data[8]_gold (\wr_data[8]_gold), wr_data[8]_gate (\wr_data[8]_gate) -> wr_data[8]
Presumably equivalent wires: wr_data[9]_gold (\wr_data[9]_gold), wr_data[9]_gate (\wr_data[9]_gate) -> wr_data[9]
Presumably equivalent wires: wr_en_gold (\wr_en_gold), wr_en_gate (\wr_en_gate) -> wr_en

23. Executing HIERARCHY pass (managing design hierarchy).

23.1. Analyzing design hierarchy..
Top module:  \equiv

23.2. Analyzing design hierarchy..
Top module:  \equiv
Removing unused module `\gate'.
Removing unused module `\gold'.
Removed 2 unused modules.

24. Executing EQUIV_SIMPLE pass.
Found 81 unproven $equiv cells (81 groups) in equiv:
  Trying to prove $equiv for \sensor_sample_req: success!
  Trying to prove $equiv for \alert_irq: success!
  Trying to prove $equiv for \low_power_active: success!
  Trying to prove $equiv for \sample_count[0]: success!
  Trying to prove $equiv for \sample_count[1]: success!
  Trying to prove $equiv for \sample_count[2]: success!
  Trying to prove $equiv for \sample_count[3]: success!
  Trying to prove $equiv for \sample_count[4]: success!
  Trying to prove $equiv for \sample_count[5]: success!
  Trying to prove $equiv for \sample_count[6]: success!
  Trying to prove $equiv for \sample_count[7]: success!
  Trying to prove $equiv for \sample_count[8]: success!
  Trying to prove $equiv for \sample_count[9]: success!
  Trying to prove $equiv for \sample_count[10]: success!
  Trying to prove $equiv for \sample_count[11]: success!
  Trying to prove $equiv for \sample_count[12]: success!
  Trying to prove $equiv for \sample_count[13]: success!
  Trying to prove $equiv for \sample_count[14]: success!
  Trying to prove $equiv for \sample_count[15]: success!
  Trying to prove $equiv for \sample_count[16]: success!
  Trying to prove $equiv for \sample_count[17]: success!
  Trying to prove $equiv for \sample_count[18]: success!
  Trying to prove $equiv for \sample_count[19]: success!
  Trying to prove $equiv for \sample_count[20]: success!
  Trying to prove $equiv for \sample_count[21]: success!
  Trying to prove $equiv for \sample_count[22]: success!
  Trying to prove $equiv for \sample_count[23]: success!
  Trying to prove $equiv for \sample_count[24]: success!
  Trying to prove $equiv for \sample_count[25]: success!
  Trying to prove $equiv for \sample_count[26]: success!
  Trying to prove $equiv for \sample_count[27]: success!
  Trying to prove $equiv for \sample_count[28]: success!
  Trying to prove $equiv for \sample_count[29]: success!
  Trying to prove $equiv for \sample_count[30]: success!
  Trying to prove $equiv for \sample_count[31]: success!
  Trying to prove $equiv for \alert_status[0]: success!
  Trying to prove $equiv for \alert_status[1]: success!
  Trying to prove $equiv for \alert_status[2]: success!
  Trying to prove $equiv for \alert_status[3]: success!
  Trying to prove $equiv for \alert_status[4]: success!
  Trying to prove $equiv for \alert_status[5]: success!
  Trying to prove $equiv for \alert_status[6]: success!
  Trying to prove $equiv for \alert_status[7]: success!
  Trying to prove $equiv for \fifo_level[0]: success!
  Trying to prove $equiv for \fifo_level[1]: success!
  Trying to prove $equiv for \fifo_level[2]: success!
  Trying to prove $equiv for \fifo_level[3]: success!
  Trying to prove $equiv for \fifo_level[4]: success!
  Trying to prove $equiv for \fifo_level[5]: success!
  Trying to prove $equiv for \rd_data[0]: success!
  Trying to prove $equiv for \rd_data[1]: success!
  Trying to prove $equiv for \rd_data[2]: success!
  Trying to prove $equiv for \rd_data[3]: success!
  Trying to prove $equiv for \rd_data[4]: success!
  Trying to prove $equiv for \rd_data[5]: success!
  Trying to prove $equiv for \rd_data[6]: success!
  Trying to prove $equiv for \rd_data[7]: success!
  Trying to prove $equiv for \rd_data[8]: success!
  Trying to prove $equiv for \rd_data[9]: success!
  Trying to prove $equiv for \rd_data[10]: success!
  Trying to prove $equiv for \rd_data[11]: success!
  Trying to prove $equiv for \rd_data[12]: success!
  Trying to prove $equiv for \rd_data[13]: success!
  Trying to prove $equiv for \rd_data[14]: success!
  Trying to prove $equiv for \rd_data[15]: success!
  Trying to prove $equiv for \rd_data[16]: success!
  Trying to prove $equiv for \rd_data[17]: success!
  Trying to prove $equiv for \rd_data[18]: success!
  Trying to prove $equiv for \rd_data[19]: success!
  Trying to prove $equiv for \rd_data[20]: success!
  Trying to prove $equiv for \rd_data[21]: success!
  Trying to prove $equiv for \rd_data[22]: success!
  Trying to prove $equiv for \rd_data[23]: success!
  Trying to prove $equiv for \rd_data[24]: success!
  Trying to prove $equiv for \rd_data[25]: success!
  Trying to prove $equiv for \rd_data[26]: success!
  Trying to prove $equiv for \rd_data[27]: success!
  Trying to prove $equiv for \rd_data[28]: success!
  Trying to prove $equiv for \rd_data[29]: success!
  Trying to prove $equiv for \rd_data[30]: success!
  Trying to prove $equiv for \rd_data[31]: success!
Proved 81 previously unproven $equiv cells.

25. Executing EQUIV_INDUCT pass.
No selected unproven $equiv cells found in equiv.
Proved 0 previously unproven $equiv cells.

26. Executing EQUIV_SIMPLE pass.
Proved 0 previously unproven $equiv cells.

27. Executing EQUIV_STATUS pass.
Found 81 $equiv cells in equiv:
  Of those cells 81 are proven and 0 are unproven.
  Equivalence successfully proven!

End of script. Logfile hash: 444729caad, CPU: user 0.09s system 0.01s, MEM: 192.39 MB peak
Yosys 0.33 (git sha1 2584903a060)
Time spent: 20% 10x opt_clean (0 sec), 16% 10x opt_expr (0 sec), ...
