=== STDERR ===
%Warning-PINCONNECTEMPTY: adaptive_aero_control_top.v:175:6: Instance pin connected by name with empty reference: 'wb_dat_o'
  175 |     .wb_dat_o(),
      |      ^~~~~~~~
                          ... For warning description see https://verilator.org/warn/PINCONNECTEMPTY?v=5.047
                          ... Use "/* verilator lint_off PINCONNECTEMPTY */" and lint_on around source to disable this message.
%Warning-PINCONNECTEMPTY: adaptive_aero_control_top.v:242:6: Instance pin connected by name with empty reference: 'outstanding_sequence'
  242 |     .outstanding_sequence(),
      |      ^~~~~~~~~~~~~~~~~~~~
%Warning-PINCONNECTEMPTY: adaptive_aero_control_top.v:246:6: Instance pin connected by name with empty reference: 'response_rejected'
  246 |     .response_rejected(),
      |      ^~~~~~~~~~~~~~~~~
%Warning-PINCONNECTEMPTY: adaptive_aero_control_top.v:248:6: Instance pin connected by name with empty reference: 'age_counter'
  248 |     .age_counter(),
      |      ^~~~~~~~~~~
%Warning-PINMISSING: adaptive_aero_control_top.v:344:28: Instance has missing pin: 'csb'
  344 | transport_payload_fifo_mem u_transport_payload_fifo_mem(
      |                            ^~~~~~~~~~~~~~~~~~~~~~~~~~~~
                     transport_payload_fifo_mem.v:3:5: ... Location of port declaration
    3 |     csb,
      |     ^~~
                     ... For warning description see https://verilator.org/warn/PINMISSING?v=5.047
                     ... Use "/* verilator lint_off PINMISSING */" and lint_on around source to disable this message.
%Warning-PINMISSING: adaptive_aero_control_top.v:344:28: Instance has missing pin: 'we'
  344 | transport_payload_fifo_mem u_transport_payload_fifo_mem(
      |                            ^~~~~~~~~~~~~~~~~~~~~~~~~~~~
                     transport_payload_fifo_mem.v:4:5: ... Location of port declaration
    4 |     we,
      |     ^~
%Warning-PINMISSING: adaptive_aero_control_top.v:344:28: Instance has missing pin: 'addr'
  344 | transport_payload_fifo_mem u_transport_payload_fifo_mem(
      |                            ^~~~~~~~~~~~~~~~~~~~~~~~~~~~
                     transport_payload_fifo_mem.v:5:5: ... Location of port declaration
    5 |     addr,
      |     ^~~~
%Warning-PINMISSING: adaptive_aero_control_top.v:344:28: Instance has missing pin: 'din'
  344 | transport_payload_fifo_mem u_transport_payload_fifo_mem(
      |                            ^~~~~~~~~~~~~~~~~~~~~~~~~~~~
                     transport_payload_fifo_mem.v:6:5: ... Location of port declaration
    6 |     din,
      |     ^~~
%Warning-PINMISSING: adaptive_aero_control_top.v:344:28: Instance has missing pin: 'dout'
  344 | transport_payload_fifo_mem u_transport_payload_fifo_mem(
      |                            ^~~~~~~~~~~~~~~~~~~~~~~~~~~~
                     transport_payload_fifo_mem.v:7:5: ... Location of port declaration
    7 |     dout
      |     ^~~~
%Warning-PINMISSING: adaptive_aero_control_top.v:353:23: Instance has missing pin: 'csb'
  353 | transport_history_mem u_transport_history_mem(
      |                       ^~~~~~~~~~~~~~~~~~~~~~~
                     transport_history_mem.v:3:5: ... Location of port declaration
    3 |     csb,
      |     ^~~
%Warning-PINMISSING: adaptive_aero_control_top.v:353:23: Instance has missing pin: 'we'
  353 | transport_history_mem u_transport_history_mem(
      |                       ^~~~~~~~~~~~~~~~~~~~~~~
                     transport_history_mem.v:4:5: ... Location of port declaration
    4 |     we,
      |     ^~
%Warning-PINMISSING: adaptive_aero_control_top.v:353:23: Instance has missing pin: 'addr'
  353 | transport_history_mem u_transport_history_mem(
      |                       ^~~~~~~~~~~~~~~~~~~~~~~
                     transport_history_mem.v:5:5: ... Location of port declaration
    5 |     addr,
      |     ^~~~
%Warning-PINMISSING: adaptive_aero_control_top.v:353:23: Instance has missing pin: 'din'
  353 | transport_history_mem u_transport_history_mem(
      |                       ^~~~~~~~~~~~~~~~~~~~~~~
                     transport_history_mem.v:6:5: ... Location of port declaration
    6 |     din,
      |     ^~~
%Warning-PINMISSING: adaptive_aero_control_top.v:353:23: Instance has missing pin: 'dout'
  353 | transport_history_mem u_transport_history_mem(
      |                       ^~~~~~~~~~~~~~~~~~~~~~~
                     transport_history_mem.v:7:5: ... Location of port declaration
    7 |     dout
      |     ^~~~
%Error: aero_cpu_subsystem.v:72:21: Can't find definition of variable: 'wb_adr_i'
                                  : ... Suggested alternative: 'wb_adr_o'
   72 |         wb_adr_r <= wb_adr_i;
      |                     ^~~~~~~~
        ... See the manual at https://verilator.org/verilator_doc.html?v=5.047 for more assistance.
%Error-PINNOTFOUND: adaptive_aero_control_top.v:346:6: Pin not found: 'payload_fifo_csb'
  346 |     .payload_fifo_csb(payload_fifo_csb),
      |      ^~~~~~~~~~~~~~~~
                                                     : ... Location of instance's module declaration
    1 | module transport_payload_fifo_mem(
      |        ^~~~~~~~~~~~~~~~~~~~~~~~~~
                    ... For error description see https://verilator.org/warn/PINNOTFOUND?v=5.047
%Error-PINNOTFOUND: adaptive_aero_control_top.v:347:6: Pin not found: 'payload_fifo_we'
  347 |     .payload_fifo_we(payload_fifo_we),
      |      ^~~~~~~~~~~~~~~
                                                     : ... Location of instance's module declaration
    1 | module transport_payload_fifo_mem(
      |        ^~~~~~~~~~~~~~~~~~~~~~~~~~
%Error-PINNOTFOUND: adaptive_aero_control_top.v:348:6: Pin not found: 'payload_fifo_addr'
  348 |     .payload_fifo_addr(payload_fifo_addr),
      |      ^~~~~~~~~~~~~~~~~
                                                     : ... Location of instance's module declaration
    1 | module transport_payload_fifo_mem(
      |        ^~~~~~~~~~~~~~~~~~~~~~~~~~
%Error-PINNOTFOUND: adaptive_aero_control_top.v:349:6: Pin not found: 'payload_fifo_din'
  349 |     .payload_fifo_din(payload_fifo_din),
      |      ^~~~~~~~~~~~~~~~
                                                     : ... Location of instance's module declaration
    1 | module transport_payload_fifo_mem(
      |        ^~~~~~~~~~~~~~~~~~~~~~~~~~
%Error-PINNOTFOUND: adaptive_aero_control_top.v:350:6: Pin not found: 'payload_fifo_dout'
  350 |     .payload_fifo_dout(payload_fifo_dout)
      |      ^~~~~~~~~~~~~~~~~
                                                     : ... Location of instance's module declaration
    1 | module transport_payload_fifo_mem(
      |        ^~~~~~~~~~~~~~~~~~~~~~~~~~
%Error-PINNOTFOUND: adaptive_aero_control_top.v:355:6: Pin not found: 'history_csb'
  355 |     .history_csb(history_csb),
      |      ^~~~~~~~~~~
                                                     : ... Location of instance's module declaration
    1 | module transport_history_mem(
      |        ^~~~~~~~~~~~~~~~~~~~~
%Error-PINNOTFOUND: adaptive_aero_control_top.v:356:6: Pin not found: 'history_we'
  356 |     .history_we(history_we),
      |      ^~~~~~~~~~
                                                     : ... Location of instance's module declaration
    1 | module transport_history_mem(
      |        ^~~~~~~~~~~~~~~~~~~~~
%Error-PINNOTFOUND: adaptive_aero_control_top.v:357:6: Pin not found: 'history_addr'
  357 |     .history_addr(history_addr),
      |      ^~~~~~~~~~~~
                                                     : ... Location of instance's module declaration
    1 | module transport_history_mem(
      |        ^~~~~~~~~~~~~~~~~~~~~
%Error-PINNOTFOUND: adaptive_aero_control_top.v:358:6: Pin not found: 'history_din'
  358 |     .history_din(history_din),
      |      ^~~~~~~~~~~
                                                     : ... Location of instance's module declaration
    1 | module transport_history_mem(
      |        ^~~~~~~~~~~~~~~~~~~~~
%Error-PINNOTFOUND: adaptive_aero_control_top.v:359:6: Pin not found: 'history_dout'
  359 |     .history_dout(history_dout)
      |      ^~~~~~~~~~~~
                                                     : ... Location of instance's module declaration
    1 | module transport_history_mem(
      |        ^~~~~~~~~~~~~~~~~~~~~
%Error: Exiting due to 11 error(s)

=== RETURN CODE ===
1
