/----------------------------------------------------------------------------\
 |  yosys -- Yosys Open SYnthesis Suite                                       |
 |  Copyright (C) 2012 - 2025  Claire Xenia Wolf <claire@yosyshq.com>         |
 |  Distributed under an ISC-like license, type "license" to see terms        |
 \----------------------------------------------------------------------------/
 Yosys 0.56 (git sha1 9c447ad9d4b1ea589369364eea38b4d70da2c599, x86_64-w64-mingw32-g++ 15.2.0 -march=nocona -msahf -mtune=generic -O2 -fstack-protector-strong -O3)

-- Executing script file `C:\Users\satheesh\chiploop-saas\.tmp_lec_repro\fpga_generic_partition_adaptive_aero_control_top_actuator_safety.ys' --

1. Executing Verilog-2005 frontend: C:\Users\satheesh\chiploop-saas\.tmp_workflow_a51ebfb7\fpga\handoff\rtl\adaptive_aero_control_top.v
Parsing SystemVerilog input from `C:\Users\satheesh\chiploop-saas\.tmp_workflow_a51ebfb7\fpga\handoff\rtl\adaptive_aero_control_top.v' to AST representation.
Generating RTLIL representation for module `\adaptive_aero_control_top'.
Successfully finished Verilog frontend.

2. Executing Verilog-2005 frontend: C:\Users\satheesh\chiploop-saas\.tmp_workflow_a51ebfb7\fpga\handoff\rtl\adaptive_aero_control_top_actuator_safety.v
Parsing SystemVerilog input from `C:\Users\satheesh\chiploop-saas\.tmp_workflow_a51ebfb7\fpga\handoff\rtl\adaptive_aero_control_top_actuator_safety.v' to AST representation.
Generating RTLIL representation for module `\adaptive_aero_control_top_actuator_safety'.
Successfully finished Verilog frontend.

3. Executing Verilog-2005 frontend: C:\Users\satheesh\chiploop-saas\.tmp_workflow_a51ebfb7\fpga\handoff\rtl\adaptive_aero_control_top_mmio.v
Parsing SystemVerilog input from `C:\Users\satheesh\chiploop-saas\.tmp_workflow_a51ebfb7\fpga\handoff\rtl\adaptive_aero_control_top_mmio.v' to AST representation.
Generating RTLIL representation for module `\adaptive_aero_control_top_mmio'.
Successfully finished Verilog frontend.

4. Executing Verilog-2005 frontend: C:\Users\satheesh\chiploop-saas\.tmp_workflow_a51ebfb7\fpga\handoff\rtl\adaptive_aero_control_top_request_fsm.v
Parsing SystemVerilog input from `C:\Users\satheesh\chiploop-saas\.tmp_workflow_a51ebfb7\fpga\handoff\rtl\adaptive_aero_control_top_request_fsm.v' to AST representation.
Generating RTLIL representation for module `\adaptive_aero_control_top_request_fsm'.
Successfully finished Verilog frontend.

5. Executing Verilog-2005 frontend: C:\Users\satheesh\chiploop-saas\.tmp_workflow_a51ebfb7\fpga\handoff\rtl\adaptive_aero_control_top_spi_fpga_top.sv
Parsing SystemVerilog input from `C:\Users\satheesh\chiploop-saas\.tmp_workflow_a51ebfb7\fpga\handoff\rtl\adaptive_aero_control_top_spi_fpga_top.sv' to AST representation.
Generating RTLIL representation for module `\adaptive_aero_control_top_spi_fpga_top'.
Successfully finished Verilog frontend.

6. Executing PREP pass.

6.1. Executing HIERARCHY pass (managing design hierarchy).

6.1.1. Analyzing design hierarchy..
Top module:  \adaptive_aero_control_top_actuator_safety

6.1.2. Analyzing design hierarchy..
Top module:  \adaptive_aero_control_top_actuator_safety
Removing unused module `\adaptive_aero_control_top_spi_fpga_top'.
Removed 1 unused modules.

6.2. Executing PROC pass (convert processes to netlists).

6.2.1. Executing PROC_CLEAN pass (remove empty switches from decision trees).
Cleaned up 0 empty switches.

6.2.2. Executing PROC_RMDEAD pass (remove dead branches from decision trees).
Marked 3 switch rules as full_case in process $proc$C:\Users\satheesh\chiploop-saas\.tmp_workflow_a51ebfb7\fpga\handoff\rtl\adaptive_aero_control_top_actuator_safety.v:87$25 in module adaptive_aero_control_top_actuator_safety.
Removed a total of 0 dead cases.

6.2.3. Executing PROC_PRUNE pass (remove redundant assignments in processes).
Removed 4 redundant assignments.
Promoted 0 assignments to connections.

6.2.4. Executing PROC_INIT pass (extract init attributes).

6.2.5. Executing PROC_ARST pass (detect async resets in processes).
Found async reset \reset_n in `\adaptive_aero_control_top_actuator_safety.$proc$C:\Users\satheesh\chiploop-saas\.tmp_workflow_a51ebfb7\fpga\handoff\rtl\adaptive_aero_control_top_actuator_safety.v:87$25'.

6.2.6. Executing PROC_ROM pass (convert switches to ROMs).
Converted 0 switches.
<suppressed ~6 debug messages>

6.2.7. Executing PROC_MUX pass (convert decision trees to multiplexers).
Creating decoders for process `\adaptive_aero_control_top_actuator_safety.$proc$C:\Users\satheesh\chiploop-saas\.tmp_workflow_a51ebfb7\fpga\handoff\rtl\adaptive_aero_control_top_actuator_safety.v:87$25'.
     1/4: $0\actuator_cmd_valid_r[0:0]
     2/4: $0\actuator_cmd_r[15:0]
     3/4: $0\reg_clamp_active_r[0:0]
     4/4: $0\last_accepted_cmd_r[15:0]

6.2.8. Executing PROC_DLATCH pass (convert process syncs to latches).

6.2.9. Executing PROC_DFF pass (convert process syncs to FFs).
Creating register for signal `\adaptive_aero_control_top_actuator_safety.\last_accepted_cmd_r' using process `\adaptive_aero_control_top_actuator_safety.$proc$C:\Users\satheesh\chiploop-saas\.tmp_workflow_a51ebfb7\fpga\handoff\rtl\adaptive_aero_control_top_actuator_safety.v:87$25'.
  created $adff cell `$procdff$150' with positive edge clock and positive level reset.
Creating register for signal `\adaptive_aero_control_top_actuator_safety.\actuator_cmd_r' using process `\adaptive_aero_control_top_actuator_safety.$proc$C:\Users\satheesh\chiploop-saas\.tmp_workflow_a51ebfb7\fpga\handoff\rtl\adaptive_aero_control_top_actuator_safety.v:87$25'.
  created $adff cell `$procdff$155' with positive edge clock and positive level reset.
Creating register for signal `\adaptive_aero_control_top_actuator_safety.\actuator_cmd_valid_r' using process `\adaptive_aero_control_top_actuator_safety.$proc$C:\Users\satheesh\chiploop-saas\.tmp_workflow_a51ebfb7\fpga\handoff\rtl\adaptive_aero_control_top_actuator_safety.v:87$25'.
  created $adff cell `$procdff$160' with positive edge clock and positive level reset.
Creating register for signal `\adaptive_aero_control_top_actuator_safety.\reg_clamp_active_r' using process `\adaptive_aero_control_top_actuator_safety.$proc$C:\Users\satheesh\chiploop-saas\.tmp_workflow_a51ebfb7\fpga\handoff\rtl\adaptive_aero_control_top_actuator_safety.v:87$25'.
  created $adff cell `$procdff$165' with positive edge clock and positive level reset.

6.2.10. Executing PROC_MEMWR pass (convert process memory writes to cells).

6.2.11. Executing PROC_CLEAN pass (remove empty switches from decision trees).
Found and cleaned up 6 empty switches in `\adaptive_aero_control_top_actuator_safety.$proc$C:\Users\satheesh\chiploop-saas\.tmp_workflow_a51ebfb7\fpga\handoff\rtl\adaptive_aero_control_top_actuator_safety.v:87$25'.
Removing empty process `adaptive_aero_control_top_actuator_safety.$proc$C:\Users\satheesh\chiploop-saas\.tmp_workflow_a51ebfb7\fpga\handoff\rtl\adaptive_aero_control_top_actuator_safety.v:87$25'.
Cleaned up 6 empty switches.

6.2.12. Executing OPT_EXPR pass (perform const folding).
Optimizing module adaptive_aero_control_top_actuator_safety.
<suppressed ~9 debug messages>

6.3. Executing FLATTEN pass (flatten design).

6.4. Executing FUTURE pass.

6.5. Executing OPT_EXPR pass (perform const folding).
Optimizing module adaptive_aero_control_top_actuator_safety.

6.6. Executing OPT_CLEAN pass (remove unused cells and wires).
Finding unused cells or wires in module \adaptive_aero_control_top_actuator_safety..
Removed 5 unused cells and 34 unused wires.
<suppressed ~6 debug messages>

6.7. Executing CHECK pass (checking for obvious problems).
Checking module adaptive_aero_control_top_actuator_safety...
Found and reported 0 problems.

6.8. Executing OPT pass (performing simple optimizations).

6.8.1. Executing OPT_EXPR pass (perform const folding).
Optimizing module adaptive_aero_control_top_actuator_safety.

6.8.2. Executing OPT_MERGE pass (detect identical cells).
Finding identical cells in module `\adaptive_aero_control_top_actuator_safety'.
<suppressed ~3 debug messages>
Removed a total of 1 cells.

6.8.3. Executing OPT_MUXTREE pass (detect dead branches in mux trees).
Running muxtree optimizer on module \adaptive_aero_control_top_actuator_safety..
  Creating internal representation of mux trees.
  Evaluating internal representation of mux trees.
  Analyzing evaluation results.
Removed 0 multiplexer ports.
<suppressed ~8 debug messages>

6.8.4. Executing OPT_REDUCE pass (consolidate $*mux and $reduce_* inputs).
  Optimizing cells in module \adaptive_aero_control_top_actuator_safety.
Performed a total of 0 changes.

6.8.5. Executing OPT_MERGE pass (detect identical cells).
Finding identical cells in module `\adaptive_aero_control_top_actuator_safety'.
Removed a total of 0 cells.

6.8.6. Executing OPT_CLEAN pass (remove unused cells and wires).
Finding unused cells or wires in module \adaptive_aero_control_top_actuator_safety..
Removed 0 unused cells and 1 unused wires.
<suppressed ~1 debug messages>

6.8.7. Executing OPT_EXPR pass (perform const folding).
Optimizing module adaptive_aero_control_top_actuator_safety.

6.8.8. Rerunning OPT passes. (Maybe there is more to do..)

6.8.9. Executing OPT_MUXTREE pass (detect dead branches in mux trees).
Running muxtree optimizer on module \adaptive_aero_control_top_actuator_safety..
  Creating internal representation of mux trees.
  Evaluating internal representation of mux trees.
  Analyzing evaluation results.
Removed 0 multiplexer ports.
<suppressed ~8 debug messages>

6.8.10. Executing OPT_REDUCE pass (consolidate $*mux and $reduce_* inputs).
  Optimizing cells in module \adaptive_aero_control_top_actuator_safety.
Performed a total of 0 changes.

6.8.11. Executing OPT_MERGE pass (detect identical cells).
Finding identical cells in module `\adaptive_aero_control_top_actuator_safety'.
Removed a total of 0 cells.

6.8.12. Executing OPT_CLEAN pass (remove unused cells and wires).
Finding unused cells or wires in module \adaptive_aero_control_top_actuator_safety..

6.8.13. Executing OPT_EXPR pass (perform const folding).
Optimizing module adaptive_aero_control_top_actuator_safety.

6.8.14. Finished OPT passes. (There is nothing left to do.)

6.9. Executing WREDUCE pass (reducing word size of cells).

6.10. Executing OPT_CLEAN pass (remove unused cells and wires).
Finding unused cells or wires in module \adaptive_aero_control_top_actuator_safety..

6.11. Executing MEMORY_COLLECT pass (generating $mem cells).

6.12. Executing OPT pass (performing simple optimizations).

6.12.1. Executing OPT_EXPR pass (perform const folding).
Optimizing module adaptive_aero_control_top_actuator_safety.

6.12.2. Executing OPT_MERGE pass (detect identical cells).
Finding identical cells in module `\adaptive_aero_control_top_actuator_safety'.
Removed a total of 0 cells.

6.12.3. Executing OPT_CLEAN pass (remove unused cells and wires).
Finding unused cells or wires in module \adaptive_aero_control_top_actuator_safety..

6.12.4. Finished fast OPT passes.

6.13. Printing statistics.

=== adaptive_aero_control_top_actuator_safety ===

   Number of wires:                 74
   Number of wire bits:            449
   Number of public wires:          37
   Number of public wire bits:     307
   Number of ports:                 20
   Number of port bits:            140
   Number of memories:               0
   Number of memory bits:            0
   Number of processes:              0
   Number of cells:                 52
     $add                            1
     $adff                           4
     $gt                             5
     $logic_and                      2
     $logic_not                      3
     $logic_or                      11
     $lt                             2
     $mux                           15
     $ne                             2
     $or                             4
     $sub                            3

6.14. Executing CHECK pass (checking for obvious problems).
Checking module adaptive_aero_control_top_actuator_safety...
Found and reported 0 problems.

7. Executing ASYNC2SYNC pass.
Replacing adaptive_aero_control_top_actuator_safety.$procdff$150 ($adff): ARST=\reset_n, D=$0\last_accepted_cmd_r[15:0], Q=\last_accepted_cmd_r
Replacing adaptive_aero_control_top_actuator_safety.$procdff$155 ($adff): ARST=\reset_n, D=$0\actuator_cmd_r[15:0], Q=\actuator_cmd_r
Replacing adaptive_aero_control_top_actuator_safety.$procdff$160 ($adff): ARST=\reset_n, D=$0\actuator_cmd_valid_r[0:0], Q=\actuator_cmd_valid_r
Replacing adaptive_aero_control_top_actuator_safety.$procdff$165 ($adff): ARST=\reset_n, D=$0\reg_clamp_active_r[0:0], Q=\reg_clamp_active_r

8. Executing MEMORY pass.

8.1. Executing OPT_MEM pass (optimize memories).
Performed a total of 0 transformations.

8.2. Executing OPT_MEM_PRIORITY pass (removing unnecessary memory write priority relations).
Performed a total of 0 transformations.

8.3. Executing OPT_MEM_FEEDBACK pass (finding memory read-to-write feedback paths).

8.4. Executing MEMORY_BMUX2ROM pass (converting muxes to ROMs).

8.5. Executing MEMORY_DFF pass (merging $dff cells to $memrd).

8.6. Executing OPT_CLEAN pass (remove unused cells and wires).
Finding unused cells or wires in module \adaptive_aero_control_top_actuator_safety..

8.7. Executing MEMORY_SHARE pass (consolidating $memrd/$memwr cells).

8.8. Executing OPT_MEM_WIDEN pass (optimize memories where all ports are wide).
Performed a total of 0 transformations.

8.9. Executing OPT_CLEAN pass (remove unused cells and wires).
Finding unused cells or wires in module \adaptive_aero_control_top_actuator_safety..

8.10. Executing MEMORY_COLLECT pass (generating $mem cells).

8.11. Executing MEMORY_MAP pass (converting memories to logic and flip-flops).

9. Executing OPT_CLEAN pass (remove unused cells and wires).
Finding unused cells or wires in module \adaptive_aero_control_top_actuator_safety..
Renaming module \adaptive_aero_control_top_actuator_safety to \gold.

10. Executing Verilog-2005 frontend: C:\Users\satheesh\chiploop-saas\.tmp_lec_repro\generic.v
Parsing SystemVerilog input from `C:\Users\satheesh\chiploop-saas\.tmp_lec_repro\generic.v' to AST representation.
Warning: Encountered `parallel_case' comment! Such legacy hot comments are supported by Yosys, but are not part of any formal language specification. Using the Verilog `parallel_case' attribute or the SystemVerilog `unique' or `priority' keywords is recommended!
Generating RTLIL representation for module `\adaptive_aero_control_top'.
Generating RTLIL representation for module `\adaptive_aero_control_top_actuator_safety'.
Generating RTLIL representation for module `\adaptive_aero_control_top_mmio'.
Generating RTLIL representation for module `\adaptive_aero_control_top_request_fsm'.
Generating RTLIL representation for module `\adaptive_aero_control_top_spi_fpga_top'.
Successfully finished Verilog frontend.

11. Executing PREP pass.

11.1. Executing HIERARCHY pass (managing design hierarchy).

11.1.1. Analyzing design hierarchy..
Top module:  \adaptive_aero_control_top_actuator_safety

11.1.2. Analyzing design hierarchy..
Top module:  \adaptive_aero_control_top_actuator_safety
Removing unused module `\adaptive_aero_control_top_spi_fpga_top'.
Removed 1 unused modules.

11.2. Executing PROC pass (convert processes to netlists).

11.2.1. Executing PROC_CLEAN pass (remove empty switches from decision trees).
Cleaned up 0 empty switches.

11.2.2. Executing PROC_RMDEAD pass (remove dead branches from decision trees).
Marked 1 switch rules as full_case in process $proc$C:\Users\satheesh\chiploop-saas\.tmp_lec_repro\generic.v:319$211 in module adaptive_aero_control_top_actuator_safety.
Marked 1 switch rules as full_case in process $proc$C:\Users\satheesh\chiploop-saas\.tmp_lec_repro\generic.v:316$209 in module adaptive_aero_control_top_actuator_safety.
Marked 1 switch rules as full_case in process $proc$C:\Users\satheesh\chiploop-saas\.tmp_lec_repro\generic.v:313$207 in module adaptive_aero_control_top_actuator_safety.
Marked 1 switch rules as full_case in process $proc$C:\Users\satheesh\chiploop-saas\.tmp_lec_repro\generic.v:280$175 in module adaptive_aero_control_top_actuator_safety.
Removed a total of 0 dead cases.

11.2.3. Executing PROC_PRUNE pass (remove redundant assignments in processes).
Removed 3 redundant assignments.
Promoted 0 assignments to connections.

11.2.4. Executing PROC_INIT pass (extract init attributes).

11.2.5. Executing PROC_ARST pass (detect async resets in processes).
Found async reset \reset_n in `\adaptive_aero_control_top_actuator_safety.$proc$C:\Users\satheesh\chiploop-saas\.tmp_lec_repro\generic.v:319$211'.
Found async reset \reset_n in `\adaptive_aero_control_top_actuator_safety.$proc$C:\Users\satheesh\chiploop-saas\.tmp_lec_repro\generic.v:316$209'.
Found async reset \reset_n in `\adaptive_aero_control_top_actuator_safety.$proc$C:\Users\satheesh\chiploop-saas\.tmp_lec_repro\generic.v:313$207'.
Found async reset \reset_n in `\adaptive_aero_control_top_actuator_safety.$proc$C:\Users\satheesh\chiploop-saas\.tmp_lec_repro\generic.v:280$175'.

11.2.6. Executing PROC_ROM pass (convert switches to ROMs).
Converted 0 switches.
<suppressed ~1 debug messages>

11.2.7. Executing PROC_MUX pass (convert decision trees to multiplexers).
Creating decoders for process `\adaptive_aero_control_top_actuator_safety.$proc$C:\Users\satheesh\chiploop-saas\.tmp_lec_repro\generic.v:319$211'.
     1/1: $0\reg_clamp_active_r[0:0]
Creating decoders for process `\adaptive_aero_control_top_actuator_safety.$proc$C:\Users\satheesh\chiploop-saas\.tmp_lec_repro\generic.v:316$209'.
     1/1: $0\actuator_cmd_valid_r[0:0]
Creating decoders for process `\adaptive_aero_control_top_actuator_safety.$proc$C:\Users\satheesh\chiploop-saas\.tmp_lec_repro\generic.v:313$207'.
     1/1: $0\actuator_cmd_r[15:0]
Creating decoders for process `\adaptive_aero_control_top_actuator_safety.$proc$C:\Users\satheesh\chiploop-saas\.tmp_lec_repro\generic.v:280$175'.
     1/1: $0\last_accepted_cmd_r[15:0]

11.2.8. Executing PROC_DLATCH pass (convert process syncs to latches).

11.2.9. Executing PROC_DFF pass (convert process syncs to FFs).
Creating register for signal `\adaptive_aero_control_top_actuator_safety.\reg_clamp_active_r' using process `\adaptive_aero_control_top_actuator_safety.$proc$C:\Users\satheesh\chiploop-saas\.tmp_lec_repro\generic.v:319$211'.
  created $adff cell `$procdff$481' with positive edge clock and positive level reset.
Creating register for signal `\adaptive_aero_control_top_actuator_safety.\actuator_cmd_valid_r' using process `\adaptive_aero_control_top_actuator_safety.$proc$C:\Users\satheesh\chiploop-saas\.tmp_lec_repro\generic.v:316$209'.
  created $adff cell `$procdff$486' with positive edge clock and positive level reset.
Creating register for signal `\adaptive_aero_control_top_actuator_safety.\actuator_cmd_r' using process `\adaptive_aero_control_top_actuator_safety.$proc$C:\Users\satheesh\chiploop-saas\.tmp_lec_repro\generic.v:313$207'.
  created $adff cell `$procdff$491' with positive edge clock and positive level reset.
Creating register for signal `\adaptive_aero_control_top_actuator_safety.\last_accepted_cmd_r' using process `\adaptive_aero_control_top_actuator_safety.$proc$C:\Users\satheesh\chiploop-saas\.tmp_lec_repro\generic.v:280$175'.
  created $adff cell `$procdff$496' with positive edge clock and positive level reset.

11.2.10. Executing PROC_MEMWR pass (convert process memory writes to cells).

11.2.11. Executing PROC_CLEAN pass (remove empty switches from decision trees).
Removing empty process `adaptive_aero_control_top_actuator_safety.$proc$C:\Users\satheesh\chiploop-saas\.tmp_lec_repro\generic.v:319$211'.
Removing empty process `adaptive_aero_control_top_actuator_safety.$proc$C:\Users\satheesh\chiploop-saas\.tmp_lec_repro\generic.v:316$209'.
Removing empty process `adaptive_aero_control_top_actuator_safety.$proc$C:\Users\satheesh\chiploop-saas\.tmp_lec_repro\generic.v:313$207'.
Found and cleaned up 1 empty switch in `\adaptive_aero_control_top_actuator_safety.$proc$C:\Users\satheesh\chiploop-saas\.tmp_lec_repro\generic.v:280$175'.
Removing empty process `adaptive_aero_control_top_actuator_safety.$proc$C:\Users\satheesh\chiploop-saas\.tmp_lec_repro\generic.v:280$175'.
Cleaned up 1 empty switch.

11.2.12. Executing OPT_EXPR pass (perform const folding).
Optimizing module adaptive_aero_control_top_actuator_safety.
<suppressed ~8 debug messages>

11.3. Executing FLATTEN pass (flatten design).

11.4. Executing FUTURE pass.

11.5. Executing OPT_EXPR pass (perform const folding).
Optimizing module adaptive_aero_control_top_actuator_safety.

11.6. Executing OPT_CLEAN pass (remove unused cells and wires).
Finding unused cells or wires in module \adaptive_aero_control_top_actuator_safety..
Removed 8 unused cells and 66 unused wires.
<suppressed ~9 debug messages>

11.7. Executing CHECK pass (checking for obvious problems).
Checking module adaptive_aero_control_top_actuator_safety...
Found and reported 0 problems.

11.8. Executing OPT pass (performing simple optimizations).

11.8.1. Executing OPT_EXPR pass (perform const folding).
Optimizing module adaptive_aero_control_top_actuator_safety.

11.8.2. Executing OPT_MERGE pass (detect identical cells).
Finding identical cells in module `\adaptive_aero_control_top_actuator_safety'.
Removed a total of 0 cells.

11.8.3. Executing OPT_MUXTREE pass (detect dead branches in mux trees).
Running muxtree optimizer on module \adaptive_aero_control_top_actuator_safety..
  Creating internal representation of mux trees.
  Evaluating internal representation of mux trees.
  Analyzing evaluation results.
Removed 0 multiplexer ports.
<suppressed ~8 debug messages>

11.8.4. Executing OPT_REDUCE pass (consolidate $*mux and $reduce_* inputs).
  Optimizing cells in module \adaptive_aero_control_top_actuator_safety.
Performed a total of 0 changes.

11.8.5. Executing OPT_MERGE pass (detect identical cells).
Finding identical cells in module `\adaptive_aero_control_top_actuator_safety'.
Removed a total of 0 cells.

11.8.6. Executing OPT_CLEAN pass (remove unused cells and wires).
Finding unused cells or wires in module \adaptive_aero_control_top_actuator_safety..

11.8.7. Executing OPT_EXPR pass (perform const folding).
Optimizing module adaptive_aero_control_top_actuator_safety.

11.8.8. Finished OPT passes. (There is nothing left to do.)

11.9. Executing WREDUCE pass (reducing word size of cells).
Removed top 1 bits (of 2) from port B of cell adaptive_aero_control_top_actuator_safety.$ne$C:\Users\satheesh\chiploop-saas\.tmp_lec_repro\generic.v:283$177 ($ne).

11.10. Executing OPT_CLEAN pass (remove unused cells and wires).
Finding unused cells or wires in module \adaptive_aero_control_top_actuator_safety..

11.11. Executing MEMORY_COLLECT pass (generating $mem cells).

11.12. Executing OPT pass (performing simple optimizations).

11.12.1. Executing OPT_EXPR pass (perform const folding).
Optimizing module adaptive_aero_control_top_actuator_safety.

11.12.2. Executing OPT_MERGE pass (detect identical cells).
Finding identical cells in module `\adaptive_aero_control_top_actuator_safety'.
Removed a total of 0 cells.

11.12.3. Executing OPT_CLEAN pass (remove unused cells and wires).
Finding unused cells or wires in module \adaptive_aero_control_top_actuator_safety..

11.12.4. Finished fast OPT passes.

11.13. Printing statistics.

=== adaptive_aero_control_top_actuator_safety ===

   Number of wires:                 76
   Number of wire bits:            466
   Number of public wires:          75
   Number of public wire bits:     450
   Number of ports:                 20
   Number of port bits:            140
   Number of memories:               0
   Number of memory bits:            0
   Number of processes:              0
   Number of cells:                 54
     $add                            1
     $adff                           4
     $gt                             5
     $logic_and                      2
     $logic_not                      3
     $logic_or                      11
     $lt                             2
     $mux                           16
     $ne                             3
     $or                             4
     $sub                            3

11.14. Executing CHECK pass (checking for obvious problems).
Checking module adaptive_aero_control_top_actuator_safety...
Found and reported 0 problems.

12. Executing ASYNC2SYNC pass.
Replacing adaptive_aero_control_top_actuator_safety.$procdff$481 ($adff): ARST=\reset_n, D=\_03_, Q=\reg_clamp_active_r
Replacing adaptive_aero_control_top_actuator_safety.$procdff$486 ($adff): ARST=\reset_n, D=\_01_, Q=\actuator_cmd_valid_r
Replacing adaptive_aero_control_top_actuator_safety.$procdff$491 ($adff): ARST=\reset_n, D=\_00_, Q=\actuator_cmd_r
Replacing adaptive_aero_control_top_actuator_safety.$procdff$496 ($adff): ARST=\reset_n, D=$0\last_accepted_cmd_r[15:0], Q=\last_accepted_cmd_r

13. Executing MEMORY pass.

13.1. Executing OPT_MEM pass (optimize memories).
Performed a total of 0 transformations.

13.2. Executing OPT_MEM_PRIORITY pass (removing unnecessary memory write priority relations).
Performed a total of 0 transformations.

13.3. Executing OPT_MEM_FEEDBACK pass (finding memory read-to-write feedback paths).

13.4. Executing MEMORY_BMUX2ROM pass (converting muxes to ROMs).

13.5. Executing MEMORY_DFF pass (merging $dff cells to $memrd).

13.6. Executing OPT_CLEAN pass (remove unused cells and wires).
Finding unused cells or wires in module \adaptive_aero_control_top_actuator_safety..

13.7. Executing MEMORY_SHARE pass (consolidating $memrd/$memwr cells).

13.8. Executing OPT_MEM_WIDEN pass (optimize memories where all ports are wide).
Performed a total of 0 transformations.

13.9. Executing OPT_CLEAN pass (remove unused cells and wires).
Finding unused cells or wires in module \adaptive_aero_control_top_actuator_safety..

13.10. Executing MEMORY_COLLECT pass (generating $mem cells).

13.11. Executing MEMORY_MAP pass (converting memories to logic and flip-flops).

14. Executing OPT_CLEAN pass (remove unused cells and wires).
Finding unused cells or wires in module \adaptive_aero_control_top_actuator_safety..
Renaming module \adaptive_aero_control_top_actuator_safety to \gate.

15. Executing EQUIV_MAKE pass (creating equiv checking module).
Presumably equivalent wires: actuator_cmd_o_gold (\actuator_cmd_r_gold), actuator_cmd_o_gate (\actuator_cmd_r_gate) -> actuator_cmd_o
Presumably equivalent wires: actuator_cmd_r_gold (\actuator_cmd_r_gold), actuator_cmd_r_gate (\actuator_cmd_r_gate) -> actuator_cmd_r
Presumably equivalent wires: actuator_cmd_valid_o_gold (\actuator_cmd_valid_r_gold), actuator_cmd_valid_o_gate (\actuator_cmd_valid_r_gate) -> actuator_cmd_valid_o
Presumably equivalent wires: actuator_cmd_valid_r_gold (\actuator_cmd_valid_r_gold), actuator_cmd_valid_r_gate (\actuator_cmd_valid_r_gate) -> actuator_cmd_valid_r
Presumably equivalent wires: bounded_cmd_gold (\bounded_cmd_gold), bounded_cmd_gate (\bounded_cmd_gate) -> bounded_cmd
Presumably equivalent wires: cfg_clamp_max_gold (\cfg_clamp_max_gold), cfg_clamp_max_gate (\cfg_clamp_max_gate) -> cfg_clamp_max
Presumably equivalent wires: cfg_clamp_min_gold (\cfg_clamp_min_gold), cfg_clamp_min_gate (\cfg_clamp_min_gate) -> cfg_clamp_min
Presumably equivalent wires: cfg_fallback_cmd_gold (\cfg_fallback_cmd_gold), cfg_fallback_cmd_gate (\cfg_fallback_cmd_gate) -> cfg_fallback_cmd
Presumably equivalent wires: cfg_rate_limit_en_gold (\cfg_rate_limit_en_gold), cfg_rate_limit_en_gate (\cfg_rate_limit_en_gate) -> cfg_rate_limit_en
Presumably equivalent wires: cfg_rate_limit_step_gold (\cfg_rate_limit_step_gold), cfg_rate_limit_step_gate (\cfg_rate_limit_step_gate) -> cfg_rate_limit_step
Presumably equivalent wires: clamp_high_gold (\clamp_high_gold), clamp_high_gate (\clamp_high_gate) -> clamp_high
Presumably equivalent wires: clamp_low_gold (\clamp_low_gold), clamp_low_gate (\clamp_low_gate) -> clamp_low
Presumably equivalent wires: clamp_max_eff_gold (\cfg_clamp_max_gold), clamp_max_eff_gate (\cfg_clamp_max_gate) -> clamp_max_eff
Presumably equivalent wires: clamp_min_eff_gold (\cfg_clamp_min_gold), clamp_min_eff_gate (\cfg_clamp_min_gate) -> clamp_min_eff
Presumably equivalent wires: clk_gold (\clk_gold), clk_gate (\clk_gate) -> clk
Presumably equivalent wires: delta_down_gold (\delta_down_gold), delta_down_gate (\delta_down_gate) -> delta_down
Presumably equivalent wires: delta_up_gold (\delta_up_gold), delta_up_gate (\delta_up_gate) -> delta_up
Presumably equivalent wires: fault_mode_gold (\fault_mode_gold), fault_mode_gate (\fault_mode_gate) -> fault_mode
Presumably equivalent wires: last_accepted_cmd_o_gold (\last_accepted_cmd_r_gold), last_accepted_cmd_o_gate (\last_accepted_cmd_r_gate) -> last_accepted_cmd_o
Presumably equivalent wires: last_accepted_cmd_r_gold (\last_accepted_cmd_r_gold), last_accepted_cmd_r_gate (\last_accepted_cmd_r_gate) -> last_accepted_cmd_r
Presumably equivalent wires: pre_clamped_cmd_gold (\pre_clamped_cmd_gold), pre_clamped_cmd_gate (\pre_clamped_cmd_gate) -> pre_clamped_cmd
Presumably equivalent wires: rate_limited_cmd_gold (\rate_limited_cmd_gold), rate_limited_cmd_gate (\rate_limited_cmd_gate) -> rate_limited_cmd
Presumably equivalent wires: rate_step_eff_gold (\rate_step_eff_gold), rate_step_eff_gate (\rate_step_eff_gate) -> rate_step_eff
Presumably equivalent wires: reg_clamp_active_gold (\reg_clamp_active_r_gold), reg_clamp_active_gate (\reg_clamp_active_r_gate) -> reg_clamp_active
Presumably equivalent wires: reg_clamp_active_r_gold (\reg_clamp_active_r_gold), reg_clamp_active_r_gate (\reg_clamp_active_r_gate) -> reg_clamp_active_r
Presumably equivalent wires: reg_envelope_violation_gold (\reg_envelope_violation_gold), reg_envelope_violation_gate (\reg_envelope_violation_gate) -> reg_envelope_violation
Presumably equivalent wires: reg_fallback_active_gold (\reg_fallback_active_gold), reg_fallback_active_gate (\reg_fallback_active_gate) -> reg_fallback_active
Presumably equivalent wires: reg_last_accepted_cmd_gold (\last_accepted_cmd_r_gold), reg_last_accepted_cmd_gate (\last_accepted_cmd_r_gate) -> reg_last_accepted_cmd
Presumably equivalent wires: reg_pending_gold (\reg_pending_gold), reg_pending_gate (\reg_pending_gate) -> reg_pending
Presumably equivalent wires: reg_service_error_gold (\reg_service_error_gold), reg_service_error_gate (\reg_service_error_gate) -> reg_service_error
Presumably equivalent wires: reg_stale_reject_gold (\reg_stale_reject_gold), reg_stale_reject_gate (\reg_stale_reject_gate) -> reg_stale_reject
Presumably equivalent wires: reg_timeout_expired_gold (\reg_timeout_expired_gold), reg_timeout_expired_gate (\reg_timeout_expired_gate) -> reg_timeout_expired
Presumably equivalent wires: reset_n_gold (\reset_n_gold), reset_n_gate (\reset_n_gate) -> reset_n
Presumably equivalent wires: selected_cmd_o_gold (\selected_cmd_o_gold), selected_cmd_o_gate (\selected_cmd_o_gate) -> selected_cmd_o
Presumably equivalent wires: selected_cmd_valid_o_gold (\selected_cmd_valid_o_gold), selected_cmd_valid_o_gate (\selected_cmd_valid_o_gate) -> selected_cmd_valid_o
Presumably equivalent wires: step_down_gold (\step_down_gold), step_down_gate (\step_down_gate) -> step_down
Presumably equivalent wires: step_up_gold (\step_up_gold), step_up_gate (\step_up_gate) -> step_up
Changing input A of cell $gt$C:\Users\satheesh\chiploop-saas\.tmp_lec_repro\generic.v:285$179_gate ($gt): \delta_up_gate -> \delta_up
Changing input B of cell $gt$C:\Users\satheesh\chiploop-saas\.tmp_lec_repro\generic.v:285$179_gate ($gt): \rate_step_eff_gate -> \rate_step_eff
Changing input B of cell $gt$C:\Users\satheesh\chiploop-saas\.tmp_lec_repro\generic.v:286$180_gate ($gt): \last_accepted_cmd_r_gate -> \reg_last_accepted_cmd
Changing input A of cell $gt$C:\Users\satheesh\chiploop-saas\.tmp_lec_repro\generic.v:287$181_gate ($gt): \delta_down_gate -> \delta_down
Changing input B of cell $gt$C:\Users\satheesh\chiploop-saas\.tmp_lec_repro\generic.v:287$181_gate ($gt): \rate_step_eff_gate -> \rate_step_eff
Changing input A of cell $gt$C:\Users\satheesh\chiploop-saas\.tmp_lec_repro\generic.v:288$182_gate ($gt): \pre_clamped_cmd_gate -> \pre_clamped_cmd
Changing input B of cell $logic_or$C:\Users\satheesh\chiploop-saas\.tmp_lec_repro\generic.v:298$192_gate ($logic_or): \clamp_low_gate -> \clamp_low
Changing input B of cell $logic_or$C:\Users\satheesh\chiploop-saas\.tmp_lec_repro\generic.v:299$193_gate ($logic_or): \clamp_high_gate -> \clamp_high
Changing input B of cell $logic_or$C:\Users\satheesh\chiploop-saas\.tmp_lec_repro\generic.v:300$194_gate ($logic_or): \step_up_gate -> \step_up
Changing input B of cell $logic_or$C:\Users\satheesh\chiploop-saas\.tmp_lec_repro\generic.v:301$195_gate ($logic_or): \step_down_gate -> \step_down
Changing input A of cell $logic_or$C:\Users\satheesh\chiploop-saas\.tmp_lec_repro\generic.v:302$196_gate ($logic_or): \clamp_low_gate -> \clamp_low
Changing input B of cell $logic_or$C:\Users\satheesh\chiploop-saas\.tmp_lec_repro\generic.v:302$196_gate ($logic_or): \clamp_high_gate -> \clamp_high
Changing input A of cell $logic_or$C:\Users\satheesh\chiploop-saas\.tmp_lec_repro\generic.v:303$197_gate ($logic_or): \fault_mode_gate -> \fault_mode
Changing input B of cell $lt$C:\Users\satheesh\chiploop-saas\.tmp_lec_repro\generic.v:305$199_gate ($lt): \last_accepted_cmd_r_gate -> \reg_last_accepted_cmd
Changing input A of cell $ne$C:\Users\satheesh\chiploop-saas\.tmp_lec_repro\generic.v:307$201_gate ($ne): \rate_limited_cmd_gate -> \rate_limited_cmd
Changing input B of cell $ne$C:\Users\satheesh\chiploop-saas\.tmp_lec_repro\generic.v:308$202_gate ($ne): \last_accepted_cmd_r_gate -> \reg_last_accepted_cmd
Changing input A of cell $procmux$475_gate ($mux): \last_accepted_cmd_r_gate -> \reg_last_accepted_cmd
Changing input B of cell $sub$C:\Users\satheesh\chiploop-saas\.tmp_lec_repro\generic.v:332$223_gate ($sub): \last_accepted_cmd_r_gate -> \reg_last_accepted_cmd
Changing input A of cell $sub$C:\Users\satheesh\chiploop-saas\.tmp_lec_repro\generic.v:333$224_gate ($sub): \last_accepted_cmd_r_gate -> \reg_last_accepted_cmd
Changing input A of cell $sub$C:\Users\satheesh\chiploop-saas\.tmp_lec_repro\generic.v:334$225_gate ($sub): \last_accepted_cmd_r_gate -> \reg_last_accepted_cmd
Changing input B of cell $sub$C:\Users\satheesh\chiploop-saas\.tmp_lec_repro\generic.v:334$225_gate ($sub): \rate_step_eff_gate -> \rate_step_eff
Changing input A of cell $ternary$C:\Users\satheesh\chiploop-saas\.tmp_lec_repro\generic.v:323$214_gate ($mux): \bounded_cmd_gate -> \bounded_cmd
Changing input B of cell $ternary$C:\Users\satheesh\chiploop-saas\.tmp_lec_repro\generic.v:323$214_gate ($mux): \rate_limited_cmd_gate -> \rate_limited_cmd
Changing input A of cell $ternary$C:\Users\satheesh\chiploop-saas\.tmp_lec_repro\generic.v:331$222_gate ($mux): \actuator_cmd_r_gate -> \actuator_cmd_r
Changing input S of cell $ternary$C:\Users\satheesh\chiploop-saas\.tmp_lec_repro\generic.v:336$227_gate ($mux): \clamp_low_gate -> \clamp_low
Changing input A of cell $ternary$C:\Users\satheesh\chiploop-saas\.tmp_lec_repro\generic.v:337$228_gate ($mux): \pre_clamped_cmd_gate -> \pre_clamped_cmd
Changing input S of cell $ternary$C:\Users\satheesh\chiploop-saas\.tmp_lec_repro\generic.v:338$229_gate ($mux): \step_up_gate -> \step_up
Changing input A of cell $ternary$C:\Users\satheesh\chiploop-saas\.tmp_lec_repro\generic.v:339$230_gate ($mux): \bounded_cmd_gate -> \bounded_cmd
Changing input S of cell $ternary$C:\Users\satheesh\chiploop-saas\.tmp_lec_repro\generic.v:339$230_gate ($mux): \step_down_gate -> \step_down
Changing input A of cell $add$C:\Users\satheesh\chiploop-saas\.tmp_lec_repro\generic.v:279$174_gate ($add): \last_accepted_cmd_r_gate -> \reg_last_accepted_cmd
Changing input B of cell $add$C:\Users\satheesh\chiploop-saas\.tmp_lec_repro\generic.v:279$174_gate ($add): \rate_step_eff_gate -> \rate_step_eff
Changing input A of cell $gt$C:\Users\satheesh\chiploop-saas\.tmp_workflow_a51ebfb7\fpga\handoff\rtl\adaptive_aero_control_top_actuator_safety.v:70$10_gold ($gt): \delta_up_gold -> \delta_up
Changing input B of cell $gt$C:\Users\satheesh\chiploop-saas\.tmp_workflow_a51ebfb7\fpga\handoff\rtl\adaptive_aero_control_top_actuator_safety.v:70$10_gold ($gt): \rate_step_eff_gold -> \rate_step_eff
Changing input B of cell $gt$C:\Users\satheesh\chiploop-saas\.tmp_workflow_a51ebfb7\fpga\handoff\rtl\adaptive_aero_control_top_actuator_safety.v:70$9_gold ($gt): \last_accepted_cmd_r_gold -> \reg_last_accepted_cmd
Changing input A of cell $gt$C:\Users\satheesh\chiploop-saas\.tmp_workflow_a51ebfb7\fpga\handoff\rtl\adaptive_aero_control_top_actuator_safety.v:71$13_gold ($gt): \delta_down_gold -> \delta_down
Changing input B of cell $gt$C:\Users\satheesh\chiploop-saas\.tmp_workflow_a51ebfb7\fpga\handoff\rtl\adaptive_aero_control_top_actuator_safety.v:71$13_gold ($gt): \rate_step_eff_gold -> \rate_step_eff
Changing input A of cell $gt$C:\Users\satheesh\chiploop-saas\.tmp_workflow_a51ebfb7\fpga\handoff\rtl\adaptive_aero_control_top_actuator_safety.v:74$17_gold ($gt): \pre_clamped_cmd_gold -> \pre_clamped_cmd
Changing input B of cell $logic_or$C:\Users\satheesh\chiploop-saas\.tmp_workflow_a51ebfb7\fpga\handoff\rtl\adaptive_aero_control_top_actuator_safety.v:108$37_gold ($logic_or): \clamp_low_gold -> \clamp_low
Changing input B of cell $logic_or$C:\Users\satheesh\chiploop-saas\.tmp_workflow_a51ebfb7\fpga\handoff\rtl\adaptive_aero_control_top_actuator_safety.v:108$38_gold ($logic_or): \clamp_high_gold -> \clamp_high
Changing input B of cell $logic_or$C:\Users\satheesh\chiploop-saas\.tmp_workflow_a51ebfb7\fpga\handoff\rtl\adaptive_aero_control_top_actuator_safety.v:108$39_gold ($logic_or): \step_up_gold -> \step_up
Changing input B of cell $logic_or$C:\Users\satheesh\chiploop-saas\.tmp_workflow_a51ebfb7\fpga\handoff\rtl\adaptive_aero_control_top_actuator_safety.v:108$40_gold ($logic_or): \step_down_gold -> \step_down
Changing input A of cell $logic_or$C:\Users\satheesh\chiploop-saas\.tmp_workflow_a51ebfb7\fpga\handoff\rtl\adaptive_aero_control_top_actuator_safety.v:113$41_gold ($logic_or): \clamp_low_gold -> \clamp_low
Changing input B of cell $logic_or$C:\Users\satheesh\chiploop-saas\.tmp_workflow_a51ebfb7\fpga\handoff\rtl\adaptive_aero_control_top_actuator_safety.v:113$41_gold ($logic_or): \clamp_high_gold -> \clamp_high
Changing input A of cell $logic_or$C:\Users\satheesh\chiploop-saas\.tmp_workflow_a51ebfb7\fpga\handoff\rtl\adaptive_aero_control_top_actuator_safety.v:96$28_gold ($logic_or): \fault_mode_gold -> \fault_mode
Changing input B of cell $lt$C:\Users\satheesh\chiploop-saas\.tmp_workflow_a51ebfb7\fpga\handoff\rtl\adaptive_aero_control_top_actuator_safety.v:71$12_gold ($lt): \last_accepted_cmd_r_gold -> \reg_last_accepted_cmd
Changing input A of cell $ne$C:\Users\satheesh\chiploop-saas\.tmp_workflow_a51ebfb7\fpga\handoff\rtl\adaptive_aero_control_top_actuator_safety.v:108$36_gold ($ne): \rate_limited_cmd_gold -> \rate_limited_cmd
Changing input B of cell $ne$C:\Users\satheesh\chiploop-saas\.tmp_workflow_a51ebfb7\fpga\handoff\rtl\adaptive_aero_control_top_actuator_safety.v:99$31_gold ($ne): \last_accepted_cmd_r_gold -> \reg_last_accepted_cmd
Changing input A of cell $procmux$124_gold ($mux): \bounded_cmd_gold -> \bounded_cmd
Changing input B of cell $procmux$124_gold ($mux): \rate_limited_cmd_gold -> \rate_limited_cmd
Changing input A of cell $procmux$142_gold ($mux): \last_accepted_cmd_r_gold -> \reg_last_accepted_cmd
Changing input A of cell $procmux$144_gold ($mux): \actuator_cmd_r_gold -> \actuator_cmd_r
Changing input B of cell $sub$C:\Users\satheesh\chiploop-saas\.tmp_workflow_a51ebfb7\fpga\handoff\rtl\adaptive_aero_control_top_actuator_safety.v:68$7_gold ($sub): \last_accepted_cmd_r_gold -> \reg_last_accepted_cmd
Changing input A of cell $sub$C:\Users\satheesh\chiploop-saas\.tmp_workflow_a51ebfb7\fpga\handoff\rtl\adaptive_aero_control_top_actuator_safety.v:69$8_gold ($sub): \last_accepted_cmd_r_gold -> \reg_last_accepted_cmd
Changing input A of cell $sub$C:\Users\satheesh\chiploop-saas\.tmp_workflow_a51ebfb7\fpga\handoff\rtl\adaptive_aero_control_top_actuator_safety.v:76$20_gold ($sub): \last_accepted_cmd_r_gold -> \reg_last_accepted_cmd
Changing input B of cell $sub$C:\Users\satheesh\chiploop-saas\.tmp_workflow_a51ebfb7\fpga\handoff\rtl\adaptive_aero_control_top_actuator_safety.v:76$20_gold ($sub): \rate_step_eff_gold -> \rate_step_eff
Changing input S of cell $ternary$C:\Users\satheesh\chiploop-saas\.tmp_workflow_a51ebfb7\fpga\handoff\rtl\adaptive_aero_control_top_actuator_safety.v:73$16_gold ($mux): \clamp_low_gold -> \clamp_low
Changing input A of cell $ternary$C:\Users\satheesh\chiploop-saas\.tmp_workflow_a51ebfb7\fpga\handoff\rtl\adaptive_aero_control_top_actuator_safety.v:74$18_gold ($mux): \pre_clamped_cmd_gold -> \pre_clamped_cmd
Changing input S of cell $ternary$C:\Users\satheesh\chiploop-saas\.tmp_workflow_a51ebfb7\fpga\handoff\rtl\adaptive_aero_control_top_actuator_safety.v:75$22_gold ($mux): \step_up_gold -> \step_up
Changing input A of cell $ternary$C:\Users\satheesh\chiploop-saas\.tmp_workflow_a51ebfb7\fpga\handoff\rtl\adaptive_aero_control_top_actuator_safety.v:76$21_gold ($mux): \bounded_cmd_gold -> \bounded_cmd
Changing input S of cell $ternary$C:\Users\satheesh\chiploop-saas\.tmp_workflow_a51ebfb7\fpga\handoff\rtl\adaptive_aero_control_top_actuator_safety.v:76$21_gold ($mux): \step_down_gold -> \step_down
Changing input A of cell $add$C:\Users\satheesh\chiploop-saas\.tmp_workflow_a51ebfb7\fpga\handoff\rtl\adaptive_aero_control_top_actuator_safety.v:75$19_gold ($add): \last_accepted_cmd_r_gold -> \reg_last_accepted_cmd
Changing input B of cell $add$C:\Users\satheesh\chiploop-saas\.tmp_workflow_a51ebfb7\fpga\handoff\rtl\adaptive_aero_control_top_actuator_safety.v:75$19_gold ($add): \rate_step_eff_gold -> \rate_step_eff

16. Executing HIERARCHY pass (managing design hierarchy).

16.1. Analyzing design hierarchy..
Top module:  \equiv

16.2. Analyzing design hierarchy..
Top module:  \equiv
Removing unused module `\gate'.
Removing unused module `\gold'.
Removed 2 unused modules.

17. Executing EQUIV_STRUCT pass.
Running equiv_struct on module equiv:
  Starting iteration 1.
    Fwd merging 2 $equiv cells (from group of 2) using strategy deduplicate:
      Merging cells $auto$equiv_make.cc:294:find_same_wires$703 and $auto$equiv_make.cc:257:find_same_wires$702.
    Fwd merging 2 $equiv cells (from group of 3) using strategy deduplicate:
      Merging cells $auto$equiv_make.cc:257:find_same_wires$719 and $auto$equiv_make.cc:294:find_same_wires$653.
    Fwd merging 2 $equiv cells (from group of 3) using strategy deduplicate:
      Merging cells $auto$equiv_make.cc:257:find_same_wires$718 and $auto$equiv_make.cc:294:find_same_wires$652.
    Fwd merging 2 $equiv cells (from group of 3) using strategy deduplicate:
      Merging cells $auto$equiv_make.cc:257:find_same_wires$717 and $auto$equiv_make.cc:294:find_same_wires$651.
    Fwd merging 2 $equiv cells (from group of 3) using strategy deduplicate:
      Merging cells $auto$equiv_make.cc:257:find_same_wires$716 and $auto$equiv_make.cc:294:find_same_wires$650.
    Fwd merging 2 $equiv cells (from group of 3) using strategy deduplicate:
      Merging cells $auto$equiv_make.cc:257:find_same_wires$715 and $auto$equiv_make.cc:294:find_same_wires$649.
    Fwd merging 2 $equiv cells (from group of 3) using strategy deduplicate:
      Merging cells $auto$equiv_make.cc:257:find_same_wires$714 and $auto$equiv_make.cc:294:find_same_wires$648.
    Fwd merging 2 $equiv cells (from group of 3) using strategy deduplicate:
      Merging cells $auto$equiv_make.cc:257:find_same_wires$713 and $auto$equiv_make.cc:294:find_same_wires$647.
    Fwd merging 2 $equiv cells (from group of 3) using strategy deduplicate:
      Merging cells $auto$equiv_make.cc:257:find_same_wires$712 and $auto$equiv_make.cc:294:find_same_wires$646.
    Fwd merging 2 $equiv cells (from group of 3) using strategy deduplicate:
      Merging cells $auto$equiv_make.cc:257:find_same_wires$711 and $auto$equiv_make.cc:294:find_same_wires$645.
    Fwd merging 2 $equiv cells (from group of 3) using strategy deduplicate:
      Merging cells $auto$equiv_make.cc:257:find_same_wires$710 and $auto$equiv_make.cc:294:find_same_wires$644.
    Fwd merging 2 $equiv cells (from group of 3) using strategy deduplicate:
      Merging cells $auto$equiv_make.cc:257:find_same_wires$709 and $auto$equiv_make.cc:294:find_same_wires$643.
    Fwd merging 2 $equiv cells (from group of 3) using strategy deduplicate:
      Merging cells $auto$equiv_make.cc:257:find_same_wires$708 and $auto$equiv_make.cc:294:find_same_wires$642.
    Fwd merging 2 $equiv cells (from group of 3) using strategy deduplicate:
      Merging cells $auto$equiv_make.cc:257:find_same_wires$707 and $auto$equiv_make.cc:294:find_same_wires$641.
    Fwd merging 2 $equiv cells (from group of 3) using strategy deduplicate:
      Merging cells $auto$equiv_make.cc:257:find_same_wires$706 and $auto$equiv_make.cc:294:find_same_wires$640.
    Fwd merging 2 $equiv cells (from group of 3) using strategy deduplicate:
      Merging cells $auto$equiv_make.cc:257:find_same_wires$705 and $auto$equiv_make.cc:294:find_same_wires$639.
    Fwd merging 2 $equiv cells (from group of 3) using strategy deduplicate:
      Merging cells $auto$equiv_make.cc:257:find_same_wires$704 and $auto$equiv_make.cc:294:find_same_wires$638.
    Fwd merging 2 $equiv cells (from group of 2) using strategy deduplicate:
      Merging cells $auto$equiv_make.cc:294:find_same_wires$538 and $auto$equiv_make.cc:257:find_same_wires$537.
    Fwd merging 2 $equiv cells (from group of 2) using strategy deduplicate:
      Merging cells $auto$equiv_make.cc:294:find_same_wires$536 and $auto$equiv_make.cc:257:find_same_wires$520.
    Fwd merging 2 $equiv cells (from group of 2) using strategy deduplicate:
      Merging cells $auto$equiv_make.cc:294:find_same_wires$535 and $auto$equiv_make.cc:257:find_same_wires$519.
    Fwd merging 2 $equiv cells (from group of 2) using strategy deduplicate:
      Merging cells $auto$equiv_make.cc:294:find_same_wires$534 and $auto$equiv_make.cc:257:find_same_wires$518.
    Fwd merging 2 $equiv cells (from group of 2) using strategy deduplicate:
      Merging cells $auto$equiv_make.cc:294:find_same_wires$533 and $auto$equiv_make.cc:257:find_same_wires$517.
    Fwd merging 2 $equiv cells (from group of 2) using strategy deduplicate:
      Merging cells $auto$equiv_make.cc:294:find_same_wires$532 and $auto$equiv_make.cc:257:find_same_wires$516.
    Fwd merging 2 $equiv cells (from group of 2) using strategy deduplicate:
      Merging cells $auto$equiv_make.cc:294:find_same_wires$531 and $auto$equiv_make.cc:257:find_same_wires$515.
    Fwd merging 2 $equiv cells (from group of 2) using strategy deduplicate:
      Merging cells $auto$equiv_make.cc:294:find_same_wires$530 and $auto$equiv_make.cc:257:find_same_wires$514.
    Fwd merging 2 $equiv cells (from group of 2) using strategy deduplicate:
      Merging cells $auto$equiv_make.cc:294:find_same_wires$529 and $auto$equiv_make.cc:257:find_same_wires$513.
    Fwd merging 2 $equiv cells (from group of 2) using strategy deduplicate:
      Merging cells $auto$equiv_make.cc:294:find_same_wires$528 and $auto$equiv_make.cc:257:find_same_wires$512.
    Fwd merging 2 $equiv cells (from group of 2) using strategy deduplicate:
      Merging cells $auto$equiv_make.cc:294:find_same_wires$527 and $auto$equiv_make.cc:257:find_same_wires$511.
    Fwd merging 2 $equiv cells (from group of 2) using strategy deduplicate:
      Merging cells $auto$equiv_make.cc:294:find_same_wires$526 and $auto$equiv_make.cc:257:find_same_wires$510.
    Fwd merging 2 $equiv cells (from group of 2) using strategy deduplicate:
      Merging cells $auto$equiv_make.cc:294:find_same_wires$525 and $auto$equiv_make.cc:257:find_same_wires$509.
    Fwd merging 2 $equiv cells (from group of 2) using strategy deduplicate:
      Merging cells $auto$equiv_make.cc:294:find_same_wires$524 and $auto$equiv_make.cc:257:find_same_wires$508.
    Fwd merging 2 $equiv cells (from group of 2) using strategy deduplicate:
      Merging cells $auto$equiv_make.cc:294:find_same_wires$523 and $auto$equiv_make.cc:257:find_same_wires$507.
    Fwd merging 2 $equiv cells (from group of 2) using strategy deduplicate:
      Merging cells $auto$equiv_make.cc:294:find_same_wires$522 and $auto$equiv_make.cc:257:find_same_wires$506.
    Fwd merging 2 $equiv cells (from group of 2) using strategy deduplicate:
      Merging cells $auto$equiv_make.cc:294:find_same_wires$521 and $auto$equiv_make.cc:257:find_same_wires$505.
  Starting iteration 2.
    Fwd merging 2 $equiv cells (from group of 2) using strategy deduplicate:
      Merging cells $auto$equiv_make.cc:257:find_same_wires$719 and $auto$equiv_make.cc:257:find_same_wires$637.
    Fwd merging 2 $equiv cells (from group of 2) using strategy deduplicate:
      Merging cells $auto$equiv_make.cc:257:find_same_wires$718 and $auto$equiv_make.cc:257:find_same_wires$636.
    Fwd merging 2 $equiv cells (from group of 2) using strategy deduplicate:
      Merging cells $auto$equiv_make.cc:257:find_same_wires$717 and $auto$equiv_make.cc:257:find_same_wires$635.
    Fwd merging 2 $equiv cells (from group of 2) using strategy deduplicate:
      Merging cells $auto$equiv_make.cc:257:find_same_wires$716 and $auto$equiv_make.cc:257:find_same_wires$634.
    Fwd merging 2 $equiv cells (from group of 2) using strategy deduplicate:
      Merging cells $auto$equiv_make.cc:257:find_same_wires$715 and $auto$equiv_make.cc:257:find_same_wires$633.
    Fwd merging 2 $equiv cells (from group of 2) using strategy deduplicate:
      Merging cells $auto$equiv_make.cc:257:find_same_wires$714 and $auto$equiv_make.cc:257:find_same_wires$632.
    Fwd merging 2 $equiv cells (from group of 2) using strategy deduplicate:
      Merging cells $auto$equiv_make.cc:257:find_same_wires$713 and $auto$equiv_make.cc:257:find_same_wires$631.
    Fwd merging 2 $equiv cells (from group of 2) using strategy deduplicate:
      Merging cells $auto$equiv_make.cc:257:find_same_wires$712 and $auto$equiv_make.cc:257:find_same_wires$630.
    Fwd merging 2 $equiv cells (from group of 2) using strategy deduplicate:
      Merging cells $auto$equiv_make.cc:257:find_same_wires$711 and $auto$equiv_make.cc:257:find_same_wires$629.
    Fwd merging 2 $equiv cells (from group of 2) using strategy deduplicate:
      Merging cells $auto$equiv_make.cc:257:find_same_wires$710 and $auto$equiv_make.cc:257:find_same_wires$628.
    Fwd merging 2 $equiv cells (from group of 2) using strategy deduplicate:
      Merging cells $auto$equiv_make.cc:257:find_same_wires$709 and $auto$equiv_make.cc:257:find_same_wires$627.
    Fwd merging 2 $equiv cells (from group of 2) using strategy deduplicate:
      Merging cells $auto$equiv_make.cc:257:find_same_wires$708 and $auto$equiv_make.cc:257:find_same_wires$626.
    Fwd merging 2 $equiv cells (from group of 2) using strategy deduplicate:
      Merging cells $auto$equiv_make.cc:257:find_same_wires$707 and $auto$equiv_make.cc:257:find_same_wires$625.
    Fwd merging 2 $equiv cells (from group of 2) using strategy deduplicate:
      Merging cells $auto$equiv_make.cc:257:find_same_wires$706 and $auto$equiv_make.cc:257:find_same_wires$624.
    Fwd merging 2 $equiv cells (from group of 2) using strategy deduplicate:
      Merging cells $auto$equiv_make.cc:257:find_same_wires$705 and $auto$equiv_make.cc:257:find_same_wires$623.
    Fwd merging 2 $equiv cells (from group of 2) using strategy deduplicate:
      Merging cells $auto$equiv_make.cc:257:find_same_wires$622 and $auto$equiv_make.cc:257:find_same_wires$704.
  Starting iteration 3.
    Nothing to merge.
  Performed a total of 50 merges in module equiv.

18. Executing EQUIV_SIMPLE pass.
Found 167 unproven $equiv cells (18 groups) in equiv:
 Grouping SAT models for \reg_last_accepted_cmd [15:1]:
  Trying to prove $equiv for \reg_last_accepted_cmd [1]: success!
  Trying to prove $equiv for \reg_last_accepted_cmd [2]: success!
  Trying to prove $equiv for \reg_last_accepted_cmd [3]: success!
  Trying to prove $equiv for \reg_last_accepted_cmd [4]: success!
  Trying to prove $equiv for \reg_last_accepted_cmd [5]: success!
  Trying to prove $equiv for \reg_last_accepted_cmd [6]: success!
  Trying to prove $equiv for \reg_last_accepted_cmd [7]: success!
  Trying to prove $equiv for \reg_last_accepted_cmd [8]: success!
  Trying to prove $equiv for \reg_last_accepted_cmd [9]: success!
  Trying to prove $equiv for \reg_last_accepted_cmd [10]: success!
  Trying to prove $equiv for \reg_last_accepted_cmd [11]: success!
  Trying to prove $equiv for \reg_last_accepted_cmd [12]: success!
  Trying to prove $equiv for \reg_last_accepted_cmd [13]: success!
  Trying to prove $equiv for \reg_last_accepted_cmd [14]: success!
  Trying to prove $equiv for \reg_last_accepted_cmd [15]: success!
  Trying to prove $equiv for \last_accepted_cmd_o [0]: success!
 Grouping SAT models for \actuator_cmd_r:
  Trying to prove $equiv for \actuator_cmd_r [0]: success!
  Trying to prove $equiv for \actuator_cmd_r [1]: success!
  Trying to prove $equiv for \actuator_cmd_r [2]: success!
  Trying to prove $equiv for \actuator_cmd_r [3]: success!
  Trying to prove $equiv for \actuator_cmd_r [4]: success!
  Trying to prove $equiv for \actuator_cmd_r [5]: success!
  Trying to prove $equiv for \actuator_cmd_r [6]: success!
  Trying to prove $equiv for \actuator_cmd_r [7]: success!
  Trying to prove $equiv for \actuator_cmd_r [8]: success!
  Trying to prove $equiv for \actuator_cmd_r [9]: success!
  Trying to prove $equiv for \actuator_cmd_r [10]: success!
  Trying to prove $equiv for \actuator_cmd_r [11]: success!
  Trying to prove $equiv for \actuator_cmd_r [12]: success!
  Trying to prove $equiv for \actuator_cmd_r [13]: success!
  Trying to prove $equiv for \actuator_cmd_r [14]: success!
  Trying to prove $equiv for \actuator_cmd_r [15]: success!
  Trying to prove $equiv for \actuator_cmd_valid_r: success!
  Trying to prove $equiv for \reg_clamp_active_r: success!
  Trying to prove $equiv for \fault_mode: success!
 Grouping SAT models for \clamp_min_eff:
  Trying to prove $equiv for \clamp_min_eff [0]: success!
  Trying to prove $equiv for \clamp_min_eff [1]: success!
  Trying to prove $equiv for \clamp_min_eff [2]: success!
  Trying to prove $equiv for \clamp_min_eff [3]: success!
  Trying to prove $equiv for \clamp_min_eff [4]: success!
  Trying to prove $equiv for \clamp_min_eff [5]: success!
  Trying to prove $equiv for \clamp_min_eff [6]: success!
  Trying to prove $equiv for \clamp_min_eff [7]: success!
  Trying to prove $equiv for \clamp_min_eff [8]: success!
  Trying to prove $equiv for \clamp_min_eff [9]: success!
  Trying to prove $equiv for \clamp_min_eff [10]: success!
  Trying to prove $equiv for \clamp_min_eff [11]: success!
  Trying to prove $equiv for \clamp_min_eff [12]: success!
  Trying to prove $equiv for \clamp_min_eff [13]: success!
  Trying to prove $equiv for \clamp_min_eff [14]: success!
  Trying to prove $equiv for \clamp_min_eff [15]: success!
 Grouping SAT models for \clamp_max_eff:
  Trying to prove $equiv for \clamp_max_eff [0]: success!
  Trying to prove $equiv for \clamp_max_eff [1]: success!
  Trying to prove $equiv for \clamp_max_eff [2]: success!
  Trying to prove $equiv for \clamp_max_eff [3]: success!
  Trying to prove $equiv for \clamp_max_eff [4]: success!
  Trying to prove $equiv for \clamp_max_eff [5]: success!
  Trying to prove $equiv for \clamp_max_eff [6]: success!
  Trying to prove $equiv for \clamp_max_eff [7]: success!
  Trying to prove $equiv for \clamp_max_eff [8]: success!
  Trying to prove $equiv for \clamp_max_eff [9]: success!
  Trying to prove $equiv for \clamp_max_eff [10]: success!
  Trying to prove $equiv for \clamp_max_eff [11]: success!
  Trying to prove $equiv for \clamp_max_eff [12]: success!
  Trying to prove $equiv for \clamp_max_eff [13]: success!
  Trying to prove $equiv for \clamp_max_eff [14]: success!
  Trying to prove $equiv for \clamp_max_eff [15]: success!
 Grouping SAT models for \rate_step_eff:
  Trying to prove $equiv for \rate_step_eff [0]: success!
  Trying to prove $equiv for \rate_step_eff [1]: success!
  Trying to prove $equiv for \rate_step_eff [2]: success!
  Trying to prove $equiv for \rate_step_eff [3]: success!
  Trying to prove $equiv for \rate_step_eff [4]: success!
  Trying to prove $equiv for \rate_step_eff [5]: success!
  Trying to prove $equiv for \rate_step_eff [6]: success!
  Trying to prove $equiv for \rate_step_eff [7]: success!
  Trying to prove $equiv for \rate_step_eff [8]: success!
  Trying to prove $equiv for \rate_step_eff [9]: success!
  Trying to prove $equiv for \rate_step_eff [10]: success!
  Trying to prove $equiv for \rate_step_eff [11]: success!
  Trying to prove $equiv for \rate_step_eff [12]: success!
  Trying to prove $equiv for \rate_step_eff [13]: success!
  Trying to prove $equiv for \rate_step_eff [14]: success!
  Trying to prove $equiv for \rate_step_eff [15]: success!
 Grouping SAT models for \pre_clamped_cmd:
  Trying to prove $equiv for \pre_clamped_cmd [0]: success!
  Trying to prove $equiv for \pre_clamped_cmd [1]: success!
  Trying to prove $equiv for \pre_clamped_cmd [2]: success!
  Trying to prove $equiv for \pre_clamped_cmd [3]: success!
  Trying to prove $equiv for \pre_clamped_cmd [4]: success!
  Trying to prove $equiv for \pre_clamped_cmd [5]: success!
  Trying to prove $equiv for \pre_clamped_cmd [6]: success!
  Trying to prove $equiv for \pre_clamped_cmd [7]: success!
  Trying to prove $equiv for \pre_clamped_cmd [8]: success!
  Trying to prove $equiv for \pre_clamped_cmd [9]: success!
  Trying to prove $equiv for \pre_clamped_cmd [10]: success!
  Trying to prove $equiv for \pre_clamped_cmd [11]: success!
  Trying to prove $equiv for \pre_clamped_cmd [12]: success!
  Trying to prove $equiv for \pre_clamped_cmd [13]: success!
  Trying to prove $equiv for \pre_clamped_cmd [14]: success!
  Trying to prove $equiv for \pre_clamped_cmd [15]: success!
 Grouping SAT models for \rate_limited_cmd:
  Trying to prove $equiv for \rate_limited_cmd [0]: success!
  Trying to prove $equiv for \rate_limited_cmd [1]: success!
  Trying to prove $equiv for \rate_limited_cmd [2]: success!
  Trying to prove $equiv for \rate_limited_cmd [3]: success!
  Trying to prove $equiv for \rate_limited_cmd [4]: success!
  Trying to prove $equiv for \rate_limited_cmd [5]: success!
  Trying to prove $equiv for \rate_limited_cmd [6]: success!
  Trying to prove $equiv for \rate_limited_cmd [7]: success!
  Trying to prove $equiv for \rate_limited_cmd [8]: success!
  Trying to prove $equiv for \rate_limited_cmd [9]: success!
  Trying to prove $equiv for \rate_limited_cmd [10]: success!
  Trying to prove $equiv for \rate_limited_cmd [11]: success!
  Trying to prove $equiv for \rate_limited_cmd [12]: success!
  Trying to prove $equiv for \rate_limited_cmd [13]: success!
  Trying to prove $equiv for \rate_limited_cmd [14]: success!
  Trying to prove $equiv for \rate_limited_cmd [15]: success!
 Grouping SAT models for \bounded_cmd:
  Trying to prove $equiv for \bounded_cmd [0]: success!
  Trying to prove $equiv for \bounded_cmd [1]: success!
  Trying to prove $equiv for \bounded_cmd [2]: success!
  Trying to prove $equiv for \bounded_cmd [3]: success!
  Trying to prove $equiv for \bounded_cmd [4]: success!
  Trying to prove $equiv for \bounded_cmd [5]: success!
  Trying to prove $equiv for \bounded_cmd [6]: success!
  Trying to prove $equiv for \bounded_cmd [7]: success!
  Trying to prove $equiv for \bounded_cmd [8]: success!
  Trying to prove $equiv for \bounded_cmd [9]: success!
  Trying to prove $equiv for \bounded_cmd [10]: success!
  Trying to prove $equiv for \bounded_cmd [11]: success!
  Trying to prove $equiv for \bounded_cmd [12]: success!
  Trying to prove $equiv for \bounded_cmd [13]: success!
  Trying to prove $equiv for \bounded_cmd [14]: success!
  Trying to prove $equiv for \bounded_cmd [15]: success!
  Trying to prove $equiv for \clamp_low: success!
  Trying to prove $equiv for \clamp_high: success!
  Trying to prove $equiv for \step_up: success!
  Trying to prove $equiv for \step_down: success!
 Grouping SAT models for \delta_up:
  Trying to prove $equiv for \delta_up [0]: success!
  Trying to prove $equiv for \delta_up [1]: success!
  Trying to prove $equiv for \delta_up [2]: success!
  Trying to prove $equiv for \delta_up [3]: success!
  Trying to prove $equiv for \delta_up [4]: success!
  Trying to prove $equiv for \delta_up [5]: success!
  Trying to prove $equiv for \delta_up [6]: success!
  Trying to prove $equiv for \delta_up [7]: success!
  Trying to prove $equiv for \delta_up [8]: success!
  Trying to prove $equiv for \delta_up [9]: success!
  Trying to prove $equiv for \delta_up [10]: success!
  Trying to prove $equiv for \delta_up [11]: success!
  Trying to prove $equiv for \delta_up [12]: success!
  Trying to prove $equiv for \delta_up [13]: success!
  Trying to prove $equiv for \delta_up [14]: success!
  Trying to prove $equiv for \delta_up [15]: success!
 Grouping SAT models for \delta_down:
  Trying to prove $equiv for \delta_down [0]: success!
  Trying to prove $equiv for \delta_down [1]: success!
  Trying to prove $equiv for \delta_down [2]: success!
  Trying to prove $equiv for \delta_down [3]: success!
  Trying to prove $equiv for \delta_down [4]: success!
  Trying to prove $equiv for \delta_down [5]: success!
  Trying to prove $equiv for \delta_down [6]: success!
  Trying to prove $equiv for \delta_down [7]: success!
  Trying to prove $equiv for \delta_down [8]: success!
  Trying to prove $equiv for \delta_down [9]: success!
  Trying to prove $equiv for \delta_down [10]: success!
  Trying to prove $equiv for \delta_down [11]: success!
  Trying to prove $equiv for \delta_down [12]: success!
  Trying to prove $equiv for \delta_down [13]: success!
  Trying to prove $equiv for \delta_down [14]: success!
  Trying to prove $equiv for \delta_down [15]: success!
Proved 167 previously unproven $equiv cells.

19. Executing EQUIV_INDUCT pass.
No selected unproven $equiv cells found in equiv.
Proved 0 previously unproven $equiv cells.

20. Executing EQUIV_STATUS pass.
Found 167 $equiv cells in equiv:
  Of those cells 167 are proven and 0 are unproven.
  Equivalence successfully proven!

Warnings: 1 unique messages, 1 total
End of script. Logfile hash: 550ad6b9ab
Yosys 0.56 (git sha1 9c447ad9d4b1ea589369364eea38b4d70da2c599, x86_64-w64-mingw32-g++ 15.2.0 -march=nocona -msahf -mtune=generic -O2 -fstack-protector-strong -O3)
Time spent: 2% 15x opt_clean (0 sec), 2% 12x read_verilog (0 sec), ...