before
after
end initialazition
iLastUndetectedFault=2644
iLastUndetectedFault=2643
iLastUndetectedFault=2642
iLastUndetectedFault=2640
iLastUndetectedFault=2638
iLastUndetectedFault=2636
iLastUndetectedFault=2634
iLastUndetectedFault=2632
iLastUndetectedFault=2630
iLastUndetectedFault=2628
iLastUndetectedFault=2624
iLastUndetectedFault=2622
iLastUndetectedFault=2620
iLastUndetectedFault=2618
iLastUndetectedFault=2616
iLastUndetectedFault=2614
iLastUndetectedFault=2612
iLastUndetectedFault=2610
iLastUndetectedFault=2608
iLastUndetectedFault=2606
iLastUndetectedFault=2604
iLastUndetectedFault=2602
iLastUndetectedFault=2600
iLastUndetectedFault=2598
iLastUndetectedFault=2596
iLastUndetectedFault=2594
iLastUndetectedFault=2592
iLastUndetectedFault=2590
iLastUndetectedFault=2588
iLastUndetectedFault=2586
iLastUndetectedFault=2584
iLastUndetectedFault=2582
iLastUndetectedFault=2580
iLastUndetectedFault=2578
iLastUndetectedFault=2576
iLastUndetectedFault=2574
iLastUndetectedFault=2572
iLastUndetectedFault=2570
iLastUndetectedFault=2568
iLastUndetectedFault=2566
iLastUndetectedFault=2564
iLastUndetectedFault=2562
iLastUndetectedFault=2560
iLastUndetectedFault=2558
iLastUndetectedFault=2556
iLastUndetectedFault=2554
iLastUndetectedFault=2552
iLastUndetectedFault=2550
iLastUndetectedFault=2548
iLastUndetectedFault=2546
iLastUndetectedFault=2544
iLastUndetectedFault=2542
iLastUndetectedFault=2540
iLastUndetectedFault=2538
iLastUndetectedFault=2536
iLastUndetectedFault=2534
iLastUndetectedFault=2532
iLastUndetectedFault=2530
iLastUndetectedFault=2528
iLastUndetectedFault=2526
iLastUndetectedFault=2524
iLastUndetectedFault=2522
iLastUndetectedFault=2520
iLastUndetectedFault=2518
iLastUndetectedFault=2516
iLastUndetectedFault=2514
iLastUndetectedFault=2512
iLastUndetectedFault=2510
iLastUndetectedFault=2508
iLastUndetectedFault=2506
iLastUndetectedFault=2504
iLastUndetectedFault=2502
iLastUndetectedFault=2500
iLastUndetectedFault=2498
iLastUndetectedFault=2496
iLastUndetectedFault=2494
iLastUndetectedFault=2492
iLastUndetectedFault=2490
iLastUndetectedFault=2488
iLastUndetectedFault=2486
iLastUndetectedFault=2484
iLastUndetectedFault=2482
iLastUndetectedFault=2480
iLastUndetectedFault=2478
iLastUndetectedFault=2476
iLastUndetectedFault=2474
iLastUndetectedFault=2472
iLastUndetectedFault=2470
iLastUndetectedFault=2468
iLastUndetectedFault=2466
iLastUndetectedFault=2464
iLastUndetectedFault=2462
iLastUndetectedFault=2460
iLastUndetectedFault=2458
iLastUndetectedFault=2450
iLastUndetectedFault=2448
iLastUndetectedFault=2447
iLastUndetectedFault=2446
iLastUndetectedFault=2444
iLastUndetectedFault=2442
iLastUndetectedFault=2440
iLastUndetectedFault=2438
iLastUndetectedFault=2437
iLastUndetectedFault=2436
iLastUndetectedFault=2422
iLastUndetectedFault=2421
iLastUndetectedFault=2420
iLastUndetectedFault=2419
iLastUndetectedFault=2417
iLastUndetectedFault=2416
iLastUndetectedFault=2414
iLastUndetectedFault=2413
iLastUndetectedFault=2410
iLastUndetectedFault=2408
iLastUndetectedFault=2407
iLastUndetectedFault=2406
iLastUndetectedFault=2405
iLastUndetectedFault=2401
iLastUndetectedFault=2399
iLastUndetectedFault=2398
iLastUndetectedFault=2384
iLastUndetectedFault=2382
iLastUndetectedFault=2381
iLastUndetectedFault=2380
iLastUndetectedFault=2379
iLastUndetectedFault=2377
iLastUndetectedFault=2376
iLastUndetectedFault=2375
iLastUndetectedFault=2374
iLastUndetectedFault=2370
iLastUndetectedFault=2367
iLastUndetectedFault=2366
iLastUndetectedFault=2365
iLastUndetectedFault=2364
iLastUndetectedFault=2363
iLastUndetectedFault=2361
iLastUndetectedFault=2360
iLastUndetectedFault=2359
iLastUndetectedFault=2358
iLastUndetectedFault=2356
iLastUndetectedFault=2355
iLastUndetectedFault=2354
iLastUndetectedFault=2353
iLastUndetectedFault=2351
iLastUndetectedFault=2350
iLastUndetectedFault=2349
iLastUndetectedFault=2348
iLastUndetectedFault=2345
iLastUndetectedFault=2344
iLastUndetectedFault=2343
iLastUndetectedFault=2342
iLastUndetectedFault=2340
iLastUndetectedFault=2339
iLastUndetectedFault=2338
iLastUndetectedFault=2337
iLastUndetectedFault=2335
iLastUndetectedFault=2334
iLastUndetectedFault=2333
iLastUndetectedFault=2332
iLastUndetectedFault=2330
iLastUndetectedFault=2329
iLastUndetectedFault=2328
iLastUndetectedFault=2327
iLastUndetectedFault=2323
iLastUndetectedFault=2322
iLastUndetectedFault=2321
iLastUndetectedFault=2320
iLastUndetectedFault=2319
iLastUndetectedFault=2318
iLastUndetectedFault=2314
iLastUndetectedFault=2313
iLastUndetectedFault=2309
iLastUndetectedFault=2308
iLastUndetectedFault=2306
iLastUndetectedFault=2304
iLastUndetectedFault=2300
iLastUndetectedFault=2295
iLastUndetectedFault=2294
iLastUndetectedFault=2292
iLastUndetectedFault=2291
iLastUndetectedFault=2290
iLastUndetectedFault=2282
iLastUndetectedFault=2280
iLastUndetectedFault=2269
iLastUndetectedFault=2262
iLastUndetectedFault=2260
iLastUndetectedFault=2258
iLastUndetectedFault=2257
iLastUndetectedFault=2250
iLastUndetectedFault=2249
iLastUndetectedFault=2245
iLastUndetectedFault=2242
iLastUndetectedFault=2236
iLastUndetectedFault=2234
iLastUndetectedFault=2233
iLastUndetectedFault=2225
iLastUndetectedFault=2224
iLastUndetectedFault=2222
iLastUndetectedFault=2221
iLastUndetectedFault=2218
iLastUndetectedFault=2217
iLastUndetectedFault=2215
iLastUndetectedFault=2212
iLastUndetectedFault=2211
iLastUndetectedFault=2210
iLastUndetectedFault=2205
iLastUndetectedFault=2199
iLastUndetectedFault=2198
iLastUndetectedFault=2187
iLastUndetectedFault=2178
iLastUndetectedFault=2169
iLastUndetectedFault=2167
iLastUndetectedFault=2165
iLastUndetectedFault=2163
iLastUndetectedFault=2161
iLastUndetectedFault=2159
iLastUndetectedFault=2157
iLastUndetectedFault=2155
iLastUndetectedFault=2153
iLastUndetectedFault=2151
iLastUndetectedFault=2149
iLastUndetectedFault=2147
iLastUndetectedFault=2145
iLastUndetectedFault=2143
iLastUndetectedFault=2141
iLastUndetectedFault=2139
iLastUndetectedFault=2137
iLastUndetectedFault=2135
iLastUndetectedFault=2133
iLastUndetectedFault=2131
iLastUndetectedFault=2129
iLastUndetectedFault=2127
iLastUndetectedFault=2125
iLastUndetectedFault=2123
iLastUndetectedFault=2121
iLastUndetectedFault=2119
iLastUndetectedFault=2117
iLastUndetectedFault=2115
iLastUndetectedFault=2113
iLastUndetectedFault=2111
iLastUndetectedFault=2105
iLastUndetectedFault=2083
iLastUndetectedFault=2061
iLastUndetectedFault=2043
iLastUndetectedFault=2041
iLastUndetectedFault=2039
iLastUndetectedFault=2037
iLastUndetectedFault=2035
iLastUndetectedFault=2033
iLastUndetectedFault=2031
iLastUndetectedFault=2029
iLastUndetectedFault=2027
iLastUndetectedFault=2025
iLastUndetectedFault=2023
iLastUndetectedFault=2021
iLastUndetectedFault=2019
iLastUndetectedFault=2017
iLastUndetectedFault=2015
iLastUndetectedFault=2013
iLastUndetectedFault=2011
iLastUndetectedFault=2009
iLastUndetectedFault=2007
iLastUndetectedFault=2005
iLastUndetectedFault=2003
iLastUndetectedFault=2001
iLastUndetectedFault=1999
iLastUndetectedFault=1997
iLastUndetectedFault=1995
iLastUndetectedFault=1993
iLastUndetectedFault=1991
iLastUndetectedFault=1989
iLastUndetectedFault=1987
iLastUndetectedFault=1985
iLastUndetectedFault=1983
iLastUndetectedFault=1981
iLastUndetectedFault=1979
iLastUndetectedFault=1977
iLastUndetectedFault=1975
iLastUndetectedFault=1973
iLastUndetectedFault=1971
iLastUndetectedFault=1969
iLastUndetectedFault=1967
iLastUndetectedFault=1965
iLastUndetectedFault=1963
iLastUndetectedFault=1961
iLastUndetectedFault=1959
iLastUndetectedFault=1957
iLastUndetectedFault=1955
iLastUndetectedFault=1953
iLastUndetectedFault=1951
iLastUndetectedFault=1949
iLastUndetectedFault=1947
iLastUndetectedFault=1945
iLastUndetectedFault=1943
iLastUndetectedFault=1941
iLastUndetectedFault=1939
iLastUndetectedFault=1937
iLastUndetectedFault=1935
iLastUndetectedFault=1933
iLastUndetectedFault=1931
iLastUndetectedFault=1929
iLastUndetectedFault=1927
iLastUndetectedFault=1925
iLastUndetectedFault=1923
iLastUndetectedFault=1921
iLastUndetectedFault=1919
iLastUndetectedFault=1917
iLastUndetectedFault=1915
iLastUndetectedFault=1913
iLastUndetectedFault=1911
iLastUndetectedFault=1909
iLastUndetectedFault=1907
iLastUndetectedFault=1905
iLastUndetectedFault=1903
iLastUndetectedFault=1901
iLastUndetectedFault=1899
iLastUndetectedFault=1897
iLastUndetectedFault=1895
iLastUndetectedFault=1893
iLastUndetectedFault=1891
iLastUndetectedFault=1889
iLastUndetectedFault=1887
iLastUndetectedFault=1883
iLastUndetectedFault=1881
iLastUndetectedFault=1879
iLastUndetectedFault=1877
iLastUndetectedFault=1875
iLastUndetectedFault=1873
iLastUndetectedFault=1871
iLastUndetectedFault=1869
iLastUndetectedFault=1867
iLastUndetectedFault=1865
iLastUndetectedFault=1863
iLastUndetectedFault=1861
iLastUndetectedFault=1859
iLastUndetectedFault=1857
iLastUndetectedFault=1855
iLastUndetectedFault=1853
iLastUndetectedFault=1851
iLastUndetectedFault=1849
iLastUndetectedFault=1847
iLastUndetectedFault=1845
iLastUndetectedFault=1843
iLastUndetectedFault=1841
iLastUndetectedFault=1839
iLastUndetectedFault=1837
iLastUndetectedFault=1835
iLastUndetectedFault=1833
iLastUndetectedFault=1831
iLastUndetectedFault=1829
iLastUndetectedFault=1827
iLastUndetectedFault=1825
iLastUndetectedFault=1823
iLastUndetectedFault=1821
iLastUndetectedFault=1819
iLastUndetectedFault=1817
iLastUndetectedFault=1815
iLastUndetectedFault=1813
iLastUndetectedFault=1811
iLastUndetectedFault=1809
iLastUndetectedFault=1807
iLastUndetectedFault=1805
iLastUndetectedFault=1803
iLastUndetectedFault=1801
iLastUndetectedFault=1799
iLastUndetectedFault=1797
iLastUndetectedFault=1793
iLastUndetectedFault=1791
iLastUndetectedFault=1789
iLastUndetectedFault=1787
iLastUndetectedFault=1785
iLastUndetectedFault=1783
iLastUndetectedFault=1781
iLastUndetectedFault=1779
iLastUndetectedFault=1777
iLastUndetectedFault=1775
iLastUndetectedFault=1771
iLastUndetectedFault=1769
iLastUndetectedFault=1767
iLastUndetectedFault=1765
iLastUndetectedFault=1763
iLastUndetectedFault=1761
iLastUndetectedFault=1751
iLastUndetectedFault=1707
iLastUndetectedFault=1685
iLastUndetectedFault=1675
iLastUndetectedFault=1673
iLastUndetectedFault=1671
iLastUndetectedFault=1669
iLastUndetectedFault=1667
iLastUndetectedFault=1665
iLastUndetectedFault=1661
iLastUndetectedFault=1659
iLastUndetectedFault=1657
iLastUndetectedFault=1655
iLastUndetectedFault=1653
iLastUndetectedFault=1651
iLastUndetectedFault=1649
iLastUndetectedFault=1647
iLastUndetectedFault=1645
iLastUndetectedFault=1643
iLastUndetectedFault=1639
iLastUndetectedFault=1637
iLastUndetectedFault=1635
iLastUndetectedFault=1633
iLastUndetectedFault=1631
iLastUndetectedFault=1629
iLastUndetectedFault=1627
iLastUndetectedFault=1625
iLastUndetectedFault=1623
iLastUndetectedFault=1621
iLastUndetectedFault=1617
iLastUndetectedFault=1615
iLastUndetectedFault=1613
iLastUndetectedFault=1611
iLastUndetectedFault=1609
iLastUndetectedFault=1607
iLastUndetectedFault=1127
iLastUndetectedFault=1126
iLastUndetectedFault=1116
iLastUndetectedFault=1114
iLastUndetectedFault=1113
iLastUndetectedFault=1106
iLastUndetectedFault=1103
iLastUndetectedFault=1093
iLastUndetectedFault=1090
iLastUndetectedFault=1080
iLastUndetectedFault=1077
iLastUndetectedFault=1067
iLastUndetectedFault=1064
iLastUndetectedFault=1054
iLastUndetectedFault=1051
iLastUndetectedFault=1041
iLastUndetectedFault=1038
iLastUndetectedFault=1028
iLastUndetectedFault=1025
iLastUndetectedFault=1015
iLastUndetectedFault=1012
iLastUndetectedFault=1002
iLastUndetectedFault=999
iLastUndetectedFault=989
iLastUndetectedFault=986
iLastUndetectedFault=976
iLastUndetectedFault=973
iLastUndetectedFault=963
iLastUndetectedFault=960
iLastUndetectedFault=950
iLastUndetectedFault=947
iLastUndetectedFault=937
iLastUndetectedFault=934
iLastUndetectedFault=924
iLastUndetectedFault=921
iLastUndetectedFault=911
iLastUndetectedFault=908
iLastUndetectedFault=898
iLastUndetectedFault=895
iLastUndetectedFault=885
iLastUndetectedFault=882
iLastUndetectedFault=872
iLastUndetectedFault=869
iLastUndetectedFault=859
iLastUndetectedFault=856
iLastUndetectedFault=846
iLastUndetectedFault=843
iLastUndetectedFault=833
iLastUndetectedFault=830
iLastUndetectedFault=820
iLastUndetectedFault=817
iLastUndetectedFault=807
iLastUndetectedFault=804
iLastUndetectedFault=794
iLastUndetectedFault=791
iLastUndetectedFault=781
iLastUndetectedFault=778
iLastUndetectedFault=768
iLastUndetectedFault=765
iLastUndetectedFault=755
iLastUndetectedFault=752
iLastUndetectedFault=735
iLastUndetectedFault=716
iLastUndetectedFault=693
iLastUndetectedFault=692
iLastUndetectedFault=680
iLastUndetectedFault=679
iLastUndetectedFault=667
iLastUndetectedFault=666
iLastUndetectedFault=654
iLastUndetectedFault=653
350 350 350 350 350 350 	*******************************************************
	*                                                     *
	*          Welcome to atalanta (version 2.0)          *
	*                                                     *
	*               Dong S. Ha (ha@vt.edu)                *
	*            Web: http://www.ee.vt.edu/ha             *
	*  Virginia Polytechnic Institute & State University  *
	*                                                     *
	*******************************************************

******   SUMMARY OF TEST PATTERN GENERATION RESULTS   ******
1. Circuit structure
   Name of the circuit                       : Auto-generated_full-scan_combinational_model_for_Atalanta
   Number of primary inputs                  : 350
   Number of primary outputs                 : 882
   Number of gates                           : 1157
   Level of the circuit                      : 12

2. ATPG parameters
   Test pattern generation Mode              : RPT + DTPG + TC
   Limit of random patterns (packets)        : 16
   Backtrack limit                           : 10
   Initial random number generator seed      : 1785988082
   Test pattern compaction Mode              : REVERSE + SHUFFLE 
   Limit of shuffling compaction             : 2
   Number of shuffles                        : 7

3. Test pattern generation results
   Number of test patterns before compaction : 481
   Number of test patterns after compaction  : 427
   Fault coverage                            : 99.773 %
   Number of collapsed faults                : 2645
   Number of identified redundant faults     : 6
   Number of aborted faults                  : 0
   Total number of backtrackings             : 23

4. Memory used                               : 0.000 MB

5. CPU time
   Initialization                            : 0.000 Secs
   Fault simulation                          : 0.083 Secs
   FAN                                       : 0.017 Secs
   Total                                     : 0.100 Secs
