Info: Logic utilisation before packing:
Info:     Total LUT4s:        19/43848     0%
Info:         logic LUTs:     19/43848     0%
Info:         carry LUTs:      0/43848     0%
Info:           RAM LUTs:      0/ 5481     0%
Info:          RAMW LUTs:      0/10962     0%

Info:      Total DFFs:        19/43848     0%

Info: Packing IOs..
Info: Packing constants..
Info: Packing carries...
Info: Packing LUTs...
Info: Packing LUT5-7s...
Info: Packing FFs...
Info:     0 FFs paired with LUTs.
Info: Generating derived timing constraints...
Info: Promoting globals...
Info:     promoting clock net clk$TRELLIS_IO_IN to global network
Info: Checksum: 0xd7f23c73

Info: Device utilisation:
Info: 	          TRELLIS_IO:    41/  245    16%
Info: 	                DCCA:     1/   56     1%
Info: 	              DP16KD:     0/  108     0%
Info: 	          MULT18X18D:     0/   72     0%
Info: 	              ALU54B:     0/   36     0%
Info: 	             EHXPLLL:     0/    4     0%
Info: 	             EXTREFB:     0/    2     0%
Info: 	                DCUA:     0/    2     0%
Info: 	           PCSCLKDIV:     0/    2     0%
Info: 	             IOLOGIC:     0/  160     0%
Info: 	            SIOLOGIC:     0/   85     0%
Info: 	                 GSR:     0/    1     0%
Info: 	               JTAGG:     0/    1     0%
Info: 	                OSCG:     0/    1     0%
Info: 	               SEDGA:     0/    1     0%
Info: 	                 DTR:     0/    1     0%
Info: 	             USRMCLK:     0/    1     0%
Info: 	             CLKDIVF:     0/    4     0%
Info: 	           ECLKSYNCB:     0/   10     0%
Info: 	             DLLDELD:     0/    8     0%
Info: 	              DDRDLL:     0/    4     0%
Info: 	             DQSBUFM:     0/   10     0%
Info: 	     TRELLIS_ECLKBUF:     0/    8     0%
Info: 	        ECLKBRIDGECS:     0/    2     0%
Info: 	                DCSC:     0/    2     0%
Info: 	          TRELLIS_FF:    19/43848     0%
Info: 	        TRELLIS_COMB:    20/43848     0%
Info: 	        TRELLIS_RAMW:     0/ 5481     0%

Info: Placed 0 cells based on constraints.
Info: Creating initial analytic placement for 38 cells, random placement wirelen = 3552.
Info:     at initial placer iter 0, wirelen = 1698
Info:     at initial placer iter 1, wirelen = 1698
Info:     at initial placer iter 2, wirelen = 1699
Info:     at initial placer iter 3, wirelen = 1698
Info: Running main analytical placer, max placement attempts per cell = 10000.
Info:     at iteration #1, type ALL: wirelen solved = 1700, spread = 1714, legal = 1737; time = 0.01s
Info: HeAP Placer Time: 0.05s
Info:   of which solving equations: 0.00s
Info:   of which spreading cells: 0.00s
Info:   of which strict legalisation: 0.00s

Info: Running simulated annealing placer for refinement.
Info:   at iteration #1: temp = 0.000000, timing cost = 0, wirelen = 1737
Info:   at iteration #5: temp = 0.000000, timing cost = 0, wirelen = 1300
Info:   at iteration #10: temp = 0.000000, timing cost = 0, wirelen = 1290
Info:   at iteration #12: temp = 0.000000, timing cost = 0, wirelen = 1290 
Info: SA placement time 0.02s

Info: No Fmax available; no interior timing paths found in design.
Info: Checksum: 0x7c51f412
Info: Routing globals...
Info:     routing clock net $glbnet$clk$TRELLIS_IO_IN using global 0

Info: Routing..
Info: Setting up routing queue.
Info: Routing 78 arcs.
Info:            |   (re-)routed arcs  |   delta    | remaining|       time spent     |
Info:    IterCnt |  w/ripup   wo/ripup |  w/r  wo/r |      arcs| batch(sec) total(sec)|
Info:         79 |        1         78 |    1    78 |         0|       0.09       0.09|
Info: Routing complete.
Info: Router1 time 0.09s
Info: Checksum: 0xece66c83

Info: Critical path report for cross-domain path '<async>' -> 'posedge $glbnet$clk$TRELLIS_IO_IN':
Info: curr total
Info:  0.0  0.0  Source reset_n$tr_io.O
Info:  5.7  5.7    Net reset_n$TRELLIS_IO_IN (0,23) -> (78,50)
Info:                Sink cmd_value_r_TRELLIS_FF_Q_13_LSR_LUT4_Z.D
Info:                Defined in:
Info:                  /root/chiploop-backend/backend/workflows/c12d48b3-0c8c-4c48-8f08-ff713010262e/fpga/src/upstream/adaptive_aero_control_top.v:3.18-3.25
Info:  0.2  6.0  Source cmd_value_r_TRELLIS_FF_Q_13_LSR_LUT4_Z.F
Info:  0.3  6.3    Net cmd_value_r_TRELLIS_FF_Q_13_LSR (78,50) -> (78,50)
Info:                Sink cmd_value_r_TRELLIS_FF_Q_13.LSR
Info:  0.4  6.7  Setup cmd_value_r_TRELLIS_FF_Q_13.LSR
Info: 0.7 ns logic, 6.0 ns routing

Info: Critical path report for cross-domain path 'posedge $glbnet$clk$TRELLIS_IO_IN' -> '<async>':
Info: curr total
Info:  0.5  0.5  Source cmd_value_r_TRELLIS_FF_Q_2.Q
Info:  4.5  5.0    Net act_cmd_value[13]$TRELLIS_IO_OUT (11,20) -> (90,20)
Info:                Sink act_cmd_value[13]$tr_io.I
Info:                Defined in:
Info:                  /root/chiploop-backend/backend/workflows/c12d48b3-0c8c-4c48-8f08-ff713010262e/fpga/src/upstream/adaptive_aero_control_top.v:18.12-18.24
Info: 0.5 ns logic, 4.5 ns routing

Info: No Fmax available; no interior timing paths found in design.

Info: Program finished normally.