Info: Packing IOLOGIC...
Info: Packing DSPs...
Info: Packing BRAM...
Info: Packing LRAM...
Info: Packing carries...
Info: Packing FFs...
Info:     Created 13 OXIDE_FF cells from:
Info:              1x FD1P3BX
Info:             12x FD1P3DX
Info: Packing LUTs...
Info: Packing IOLOGIC...
Info: Placing DQSBUFs...
Info: Placing edge clocks...
Info: Inferring LUT+FF pairs...
Info:     Created 2 LUT+FF pairs and extended 11 clusters using total 13 FFs and 90 LUTs
Info: Promoting globals...
Info: Placing globals...
Info: Generating derived timing constraints...

Info: Device utilisation:
Info: 	            OXIDE_FF:      13/  32256     0%
Info: 	          OXIDE_COMB:      90/  32256     0%
Info: 	                RAMW:       0/   4032     0%
Info: 	         SEIO33_CORE:       0/    111     0%
Info: 	         SEIO18_CORE:       0/     74     0%
Info: 	       DIFFIO18_CORE:       0/     37     0%
Info: 	            OSC_CORE:       0/      1     0%
Info: 	           OXIDE_EBR:       0/     84     0%
Info: 	        PREADD9_CORE:       0/    112     0%
Info: 	          MULT9_CORE:       0/    112     0%
Info: 	         MULT18_CORE:       0/     56     0%
Info: 	          REG18_CORE:       0/    112     0%
Info: 	      MULT18X36_CORE:       0/     28     0%
Info: 	         MULT36_CORE:       0/     14     0%
Info: 	          ACC54_CORE:       0/     28     0%
Info: 	                 DCC:       0/     62     0%
Info: 	             VCC_DRV:       1/     86     1%
Info: 	            PLL_CORE:       0/      3     0%
Info: 	           LRAM_CORE:       0/      2     0%
Info: 	             IOLOGIC:       0/     74     0%
Info: 	            SIOLOGIC:       0/    110     0%
Info: 	        ECLKDIV_CORE:       0/     12     0%
Info: 	       ECLKSYNC_CORE:       0/     12     0%
Info: 	         DQSBUF_CORE:       0/      4     0%
Info: 	         DDRDLL_CORE:       0/      2     0%
Info: 	                 DCS:       0/      1     0%
Info: 	CONFIG_MULTIBOOT_CORE:       0/      1     0%
Info: 	    CONFIG_LMMI_CORE:       0/      1     0%
Info: 	  CONFIG_CLKRST_CORE:       0/      1     0%
Info: 	     CONFIG_HSE_CORE:       0/      1     0%

Info: Placed 0 cells based on constraints.
Info: Creating initial analytic placement for 50 cells, random placement wirelen = 2037.
Info:     at initial placer iter 0, wirelen = 10
Info:     at initial placer iter 1, wirelen = 7
Info:     at initial placer iter 2, wirelen = 4
Info:     at initial placer iter 3, wirelen = 7
Info: Running main analytical placer, max placement attempts per cell = 10000.
Info:     at iteration #1, type ALL: wirelen solved = 4, spread = 160, legal = 160; time = 0.00s
Info:     at iteration #2, type ALL: wirelen solved = 19, spread = 97, legal = 97; time = 0.00s
Info:     at iteration #3, type ALL: wirelen solved = 19, spread = 91, legal = 95; time = 0.00s
Info:     at iteration #4, type ALL: wirelen solved = 24, spread = 75, legal = 86; time = 0.00s
Info:     at iteration #5, type ALL: wirelen solved = 34, spread = 78, legal = 87; time = 0.00s
Info:     at iteration #6, type ALL: wirelen solved = 34, spread = 70, legal = 75; time = 0.00s
Info:     at iteration #7, type ALL: wirelen solved = 26, spread = 65, legal = 70; time = 0.00s
Info:     at iteration #8, type ALL: wirelen solved = 32, spread = 100, legal = 102; time = 0.00s
Info:     at iteration #9, type ALL: wirelen solved = 42, spread = 97, legal = 101; time = 0.00s
Info:     at iteration #10, type ALL: wirelen solved = 40, spread = 86, legal = 84; time = 0.00s
Info:     at iteration #11, type ALL: wirelen solved = 38, spread = 82, legal = 82; time = 0.00s
Info:     at iteration #12, type ALL: wirelen solved = 38, spread = 78, legal = 79; time = 0.00s
Info: HeAP Placer Time: 0.08s
Info:   of which solving equations: 0.02s
Info:   of which spreading cells: 0.02s
Info:   of which strict legalisation: 0.00s

Info: Running simulated annealing placer for refinement.
Info:   at iteration #1: temp = 0.000000, timing cost = 0, wirelen = 70
Info:   at iteration #5: temp = 0.000000, timing cost = 0, wirelen = 52
Info:   at iteration #10: temp = 0.000000, timing cost = 0, wirelen = 48
Info:   at iteration #13: temp = 0.000000, timing cost = 0, wirelen = 47 
Info: SA placement time 0.04s

Info: No Fmax available; no interior timing paths found in design.
Info: Checksum: 0x8e434c87
Info: Running post-place optimisations...
Info:      created 0 direct LUT-FF pairs
Info: Routing globals...
Info: Running router2...
Info: Setting up routing resources...
Info: Running main router loop...
Info:     iter=1 wires=1049 overused=82 overuse=109 archfail=NA
Info:     iter=2 wires=1002 overused=20 overuse=21 archfail=NA
Info:     iter=3 wires=1003 overused=9 overuse=9 archfail=NA
Info:     iter=4 wires=999 overused=0 overuse=0 archfail=0
Info: Router2 time 1.16s
Info: Running router1 to check that route is legal...

Info: Routing..
Info: Setting up routing queue.
Info: Routing 0 arcs.
Info:            |   (re-)routed arcs  |   delta    | remaining|       time spent     |
Info:    IterCnt |  w/ripup   wo/ripup |  w/r  wo/r |      arcs| batch(sec) total(sec)|
Info:          0 |        0          0 |    0     0 |         0|       0.00       0.00|
Info: Routing complete.
Info: Router1 time 0.00s
Info: Checksum: 0x003ae020

Info: No Fmax available; no interior timing paths found in design.

Info: Program finished normally.