[2026-08-07T00:46:24.665419Z] Digital Implementation Setup Agent
workflow_id=d9b65073-212a-4067-abf1-7fce5ff0598e
workflow_dir=/root/chiploop-backend/artifacts/3c6dfa47-ba1d-4be5-857c-c60b38fc0ff6/d9b65073-212a-4067-abf1-7fce5ff0598e/40905826-71fa-42c7-9b3a-4ca02157b2a1/digital/arch2tapeout
profile_path=/root/chiploop-backend/artifacts/3c6dfa47-ba1d-4be5-857c-c60b38fc0ff6/d9b65073-212a-4067-abf1-7fce5ff0598e/40905826-71fa-42c7-9b3a-4ca02157b2a1/digital/arch2tapeout/digital/foundry/foundry_profile.json
spec_json=None
top_module=motor_control_top
top_level_io_bits=1131
die_area=0 0 1240 1240
rtl_count=4
clock_port=clk
reset_name=reset_n
clock_mhz=100.0
clock_period_ns=10.0
clock_intent={"type": "digital_clock_intent", "clocks": [{"name": "clk", "port": "clk", "frequency_mhz": 100.0, "period_ns": 10.0, "source": "rtl_port_inference+default_frequency", "needs_user_frequency": false}], "resets": [{"name": "reset_n", "port": "reset_n", "active_low": true, "source": "rtl_port_inference"}], "primary_clock": "clk", "primary_reset": "reset_n", "needs_user_review": false, "provenance": {"requested": true, "sdc_clocks": 0, "spec_clocks": 0, "rtl_clocks": 1, "spec_resets": 0, "rtl_resets": 1}}
request_target_frequency_mhz=100.0
request_constraints_sdc_present=False
upstream_sdc=None
sdc_source=inferred_clock_intent
sdc_basename=motor_control_top.sdc
canonical_sdc=/root/chiploop-backend/artifacts/3c6dfa47-ba1d-4be5-857c-c60b38fc0ff6/d9b65073-212a-4067-abf1-7fce5ff0598e/40905826-71fa-42c7-9b3a-4ca02157b2a1/digital/arch2tapeout/digital/impl_setup/constraints/motor_control_top.sdc
filelist=/root/chiploop-backend/artifacts/3c6dfa47-ba1d-4be5-857c-c60b38fc0ff6/d9b65073-212a-4067-abf1-7fce5ff0598e/40905826-71fa-42c7-9b3a-4ca02157b2a1/digital/arch2tapeout/digital/impl_setup/filelist.f
pdk=sky130A
pdk_root=/root/chiploop-backend/backend/pdk
openlane_cfg=/root/chiploop-backend/artifacts/3c6dfa47-ba1d-4be5-857c-c60b38fc0ff6/d9b65073-212a-4067-abf1-7fce5ff0598e/40905826-71fa-42c7-9b3a-4ca02157b2a1/digital/arch2tapeout/digital/impl_setup/openlane/config.json
corners=/root/chiploop-backend/artifacts/3c6dfa47-ba1d-4be5-857c-c60b38fc0ff6/d9b65073-212a-4067-abf1-7fce5ff0598e/40905826-71fa-42c7-9b3a-4ca02157b2a1/digital/arch2tapeout/digital/impl_setup/corners.json
