Info: Using uarch 'gowin' for device 'GW2AR-LV18QN88C8/I7'

Info: Create constant nets...
Info: Modify LUTs...
Info: Pack IOBs...
Info: Pack I3C IOs...
Info: Pack MIPI IOs...
Info: Pack diff IOBs...
Info: Pack FFs into IO cells...
Info: Pack IODELAY...
Info: Pack Input Edge Monitors...
Info: Pack IO logic...
Info: Pack DESER16 logic...
Info: Pack GSR...
Info: Pack HCLK cells...
Info: Pack DLLDLYs...
Info: Pack wide LUTs...
Info: Packed MUX2_LUT8:0, MUX2_LU7:0, MUX2_LUT6:0, MUX2_LUT5:0
Info: Pack ALUs...
Info: Pack SSRAMs...
Info: Constrained 0 LUTFF pairs.
Info: Pack PLL...
Info: Pack ADC...
Info: Pack BSRAMs...
Info: Pack DSP...
Info: Pack INV...
Info: Pack buffered nets...
Info: Pack EMCU and UserFlash cells...
Info: Pack UserFlash cells...
Info: Pack DQCE cells...
Info: Pack DCS cells...
Info: Checksum: 0xa5e7b62b

Info: Device utilisation:
Info: 	                 VCC:       1/      1   100%
Info: 	                 IOB:       0/    384     0%
Info: 	                LUT4:      19/  20736     0%
Info: 	            IOLOGICI:       0/    384     0%
Info: 	            IOLOGICO:       0/    384     0%
Info: 	           MUX2_LUT5:       0/  10368     0%
Info: 	           MUX2_LUT6:       0/   5184     0%
Info: 	           MUX2_LUT7:       0/   2592     0%
Info: 	           MUX2_LUT8:       0/   2592     0%
Info: 	                 ALU:       0/  15552     0%
Info: 	                 GND:       1/      1   100%
Info: 	                 DFF:      19/  15552     0%
Info: 	           RAM16SDP4:       0/    648     0%
Info: 	               BSRAM:       0/     46     0%
Info: 	              ALU54D:       0/     24     0%
Info: 	     MULTADDALU18X18:       0/     24     0%
Info: 	        MULTALU18X18:       0/     24     0%
Info: 	        MULTALU36X18:       0/     24     0%
Info: 	           MULT36X36:       0/     12     0%
Info: 	           MULT18X18:       0/     48     0%
Info: 	             MULT9X9:       0/     96     0%
Info: 	              PADD18:       0/     48     0%
Info: 	               PADD9:       0/     96     0%
Info: 	                 GSR:       1/      1   100%
Info: 	                 OSC:       0/      1     0%
Info: 	                rPLL:       0/      2     0%
Info: 	                BUFG:       0/     24     0%
Info: 	                DQCE:       0/     24     0%
Info: 	                 DCS:       0/      8     0%
Info: 	               DHCEN:       0/     24     0%
Info: 	              CLKDIV:       0/      8     0%
Info: 	             CLKDIV2:       0/     16     0%

Info: Running custom HCLK placer...
Info: Placed 0 cells based on constraints.
Info: Creating initial analytic placement for 38 cells, random placement wirelen = 820.
Info:     at initial placer iter 0, wirelen = 77
Info:     at initial placer iter 1, wirelen = 77
Info:     at initial placer iter 2, wirelen = 77
Info:     at initial placer iter 3, wirelen = 77
Info: Running main analytical placer, max placement attempts per cell = 10000.
Info:     at iteration #1, type ALL: wirelen solved = 77, spread = 85, legal = 105; time = 0.01s
Info:     at iteration #2, type ALL: wirelen solved = 84, spread = 82, legal = 97; time = 0.00s
Info: HeAP Placer Time: 0.06s
Info:   of which solving equations: 0.00s
Info:   of which spreading cells: 0.00s
Info:   of which strict legalisation: 0.00s

Info: Running simulated annealing placer for refinement.
Info:   at iteration #1: temp = 0.000000, timing cost = 0, wirelen = 97
Info:   at iteration #5: temp = 0.000000, timing cost = 0, wirelen = 80
Info:   at iteration #9: temp = 0.000000, timing cost = 0, wirelen = 77 
Info: SA placement time 0.00s

Info: No Fmax available; no interior timing paths found in design.
Info: Checksum: 0x004b656b
Info: Routing globals...

Info: Routing..
Info: Setting up routing queue.
Info: Routing 39 arcs.
Info:            |   (re-)routed arcs  |   delta    | remaining|       time spent     |
Info:    IterCnt |  w/ripup   wo/ripup |  w/r  wo/r |      arcs| batch(sec) total(sec)|
Info:         45 |        6         39 |    6    39 |         0|       0.02       0.02|
Info: Routing complete.
Info: Router1 time 0.02s
Info: Checksum: 0x8834a4bd

Info: No Fmax available; no interior timing paths found in design.

Info: Program finished normally.