Info: Using uarch 'gowin' for device 'GW1NR-LV9QN88PC6/I5'

Info: Create constant nets...
Info: Modify LUTs...
Info: Pack IOBs...
Info: Pack I3C IOs...
Info: Pack MIPI IOs...
Info: Pack diff IOBs...
Info: Pack FFs into IO cells...
Info: Pack IODELAY...
Info: Pack Input Edge Monitors...
Info: Pack IO logic...
Info: Pack DESER16 logic...
Info: Pack GSR...
Info: Pack HCLK cells...
Info: Pack DLLDLYs...
Info: Pack wide LUTs...
Info: Packed MUX2_LUT8:267, MUX2_LU7:307, MUX2_LUT6:744, MUX2_LUT5:341
Info: Pack ALUs...
Info: Pack SSRAMs...
Info: Constrained 67 LUTFF pairs.
Info: Pack PLL...
Info: Pack ADC...
Info: Pack BSRAMs...
Info: Pack DSP...
Info: Pack INV...
Info: Pack buffered nets...
Info: Pack EMCU and UserFlash cells...
Info: Pack UserFlash cells...
Info: Pack DQCE cells...
Info: Pack DCS cells...
Info: Checksum: 0x42cd9022

Info: Device utilisation:
Info: 	                 VCC:       1/      1   100%
Info: 	                 IOB:       0/    276     0%
Info: 	                LUT4:   13545/   8640   156%
Info: 	              OSER16:       0/     80     0%
Info: 	              IDES16:       0/     80     0%
Info: 	            IOLOGICI:       0/    276     0%
Info: 	            IOLOGICO:       0/    276     0%
Info: 	           MUX2_LUT5:    5193/   4320   120%
Info: 	           MUX2_LUT6:    2426/   2160   112%
Info: 	           MUX2_LUT7:     841/   1080    77%
Info: 	           MUX2_LUT8:     267/   1080    24%
Info: 	                 ALU:     500/   6480     7%
Info: 	                 GND:       1/      1   100%
Info: 	                 DFF:     799/   6480    12%
Info: 	           RAM16SDP4:       0/    270     0%
Info: 	               BSRAM:       0/     26     0%
Info: 	              ALU54D:       0/     10     0%
Info: 	     MULTADDALU18X18:       0/     10     0%
Info: 	        MULTALU18X18:       0/     10     0%
Info: 	        MULTALU36X18:       0/     10     0%
Info: 	           MULT36X36:       0/      5     0%
Info: 	           MULT18X18:       0/     20     0%
Info: 	             MULT9X9:       0/     40     0%
Info: 	              PADD18:       0/     20     0%
Info: 	               PADD9:       0/     40     0%
Info: 	                 GSR:       1/      1   100%
Info: 	                 OSC:       0/      1     0%
Info: 	                rPLL:       0/      2     0%
Info: 	           FLASH608K:       0/      1     0%
Info: 	                BUFG:       0/     22     0%
Info: 	                DQCE:       0/     24     0%
Info: 	                 DCS:       0/      8     0%
Info: 	               DHCEN:       0/     24     0%
Info: 	              CLKDIV:       0/      8     0%
Info: 	             CLKDIV2:       0/     16     0%
Info: 	           MIPI_IBUF:       0/     22     0%
Info: 	           MIPI_OBUF:       0/     20     0%

Info: Running custom HCLK placer...
Info: Placed 0 cells based on constraints.
Info: Creating initial analytic placement for 5072 cells, random placement wirelen = 183567.
Info:     at initial placer iter 0, wirelen = 3352
Info:     at initial placer iter 1, wirelen = 3295
Info:     at initial placer iter 2, wirelen = 3343
Info:     at initial placer iter 3, wirelen = 3312
Info: Running main analytical placer, max placement attempts per cell = 69466684.
ERROR: Unable to find legal placement for cell 'full_product_ALU_SUM_41_I0_LUT4_F_I2_LUT3_I2_F_LUT3_F_I0_LUT4_I1_F_LUT4_I0_F_MUX2_LUT5_I1_O_MUX2_LUT6_I1_O_MUX2_LUT7_I1_O_LUT3_I1_F_LUT4_I0_F_MUX2_LUT6_O_5_S0_LUT3_F_I0_MUX2_LUT8_O_S0_MUX2_LUT6_O' of type 'MUX2_LUT6' after 69466685 attempts, check constraints and utilisation. Use `--placer-heap-cell-placement-timeout` to change the number of attempts.
0 warnings, 1 error