
 /----------------------------------------------------------------------------\
 |                                                                            |
 |  yosys -- Yosys Open SYnthesis Suite                                       |
 |                                                                            |
 |  Copyright (C) 2012 - 2020  Claire Xenia Wolf <claire@yosyshq.com>         |
 |                                                                            |
 |  Permission to use, copy, modify, and/or distribute this software for any  |
 |  purpose with or without fee is hereby granted, provided that the above    |
 |  copyright notice and this permission notice appear in all copies.         |
 |                                                                            |
 |  THE SOFTWARE IS PROVIDED "AS IS" AND THE AUTHOR DISCLAIMS ALL WARRANTIES  |
 |  WITH REGARD TO THIS SOFTWARE INCLUDING ALL IMPLIED WARRANTIES OF          |
 |  MERCHANTABILITY AND FITNESS. IN NO EVENT SHALL THE AUTHOR BE LIABLE FOR   |
 |  ANY SPECIAL, DIRECT, INDIRECT, OR CONSEQUENTIAL DAMAGES OR ANY DAMAGES    |
 |  WHATSOEVER RESULTING FROM LOSS OF USE, DATA OR PROFITS, WHETHER IN AN     |
 |  ACTION OF CONTRACT, NEGLIGENCE OR OTHER TORTIOUS ACTION, ARISING OUT OF   |
 |  OR IN CONNECTION WITH THE USE OR PERFORMANCE OF THIS SOFTWARE.            |
 |                                                                            |
 \----------------------------------------------------------------------------/

 Yosys 0.33 (git sha1 2584903a060)


-- Executing script file `synth.ys' --

1. Executing Verilog-2005 frontend: /root/chiploop-backend/artifacts/3c6dfa47-ba1d-4be5-857c-c60b38fc0ff6/75353468-4063-4dba-985b-9f52fce5c333/6fa89d8f-31f2-4bef-a686-8ab7fccd6f8c/digital/dqa/handoff/rtl/demo_sram_32x256_model.v
Parsing SystemVerilog input from `/root/chiploop-backend/artifacts/3c6dfa47-ba1d-4be5-857c-c60b38fc0ff6/75353468-4063-4dba-985b-9f52fce5c333/6fa89d8f-31f2-4bef-a686-8ab7fccd6f8c/digital/dqa/handoff/rtl/demo_sram_32x256_model.v' to AST representation.
Generating RTLIL representation for module `\demo_sram_32x256_model'.
Successfully finished Verilog frontend.

2. Executing Verilog-2005 frontend: /root/chiploop-backend/artifacts/3c6dfa47-ba1d-4be5-857c-c60b38fc0ff6/75353468-4063-4dba-985b-9f52fce5c333/6fa89d8f-31f2-4bef-a686-8ab7fccd6f8c/digital/dqa/handoff/rtl/demo_sram_32x256_wrapper.v
Parsing SystemVerilog input from `/root/chiploop-backend/artifacts/3c6dfa47-ba1d-4be5-857c-c60b38fc0ff6/75353468-4063-4dba-985b-9f52fce5c333/6fa89d8f-31f2-4bef-a686-8ab7fccd6f8c/digital/dqa/handoff/rtl/demo_sram_32x256_wrapper.v' to AST representation.
Generating RTLIL representation for module `\demo_sram_32x256_wrapper'.
Successfully finished Verilog frontend.

3. Executing Verilog-2005 frontend: /root/chiploop-backend/artifacts/3c6dfa47-ba1d-4be5-857c-c60b38fc0ff6/75353468-4063-4dba-985b-9f52fce5c333/6fa89d8f-31f2-4bef-a686-8ab7fccd6f8c/digital/dqa/handoff/rtl/sram_mbist_demo_controller.v
Parsing SystemVerilog input from `/root/chiploop-backend/artifacts/3c6dfa47-ba1d-4be5-857c-c60b38fc0ff6/75353468-4063-4dba-985b-9f52fce5c333/6fa89d8f-31f2-4bef-a686-8ab7fccd6f8c/digital/dqa/handoff/rtl/sram_mbist_demo_controller.v' to AST representation.
Generating RTLIL representation for module `\sram_mbist_demo_controller'.
Successfully finished Verilog frontend.

4. Executing HIERARCHY pass (managing design hierarchy).

4.1. Analyzing design hierarchy..
Top module:  \sram_mbist_demo_controller
Used module:     \demo_sram_32x256_wrapper
ERROR: Module `\sky130_sram_1kbyte_1rw1r_32x256_8' referenced in module `\demo_sram_32x256_wrapper' in cell `\u_sram' is not part of the design.
