=== STDOUT ===
- V e r i l a t i o n   R e p o r t: Verilator 5.047 devel rev v5.046-161-g24918b83b
- Verilator: Built from 0.157 MB sources in 6 modules, into 0.103 MB in 3 C++ files needing 0.000 MB
- Verilator: Walltime 0.029 s (elab=0.003, cvt=0.015, bld=0.000); cpu 0.029 s on 1 threads; allocated 33.355 MB

=== STDERR ===
%Warning-DECLFILENAME: pass4/adaptive_aero_history_store.v:1:8: Filename 'adaptive_aero_history_store' does not match MODULE name: 'fpga_history_bram_wrapper'
    1 | module fpga_history_bram_wrapper (
      |        ^~~~~~~~~~~~~~~~~~~~~~~~~
                       ... For warning description see https://verilator.org/warn/DECLFILENAME?v=5.047
                       ... Use "/* verilator lint_off DECLFILENAME */" and lint_on around source to disable this message.
%Warning-UNUSEDSIGNAL: pass4/adaptive_aero_control_top.v:90:6: Signal is not used: 'sticky_stale'
                                                             : ... note: In instance 'adaptive_aero_control_top'
   90 | wire sticky_stale;
      |      ^~~~~~~~~~~~
                       ... For warning description see https://verilator.org/warn/UNUSEDSIGNAL?v=5.047
                       ... Use "/* verilator lint_off UNUSEDSIGNAL */" and lint_on around source to disable this message.
%Warning-UNUSEDSIGNAL: pass4/adaptive_aero_control_top.v:94:13: Signal is not used: 'outstanding_sequence_counter'
                                                              : ... note: In instance 'adaptive_aero_control_top'
   94 | wire [15:0] outstanding_sequence_counter;
      |             ^~~~~~~~~~~~~~~~~~~~~~~~~~~~
%Warning-UNUSEDSIGNAL: pass4/adaptive_aero_control_top.v:95:13: Signal is not used: 'version_id'
                                                              : ... note: In instance 'adaptive_aero_control_top'
   95 | wire [15:0] version_id;
      |             ^~~~~~~~~~
%Warning-UNUSEDSIGNAL: pass4/adaptive_aero_control_top.v:96:13: Signal is not used: 'capability_id'
                                                              : ... note: In instance 'adaptive_aero_control_top'
   96 | wire [15:0] capability_id;
      |             ^~~~~~~~~~~~~
%Warning-UNUSEDSIGNAL: pass4/adaptive_aero_control_top.v:100:6: Signal is not used: 'seq_outstanding_valid'
                                                              : ... note: In instance 'adaptive_aero_control_top'
  100 | wire seq_outstanding_valid;
      |      ^~~~~~~~~~~~~~~~~~~~~
%Warning-UNUSEDSIGNAL: pass4/adaptive_aero_control_top.v:118:14: Signal is not used: 'history_dout'
                                                               : ... note: In instance 'adaptive_aero_control_top'
  118 | wire [127:0] history_dout;
      |              ^~~~~~~~~~~~
%Warning-UNUSEDSIGNAL: pass4/adaptive_aero_control_top.v:123:13: Signal is not used: 'seq_accept_id_from_u_stream_ctrl'
                                                               : ... note: In instance 'adaptive_aero_control_top'
  123 | wire [15:0] seq_accept_id_from_u_stream_ctrl;
      |             ^~~~~~~~~~~~~~~~~~~~~~~~~~~~~~~~
%Warning-UNUSEDSIGNAL: pass4/adaptive_aero_control_top.v:124:13: Signal is not driven, nor used: 'req_transaction_id'
                                                               : ... note: In instance 'adaptive_aero_control_top'
  124 | wire [15:0] req_transaction_id;
      |             ^~~~~~~~~~~~~~~~~~
%Warning-UNUSEDSIGNAL: pass4/adaptive_aero_control_top.v:125:13: Signal is not driven, nor used: 'req_flow_velocity_mps'
                                                               : ... note: In instance 'adaptive_aero_control_top'
  125 | wire [15:0] req_flow_velocity_mps;
      |             ^~~~~~~~~~~~~~~~~~~~~
%Warning-UNUSEDSIGNAL: pass4/adaptive_aero_control_top.v:126:13: Signal is not driven, nor used: 'req_control_field'
                                                               : ... note: In instance 'adaptive_aero_control_top'
  126 | wire [15:0] req_control_field;
      |             ^~~~~~~~~~~~~~~~~
%Warning-UNUSEDSIGNAL: pass4/adaptive_aero_control_top.v:127:13: Signal is not driven, nor used: 'req_freshness'
                                                               : ... note: In instance 'adaptive_aero_control_top'
  127 | wire [15:0] req_freshness;
      |             ^~~~~~~~~~~~~
%Warning-UNUSEDSIGNAL: pass4/adaptive_aero_control_top.v:128:13: Signal is not driven, nor used: 'req_flags'
                                                               : ... note: In instance 'adaptive_aero_control_top'
  128 | wire [15:0] req_flags;
      |             ^~~~~~~~~
%Warning-UNUSEDSIGNAL: pass4/adaptive_aero_control_top.v:129:13: Signal is not driven, nor used: 'rsp_transaction_id'
                                                               : ... note: In instance 'adaptive_aero_control_top'
  129 | wire [15:0] rsp_transaction_id;
      |             ^~~~~~~~~~~~~~~~~~
%Warning-UNUSEDSIGNAL: pass4/adaptive_aero_control_top.v:130:13: Signal is not driven, nor used: 'rsp_flow_velocity_mps'
                                                               : ... note: In instance 'adaptive_aero_control_top'
  130 | wire [15:0] rsp_flow_velocity_mps;
      |             ^~~~~~~~~~~~~~~~~~~~~
%Warning-UNUSEDSIGNAL: pass4/adaptive_aero_control_top.v:131:13: Signal is not driven, nor used: 'rsp_control_field'
                                                               : ... note: In instance 'adaptive_aero_control_top'
  131 | wire [15:0] rsp_control_field;
      |             ^~~~~~~~~~~~~~~~~
%Warning-UNUSEDSIGNAL: pass4/adaptive_aero_control_top.v:132:13: Signal is not driven, nor used: 'rsp_flags'
                                                               : ... note: In instance 'adaptive_aero_control_top'
  132 | wire [15:0] rsp_flags;
      |             ^~~~~~~~~
%Warning-UNUSEDSIGNAL: pass4/adaptive_aero_control_top.v:133:6: Signal is not driven, nor used: 'req_valid_to_validator'
                                                              : ... note: In instance 'adaptive_aero_control_top'
  133 | wire req_valid_to_validator;
      |      ^~~~~~~~~~~~~~~~~~~~~~
%Warning-UNUSEDSIGNAL: pass4/adaptive_aero_control_top.v:134:12: Signal is not driven, nor used: 'req_mode_to_validator'
                                                               : ... note: In instance 'adaptive_aero_control_top'
  134 | wire [1:0] req_mode_to_validator;
      |            ^~~~~~~~~~~~~~~~~~~~~
%Warning-UNUSEDSIGNAL: pass4/adaptive_aero_control_top.v:135:6: Signal is not driven, nor used: 'stale_data'
                                                              : ... note: In instance 'adaptive_aero_control_top'
  135 | wire stale_data;
      |      ^~~~~~~~~~
%Warning-UNUSEDSIGNAL: pass4/adaptive_aero_control_top.v:136:6: Signal is not driven, nor used: 'timeout_fault'
                                                              : ... note: In instance 'adaptive_aero_control_top'
  136 | wire timeout_fault;
      |      ^~~~~~~~~~~~~
%Warning-UNUSEDSIGNAL: pass4/adaptive_aero_control_top.v:137:6: Signal is not driven, nor used: 'cmd_invalid'
                                                              : ... note: In instance 'adaptive_aero_control_top'
  137 | wire cmd_invalid;
      |      ^~~~~~~~~~~
%Warning-UNUSEDSIGNAL: pass4/adaptive_aero_control_top.v:138:6: Signal is not driven, nor used: 'sensor_fault'
                                                              : ... note: In instance 'adaptive_aero_control_top'
  138 | wire sensor_fault;
      |      ^~~~~~~~~~~~
%Warning-UNUSEDSIGNAL: pass4/adaptive_aero_control_top.v:139:6: Signal is not driven, nor used: 'host_timeout'
                                                              : ... note: In instance 'adaptive_aero_control_top'
  139 | wire host_timeout;
      |      ^~~~~~~~~~~~
%Warning-UNUSEDSIGNAL: pass4/adaptive_aero_control_top.v:140:6: Signal is not driven, nor used: 'overrange'
                                                              : ... note: In instance 'adaptive_aero_control_top'
  140 | wire overrange;
      |      ^~~~~~~~~
%Warning-UNUSEDSIGNAL: pass4/adaptive_aero_control_top.v:141:13: Signal is not driven, nor used: 'store_outstanding_id'
                                                               : ... note: In instance 'adaptive_aero_control_top'
  141 | wire [15:0] store_outstanding_id;
      |             ^~~~~~~~~~~~~~~~~~~~
%Warning-UNUSEDSIGNAL: pass4/adaptive_aero_csr_mmio.v:38:14: Bits of signal are not used: 'csr_wdata'[63:32]
                                                           : ... note: In instance 'adaptive_aero_control_top.u_csr_mmio'
   38 | input [63:0] csr_wdata;
      |              ^~~~~~~~~
%Warning-UNUSEDSIGNAL: pass4/adaptive_aero_csr_mmio.v:61:14: Signal is not used: 'seq_age_counter'
                                                           : ... note: In instance 'adaptive_aero_control_top.u_csr_mmio'
   61 | input [15:0] seq_age_counter;
      |              ^~~~~~~~~~~~~~~
%Warning-UNUSEDSIGNAL: pass4/adaptive_aero_csr_mmio.v:80:12: Signal is not driven, nor used: 'read_data'
                                                           : ... note: In instance 'adaptive_aero_control_top.u_csr_mmio'
   80 | reg [63:0] read_data;
      |            ^~~~~~~~~
%Warning-UNUSEDSIGNAL: pass4/adaptive_aero_stream_ctrl.v:53:14: Signal is not used: 'rsp_flow_velocity_mps'
                                                              : ... note: In instance 'adaptive_aero_control_top.u_stream_ctrl'
   53 | input [15:0] rsp_flow_velocity_mps;
      |              ^~~~~~~~~~~~~~~~~~~~~
%Warning-UNUSEDSIGNAL: pass4/adaptive_aero_stream_ctrl.v:54:14: Signal is not used: 'rsp_control_field'
                                                              : ... note: In instance 'adaptive_aero_control_top.u_stream_ctrl'
   54 | input [15:0] rsp_control_field;
      |              ^~~~~~~~~~~~~~~~~
%Warning-UNUSEDSIGNAL: pass4/adaptive_aero_stream_ctrl.v:55:14: Signal is not used: 'rsp_geometry_token'
                                                              : ... note: In instance 'adaptive_aero_control_top.u_stream_ctrl'
   55 | input [31:0] rsp_geometry_token;
      |              ^~~~~~~~~~~~~~~~~~
%Warning-UNUSEDSIGNAL: pass4/adaptive_aero_stream_ctrl.v:56:14: Signal is not used: 'rsp_flags'
                                                              : ... note: In instance 'adaptive_aero_control_top.u_stream_ctrl'
   56 | input [15:0] rsp_flags;
      |              ^~~~~~~~~
%Warning-UNUSEDSIGNAL: pass4/adaptive_aero_stream_ctrl.v:74:12: Signal is not driven, nor used: 'accept_id_next'
                                                              : ... note: In instance 'adaptive_aero_control_top.u_stream_ctrl'
   74 | reg [15:0] accept_id_next;
      |            ^~~~~~~~~~~~~~
%Warning-UNOPTFLAT: pass4/adaptive_aero_control_top.v:43:8: Signal unoptimizable: Circular combinational logic: 'host_cmd_valid'
   43 | output host_cmd_valid;
      |        ^~~~~~~~~~~~~~
                    ... For warning description see https://verilator.org/warn/UNOPTFLAT?v=5.047
                    ... Use "/* verilator lint_off UNOPTFLAT */" and lint_on around source to disable this message.
                    pass4/adaptive_aero_control_top.v:43:8:      Example path: host_cmd_valid
                    pass4/adaptive_aero_control_top.v:168:24:      Example path: ASSIGNW
                    pass4/adaptive_aero_control_top.v:121:6:      Example path: adaptive_aero_control_top.store_req_valid
                    pass4/adaptive_aero_control_top.v:43:8:      Example path: ASSIGNW
                    pass4/adaptive_aero_control_top.v:43:8:      Example path: host_cmd_valid

=== RETURN CODE ===
0
