=== STDERR ===
%Warning-PINMISSING: pass3/adaptive_aero_control_top.v:266:29: Instance has missing pin: 'reset_n'
  266 | adaptive_aero_history_store u_history_store (
      |                             ^~~~~~~~~~~~~~~
                     pass3/adaptive_aero_history_store.v:3:5: ... Location of port declaration
    3 |     reset_n,
      |     ^~~~~~~
                     ... For warning description see https://verilator.org/warn/PINMISSING?v=5.047
                     ... Use "/* verilator lint_off PINMISSING */" and lint_on around source to disable this message.
%Warning-PINMISSING: pass3/adaptive_aero_control_top.v:266:29: Instance has missing pin: 'history_csb_n'
  266 | adaptive_aero_history_store u_history_store (
      |                             ^~~~~~~~~~~~~~~
                     pass3/adaptive_aero_history_store.v:4:5: ... Location of port declaration
    4 |     history_csb_n,
      |     ^~~~~~~~~~~~~
%Warning-PINMISSING: pass3/adaptive_aero_control_top.v:266:29: Instance has missing pin: 'history_we_n'
  266 | adaptive_aero_history_store u_history_store (
      |                             ^~~~~~~~~~~~~~~
                     pass3/adaptive_aero_history_store.v:5:5: ... Location of port declaration
    5 |     history_we_n,
      |     ^~~~~~~~~~~~
%Warning-PINMISSING: pass3/adaptive_aero_control_top.v:266:29: Instance has missing pin: 'history_addr'
  266 | adaptive_aero_history_store u_history_store (
      |                             ^~~~~~~~~~~~~~~
                     pass3/adaptive_aero_history_store.v:6:5: ... Location of port declaration
    6 |     history_addr,
      |     ^~~~~~~~~~~~
%Warning-PINMISSING: pass3/adaptive_aero_control_top.v:266:29: Instance has missing pin: 'history_din'
  266 | adaptive_aero_history_store u_history_store (
      |                             ^~~~~~~~~~~~~~~
                     pass3/adaptive_aero_history_store.v:7:5: ... Location of port declaration
    7 |     history_din,
      |     ^~~~~~~~~~~
%Warning-PINMISSING: pass3/adaptive_aero_control_top.v:266:29: Instance has missing pin: 'history_dout'
  266 | adaptive_aero_history_store u_history_store (
      |                             ^~~~~~~~~~~~~~~
                     pass3/adaptive_aero_history_store.v:8:5: ... Location of port declaration
    8 |     history_dout,
      |     ^~~~~~~~~~~~
%Warning-PINMISSING: pass3/adaptive_aero_control_top.v:266:29: Instance has missing pin: 'store_req_valid'
  266 | adaptive_aero_history_store u_history_store (
      |                             ^~~~~~~~~~~~~~~
                     pass3/adaptive_aero_history_store.v:9:5: ... Location of port declaration
    9 |     store_req_valid,
      |     ^~~~~~~~~~~~~~~
%Warning-PINMISSING: pass3/adaptive_aero_control_top.v:266:29: Instance has missing pin: 'store_rsp_valid'
  266 | adaptive_aero_history_store u_history_store (
      |                             ^~~~~~~~~~~~~~~
                     pass3/adaptive_aero_history_store.v:10:5: ... Location of port declaration
   10 |     store_rsp_valid,
      |     ^~~~~~~~~~~~~~~
%Warning-PINMISSING: pass3/adaptive_aero_control_top.v:266:29: Instance has missing pin: 'store_outstanding_id'
  266 | adaptive_aero_history_store u_history_store (
      |                             ^~~~~~~~~~~~~~~
                     pass3/adaptive_aero_history_store.v:11:5: ... Location of port declaration
   11 |     store_outstanding_id,
      |     ^~~~~~~~~~~~~~~~~~~~
%Warning-PINMISSING: pass3/adaptive_aero_control_top.v:266:29: Instance has missing pin: 'store_age_counter'
  266 | adaptive_aero_history_store u_history_store (
      |                             ^~~~~~~~~~~~~~~
                     pass3/adaptive_aero_history_store.v:12:5: ... Location of port declaration
   12 |     store_age_counter,
      |     ^~~~~~~~~~~~~~~~~
%Warning-PINMISSING: pass3/adaptive_aero_control_top.v:266:29: Instance has missing pin: 'store_stale'
  266 | adaptive_aero_history_store u_history_store (
      |                             ^~~~~~~~~~~~~~~
                     pass3/adaptive_aero_history_store.v:13:5: ... Location of port declaration
   13 |     store_stale,
      |     ^~~~~~~~~~~
%Warning-PINMISSING: pass3/adaptive_aero_control_top.v:266:29: Instance has missing pin: 'store_timeout'
  266 | adaptive_aero_history_store u_history_store (
      |                             ^~~~~~~~~~~~~~~
                     pass3/adaptive_aero_history_store.v:14:5: ... Location of port declaration
   14 |     store_timeout,
      |     ^~~~~~~~~~~~~
%Warning-PINMISSING: pass3/adaptive_aero_control_top.v:266:29: Instance has missing pin: 'store_invalid_packet'
  266 | adaptive_aero_history_store u_history_store (
      |                             ^~~~~~~~~~~~~~~
                     pass3/adaptive_aero_history_store.v:15:5: ... Location of port declaration
   15 |     store_invalid_packet
      |     ^~~~~~~~~~~~~~~~~~~~
%Error-PINNOTFOUND: pass3/adaptive_aero_control_top.v:268:6: Pin not found: 'csb_n'
  268 |     .csb_n(history_csb_n),
      |      ^~~~~
                                                           : ... Location of instance's module declaration
    1 | module adaptive_aero_history_store (
      |        ^~~~~~~~~~~~~~~~~~~~~~~~~~~
                    ... For error description see https://verilator.org/warn/PINNOTFOUND?v=5.047
%Error-PINNOTFOUND: pass3/adaptive_aero_control_top.v:269:6: Pin not found: 'we_n'
  269 |     .we_n(history_we_n),
      |      ^~~~
                                                           : ... Location of instance's module declaration
    1 | module adaptive_aero_history_store (
      |        ^~~~~~~~~~~~~~~~~~~~~~~~~~~
%Error-PINNOTFOUND: pass3/adaptive_aero_control_top.v:270:6: Pin not found: 'addr'
  270 |     .addr(history_addr),
      |      ^~~~
                                                           : ... Location of instance's module declaration
    1 | module adaptive_aero_history_store (
      |        ^~~~~~~~~~~~~~~~~~~~~~~~~~~
%Error-PINNOTFOUND: pass3/adaptive_aero_control_top.v:271:6: Pin not found: 'din'
  271 |     .din(history_din),
      |      ^~~
                                                           : ... Location of instance's module declaration
    1 | module adaptive_aero_history_store (
      |        ^~~~~~~~~~~~~~~~~~~~~~~~~~~
%Error-PINNOTFOUND: pass3/adaptive_aero_control_top.v:272:6: Pin not found: 'dout'
  272 |     .dout(history_dout)
      |      ^~~~
                                                           : ... Location of instance's module declaration
    1 | module adaptive_aero_history_store (
      |        ^~~~~~~~~~~~~~~~~~~~~~~~~~~
%Error: Exiting due to 5 error(s)

=== RETURN CODE ===
1
