
 /----------------------------------------------------------------------------\
 |                                                                            |
 |  yosys -- Yosys Open SYnthesis Suite                                       |
 |                                                                            |
 |  Copyright (C) 2012 - 2020  Claire Xenia Wolf <claire@yosyshq.com>         |
 |                                                                            |
 |  Permission to use, copy, modify, and/or distribute this software for any  |
 |  purpose with or without fee is hereby granted, provided that the above    |
 |  copyright notice and this permission notice appear in all copies.         |
 |                                                                            |
 |  THE SOFTWARE IS PROVIDED "AS IS" AND THE AUTHOR DISCLAIMS ALL WARRANTIES  |
 |  WITH REGARD TO THIS SOFTWARE INCLUDING ALL IMPLIED WARRANTIES OF          |
 |  MERCHANTABILITY AND FITNESS. IN NO EVENT SHALL THE AUTHOR BE LIABLE FOR   |
 |  ANY SPECIAL, DIRECT, INDIRECT, OR CONSEQUENTIAL DAMAGES OR ANY DAMAGES    |
 |  WHATSOEVER RESULTING FROM LOSS OF USE, DATA OR PROFITS, WHETHER IN AN     |
 |  ACTION OF CONTRACT, NEGLIGENCE OR OTHER TORTIOUS ACTION, ARISING OUT OF   |
 |  OR IN CONNECTION WITH THE USE OR PERFORMANCE OF THIS SOFTWARE.            |
 |                                                                            |
 \----------------------------------------------------------------------------/

 Yosys 0.33 (git sha1 2584903a060)


-- Executing script file `synth.ys' --

1. Executing Verilog-2005 frontend: /root/chiploop-backend/backend/workflows/bf434173-b47d-4407-865d-8a369997c048/rtl/pwm_fpga_demo.v
Parsing SystemVerilog input from `/root/chiploop-backend/backend/workflows/bf434173-b47d-4407-865d-8a369997c048/rtl/pwm_fpga_demo.v' to AST representation.
Generating RTLIL representation for module `\pwm_fpga_demo'.
Successfully finished Verilog frontend.

2. Executing HIERARCHY pass (managing design hierarchy).

2.1. Analyzing design hierarchy..
Top module:  \pwm_fpga_demo

2.2. Analyzing design hierarchy..
Top module:  \pwm_fpga_demo
Removed 0 unused modules.

3. Executing PROC pass (convert processes to netlists).

3.1. Executing PROC_CLEAN pass (remove empty switches from decision trees).
Cleaned up 0 empty switches.

3.2. Executing PROC_RMDEAD pass (remove dead branches from decision trees).
Marked 4 switch rules as full_case in process $proc$/root/chiploop-backend/backend/workflows/bf434173-b47d-4407-865d-8a369997c048/rtl/pwm_fpga_demo.v:16$2 in module pwm_fpga_demo.
Removed a total of 0 dead cases.

3.3. Executing PROC_PRUNE pass (remove redundant assignments in processes).
Removed 1 redundant assignment.
Promoted 5 assignments to connections.

3.4. Executing PROC_INIT pass (extract init attributes).
Found init rule in `\pwm_fpga_demo.$proc$/root/chiploop-backend/backend/workflows/bf434173-b47d-4407-865d-8a369997c048/rtl/pwm_fpga_demo.v:0$10'.
  Set init value: \pwm_counter = 8'00000000
  Set init value: \duty_cycle = 8'00000000
  Set init value: \direction = 1'1
  Set init value: \slow_counter = 16'0000000000000000

3.5. Executing PROC_ARST pass (detect async resets in processes).

3.6. Executing PROC_ROM pass (convert switches to ROMs).
Converted 0 switches.
<suppressed ~4 debug messages>

3.7. Executing PROC_MUX pass (convert decision trees to multiplexers).
Creating decoders for process `\pwm_fpga_demo.$proc$/root/chiploop-backend/backend/workflows/bf434173-b47d-4407-865d-8a369997c048/rtl/pwm_fpga_demo.v:0$10'.
Creating decoders for process `\pwm_fpga_demo.$proc$/root/chiploop-backend/backend/workflows/bf434173-b47d-4407-865d-8a369997c048/rtl/pwm_fpga_demo.v:16$2'.
     1/3: $0\slow_counter[15:0]
     2/3: $0\direction[0:0]
     3/3: $0\duty_cycle[7:0]

3.8. Executing PROC_DLATCH pass (convert process syncs to latches).

3.9. Executing PROC_DFF pass (convert process syncs to FFs).
Creating register for signal `\pwm_fpga_demo.\pwm_counter' using process `\pwm_fpga_demo.$proc$/root/chiploop-backend/backend/workflows/bf434173-b47d-4407-865d-8a369997c048/rtl/pwm_fpga_demo.v:16$2'.
  created $dff cell `$procdff$38' with positive edge clock.
Creating register for signal `\pwm_fpga_demo.\duty_cycle' using process `\pwm_fpga_demo.$proc$/root/chiploop-backend/backend/workflows/bf434173-b47d-4407-865d-8a369997c048/rtl/pwm_fpga_demo.v:16$2'.
  created $dff cell `$procdff$39' with positive edge clock.
Creating register for signal `\pwm_fpga_demo.\direction' using process `\pwm_fpga_demo.$proc$/root/chiploop-backend/backend/workflows/bf434173-b47d-4407-865d-8a369997c048/rtl/pwm_fpga_demo.v:16$2'.
  created $dff cell `$procdff$40' with positive edge clock.
Creating register for signal `\pwm_fpga_demo.\slow_counter' using process `\pwm_fpga_demo.$proc$/root/chiploop-backend/backend/workflows/bf434173-b47d-4407-865d-8a369997c048/rtl/pwm_fpga_demo.v:16$2'.
  created $dff cell `$procdff$41' with positive edge clock.

3.10. Executing PROC_MEMWR pass (convert process memory writes to cells).

3.11. Executing PROC_CLEAN pass (remove empty switches from decision trees).
Removing empty process `pwm_fpga_demo.$proc$/root/chiploop-backend/backend/workflows/bf434173-b47d-4407-865d-8a369997c048/rtl/pwm_fpga_demo.v:0$10'.
Found and cleaned up 4 empty switches in `\pwm_fpga_demo.$proc$/root/chiploop-backend/backend/workflows/bf434173-b47d-4407-865d-8a369997c048/rtl/pwm_fpga_demo.v:16$2'.
Removing empty process `pwm_fpga_demo.$proc$/root/chiploop-backend/backend/workflows/bf434173-b47d-4407-865d-8a369997c048/rtl/pwm_fpga_demo.v:16$2'.
Cleaned up 4 empty switches.

3.12. Executing OPT_EXPR pass (perform const folding).
Optimizing module pwm_fpga_demo.
<suppressed ~1 debug messages>

4. Executing OPT pass (performing simple optimizations).

4.1. Executing OPT_EXPR pass (perform const folding).
Optimizing module pwm_fpga_demo.

4.2. Executing OPT_MERGE pass (detect identical cells).
Finding identical cells in module `\pwm_fpga_demo'.
Removed a total of 0 cells.

4.3. Executing OPT_MUXTREE pass (detect dead branches in mux trees).
Running muxtree optimizer on module \pwm_fpga_demo..
  Creating internal representation of mux trees.
  Evaluating internal representation of mux trees.
      Replacing known input bits on port A of cell $procmux$20: \direction -> 1'1
      Replacing known input bits on port A of cell $procmux$16: \direction -> 1'0
  Analyzing evaluation results.
Removed 0 multiplexer ports.
<suppressed ~3 debug messages>

4.4. Executing OPT_REDUCE pass (consolidate $*mux and $reduce_* inputs).
  Optimizing cells in module \pwm_fpga_demo.
Performed a total of 0 changes.

4.5. Executing OPT_MERGE pass (detect identical cells).
Finding identical cells in module `\pwm_fpga_demo'.
Removed a total of 0 cells.

4.6. Executing OPT_DFF pass (perform DFF optimizations).
Adding EN signal on $procdff$39 ($dff) from module pwm_fpga_demo (D = $procmux$34_Y, Q = \duty_cycle).
Adding EN signal on $procdff$40 ($dff) from module pwm_fpga_demo (D = $procmux$22_Y, Q = \direction).
Adding SRST signal on $procdff$41 ($dff) from module pwm_fpga_demo (D = $add$/root/chiploop-backend/backend/workflows/bf434173-b47d-4407-865d-8a369997c048/rtl/pwm_fpga_demo.v:38$9_Y, Q = \slow_counter, rval = 16'0000000000000000).

4.7. Executing OPT_CLEAN pass (remove unused cells and wires).
Finding unused cells or wires in module \pwm_fpga_demo..
Removed 3 unused cells and 21 unused wires.
<suppressed ~4 debug messages>

4.8. Executing OPT_EXPR pass (perform const folding).
Optimizing module pwm_fpga_demo.

4.9. Rerunning OPT passes. (Maybe there is more to do..)

4.10. Executing OPT_MUXTREE pass (detect dead branches in mux trees).
Running muxtree optimizer on module \pwm_fpga_demo..
  Creating internal representation of mux trees.
  Evaluating internal representation of mux trees.
  Analyzing evaluation results.
Removed 0 multiplexer ports.
<suppressed ~2 debug messages>

4.11. Executing OPT_REDUCE pass (consolidate $*mux and $reduce_* inputs).
  Optimizing cells in module \pwm_fpga_demo.
Performed a total of 0 changes.

4.12. Executing OPT_MERGE pass (detect identical cells).
Finding identical cells in module `\pwm_fpga_demo'.
Removed a total of 0 cells.

4.13. Executing OPT_DFF pass (perform DFF optimizations).

4.14. Executing OPT_CLEAN pass (remove unused cells and wires).
Finding unused cells or wires in module \pwm_fpga_demo..

4.15. Executing OPT_EXPR pass (perform const folding).
Optimizing module pwm_fpga_demo.

4.16. Finished OPT passes. (There is nothing left to do.)

5. Executing FSM pass (extract and optimize FSM).

5.1. Executing FSM_DETECT pass (finding FSMs in design).

5.2. Executing FSM_EXTRACT pass (extracting FSM from design).

5.3. Executing FSM_OPT pass (simple optimizations of FSMs).

5.4. Executing OPT_CLEAN pass (remove unused cells and wires).
Finding unused cells or wires in module \pwm_fpga_demo..

5.5. Executing FSM_OPT pass (simple optimizations of FSMs).

5.6. Executing FSM_RECODE pass (re-assigning FSM state encoding).

5.7. Executing FSM_INFO pass (dumping all available information on FSM cells).

5.8. Executing FSM_MAP pass (mapping FSMs to basic logic).

6. Executing OPT pass (performing simple optimizations).

6.1. Executing OPT_EXPR pass (perform const folding).
Optimizing module pwm_fpga_demo.

6.2. Executing OPT_MERGE pass (detect identical cells).
Finding identical cells in module `\pwm_fpga_demo'.
Removed a total of 0 cells.

6.3. Executing OPT_MUXTREE pass (detect dead branches in mux trees).
Running muxtree optimizer on module \pwm_fpga_demo..
  Creating internal representation of mux trees.
  Evaluating internal representation of mux trees.
  Analyzing evaluation results.
Removed 0 multiplexer ports.
<suppressed ~2 debug messages>

6.4. Executing OPT_REDUCE pass (consolidate $*mux and $reduce_* inputs).
  Optimizing cells in module \pwm_fpga_demo.
Performed a total of 0 changes.

6.5. Executing OPT_MERGE pass (detect identical cells).
Finding identical cells in module `\pwm_fpga_demo'.
Removed a total of 0 cells.

6.6. Executing OPT_DFF pass (perform DFF optimizations).

6.7. Executing OPT_CLEAN pass (remove unused cells and wires).
Finding unused cells or wires in module \pwm_fpga_demo..

6.8. Executing OPT_EXPR pass (perform const folding).
Optimizing module pwm_fpga_demo.

6.9. Finished OPT passes. (There is nothing left to do.)

7. Executing MEMORY pass.

7.1. Executing OPT_MEM pass (optimize memories).
Performed a total of 0 transformations.

7.2. Executing OPT_MEM_PRIORITY pass (removing unnecessary memory write priority relations).
Performed a total of 0 transformations.

7.3. Executing OPT_MEM_FEEDBACK pass (finding memory read-to-write feedback paths).

7.4. Executing MEMORY_BMUX2ROM pass (converting muxes to ROMs).

7.5. Executing MEMORY_DFF pass (merging $dff cells to $memrd).

7.6. Executing OPT_CLEAN pass (remove unused cells and wires).
Finding unused cells or wires in module \pwm_fpga_demo..

7.7. Executing MEMORY_SHARE pass (consolidating $memrd/$memwr cells).

7.8. Executing OPT_MEM_WIDEN pass (optimize memories where all ports are wide).
Performed a total of 0 transformations.

7.9. Executing OPT_CLEAN pass (remove unused cells and wires).
Finding unused cells or wires in module \pwm_fpga_demo..

7.10. Executing MEMORY_COLLECT pass (generating $mem cells).

7.11. Executing MEMORY_MAP pass (converting memories to logic and flip-flops).

8. Executing OPT pass (performing simple optimizations).

8.1. Executing OPT_EXPR pass (perform const folding).
Optimizing module pwm_fpga_demo.

8.2. Executing OPT_MERGE pass (detect identical cells).
Finding identical cells in module `\pwm_fpga_demo'.
Removed a total of 0 cells.

8.3. Executing OPT_MUXTREE pass (detect dead branches in mux trees).
Running muxtree optimizer on module \pwm_fpga_demo..
  Creating internal representation of mux trees.
  Evaluating internal representation of mux trees.
  Analyzing evaluation results.
Removed 0 multiplexer ports.
<suppressed ~2 debug messages>

8.4. Executing OPT_REDUCE pass (consolidate $*mux and $reduce_* inputs).
  Optimizing cells in module \pwm_fpga_demo.
Performed a total of 0 changes.

8.5. Executing OPT_MERGE pass (detect identical cells).
Finding identical cells in module `\pwm_fpga_demo'.
Removed a total of 0 cells.

8.6. Executing OPT_DFF pass (perform DFF optimizations).

8.7. Executing OPT_CLEAN pass (remove unused cells and wires).
Finding unused cells or wires in module \pwm_fpga_demo..

8.8. Executing OPT_EXPR pass (perform const folding).
Optimizing module pwm_fpga_demo.

8.9. Finished OPT passes. (There is nothing left to do.)

9. Executing CHECK pass (checking for obvious problems).
Checking module pwm_fpga_demo...
Found and reported 0 problems.

10. Executing SYNTH pass.

10.1. Executing HIERARCHY pass (managing design hierarchy).

10.1.1. Analyzing design hierarchy..
Top module:  \pwm_fpga_demo

10.1.2. Analyzing design hierarchy..
Top module:  \pwm_fpga_demo
Removed 0 unused modules.

10.2. Executing PROC pass (convert processes to netlists).

10.2.1. Executing PROC_CLEAN pass (remove empty switches from decision trees).
Cleaned up 0 empty switches.

10.2.2. Executing PROC_RMDEAD pass (remove dead branches from decision trees).
Removed a total of 0 dead cases.

10.2.3. Executing PROC_PRUNE pass (remove redundant assignments in processes).
Removed 0 redundant assignments.
Promoted 0 assignments to connections.

10.2.4. Executing PROC_INIT pass (extract init attributes).

10.2.5. Executing PROC_ARST pass (detect async resets in processes).

10.2.6. Executing PROC_ROM pass (convert switches to ROMs).
Converted 0 switches.

10.2.7. Executing PROC_MUX pass (convert decision trees to multiplexers).

10.2.8. Executing PROC_DLATCH pass (convert process syncs to latches).

10.2.9. Executing PROC_DFF pass (convert process syncs to FFs).

10.2.10. Executing PROC_MEMWR pass (convert process memory writes to cells).

10.2.11. Executing PROC_CLEAN pass (remove empty switches from decision trees).
Cleaned up 0 empty switches.

10.2.12. Executing OPT_EXPR pass (perform const folding).
Optimizing module pwm_fpga_demo.

10.3. Executing OPT_EXPR pass (perform const folding).
Optimizing module pwm_fpga_demo.

10.4. Executing OPT_CLEAN pass (remove unused cells and wires).
Finding unused cells or wires in module \pwm_fpga_demo..

10.5. Executing CHECK pass (checking for obvious problems).
Checking module pwm_fpga_demo...
Found and reported 0 problems.

10.6. Executing OPT pass (performing simple optimizations).

10.6.1. Executing OPT_EXPR pass (perform const folding).
Optimizing module pwm_fpga_demo.

10.6.2. Executing OPT_MERGE pass (detect identical cells).
Finding identical cells in module `\pwm_fpga_demo'.
Removed a total of 0 cells.

10.6.3. Executing OPT_MUXTREE pass (detect dead branches in mux trees).
Running muxtree optimizer on module \pwm_fpga_demo..
  Creating internal representation of mux trees.
  Evaluating internal representation of mux trees.
  Analyzing evaluation results.
Removed 0 multiplexer ports.
<suppressed ~2 debug messages>

10.6.4. Executing OPT_REDUCE pass (consolidate $*mux and $reduce_* inputs).
  Optimizing cells in module \pwm_fpga_demo.
Performed a total of 0 changes.

10.6.5. Executing OPT_MERGE pass (detect identical cells).
Finding identical cells in module `\pwm_fpga_demo'.
Removed a total of 0 cells.

10.6.6. Executing OPT_DFF pass (perform DFF optimizations).

10.6.7. Executing OPT_CLEAN pass (remove unused cells and wires).
Finding unused cells or wires in module \pwm_fpga_demo..

10.6.8. Executing OPT_EXPR pass (perform const folding).
Optimizing module pwm_fpga_demo.

10.6.9. Finished OPT passes. (There is nothing left to do.)

10.7. Executing FSM pass (extract and optimize FSM).

10.7.1. Executing FSM_DETECT pass (finding FSMs in design).

10.7.2. Executing FSM_EXTRACT pass (extracting FSM from design).

10.7.3. Executing FSM_OPT pass (simple optimizations of FSMs).

10.7.4. Executing OPT_CLEAN pass (remove unused cells and wires).
Finding unused cells or wires in module \pwm_fpga_demo..

10.7.5. Executing FSM_OPT pass (simple optimizations of FSMs).

10.7.6. Executing FSM_RECODE pass (re-assigning FSM state encoding).

10.7.7. Executing FSM_INFO pass (dumping all available information on FSM cells).

10.7.8. Executing FSM_MAP pass (mapping FSMs to basic logic).

10.8. Executing OPT pass (performing simple optimizations).

10.8.1. Executing OPT_EXPR pass (perform const folding).
Optimizing module pwm_fpga_demo.

10.8.2. Executing OPT_MERGE pass (detect identical cells).
Finding identical cells in module `\pwm_fpga_demo'.
Removed a total of 0 cells.

10.8.3. Executing OPT_MUXTREE pass (detect dead branches in mux trees).
Running muxtree optimizer on module \pwm_fpga_demo..
  Creating internal representation of mux trees.
  Evaluating internal representation of mux trees.
  Analyzing evaluation results.
Removed 0 multiplexer ports.
<suppressed ~2 debug messages>

10.8.4. Executing OPT_REDUCE pass (consolidate $*mux and $reduce_* inputs).
  Optimizing cells in module \pwm_fpga_demo.
Performed a total of 0 changes.

10.8.5. Executing OPT_MERGE pass (detect identical cells).
Finding identical cells in module `\pwm_fpga_demo'.
Removed a total of 0 cells.

10.8.6. Executing OPT_DFF pass (perform DFF optimizations).

10.8.7. Executing OPT_CLEAN pass (remove unused cells and wires).
Finding unused cells or wires in module \pwm_fpga_demo..

10.8.8. Executing OPT_EXPR pass (perform const folding).
Optimizing module pwm_fpga_demo.

10.8.9. Finished OPT passes. (There is nothing left to do.)

10.9. Executing WREDUCE pass (reducing word size of cells).
Removed top 7 bits (of 8) from port B of cell pwm_fpga_demo.$add$/root/chiploop-backend/backend/workflows/bf434173-b47d-4407-865d-8a369997c048/rtl/pwm_fpga_demo.v:17$3 ($add).
Removed top 7 bits (of 8) from port B of cell pwm_fpga_demo.$add$/root/chiploop-backend/backend/workflows/bf434173-b47d-4407-865d-8a369997c048/rtl/pwm_fpga_demo.v:27$6 ($add).
Removed top 7 bits (of 8) from port B of cell pwm_fpga_demo.$sub$/root/chiploop-backend/backend/workflows/bf434173-b47d-4407-865d-8a369997c048/rtl/pwm_fpga_demo.v:34$8 ($sub).
Removed top 15 bits (of 16) from port B of cell pwm_fpga_demo.$add$/root/chiploop-backend/backend/workflows/bf434173-b47d-4407-865d-8a369997c048/rtl/pwm_fpga_demo.v:38$9 ($add).

10.10. Executing PEEPOPT pass (run peephole optimizers).

10.11. Executing OPT_CLEAN pass (remove unused cells and wires).
Finding unused cells or wires in module \pwm_fpga_demo..

10.12. Executing ALUMACC pass (create $alu and $macc cells).
Extracting $alu and $macc cells in module pwm_fpga_demo:
  creating $macc model for $add$/root/chiploop-backend/backend/workflows/bf434173-b47d-4407-865d-8a369997c048/rtl/pwm_fpga_demo.v:17$3 ($add).
  creating $macc model for $add$/root/chiploop-backend/backend/workflows/bf434173-b47d-4407-865d-8a369997c048/rtl/pwm_fpga_demo.v:27$6 ($add).
  creating $macc model for $add$/root/chiploop-backend/backend/workflows/bf434173-b47d-4407-865d-8a369997c048/rtl/pwm_fpga_demo.v:38$9 ($add).
  creating $macc model for $sub$/root/chiploop-backend/backend/workflows/bf434173-b47d-4407-865d-8a369997c048/rtl/pwm_fpga_demo.v:34$8 ($sub).
  creating $alu model for $macc $sub$/root/chiploop-backend/backend/workflows/bf434173-b47d-4407-865d-8a369997c048/rtl/pwm_fpga_demo.v:34$8.
  creating $alu model for $macc $add$/root/chiploop-backend/backend/workflows/bf434173-b47d-4407-865d-8a369997c048/rtl/pwm_fpga_demo.v:38$9.
  creating $alu model for $macc $add$/root/chiploop-backend/backend/workflows/bf434173-b47d-4407-865d-8a369997c048/rtl/pwm_fpga_demo.v:27$6.
  creating $alu model for $macc $add$/root/chiploop-backend/backend/workflows/bf434173-b47d-4407-865d-8a369997c048/rtl/pwm_fpga_demo.v:17$3.
  creating $alu model for $lt$/root/chiploop-backend/backend/workflows/bf434173-b47d-4407-865d-8a369997c048/rtl/pwm_fpga_demo.v:14$1 ($lt): new $alu
  creating $alu cell for $lt$/root/chiploop-backend/backend/workflows/bf434173-b47d-4407-865d-8a369997c048/rtl/pwm_fpga_demo.v:14$1: $auto$alumacc.cc:485:replace_alu$46
  creating $alu cell for $add$/root/chiploop-backend/backend/workflows/bf434173-b47d-4407-865d-8a369997c048/rtl/pwm_fpga_demo.v:17$3: $auto$alumacc.cc:485:replace_alu$51
  creating $alu cell for $add$/root/chiploop-backend/backend/workflows/bf434173-b47d-4407-865d-8a369997c048/rtl/pwm_fpga_demo.v:27$6: $auto$alumacc.cc:485:replace_alu$54
  creating $alu cell for $add$/root/chiploop-backend/backend/workflows/bf434173-b47d-4407-865d-8a369997c048/rtl/pwm_fpga_demo.v:38$9: $auto$alumacc.cc:485:replace_alu$57
  creating $alu cell for $sub$/root/chiploop-backend/backend/workflows/bf434173-b47d-4407-865d-8a369997c048/rtl/pwm_fpga_demo.v:34$8: $auto$alumacc.cc:485:replace_alu$60
  created 5 $alu and 0 $macc cells.

10.13. Executing SHARE pass (SAT-based resource sharing).

10.14. Executing OPT pass (performing simple optimizations).

10.14.1. Executing OPT_EXPR pass (perform const folding).
Optimizing module pwm_fpga_demo.

10.14.2. Executing OPT_MERGE pass (detect identical cells).
Finding identical cells in module `\pwm_fpga_demo'.
Removed a total of 0 cells.

10.14.3. Executing OPT_MUXTREE pass (detect dead branches in mux trees).
Running muxtree optimizer on module \pwm_fpga_demo..
  Creating internal representation of mux trees.
  Evaluating internal representation of mux trees.
  Analyzing evaluation results.
Removed 0 multiplexer ports.
<suppressed ~2 debug messages>

10.14.4. Executing OPT_REDUCE pass (consolidate $*mux and $reduce_* inputs).
  Optimizing cells in module \pwm_fpga_demo.
Performed a total of 0 changes.

10.14.5. Executing OPT_MERGE pass (detect identical cells).
Finding identical cells in module `\pwm_fpga_demo'.
Removed a total of 0 cells.

10.14.6. Executing OPT_DFF pass (perform DFF optimizations).

10.14.7. Executing OPT_CLEAN pass (remove unused cells and wires).
Finding unused cells or wires in module \pwm_fpga_demo..
Removed 0 unused cells and 1 unused wires.
<suppressed ~1 debug messages>

10.14.8. Executing OPT_EXPR pass (perform const folding).
Optimizing module pwm_fpga_demo.

10.14.9. Rerunning OPT passes. (Maybe there is more to do..)

10.14.10. Executing OPT_MUXTREE pass (detect dead branches in mux trees).
Running muxtree optimizer on module \pwm_fpga_demo..
  Creating internal representation of mux trees.
  Evaluating internal representation of mux trees.
  Analyzing evaluation results.
Removed 0 multiplexer ports.
<suppressed ~2 debug messages>

10.14.11. Executing OPT_REDUCE pass (consolidate $*mux and $reduce_* inputs).
  Optimizing cells in module \pwm_fpga_demo.
Performed a total of 0 changes.

10.14.12. Executing OPT_MERGE pass (detect identical cells).
Finding identical cells in module `\pwm_fpga_demo'.
Removed a total of 0 cells.

10.14.13. Executing OPT_DFF pass (perform DFF optimizations).

10.14.14. Executing OPT_CLEAN pass (remove unused cells and wires).
Finding unused cells or wires in module \pwm_fpga_demo..

10.14.15. Executing OPT_EXPR pass (perform const folding).
Optimizing module pwm_fpga_demo.

10.14.16. Finished OPT passes. (There is nothing left to do.)

10.15. Executing MEMORY pass.

10.15.1. Executing OPT_MEM pass (optimize memories).
Performed a total of 0 transformations.

10.15.2. Executing OPT_MEM_PRIORITY pass (removing unnecessary memory write priority relations).
Performed a total of 0 transformations.

10.15.3. Executing OPT_MEM_FEEDBACK pass (finding memory read-to-write feedback paths).

10.15.4. Executing MEMORY_BMUX2ROM pass (converting muxes to ROMs).

10.15.5. Executing MEMORY_DFF pass (merging $dff cells to $memrd).

10.15.6. Executing OPT_CLEAN pass (remove unused cells and wires).
Finding unused cells or wires in module \pwm_fpga_demo..

10.15.7. Executing MEMORY_SHARE pass (consolidating $memrd/$memwr cells).

10.15.8. Executing OPT_MEM_WIDEN pass (optimize memories where all ports are wide).
Performed a total of 0 transformations.

10.15.9. Executing OPT_CLEAN pass (remove unused cells and wires).
Finding unused cells or wires in module \pwm_fpga_demo..

10.15.10. Executing MEMORY_COLLECT pass (generating $mem cells).

10.16. Executing OPT_CLEAN pass (remove unused cells and wires).
Finding unused cells or wires in module \pwm_fpga_demo..

10.17. Executing OPT pass (performing simple optimizations).

10.17.1. Executing OPT_EXPR pass (perform const folding).
Optimizing module pwm_fpga_demo.
<suppressed ~2 debug messages>

10.17.2. Executing OPT_MERGE pass (detect identical cells).
Finding identical cells in module `\pwm_fpga_demo'.
Removed a total of 0 cells.

10.17.3. Executing OPT_DFF pass (perform DFF optimizations).

10.17.4. Executing OPT_CLEAN pass (remove unused cells and wires).
Finding unused cells or wires in module \pwm_fpga_demo..
Removed 0 unused cells and 1 unused wires.
<suppressed ~1 debug messages>

10.17.5. Finished fast OPT passes.

10.18. Executing MEMORY_MAP pass (converting memories to logic and flip-flops).

10.19. Executing OPT pass (performing simple optimizations).

10.19.1. Executing OPT_EXPR pass (perform const folding).
Optimizing module pwm_fpga_demo.

10.19.2. Executing OPT_MERGE pass (detect identical cells).
Finding identical cells in module `\pwm_fpga_demo'.
Removed a total of 0 cells.

10.19.3. Executing OPT_MUXTREE pass (detect dead branches in mux trees).
Running muxtree optimizer on module \pwm_fpga_demo..
  Creating internal representation of mux trees.
  Evaluating internal representation of mux trees.
  Analyzing evaluation results.
Removed 0 multiplexer ports.
<suppressed ~2 debug messages>

10.19.4. Executing OPT_REDUCE pass (consolidate $*mux and $reduce_* inputs).
  Optimizing cells in module \pwm_fpga_demo.
Performed a total of 0 changes.

10.19.5. Executing OPT_MERGE pass (detect identical cells).
Finding identical cells in module `\pwm_fpga_demo'.
Removed a total of 0 cells.

10.19.6. Executing OPT_SHARE pass.

10.19.7. Executing OPT_DFF pass (perform DFF optimizations).

10.19.8. Executing OPT_CLEAN pass (remove unused cells and wires).
Finding unused cells or wires in module \pwm_fpga_demo..

10.19.9. Executing OPT_EXPR pass (perform const folding).
Optimizing module pwm_fpga_demo.

10.19.10. Finished OPT passes. (There is nothing left to do.)

10.20. Executing TECHMAP pass (map to technology primitives).

10.20.1. Executing Verilog-2005 frontend: /usr/bin/../share/yosys/techmap.v
Parsing Verilog input from `/usr/bin/../share/yosys/techmap.v' to AST representation.
Generating RTLIL representation for module `\_90_simplemap_bool_ops'.
Generating RTLIL representation for module `\_90_simplemap_reduce_ops'.
Generating RTLIL representation for module `\_90_simplemap_logic_ops'.
Generating RTLIL representation for module `\_90_simplemap_compare_ops'.
Generating RTLIL representation for module `\_90_simplemap_various'.
Generating RTLIL representation for module `\_90_simplemap_registers'.
Generating RTLIL representation for module `\_90_shift_ops_shr_shl_sshl_sshr'.
Generating RTLIL representation for module `\_90_shift_shiftx'.
Generating RTLIL representation for module `\_90_fa'.
Generating RTLIL representation for module `\_90_lcu'.
Generating RTLIL representation for module `\_90_alu'.
Generating RTLIL representation for module `\_90_macc'.
Generating RTLIL representation for module `\_90_alumacc'.
Generating RTLIL representation for module `\$__div_mod_u'.
Generating RTLIL representation for module `\$__div_mod_trunc'.
Generating RTLIL representation for module `\_90_div'.
Generating RTLIL representation for module `\_90_mod'.
Generating RTLIL representation for module `\$__div_mod_floor'.
Generating RTLIL representation for module `\_90_divfloor'.
Generating RTLIL representation for module `\_90_modfloor'.
Generating RTLIL representation for module `\_90_pow'.
Generating RTLIL representation for module `\_90_pmux'.
Generating RTLIL representation for module `\_90_demux'.
Generating RTLIL representation for module `\_90_lut'.
Successfully finished Verilog frontend.

10.20.2. Continuing TECHMAP pass.
Using template $paramod$c3cd1564c35d873179656addd6052d7ea8b6d991\_90_alu for cells of type $alu.
Using extmapper simplemap for cells of type $dffe.
Using extmapper simplemap for cells of type $eq.
Using template $paramod$2af30114e9bd4ccb04dad757b3f0a8f6bf0615b0\_90_alu for cells of type $alu.
Using extmapper simplemap for cells of type $logic_not.
Using template $paramod$403a3c2fa431a154c52a6a5429d7a6260b5d144f\_90_alu for cells of type $alu.
Using extmapper simplemap for cells of type $not.
Using extmapper simplemap for cells of type $mux.
Using template $paramod$a1bc51c02ce12ac21eb18988e83292af48ed7d72\_90_alu for cells of type $alu.
Using extmapper simplemap for cells of type $dff.
Using extmapper simplemap for cells of type $sdff.
Using extmapper simplemap for cells of type $xor.
Using extmapper simplemap for cells of type $and.
Using template $paramod\_90_lcu\WIDTH=32'00000000000000000000000000001000 for cells of type $lcu.
Using extmapper simplemap for cells of type $pos.
Using template $paramod\_90_lcu\WIDTH=32'00000000000000000000000000010000 for cells of type $lcu.
Using extmapper simplemap for cells of type $or.
No more expansions possible.
<suppressed ~618 debug messages>

10.21. Executing OPT pass (performing simple optimizations).

10.21.1. Executing OPT_EXPR pass (perform const folding).
Optimizing module pwm_fpga_demo.
<suppressed ~288 debug messages>

10.21.2. Executing OPT_MERGE pass (detect identical cells).
Finding identical cells in module `\pwm_fpga_demo'.
<suppressed ~99 debug messages>
Removed a total of 33 cells.

10.21.3. Executing OPT_DFF pass (perform DFF optimizations).

10.21.4. Executing OPT_CLEAN pass (remove unused cells and wires).
Finding unused cells or wires in module \pwm_fpga_demo..
Removed 52 unused cells and 243 unused wires.
<suppressed ~53 debug messages>

10.21.5. Finished fast OPT passes.

10.22. Executing ABC pass (technology mapping using ABC).

10.22.1. Extracting gate netlist of module `\pwm_fpga_demo' to `<abc-temp-dir>/input.blif'..
Extracted 199 gates and 234 wires to a netlist network with 33 inputs and 35 outputs.

10.22.1.1. Executing ABC.
Running ABC command: "<yosys-exe-dir>/yosys-abc" -s -f <abc-temp-dir>/abc.script 2>&1
ABC: ABC command line: "source <abc-temp-dir>/abc.script".
ABC: 
ABC: + read_blif <abc-temp-dir>/input.blif 
ABC: + read_library <abc-temp-dir>/stdcells.genlib 
ABC: Entered genlib library with 13 gates from file "<abc-temp-dir>/stdcells.genlib".
ABC: + strash 
ABC: + dretime 
ABC: + map 
ABC: + write_blif <abc-temp-dir>/output.blif 

10.22.1.2. Re-integrating ABC results.
ABC RESULTS:               MUX cells:        9
ABC RESULTS:             ORNOT cells:       11
ABC RESULTS:               NOT cells:        5
ABC RESULTS:                OR cells:       33
ABC RESULTS:               NOR cells:        7
ABC RESULTS:               AND cells:        5
ABC RESULTS:              NAND cells:       15
ABC RESULTS:              XNOR cells:       17
ABC RESULTS:            ANDNOT cells:       44
ABC RESULTS:               XOR cells:       25
ABC RESULTS:        internal signals:      166
ABC RESULTS:           input signals:       33
ABC RESULTS:          output signals:       35
Removing temp directory.

10.23. Executing OPT pass (performing simple optimizations).

10.23.1. Executing OPT_EXPR pass (perform const folding).
Optimizing module pwm_fpga_demo.
<suppressed ~9 debug messages>

10.23.2. Executing OPT_MERGE pass (detect identical cells).
Finding identical cells in module `\pwm_fpga_demo'.
<suppressed ~3 debug messages>
Removed a total of 1 cells.

10.23.3. Executing OPT_DFF pass (perform DFF optimizations).

10.23.4. Executing OPT_CLEAN pass (remove unused cells and wires).
Finding unused cells or wires in module \pwm_fpga_demo..
Removed 1 unused cells and 130 unused wires.
<suppressed ~2 debug messages>

10.23.5. Finished fast OPT passes.

10.24. Executing HIERARCHY pass (managing design hierarchy).

10.24.1. Analyzing design hierarchy..
Top module:  \pwm_fpga_demo

10.24.2. Analyzing design hierarchy..
Top module:  \pwm_fpga_demo
Removed 0 unused modules.

10.25. Printing statistics.

=== pwm_fpga_demo ===

   Number of wires:                155
   Number of wire bits:            228
   Number of public wires:           7
   Number of public wire bits:      36
   Number of memories:               0
   Number of memory bits:            0
   Number of processes:              0
   Number of cells:                202
     $_ANDNOT_                      44
     $_AND_                          5
     $_DFFE_PN_                      9
     $_DFF_P_                        8
     $_MUX_                          9
     $_NAND_                        15
     $_NOR_                          6
     $_NOT_                          4
     $_ORNOT_                       11
     $_OR_                          33
     $_SDFF_PN0_                    16
     $_XNOR_                        17
     $_XOR_                         25

10.26. Executing CHECK pass (checking for obvious problems).
Checking module pwm_fpga_demo...
Found and reported 0 problems.

11. Printing statistics.

=== pwm_fpga_demo ===

   Number of wires:                155
   Number of wire bits:            228
   Number of public wires:           7
   Number of public wire bits:      36
   Number of memories:               0
   Number of memory bits:            0
   Number of processes:              0
   Number of cells:                202
     $_ANDNOT_                      44
     $_AND_                          5
     $_DFFE_PN_                      9
     $_DFF_P_                        8
     $_MUX_                          9
     $_NAND_                        15
     $_NOR_                          6
     $_NOT_                          4
     $_ORNOT_                       11
     $_OR_                          33
     $_SDFF_PN0_                    16
     $_XNOR_                        17
     $_XOR_                         25

End of script. Logfile hash: be090ff061, CPU: user 0.24s system 0.01s, MEM: 410.01 MB peak
Yosys 0.33 (git sha1 2584903a060)
Time spent: 24% 1x abc (0 sec), 19% 26x opt_expr (0 sec), ...
