OpenROAD edf00dff99f6c40d67a30c0e22a8191c5d2ed9d6 
Features included (+) or not (-): +Charts +GPU +GUI +Python
This program is licensed under the BSD-3 license. See the LICENSE file for details.
Components of this program may be licensed under more restrictive licenses which must be honored.
[INFO ODB-0227] LEF file: /pdk/sky130A/libs.ref/sky130_fd_sc_hd/techlef/sky130_fd_sc_hd__nom.tlef, created 13 layers, 25 vias
[WARNING ODB-0220] WARNING (LEFPARS-2008): NOWIREEXTENSIONATPIN statement is obsolete in version 5.6 or later.
The NOWIREEXTENSIONATPIN statement will be ignored. See file /pdk/sky130A/libs.ref/sky130_fd_sc_hd/lef/sky130_fd_sc_hd.lef at line 2.

[INFO ODB-0227] LEF file: /pdk/sky130A/libs.ref/sky130_fd_sc_hd/lef/sky130_fd_sc_hd.lef, created 437 library cells
no_mix
[WARNING DFT-0007] Cell '_1590_' is not a scan cell. Can't use it for scan architect
[WARNING DFT-0007] Cell '_1822_' is not a scan cell. Can't use it for scan architect
[WARNING DFT-0007] Cell '_1823_' is not a scan cell. Can't use it for scan architect
[WARNING DFT-0007] Cell '_1824_' is not a scan cell. Can't use it for scan architect
[WARNING DFT-0007] Cell '_1825_' is not a scan cell. Can't use it for scan architect
[WARNING DFT-0007] Cell '_1826_' is not a scan cell. Can't use it for scan architect
[WARNING DFT-0007] Cell '_1827_' is not a scan cell. Can't use it for scan architect
[WARNING DFT-0007] Cell '_1828_' is not a scan cell. Can't use it for scan architect
[WARNING DFT-0007] Cell '_1829_' is not a scan cell. Can't use it for scan architect
***************************
Preview DFT Report
Number of chains: 4
Clock domain: No Mix
***************************

Scan chain 'chain_0' has 76 cells (76 bits)

  _1648_ (clk, rising)
  _1649_
  _1650_
  _1651_
  _1652_
  _1653_
  _1654_
  _1655_
  _1552_
  _1657_
  _1658_
  _1659_
  _1660_
  _1661_
  _1662_
  _1663_
  _1664_
  _1656_
  _1629_
  _1630_
  _1631_
  _1632_
  _1633_
  _1634_
  _1635_
  _1636_
  _1647_
  _1638_
  _1639_
  _1640_
  _1641_
  _1642_
  _1643_
  _1644_
  _1645_
  _1646_
  _1637_
  _1685_
  _1686_
  _1687_
  _1688_
  _1689_
  _1690_
  _1691_
  _1692_
  _1665_
  _1694_
  _1695_
  _1696_
  _1697_
  _1698_
  _1699_
  _1700_
  _1701_
  _1702_
  _1693_
  _1666_
  _1667_
  _1668_
  _1669_
  _1670_
  _1671_
  _1672_
  _1673_
  _1684_
  _1675_
  _1676_
  _1677_
  _1678_
  _1679_
  _1680_
  _1681_
  _1682_
  _1683_
  _1674_
  _1572_

Scan chain 'chain_1' has 76 cells (76 bits)

  _1573_ (clk, rising)
  _1574_
  _1575_
  _1576_
  _1577_
  _1578_
  _1579_
  _1628_
  _1581_
  _1582_
  _1583_
  _1584_
  _1585_
  _1586_
  _1587_
  _1588_
  _1580_
  _1553_
  _1554_
  _1555_
  _1556_
  _1557_
  _1558_
  _1559_
  _1560_
  _1571_
  _1562_
  _1563_
  _1564_
  _1565_
  _1566_
  _1567_
  _1568_
  _1569_
  _1570_
  _1561_
  _1610_
  _1611_
  _1612_
  _1613_
  _1614_
  _1615_
  _1616_
  _1617_
  _1589_
  _1619_
  _1620_
  _1621_
  _1622_
  _1623_
  _1624_
  _1625_
  _1626_
  _1627_
  _1618_
  _1591_
  _1592_
  _1593_
  _1594_
  _1595_
  _1596_
  _1597_
  _1598_
  _1609_
  _1600_
  _1601_
  _1602_
  _1603_
  _1604_
  _1605_
  _1606_
  _1607_
  _1608_
  _1599_
  _1799_
  _1800_

Scan chain 'chain_2' has 76 cells (76 bits)

  _1801_ (clk, rising)
  _1802_
  _1803_
  _1804_
  _1805_
  _1806_
  _1703_
  _1808_
  _1809_
  _1810_
  _1811_
  _1812_
  _1813_
  _1814_
  _1815_
  _1807_
  _1780_
  _1781_
  _1782_
  _1783_
  _1784_
  _1785_
  _1786_
  _1787_
  _1798_
  _1789_
  _1790_
  _1791_
  _1792_
  _1793_
  _1794_
  _1795_
  _1796_
  _1797_
  _1788_
  _1844_
  _1845_
  _1846_
  _1847_
  _1848_
  _1849_
  _1850_
  _1851_
  _1816_
  _1853_
  _1854_
  _1855_
  _1856_
  _1857_
  _1858_
  _1859_
  _1860_
  _1861_
  _1852_
  _1817_
  _1818_
  _1819_
  _1820_
  _1821_
  _1830_
  _1831_
  _1832_
  _1843_
  _1834_
  _1835_
  _1836_
  _1837_
  _1838_
  _1839_
  _1840_
  _1841_
  _1842_
  _1833_
  _1723_
  _1724_
  _1725_

Scan chain 'chain_3' has 73 cells (73 bits)

  _1726_ (clk, rising)
  _1727_
  _1728_
  _1729_
  _1730_
  _1779_
  _1732_
  _1733_
  _1734_
  _1735_
  _1736_
  _1737_
  _1738_
  _1739_
  _1740_
  _1731_
  _1704_
  _1705_
  _1706_
  _1707_
  _1708_
  _1709_
  _1710_
  _1711_
  _1722_
  _1713_
  _1714_
  _1715_
  _1716_
  _1717_
  _1718_
  _1719_
  _1720_
  _1721_
  _1712_
  _1761_
  _1762_
  _1763_
  _1764_
  _1765_
  _1766_
  _1767_
  _1768_
  _1741_
  _1770_
  _1771_
  _1772_
  _1773_
  _1774_
  _1775_
  _1776_
  _1777_
  _1778_
  _1769_
  _1742_
  _1743_
  _1744_
  _1745_
  _1746_
  _1747_
  _1748_
  _1749_
  _1760_
  _1751_
  _1752_
  _1753_
  _1754_
  _1755_
  _1756_
  _1757_
  _1758_
  _1759_
  _1750_


[INFO DFT-0003] Cell '_1552_' is already an scan cell, we will not replace it
[INFO DFT-0003] Cell '_1553_' is already an scan cell, we will not replace it
[INFO DFT-0003] Cell '_1554_' is already an scan cell, we will not replace it
[INFO DFT-0003] Cell '_1555_' is already an scan cell, we will not replace it
[INFO DFT-0003] Cell '_1556_' is already an scan cell, we will not replace it
[INFO DFT-0003] Cell '_1557_' is already an scan cell, we will not replace it
[INFO DFT-0003] Cell '_1558_' is already an scan cell, we will not replace it
[INFO DFT-0003] Cell '_1559_' is already an scan cell, we will not replace it
[INFO DFT-0003] Cell '_1560_' is already an scan cell, we will not replace it
[INFO DFT-0003] Cell '_1561_' is already an scan cell, we will not replace it
[INFO DFT-0003] Cell '_1562_' is already an scan cell, we will not replace it
[INFO DFT-0003] Cell '_1563_' is already an scan cell, we will not replace it
[INFO DFT-0003] Cell '_1564_' is already an scan cell, we will not replace it
[INFO DFT-0003] Cell '_1565_' is already an scan cell, we will not replace it
[INFO DFT-0003] Cell '_1566_' is already an scan cell, we will not replace it
[INFO DFT-0003] Cell '_1567_' is already an scan cell, we will not replace it
[INFO DFT-0003] Cell '_1568_' is already an scan cell, we will not replace it
[INFO DFT-0003] Cell '_1569_' is already an scan cell, we will not replace it
[INFO DFT-0003] Cell '_1570_' is already an scan cell, we will not replace it
[INFO DFT-0003] Cell '_1571_' is already an scan cell, we will not replace it
[INFO DFT-0003] Cell '_1572_' is already an scan cell, we will not replace it
[INFO DFT-0003] Cell '_1573_' is already an scan cell, we will not replace it
[INFO DFT-0003] Cell '_1574_' is already an scan cell, we will not replace it
[INFO DFT-0003] Cell '_1575_' is already an scan cell, we will not replace it
[INFO DFT-0003] Cell '_1576_' is already an scan cell, we will not replace it
[INFO DFT-0003] Cell '_1577_' is already an scan cell, we will not replace it
[INFO DFT-0003] Cell '_1578_' is already an scan cell, we will not replace it
[INFO DFT-0003] Cell '_1579_' is already an scan cell, we will not replace it
[INFO DFT-0003] Cell '_1580_' is already an scan cell, we will not replace it
[INFO DFT-0003] Cell '_1581_' is already an scan cell, we will not replace it
[INFO DFT-0003] Cell '_1582_' is already an scan cell, we will not replace it
[INFO DFT-0003] Cell '_1583_' is already an scan cell, we will not replace it
[INFO DFT-0003] Cell '_1584_' is already an scan cell, we will not replace it
[INFO DFT-0003] Cell '_1585_' is already an scan cell, we will not replace it
[INFO DFT-0003] Cell '_1586_' is already an scan cell, we will not replace it
[INFO DFT-0003] Cell '_1587_' is already an scan cell, we will not replace it
[INFO DFT-0003] Cell '_1588_' is already an scan cell, we will not replace it
[INFO DFT-0003] Cell '_1589_' is already an scan cell, we will not replace it
[INFO DFT-0003] Cell '_1591_' is already an scan cell, we will not replace it
[INFO DFT-0003] Cell '_1592_' is already an scan cell, we will not replace it
[INFO DFT-0003] Cell '_1593_' is already an scan cell, we will not replace it
[INFO DFT-0003] Cell '_1594_' is already an scan cell, we will not replace it
[INFO DFT-0003] Cell '_1595_' is already an scan cell, we will not replace it
[INFO DFT-0003] Cell '_1596_' is already an scan cell, we will not replace it
[INFO DFT-0003] Cell '_1597_' is already an scan cell, we will not replace it
[INFO DFT-0003] Cell '_1598_' is already an scan cell, we will not replace it
[INFO DFT-0003] Cell '_1599_' is already an scan cell, we will not replace it
[INFO DFT-0003] Cell '_1600_' is already an scan cell, we will not replace it
[INFO DFT-0003] Cell '_1601_' is already an scan cell, we will not replace it
[INFO DFT-0003] Cell '_1602_' is already an scan cell, we will not replace it
[INFO DFT-0003] Cell '_1603_' is already an scan cell, we will not replace it
[INFO DFT-0003] Cell '_1604_' is already an scan cell, we will not replace it
[INFO DFT-0003] Cell '_1605_' is already an scan cell, we will not replace it
[INFO DFT-0003] Cell '_1606_' is already an scan cell, we will not replace it
[INFO DFT-0003] Cell '_1607_' is already an scan cell, we will not replace it
[INFO DFT-0003] Cell '_1608_' is already an scan cell, we will not replace it
[INFO DFT-0003] Cell '_1609_' is already an scan cell, we will not replace it
[INFO DFT-0003] Cell '_1610_' is already an scan cell, we will not replace it
[INFO DFT-0003] Cell '_1611_' is already an scan cell, we will not replace it
[INFO DFT-0003] Cell '_1612_' is already an scan cell, we will not replace it
[INFO DFT-0003] Cell '_1613_' is already an scan cell, we will not replace it
[INFO DFT-0003] Cell '_1614_' is already an scan cell, we will not replace it
[INFO DFT-0003] Cell '_1615_' is already an scan cell, we will not replace it
[INFO DFT-0003] Cell '_1616_' is already an scan cell, we will not replace it
[INFO DFT-0003] Cell '_1617_' is already an scan cell, we will not replace it
[INFO DFT-0003] Cell '_1618_' is already an scan cell, we will not replace it
[INFO DFT-0003] Cell '_1619_' is already an scan cell, we will not replace it
[INFO DFT-0003] Cell '_1620_' is already an scan cell, we will not replace it
[INFO DFT-0003] Cell '_1621_' is already an scan cell, we will not replace it
[INFO DFT-0003] Cell '_1622_' is already an scan cell, we will not replace it
[INFO DFT-0003] Cell '_1623_' is already an scan cell, we will not replace it
[INFO DFT-0003] Cell '_1624_' is already an scan cell, we will not replace it
[INFO DFT-0003] Cell '_1625_' is already an scan cell, we will not replace it
[INFO DFT-0003] Cell '_1626_' is already an scan cell, we will not replace it
[INFO DFT-0003] Cell '_1627_' is already an scan cell, we will not replace it
[INFO DFT-0003] Cell '_1628_' is already an scan cell, we will not replace it
[INFO DFT-0003] Cell '_1629_' is already an scan cell, we will not replace it
[INFO DFT-0003] Cell '_1630_' is already an scan cell, we will not replace it
[INFO DFT-0003] Cell '_1631_' is already an scan cell, we will not replace it
[INFO DFT-0003] Cell '_1632_' is already an scan cell, we will not replace it
[INFO DFT-0003] Cell '_1633_' is already an scan cell, we will not replace it
[INFO DFT-0003] Cell '_1634_' is already an scan cell, we will not replace it
[INFO DFT-0003] Cell '_1635_' is already an scan cell, we will not replace it
[INFO DFT-0003] Cell '_1636_' is already an scan cell, we will not replace it
[INFO DFT-0003] Cell '_1637_' is already an scan cell, we will not replace it
[INFO DFT-0003] Cell '_1638_' is already an scan cell, we will not replace it
[INFO DFT-0003] Cell '_1639_' is already an scan cell, we will not replace it
[INFO DFT-0003] Cell '_1640_' is already an scan cell, we will not replace it
[INFO DFT-0003] Cell '_1641_' is already an scan cell, we will not replace it
[INFO DFT-0003] Cell '_1642_' is already an scan cell, we will not replace it
[INFO DFT-0003] Cell '_1643_' is already an scan cell, we will not replace it
[INFO DFT-0003] Cell '_1644_' is already an scan cell, we will not replace it
[INFO DFT-0003] Cell '_1645_' is already an scan cell, we will not replace it
[INFO DFT-0003] Cell '_1646_' is already an scan cell, we will not replace it
[INFO DFT-0003] Cell '_1647_' is already an scan cell, we will not replace it
[INFO DFT-0003] Cell '_1648_' is already an scan cell, we will not replace it
[INFO DFT-0003] Cell '_1649_' is already an scan cell, we will not replace it
[INFO DFT-0003] Cell '_1650_' is already an scan cell, we will not replace it
[INFO DFT-0003] Cell '_1651_' is already an scan cell, we will not replace it
[INFO DFT-0003] Cell '_1652_' is already an scan cell, we will not replace it
[INFO DFT-0003] Cell '_1653_' is already an scan cell, we will not replace it
[INFO DFT-0003] Cell '_1654_' is already an scan cell, we will not replace it
[INFO DFT-0003] Cell '_1655_' is already an scan cell, we will not replace it
[INFO DFT-0003] Cell '_1656_' is already an scan cell, we will not replace it
[INFO DFT-0003] Cell '_1657_' is already an scan cell, we will not replace it
[INFO DFT-0003] Cell '_1658_' is already an scan cell, we will not replace it
[INFO DFT-0003] Cell '_1659_' is already an scan cell, we will not replace it
[INFO DFT-0003] Cell '_1660_' is already an scan cell, we will not replace it
[INFO DFT-0003] Cell '_1661_' is already an scan cell, we will not replace it
[INFO DFT-0003] Cell '_1662_' is already an scan cell, we will not replace it
[INFO DFT-0003] Cell '_1663_' is already an scan cell, we will not replace it
[INFO DFT-0003] Cell '_1664_' is already an scan cell, we will not replace it
[INFO DFT-0003] Cell '_1665_' is already an scan cell, we will not replace it
[INFO DFT-0003] Cell '_1666_' is already an scan cell, we will not replace it
[INFO DFT-0003] Cell '_1667_' is already an scan cell, we will not replace it
[INFO DFT-0003] Cell '_1668_' is already an scan cell, we will not replace it
[INFO DFT-0003] Cell '_1669_' is already an scan cell, we will not replace it
[INFO DFT-0003] Cell '_1670_' is already an scan cell, we will not replace it
[INFO DFT-0003] Cell '_1671_' is already an scan cell, we will not replace it
[INFO DFT-0003] Cell '_1672_' is already an scan cell, we will not replace it
[INFO DFT-0003] Cell '_1673_' is already an scan cell, we will not replace it
[INFO DFT-0003] Cell '_1674_' is already an scan cell, we will not replace it
[INFO DFT-0003] Cell '_1675_' is already an scan cell, we will not replace it
[INFO DFT-0003] Cell '_1676_' is already an scan cell, we will not replace it
[INFO DFT-0003] Cell '_1677_' is already an scan cell, we will not replace it
[INFO DFT-0003] Cell '_1678_' is already an scan cell, we will not replace it
[INFO DFT-0003] Cell '_1679_' is already an scan cell, we will not replace it
[INFO DFT-0003] Cell '_1680_' is already an scan cell, we will not replace it
[INFO DFT-0003] Cell '_1681_' is already an scan cell, we will not replace it
[INFO DFT-0003] Cell '_1682_' is already an scan cell, we will not replace it
[INFO DFT-0003] Cell '_1683_' is already an scan cell, we will not replace it
[INFO DFT-0003] Cell '_1684_' is already an scan cell, we will not replace it
[INFO DFT-0003] Cell '_1685_' is already an scan cell, we will not replace it
[INFO DFT-0003] Cell '_1686_' is already an scan cell, we will not replace it
[INFO DFT-0003] Cell '_1687_' is already an scan cell, we will not replace it
[INFO DFT-0003] Cell '_1688_' is already an scan cell, we will not replace it
[INFO DFT-0003] Cell '_1689_' is already an scan cell, we will not replace it
[INFO DFT-0003] Cell '_1690_' is already an scan cell, we will not replace it
[INFO DFT-0003] Cell '_1691_' is already an scan cell, we will not replace it
[INFO DFT-0003] Cell '_1692_' is already an scan cell, we will not replace it
[INFO DFT-0003] Cell '_1693_' is already an scan cell, we will not replace it
[INFO DFT-0003] Cell '_1694_' is already an scan cell, we will not replace it
[INFO DFT-0003] Cell '_1695_' is already an scan cell, we will not replace it
[INFO DFT-0003] Cell '_1696_' is already an scan cell, we will not replace it
[INFO DFT-0003] Cell '_1697_' is already an scan cell, we will not replace it
[INFO DFT-0003] Cell '_1698_' is already an scan cell, we will not replace it
[INFO DFT-0003] Cell '_1699_' is already an scan cell, we will not replace it
[INFO DFT-0003] Cell '_1700_' is already an scan cell, we will not replace it
[INFO DFT-0003] Cell '_1701_' is already an scan cell, we will not replace it
[INFO DFT-0003] Cell '_1702_' is already an scan cell, we will not replace it
[INFO DFT-0003] Cell '_1703_' is already an scan cell, we will not replace it
[INFO DFT-0003] Cell '_1704_' is already an scan cell, we will not replace it
[INFO DFT-0003] Cell '_1705_' is already an scan cell, we will not replace it
[INFO DFT-0003] Cell '_1706_' is already an scan cell, we will not replace it
[INFO DFT-0003] Cell '_1707_' is already an scan cell, we will not replace it
[INFO DFT-0003] Cell '_1708_' is already an scan cell, we will not replace it
[INFO DFT-0003] Cell '_1709_' is already an scan cell, we will not replace it
[INFO DFT-0003] Cell '_1710_' is already an scan cell, we will not replace it
[INFO DFT-0003] Cell '_1711_' is already an scan cell, we will not replace it
[INFO DFT-0003] Cell '_1712_' is already an scan cell, we will not replace it
[INFO DFT-0003] Cell '_1713_' is already an scan cell, we will not replace it
[INFO DFT-0003] Cell '_1714_' is already an scan cell, we will not replace it
[INFO DFT-0003] Cell '_1715_' is already an scan cell, we will not replace it
[INFO DFT-0003] Cell '_1716_' is already an scan cell, we will not replace it
[INFO DFT-0003] Cell '_1717_' is already an scan cell, we will not replace it
[INFO DFT-0003] Cell '_1718_' is already an scan cell, we will not replace it
[INFO DFT-0003] Cell '_1719_' is already an scan cell, we will not replace it
[INFO DFT-0003] Cell '_1720_' is already an scan cell, we will not replace it
[INFO DFT-0003] Cell '_1721_' is already an scan cell, we will not replace it
[INFO DFT-0003] Cell '_1722_' is already an scan cell, we will not replace it
[INFO DFT-0003] Cell '_1723_' is already an scan cell, we will not replace it
[INFO DFT-0003] Cell '_1724_' is already an scan cell, we will not replace it
[INFO DFT-0003] Cell '_1725_' is already an scan cell, we will not replace it
[INFO DFT-0003] Cell '_1726_' is already an scan cell, we will not replace it
[INFO DFT-0003] Cell '_1727_' is already an scan cell, we will not replace it
[INFO DFT-0003] Cell '_1728_' is already an scan cell, we will not replace it
[INFO DFT-0003] Cell '_1729_' is already an scan cell, we will not replace it
[INFO DFT-0003] Cell '_1730_' is already an scan cell, we will not replace it
[INFO DFT-0003] Cell '_1731_' is already an scan cell, we will not replace it
[INFO DFT-0003] Cell '_1732_' is already an scan cell, we will not replace it
[INFO DFT-0003] Cell '_1733_' is already an scan cell, we will not replace it
[INFO DFT-0003] Cell '_1734_' is already an scan cell, we will not replace it
[INFO DFT-0003] Cell '_1735_' is already an scan cell, we will not replace it
[INFO DFT-0003] Cell '_1736_' is already an scan cell, we will not replace it
[INFO DFT-0003] Cell '_1737_' is already an scan cell, we will not replace it
[INFO DFT-0003] Cell '_1738_' is already an scan cell, we will not replace it
[INFO DFT-0003] Cell '_1739_' is already an scan cell, we will not replace it
[INFO DFT-0003] Cell '_1740_' is already an scan cell, we will not replace it
[INFO DFT-0003] Cell '_1741_' is already an scan cell, we will not replace it
[INFO DFT-0003] Cell '_1742_' is already an scan cell, we will not replace it
[INFO DFT-0003] Cell '_1743_' is already an scan cell, we will not replace it
[INFO DFT-0003] Cell '_1744_' is already an scan cell, we will not replace it
[INFO DFT-0003] Cell '_1745_' is already an scan cell, we will not replace it
[INFO DFT-0003] Cell '_1746_' is already an scan cell, we will not replace it
[INFO DFT-0003] Cell '_1747_' is already an scan cell, we will not replace it
[INFO DFT-0003] Cell '_1748_' is already an scan cell, we will not replace it
[INFO DFT-0003] Cell '_1749_' is already an scan cell, we will not replace it
[INFO DFT-0003] Cell '_1750_' is already an scan cell, we will not replace it
[INFO DFT-0003] Cell '_1751_' is already an scan cell, we will not replace it
[INFO DFT-0003] Cell '_1752_' is already an scan cell, we will not replace it
[INFO DFT-0003] Cell '_1753_' is already an scan cell, we will not replace it
[INFO DFT-0003] Cell '_1754_' is already an scan cell, we will not replace it
[INFO DFT-0003] Cell '_1755_' is already an scan cell, we will not replace it
[INFO DFT-0003] Cell '_1756_' is already an scan cell, we will not replace it
[INFO DFT-0003] Cell '_1757_' is already an scan cell, we will not replace it
[INFO DFT-0003] Cell '_1758_' is already an scan cell, we will not replace it
[INFO DFT-0003] Cell '_1759_' is already an scan cell, we will not replace it
[INFO DFT-0003] Cell '_1760_' is already an scan cell, we will not replace it
[INFO DFT-0003] Cell '_1761_' is already an scan cell, we will not replace it
[INFO DFT-0003] Cell '_1762_' is already an scan cell, we will not replace it
[INFO DFT-0003] Cell '_1763_' is already an scan cell, we will not replace it
[INFO DFT-0003] Cell '_1764_' is already an scan cell, we will not replace it
[INFO DFT-0003] Cell '_1765_' is already an scan cell, we will not replace it
[INFO DFT-0003] Cell '_1766_' is already an scan cell, we will not replace it
[INFO DFT-0003] Cell '_1767_' is already an scan cell, we will not replace it
[INFO DFT-0003] Cell '_1768_' is already an scan cell, we will not replace it
[INFO DFT-0003] Cell '_1769_' is already an scan cell, we will not replace it
[INFO DFT-0003] Cell '_1770_' is already an scan cell, we will not replace it
[INFO DFT-0003] Cell '_1771_' is already an scan cell, we will not replace it
[INFO DFT-0003] Cell '_1772_' is already an scan cell, we will not replace it
[INFO DFT-0003] Cell '_1773_' is already an scan cell, we will not replace it
[INFO DFT-0003] Cell '_1774_' is already an scan cell, we will not replace it
[INFO DFT-0003] Cell '_1775_' is already an scan cell, we will not replace it
[INFO DFT-0003] Cell '_1776_' is already an scan cell, we will not replace it
[INFO DFT-0003] Cell '_1777_' is already an scan cell, we will not replace it
[INFO DFT-0003] Cell '_1778_' is already an scan cell, we will not replace it
[INFO DFT-0003] Cell '_1779_' is already an scan cell, we will not replace it
[INFO DFT-0003] Cell '_1780_' is already an scan cell, we will not replace it
[INFO DFT-0003] Cell '_1781_' is already an scan cell, we will not replace it
[INFO DFT-0003] Cell '_1782_' is already an scan cell, we will not replace it
[INFO DFT-0003] Cell '_1783_' is already an scan cell, we will not replace it
[INFO DFT-0003] Cell '_1784_' is already an scan cell, we will not replace it
[INFO DFT-0003] Cell '_1785_' is already an scan cell, we will not replace it
[INFO DFT-0003] Cell '_1786_' is already an scan cell, we will not replace it
[INFO DFT-0003] Cell '_1787_' is already an scan cell, we will not replace it
[INFO DFT-0003] Cell '_1788_' is already an scan cell, we will not replace it
[INFO DFT-0003] Cell '_1789_' is already an scan cell, we will not replace it
[INFO DFT-0003] Cell '_1790_' is already an scan cell, we will not replace it
[INFO DFT-0003] Cell '_1791_' is already an scan cell, we will not replace it
[INFO DFT-0003] Cell '_1792_' is already an scan cell, we will not replace it
[INFO DFT-0003] Cell '_1793_' is already an scan cell, we will not replace it
[INFO DFT-0003] Cell '_1794_' is already an scan cell, we will not replace it
[INFO DFT-0003] Cell '_1795_' is already an scan cell, we will not replace it
[INFO DFT-0003] Cell '_1796_' is already an scan cell, we will not replace it
[INFO DFT-0003] Cell '_1797_' is already an scan cell, we will not replace it
[INFO DFT-0003] Cell '_1798_' is already an scan cell, we will not replace it
[INFO DFT-0003] Cell '_1799_' is already an scan cell, we will not replace it
[INFO DFT-0003] Cell '_1800_' is already an scan cell, we will not replace it
[INFO DFT-0003] Cell '_1801_' is already an scan cell, we will not replace it
[INFO DFT-0003] Cell '_1802_' is already an scan cell, we will not replace it
[INFO DFT-0003] Cell '_1803_' is already an scan cell, we will not replace it
[INFO DFT-0003] Cell '_1804_' is already an scan cell, we will not replace it
[INFO DFT-0003] Cell '_1805_' is already an scan cell, we will not replace it
[INFO DFT-0003] Cell '_1806_' is already an scan cell, we will not replace it
[INFO DFT-0003] Cell '_1807_' is already an scan cell, we will not replace it
[INFO DFT-0003] Cell '_1808_' is already an scan cell, we will not replace it
[INFO DFT-0003] Cell '_1809_' is already an scan cell, we will not replace it
[INFO DFT-0003] Cell '_1810_' is already an scan cell, we will not replace it
[INFO DFT-0003] Cell '_1811_' is already an scan cell, we will not replace it
[INFO DFT-0003] Cell '_1812_' is already an scan cell, we will not replace it
[INFO DFT-0003] Cell '_1813_' is already an scan cell, we will not replace it
[INFO DFT-0003] Cell '_1814_' is already an scan cell, we will not replace it
[INFO DFT-0003] Cell '_1815_' is already an scan cell, we will not replace it
[INFO DFT-0003] Cell '_1816_' is already an scan cell, we will not replace it
[INFO DFT-0003] Cell '_1817_' is already an scan cell, we will not replace it
[INFO DFT-0003] Cell '_1818_' is already an scan cell, we will not replace it
[INFO DFT-0003] Cell '_1819_' is already an scan cell, we will not replace it
[INFO DFT-0003] Cell '_1820_' is already an scan cell, we will not replace it
[INFO DFT-0003] Cell '_1821_' is already an scan cell, we will not replace it
[INFO DFT-0003] Cell '_1830_' is already an scan cell, we will not replace it
[INFO DFT-0003] Cell '_1831_' is already an scan cell, we will not replace it
[INFO DFT-0003] Cell '_1832_' is already an scan cell, we will not replace it
[INFO DFT-0003] Cell '_1833_' is already an scan cell, we will not replace it
[INFO DFT-0003] Cell '_1834_' is already an scan cell, we will not replace it
[INFO DFT-0003] Cell '_1835_' is already an scan cell, we will not replace it
[INFO DFT-0003] Cell '_1836_' is already an scan cell, we will not replace it
[INFO DFT-0003] Cell '_1837_' is already an scan cell, we will not replace it
[INFO DFT-0003] Cell '_1838_' is already an scan cell, we will not replace it
[INFO DFT-0003] Cell '_1839_' is already an scan cell, we will not replace it
[INFO DFT-0003] Cell '_1840_' is already an scan cell, we will not replace it
[INFO DFT-0003] Cell '_1841_' is already an scan cell, we will not replace it
[INFO DFT-0003] Cell '_1842_' is already an scan cell, we will not replace it
[INFO DFT-0003] Cell '_1843_' is already an scan cell, we will not replace it
[INFO DFT-0003] Cell '_1844_' is already an scan cell, we will not replace it
[INFO DFT-0003] Cell '_1845_' is already an scan cell, we will not replace it
[INFO DFT-0003] Cell '_1846_' is already an scan cell, we will not replace it
[INFO DFT-0003] Cell '_1847_' is already an scan cell, we will not replace it
[INFO DFT-0003] Cell '_1848_' is already an scan cell, we will not replace it
[INFO DFT-0003] Cell '_1849_' is already an scan cell, we will not replace it
[INFO DFT-0003] Cell '_1850_' is already an scan cell, we will not replace it
[INFO DFT-0003] Cell '_1851_' is already an scan cell, we will not replace it
[INFO DFT-0003] Cell '_1852_' is already an scan cell, we will not replace it
[INFO DFT-0003] Cell '_1853_' is already an scan cell, we will not replace it
[INFO DFT-0003] Cell '_1854_' is already an scan cell, we will not replace it
[INFO DFT-0003] Cell '_1855_' is already an scan cell, we will not replace it
[INFO DFT-0003] Cell '_1856_' is already an scan cell, we will not replace it
[INFO DFT-0003] Cell '_1857_' is already an scan cell, we will not replace it
[INFO DFT-0003] Cell '_1858_' is already an scan cell, we will not replace it
[INFO DFT-0003] Cell '_1859_' is already an scan cell, we will not replace it
[INFO DFT-0003] Cell '_1860_' is already an scan cell, we will not replace it
[INFO DFT-0003] Cell '_1861_' is already an scan cell, we will not replace it
