Warning: No PCF file specified; IO pins will be placed automatically

Info: Packing constants..
Info: Packing IOs..
Info: Packing LUT-FFs..
Info:       63 LCs used as LUT4 only
Info:       13 LCs used as LUT4 and DFF
Info: Packing non-LUT FFs..
Info:        0 LCs used as DFF only
Info: Packing carries..
Info:       24 LCs used as CARRY only
Info: Packing indirect carry+LUT pairs...
Info:       21 LUTs merged into carry LCs
Info: Packing RAMs..
Info: Placing PLLs..
Info: Packing special functions..
Info: Packing PLLs..
Info: Promoting globals..
Info: promoting clk$SB_IO_IN (fanout 13)
Info: Constraining chains...
Info:        2 LCs used to legalise carry chains.
Info: Checksum: 0x4bca7f66

Info: Device utilisation:
Info: 	         ICESTORM_LC:    83/ 7680     1%
Info: 	        ICESTORM_RAM:     0/   32     0%
Info: 	               SB_IO:    53/  256    20%
Info: 	               SB_GB:     1/    8    12%
Info: 	        ICESTORM_PLL:     0/    2     0%
Info: 	         SB_WARMBOOT:     0/    1     0%

Info: Placed 0 cells based on constraints.
Info: Creating initial analytic placement for 57 cells, random placement wirelen = 3615.
Info:     at initial placer iter 0, wirelen = 1548
Info:     at initial placer iter 1, wirelen = 1354
Info:     at initial placer iter 2, wirelen = 1324
Info:     at initial placer iter 3, wirelen = 1279
Info: Running main analytical placer, max placement attempts per cell = 10000.
Info:     at iteration #1, type ALL: wirelen solved = 1300, spread = 1415, legal = 1423; time = 0.00s
Info: HeAP Placer Time: 0.01s
Info:   of which solving equations: 0.01s
Info:   of which spreading cells: 0.00s
Info:   of which strict legalisation: 0.00s

Info: Running simulated annealing placer for refinement.
Info:   at iteration #1: temp = 0.000000, timing cost = 0, wirelen = 1423
Info:   at iteration #5: temp = 0.000000, timing cost = 0, wirelen = 1053
Info:   at iteration #10: temp = 0.000000, timing cost = 0, wirelen = 1030
Info:   at iteration #15: temp = 0.000000, timing cost = 0, wirelen = 1018
Info:   at iteration #18: temp = 0.000000, timing cost = 0, wirelen = 1012 
Info: SA placement time 0.07s

Info: No Fmax available; no interior timing paths found in design.
Info: Checksum: 0x3c43de0d

Info: Routing..
Info: Setting up routing queue.
Info: Routing 309 arcs.
Info:            |   (re-)routed arcs  |   delta    | remaining|       time spent     |
Info:    IterCnt |  w/ripup   wo/ripup |  w/r  wo/r |      arcs| batch(sec) total(sec)|
Info:        385 |       69        296 |   69   296 |         0|       0.13       0.13|
Info: Routing complete.
Info: Router1 time 0.13s
Info: Checksum: 0xf253ba26

Info: Critical path report for cross-domain path '<async>' -> 'posedge clk$SB_IO_IN_$glb_clk':
Info: curr total
Info:  0.0  0.0  Source requested_cmd[2]$sb_io.D_IN_0
Info:  3.1  3.1    Net requested_cmd[2]$SB_IO_IN (33,15) -> (5,16)
Info:                Sink fallback_sel_SB_LUT4_I1_I0_SB_LUT4_O_I1_SB_LUT4_O_LC.I2
Info:                Defined in:
Info:                  /root/chiploop-backend/backend/workflows/9c17c947-7429-4ac2-8c83-d7c3f630d808/fpga/src/upstream/adaptive_aero_control_top.v:4.19-4.32
Info:  0.4  3.5  Source fallback_sel_SB_LUT4_I1_I0_SB_LUT4_O_I1_SB_LUT4_O_LC.O
Info:  1.1  4.6    Net fallback_sel_SB_LUT4_I1_I0_SB_LUT4_O_I1[2] (5,16) -> (5,19)
Info:                Sink fallback_sel_SB_LUT4_I1_I0_SB_LUT4_O_LC.I3
Info:                Defined in:
Info:                  /usr/bin/../share/yosys/ice40/cells_map.v:6.21-6.22
Info:  0.3  4.9  Source fallback_sel_SB_LUT4_I1_I0_SB_LUT4_O_LC.O
Info:  0.6  5.5    Net fallback_sel_SB_LUT4_I1_I0[2] (5,19) -> (5,19)
Info:                Sink fallback_sel_SB_LUT4_I1_LC.I0
Info:                Defined in:
Info:                  /usr/bin/../share/yosys/ice40/cells_map.v:6.21-6.22
Info:  0.4  6.0  Source fallback_sel_SB_LUT4_I1_LC.O
Info:  1.0  6.9    Net fallback_sel_SB_LUT4_I0_O[5] (5,19) -> (5,17)
Info:                Sink fallback_sel_SB_LUT4_I0_O_SB_CARRY_I1_4$CARRY.I2
Info:                Defined in:
Info:                  /usr/bin/../share/yosys/ice40/cells_map.v:6.21-6.22
Info:  0.2  7.2  Source fallback_sel_SB_LUT4_I0_O_SB_CARRY_I1_4$CARRY.COUT
Info:  0.0  7.2    Net clamp_hit_next_SB_LUT4_O_I2[5] (5,17) -> (5,17)
Info:                Sink fallback_sel_SB_LUT4_I0_O_SB_CARRY_I1_3$CARRY.CIN
Info:                Defined in:
Info:                  /root/chiploop-backend/backend/workflows/9c17c947-7429-4ac2-8c83-d7c3f630d808/fpga/src/upstream/adaptive_aero_control_top.v:34.9-34.36
Info:                  /usr/bin/../share/yosys/ice40/arith_map.v:51.21-51.22
Info:  0.1  7.3  Source fallback_sel_SB_LUT4_I0_O_SB_CARRY_I1_3$CARRY.COUT
Info:  0.0  7.3    Net clamp_hit_next_SB_LUT4_O_I2[6] (5,17) -> (5,17)
Info:                Sink fallback_sel_SB_LUT4_I0_O_SB_CARRY_I1_2$CARRY.CIN
Info:                Defined in:
Info:                  /root/chiploop-backend/backend/workflows/9c17c947-7429-4ac2-8c83-d7c3f630d808/fpga/src/upstream/adaptive_aero_control_top.v:34.9-34.36
Info:                  /usr/bin/../share/yosys/ice40/arith_map.v:51.21-51.22
Info:  0.1  7.4  Source fallback_sel_SB_LUT4_I0_O_SB_CARRY_I1_2$CARRY.COUT
Info:  0.2  7.6    Net clamp_hit_next_SB_LUT4_O_I2[7] (5,17) -> (5,18)
Info:                Sink fallback_sel_SB_LUT4_I0_O_SB_CARRY_I1_1$CARRY.CIN
Info:                Defined in:
Info:                  /root/chiploop-backend/backend/workflows/9c17c947-7429-4ac2-8c83-d7c3f630d808/fpga/src/upstream/adaptive_aero_control_top.v:34.9-34.36
Info:                  /usr/bin/../share/yosys/ice40/arith_map.v:51.21-51.22
Info:  0.1  7.7  Source fallback_sel_SB_LUT4_I0_O_SB_CARRY_I1_1$CARRY.COUT
Info:  0.0  7.7    Net clamp_hit_next_SB_LUT4_O_I2[8] (5,18) -> (5,18)
Info:                Sink fallback_sel_SB_LUT4_I0_O_SB_CARRY_I1$CARRY.CIN
Info:                Defined in:
Info:                  /root/chiploop-backend/backend/workflows/9c17c947-7429-4ac2-8c83-d7c3f630d808/fpga/src/upstream/adaptive_aero_control_top.v:34.9-34.36
Info:                  /usr/bin/../share/yosys/ice40/arith_map.v:51.21-51.22
Info:  0.1  7.9  Source fallback_sel_SB_LUT4_I0_O_SB_CARRY_I1$CARRY.COUT
Info:  0.0  7.9    Net clamp_hit_next_SB_LUT4_O_I2[9] (5,18) -> (5,18)
Info:                Sink fallback_sel_SB_LUT4_I0_O_SB_CARRY_I1_9$CARRY.CIN
Info:                Defined in:
Info:                  /root/chiploop-backend/backend/workflows/9c17c947-7429-4ac2-8c83-d7c3f630d808/fpga/src/upstream/adaptive_aero_control_top.v:34.9-34.36
Info:                  /usr/bin/../share/yosys/ice40/arith_map.v:51.21-51.22
Info:  0.1  8.0  Source fallback_sel_SB_LUT4_I0_O_SB_CARRY_I1_9$CARRY.COUT
Info:  0.0  8.0    Net clamp_hit_next_SB_LUT4_O_I2[10] (5,18) -> (5,18)
Info:                Sink clamp_hit_next_SB_LUT4_O_I2_SB_CARRY_CO$CARRY.CIN
Info:                Defined in:
Info:                  /root/chiploop-backend/backend/workflows/9c17c947-7429-4ac2-8c83-d7c3f630d808/fpga/src/upstream/adaptive_aero_control_top.v:34.9-34.36
Info:                  /usr/bin/../share/yosys/ice40/arith_map.v:51.21-51.22
Info:  0.1  8.1  Source clamp_hit_next_SB_LUT4_O_I2_SB_CARRY_CO$CARRY.COUT
Info:  0.3  8.4    Net $nextpnr_ICESTORM_LC_0$I3 (5,18) -> (5,18)
Info:                Sink $nextpnr_ICESTORM_LC_0.I3
Info:  0.3  8.7  Source $nextpnr_ICESTORM_LC_0.O
Info:  1.3 10.0    Net clamp_hit_next_SB_LUT4_O_I1[1] (5,18) -> (7,17)
Info:                Sink clamped_cmd_SB_LUT4_O_9_I0_SB_LUT4_O_LC.I2
Info:                Defined in:
Info:                  /usr/bin/../share/yosys/ice40/cells_map.v:6.21-6.22
Info:  0.4 10.3  Source clamped_cmd_SB_LUT4_O_9_I0_SB_LUT4_O_LC.O
Info:  1.0 11.3    Net clamped_cmd_SB_LUT4_O_9_I0[1] (7,17) -> (6,17)
Info:                Sink cmd_max_limit_SB_CARRY_I0_7$CARRY.I3
Info:                Defined in:
Info:                  /usr/bin/../share/yosys/ice40/cells_map.v:6.21-6.22
Info:  0.3 11.6  Source cmd_max_limit_SB_CARRY_I0_7$CARRY.O
Info:  0.6 12.2    Net clamped_cmd_SB_LUT4_O_I0_SB_LUT4_I2_O[2] (6,17) -> (6,17)
Info:                Sink cmd_max_limit_SB_CARRY_I0_7$CARRY.I2
Info:                Defined in:
Info:                  /root/chiploop-backend/backend/workflows/9c17c947-7429-4ac2-8c83-d7c3f630d808/fpga/src/upstream/adaptive_aero_control_top.v:39.9-39.36
Info:                  /usr/bin/../share/yosys/ice40/arith_map.v:49.21-49.23
Info:  0.2 12.4  Source cmd_max_limit_SB_CARRY_I0_7$CARRY.COUT
Info:  0.0 12.4    Net clamped_cmd_SB_LUT4_O_I3[2] (6,17) -> (6,17)
Info:                Sink cmd_max_limit_SB_CARRY_I0_6$CARRY.CIN
Info:                Defined in:
Info:                  /root/chiploop-backend/backend/workflows/9c17c947-7429-4ac2-8c83-d7c3f630d808/fpga/src/upstream/adaptive_aero_control_top.v:39.9-39.36
Info:                  /usr/bin/../share/yosys/ice40/arith_map.v:51.21-51.22
Info:  0.1 12.6  Source cmd_max_limit_SB_CARRY_I0_6$CARRY.COUT
Info:  0.0 12.6    Net clamped_cmd_SB_LUT4_O_I3[3] (6,17) -> (6,17)
Info:                Sink cmd_max_limit_SB_CARRY_I0_5$CARRY.CIN
Info:                Defined in:
Info:                  /root/chiploop-backend/backend/workflows/9c17c947-7429-4ac2-8c83-d7c3f630d808/fpga/src/upstream/adaptive_aero_control_top.v:39.9-39.36
Info:                  /usr/bin/../share/yosys/ice40/arith_map.v:51.21-51.22
Info:  0.1 12.7  Source cmd_max_limit_SB_CARRY_I0_5$CARRY.COUT
Info:  0.0 12.7    Net clamped_cmd_SB_LUT4_O_I3[4] (6,17) -> (6,17)
Info:                Sink cmd_max_limit_SB_CARRY_I0_4$CARRY.CIN
Info:                Defined in:
Info:                  /root/chiploop-backend/backend/workflows/9c17c947-7429-4ac2-8c83-d7c3f630d808/fpga/src/upstream/adaptive_aero_control_top.v:39.9-39.36
Info:                  /usr/bin/../share/yosys/ice40/arith_map.v:51.21-51.22
Info:  0.1 12.8  Source cmd_max_limit_SB_CARRY_I0_4$CARRY.COUT
Info:  0.0 12.8    Net clamped_cmd_SB_LUT4_O_I3[5] (6,17) -> (6,17)
Info:                Sink cmd_max_limit_SB_CARRY_I0_3$CARRY.CIN
Info:                Defined in:
Info:                  /root/chiploop-backend/backend/workflows/9c17c947-7429-4ac2-8c83-d7c3f630d808/fpga/src/upstream/adaptive_aero_control_top.v:39.9-39.36
Info:                  /usr/bin/../share/yosys/ice40/arith_map.v:51.21-51.22
Info:  0.1 12.9  Source cmd_max_limit_SB_CARRY_I0_3$CARRY.COUT
Info:  0.0 12.9    Net clamped_cmd_SB_LUT4_O_I3[6] (6,17) -> (6,17)
Info:                Sink cmd_max_limit_SB_CARRY_I0_2$CARRY.CIN
Info:                Defined in:
Info:                  /root/chiploop-backend/backend/workflows/9c17c947-7429-4ac2-8c83-d7c3f630d808/fpga/src/upstream/adaptive_aero_control_top.v:39.9-39.36
Info:                  /usr/bin/../share/yosys/ice40/arith_map.v:51.21-51.22
Info:  0.1 13.1  Source cmd_max_limit_SB_CARRY_I0_2$CARRY.COUT
Info:  0.2 13.3    Net clamped_cmd_SB_LUT4_O_I3[7] (6,17) -> (6,18)
Info:                Sink cmd_max_limit_SB_CARRY_I0_1$CARRY.CIN
Info:                Defined in:
Info:                  /root/chiploop-backend/backend/workflows/9c17c947-7429-4ac2-8c83-d7c3f630d808/fpga/src/upstream/adaptive_aero_control_top.v:39.9-39.36
Info:                  /usr/bin/../share/yosys/ice40/arith_map.v:51.21-51.22
Info:  0.1 13.4  Source cmd_max_limit_SB_CARRY_I0_1$CARRY.COUT
Info:  0.0 13.4    Net clamped_cmd_SB_LUT4_O_I3[8] (6,18) -> (6,18)
Info:                Sink cmd_max_limit_SB_CARRY_I0$CARRY.CIN
Info:                Defined in:
Info:                  /root/chiploop-backend/backend/workflows/9c17c947-7429-4ac2-8c83-d7c3f630d808/fpga/src/upstream/adaptive_aero_control_top.v:39.9-39.36
Info:                  /usr/bin/../share/yosys/ice40/arith_map.v:51.21-51.22
Info:  0.1 13.5  Source cmd_max_limit_SB_CARRY_I0$CARRY.COUT
Info:  0.0 13.5    Net clamped_cmd_SB_LUT4_O_I3[9] (6,18) -> (6,18)
Info:                Sink cmd_max_limit_SB_CARRY_I0_10$CARRY.CIN
Info:                Defined in:
Info:                  /root/chiploop-backend/backend/workflows/9c17c947-7429-4ac2-8c83-d7c3f630d808/fpga/src/upstream/adaptive_aero_control_top.v:39.9-39.36
Info:                  /usr/bin/../share/yosys/ice40/arith_map.v:51.21-51.22
Info:  0.1 13.6  Source cmd_max_limit_SB_CARRY_I0_10$CARRY.COUT
Info:  0.0 13.6    Net clamped_cmd_SB_LUT4_O_I3[10] (6,18) -> (6,18)
Info:                Sink cmd_max_limit_SB_CARRY_I0_9$CARRY.CIN
Info:                Defined in:
Info:                  /root/chiploop-backend/backend/workflows/9c17c947-7429-4ac2-8c83-d7c3f630d808/fpga/src/upstream/adaptive_aero_control_top.v:39.9-39.36
Info:                  /usr/bin/../share/yosys/ice40/arith_map.v:51.21-51.22
Info:  0.1 13.8  Source cmd_max_limit_SB_CARRY_I0_9$CARRY.COUT
Info:  0.3 14.0    Net $nextpnr_ICESTORM_LC_1$I3 (6,18) -> (6,18)
Info:                Sink $nextpnr_ICESTORM_LC_1.I3
Info:  0.3 14.3  Source $nextpnr_ICESTORM_LC_1.O
Info:  1.0 15.3    Net clamped_cmd_SB_LUT4_O_10_I0[3] (6,18) -> (6,16)
Info:                Sink clamped_cmd_SB_LUT4_O_11_LC.I3
Info:                Defined in:
Info:                  /root/chiploop-backend/backend/workflows/9c17c947-7429-4ac2-8c83-d7c3f630d808/fpga/src/upstream/adaptive_aero_control_top.v:39.9-39.36
Info:                  /usr/bin/../share/yosys/ice40/arith_map.v:37.23-37.25
Info:  0.3 15.6  Setup clamped_cmd_SB_LUT4_O_11_LC.I3
Info: 5.2 ns logic, 10.5 ns routing

Info: Critical path report for cross-domain path 'posedge clk$SB_IO_IN_$glb_clk' -> '<async>':
Info: curr total
Info:  0.5  0.5  Source clamped_cmd_SB_LUT4_O_9_LC.O
Info:  3.2  3.7    Net safe_cmd[2]$SB_IO_OUT (7,17) -> (33,14)
Info:                Sink safe_cmd[2]$sb_io.D_OUT_0
Info:                Defined in:
Info:                  /root/chiploop-backend/backend/workflows/9c17c947-7429-4ac2-8c83-d7c3f630d808/fpga/src/upstream/adaptive_aero_control_top.v:8.23-8.31
Info: 0.5 ns logic, 3.2 ns routing

Info: No Fmax available; no interior timing paths found in design.
1 warning, 0 errors

Info: Program finished normally.