=== STDOUT ===
- V e r i l a t i o n   R e p o r t: Verilator 5.047 devel rev v5.046-161-g24918b83b
- Verilator: Built from 0.330 MB sources in 11 modules, into 0.128 MB in 3 C++ files needing 0.000 MB
- Verilator: Walltime 0.043 s (elab=0.005, cvt=0.021, bld=0.000); cpu 0.043 s on 1 threads; allocated 33.359 MB

=== STDERR ===
%Warning-PINCONNECTEMPTY: pass3/motor_control_top.v:152:6: Instance pin connected by name with empty reference: 'cfg_seq_id'
  152 |     .cfg_seq_id(),
      |      ^~~~~~~~~~
                          ... For warning description see https://verilator.org/warn/PINCONNECTEMPTY?v=5.047
                          ... Use "/* verilator lint_off PINCONNECTEMPTY */" and lint_on around source to disable this message.
%Warning-PINCONNECTEMPTY: pass3/motor_control_top.v:153:6: Instance pin connected by name with empty reference: 'cfg_timeout_ticks'
  153 |     .cfg_timeout_ticks(),
      |      ^~~~~~~~~~~~~~~~~
%Warning-PINCONNECTEMPTY: pass3/motor_control_top.v:154:6: Instance pin connected by name with empty reference: 'cfg_freshness_limit'
  154 |     .cfg_freshness_limit(),
      |      ^~~~~~~~~~~~~~~~~~~
%Warning-PINCONNECTEMPTY: pass3/motor_control_top.v:155:6: Instance pin connected by name with empty reference: 'cfg_velocity_mps'
  155 |     .cfg_velocity_mps(),
      |      ^~~~~~~~~~~~~~~~
%Warning-PINCONNECTEMPTY: pass3/motor_control_top.v:156:6: Instance pin connected by name with empty reference: 'cfg_geometry_base_addr'
  156 |     .cfg_geometry_base_addr(),
      |      ^~~~~~~~~~~~~~~~~~~~~~
%Warning-PINCONNECTEMPTY: pass3/motor_control_top.v:157:6: Instance pin connected by name with empty reference: 'cfg_geometry_length'
  157 |     .cfg_geometry_length(),
      |      ^~~~~~~~~~~~~~~~~~~
%Warning-PINCONNECTEMPTY: pass3/motor_control_top.v:158:6: Instance pin connected by name with empty reference: 'cfg_geometry_format'
  158 |     .cfg_geometry_format(),
      |      ^~~~~~~~~~~~~~~~~~~
%Warning-PINCONNECTEMPTY: pass3/motor_control_top.v:159:6: Instance pin connected by name with empty reference: 'cfg_actuator_min'
  159 |     .cfg_actuator_min(),
      |      ^~~~~~~~~~~~~~~~
%Warning-PINCONNECTEMPTY: pass3/motor_control_top.v:160:6: Instance pin connected by name with empty reference: 'cfg_actuator_max'
  160 |     .cfg_actuator_max(),
      |      ^~~~~~~~~~~~~~~~
%Warning-PINCONNECTEMPTY: pass3/motor_control_top.v:161:6: Instance pin connected by name with empty reference: 'cfg_slew_limit'
  161 |     .cfg_slew_limit(),
      |      ^~~~~~~~~~~~~~
%Warning-PINCONNECTEMPTY: pass3/motor_control_top.v:162:6: Instance pin connected by name with empty reference: 'cfg_checkpoint_id'
  162 |     .cfg_checkpoint_id(),
      |      ^~~~~~~~~~~~~~~~~
%Warning-PINCONNECTEMPTY: pass3/motor_control_top.v:163:6: Instance pin connected by name with empty reference: 'cfg_control_flags'
  163 |     .cfg_control_flags(),
      |      ^~~~~~~~~~~~~~~~~
%Warning-PINCONNECTEMPTY: pass3/motor_control_top.v:164:6: Instance pin connected by name with empty reference: 'launch_pulse'
  164 |     .launch_pulse(),
      |      ^~~~~~~~~~~~
%Warning-PINCONNECTEMPTY: pass3/motor_control_top.v:165:6: Instance pin connected by name with empty reference: 'clear_fault_pulse'
  165 |     .clear_fault_pulse(),
      |      ^~~~~~~~~~~~~~~~~
%Warning-WIDTHTRUNC: pass3/request_packager.v:33:25: Operator ASSIGNDLY expects 128 bits on the Assign RHS, but Assign RHS's REPLICATE generates 176 bits.
                                                   : ... note: In instance 'motor_control_top.u_request_packager'
   33 |             req_payload <= {seq_id_in, geometry_base_addr_q, geometry_length_q, geometry_format_q, cfg_velocity_mps, 8'hA5, cfg_checkpoint_id[31:0], cfg_control_flags, 32'h00000000};
      |                         ^~
                     ... For warning description see https://verilator.org/warn/WIDTHTRUNC?v=5.047
                     ... Use "/* verilator lint_off WIDTHTRUNC */" and lint_on around source to disable this message.
%Warning-WIDTHTRUNC: pass3/motor_control_register_map.v:99:26: Operator ASSIGN expects 64 bits on the Assign RHS, but Assign RHS's REPLICATE generates 113 bits.
                                                             : ... note: In instance 'motor_control_top.u_motor_control_register_map'
   99 |         8'h00: csr_rdata = {56'h0, 56'h0, status_busy};
      |                          ^
%Warning-WIDTHTRUNC: pass3/motor_control_register_map.v:100:26: Operator ASSIGN expects 64 bits on the Assign RHS, but Assign RHS's REPLICATE generates 113 bits.
                                                              : ... note: In instance 'motor_control_top.u_motor_control_register_map'
  100 |         8'h01: csr_rdata = {56'h0, 56'h0, status_done};
      |                          ^
%Warning-WIDTHTRUNC: pass3/motor_control_register_map.v:101:26: Operator ASSIGN expects 64 bits on the Assign RHS, but Assign RHS's REPLICATE generates 119 bits.
                                                              : ... note: In instance 'motor_control_top.u_motor_control_register_map'
  101 |         8'h02: csr_rdata = {56'h0, 56'h0, status_fault, status_timeout, status_stale, status_clamped, status_fallback_active, status_transport_error, status_response_valid};
      |                          ^
%Warning-WIDTHTRUNC: pass3/motor_control_register_map.v:102:26: Operator ASSIGN expects 64 bits on the Assign RHS, but Assign RHS's REPLICATE generates 120 bits.
                                                              : ... note: In instance 'motor_control_top.u_motor_control_register_map'
  102 |         8'h03: csr_rdata = {56'h0, 56'h0, cfg_seq_id[7:0]};
      |                          ^
%Warning-WIDTHTRUNC: pass3/motor_control_register_map.v:103:26: Operator ASSIGN expects 64 bits on the Assign RHS, but Assign RHS's REPLICATE generates 120 bits.
                                                              : ... note: In instance 'motor_control_top.u_motor_control_register_map'
  103 |         8'h04: csr_rdata = {56'h0, 56'h0, cfg_seq_id[15:8]};
      |                          ^
%Warning-WIDTHTRUNC: pass3/motor_control_register_map.v:104:26: Operator ASSIGN expects 64 bits on the Assign RHS, but Assign RHS's REPLICATE generates 120 bits.
                                                              : ... note: In instance 'motor_control_top.u_motor_control_register_map'
  104 |         8'h05: csr_rdata = {56'h0, 56'h0, cfg_timeout_ticks[7:0]};
      |                          ^
%Warning-WIDTHTRUNC: pass3/motor_control_register_map.v:105:26: Operator ASSIGN expects 64 bits on the Assign RHS, but Assign RHS's REPLICATE generates 120 bits.
                                                              : ... note: In instance 'motor_control_top.u_motor_control_register_map'
  105 |         8'h06: csr_rdata = {56'h0, 56'h0, cfg_timeout_ticks[15:8]};
      |                          ^
%Warning-WIDTHTRUNC: pass3/motor_control_register_map.v:106:26: Operator ASSIGN expects 64 bits on the Assign RHS, but Assign RHS's REPLICATE generates 120 bits.
                                                              : ... note: In instance 'motor_control_top.u_motor_control_register_map'
  106 |         8'h07: csr_rdata = {56'h0, 56'h0, cfg_freshness_limit[7:0]};
      |                          ^
%Warning-WIDTHTRUNC: pass3/motor_control_register_map.v:107:26: Operator ASSIGN expects 64 bits on the Assign RHS, but Assign RHS's REPLICATE generates 120 bits.
                                                              : ... note: In instance 'motor_control_top.u_motor_control_register_map'
  107 |         8'h08: csr_rdata = {56'h0, 56'h0, cfg_freshness_limit[15:8]};
      |                          ^
%Warning-WIDTHTRUNC: pass3/motor_control_register_map.v:108:26: Operator ASSIGN expects 64 bits on the Assign RHS, but Assign RHS's REPLICATE generates 120 bits.
                                                              : ... note: In instance 'motor_control_top.u_motor_control_register_map'
  108 |         8'h09: csr_rdata = {56'h0, 56'h0, cfg_velocity_mps[7:0]};
      |                          ^
%Warning-WIDTHTRUNC: pass3/motor_control_register_map.v:109:26: Operator ASSIGN expects 64 bits on the Assign RHS, but Assign RHS's REPLICATE generates 120 bits.
                                                              : ... note: In instance 'motor_control_top.u_motor_control_register_map'
  109 |         8'h0A: csr_rdata = {56'h0, 56'h0, cfg_velocity_mps[15:8]};
      |                          ^
%Warning-WIDTHTRUNC: pass3/motor_control_register_map.v:110:26: Operator ASSIGN expects 64 bits on the Assign RHS, but Assign RHS's REPLICATE generates 120 bits.
                                                              : ... note: In instance 'motor_control_top.u_motor_control_register_map'
  110 |         8'h0B: csr_rdata = {56'h0, 56'h0, cfg_geometry_base_addr[7:0]};
      |                          ^
%Warning-WIDTHTRUNC: pass3/motor_control_register_map.v:111:26: Operator ASSIGN expects 64 bits on the Assign RHS, but Assign RHS's REPLICATE generates 120 bits.
                                                              : ... note: In instance 'motor_control_top.u_motor_control_register_map'
  111 |         8'h0C: csr_rdata = {56'h0, 56'h0, cfg_geometry_base_addr[15:8]};
      |                          ^
%Warning-WIDTHTRUNC: pass3/motor_control_register_map.v:112:26: Operator ASSIGN expects 64 bits on the Assign RHS, but Assign RHS's REPLICATE generates 120 bits.
                                                              : ... note: In instance 'motor_control_top.u_motor_control_register_map'
  112 |         8'h0D: csr_rdata = {56'h0, 56'h0, cfg_geometry_base_addr[23:16]};
      |                          ^
%Warning-WIDTHTRUNC: pass3/motor_control_register_map.v:113:26: Operator ASSIGN expects 64 bits on the Assign RHS, but Assign RHS's REPLICATE generates 120 bits.
                                                              : ... note: In instance 'motor_control_top.u_motor_control_register_map'
  113 |         8'h0E: csr_rdata = {56'h0, 56'h0, cfg_geometry_base_addr[31:24]};
      |                          ^
%Warning-WIDTHTRUNC: pass3/motor_control_register_map.v:114:26: Operator ASSIGN expects 64 bits on the Assign RHS, but Assign RHS's REPLICATE generates 120 bits.
                                                              : ... note: In instance 'motor_control_top.u_motor_control_register_map'
  114 |         8'h0F: csr_rdata = {56'h0, 56'h0, cfg_geometry_length[7:0]};
      |                          ^
%Warning-WIDTHTRUNC: pass3/motor_control_register_map.v:115:26: Operator ASSIGN expects 64 bits on the Assign RHS, but Assign RHS's REPLICATE generates 120 bits.
                                                              : ... note: In instance 'motor_control_top.u_motor_control_register_map'
  115 |         8'h10: csr_rdata = {56'h0, 56'h0, cfg_geometry_length[15:8]};
      |                          ^
%Warning-WIDTHTRUNC: pass3/motor_control_register_map.v:116:26: Operator ASSIGN expects 64 bits on the Assign RHS, but Assign RHS's REPLICATE generates 120 bits.
                                                              : ... note: In instance 'motor_control_top.u_motor_control_register_map'
  116 |         8'h11: csr_rdata = {56'h0, 56'h0, cfg_geometry_format};
      |                          ^
%Warning-WIDTHTRUNC: pass3/motor_control_register_map.v:117:26: Operator ASSIGN expects 64 bits on the Assign RHS, but Assign RHS's REPLICATE generates 120 bits.
                                                              : ... note: In instance 'motor_control_top.u_motor_control_register_map'
  117 |         8'h12: csr_rdata = {56'h0, 56'h0, cfg_actuator_min[7:0]};
      |                          ^
%Warning-WIDTHTRUNC: pass3/motor_control_register_map.v:118:26: Operator ASSIGN expects 64 bits on the Assign RHS, but Assign RHS's REPLICATE generates 120 bits.
                                                              : ... note: In instance 'motor_control_top.u_motor_control_register_map'
  118 |         8'h13: csr_rdata = {56'h0, 56'h0, cfg_actuator_min[15:8]};
      |                          ^
%Warning-WIDTHTRUNC: pass3/motor_control_register_map.v:119:26: Operator ASSIGN expects 64 bits on the Assign RHS, but Assign RHS's REPLICATE generates 120 bits.
                                                              : ... note: In instance 'motor_control_top.u_motor_control_register_map'
  119 |         8'h14: csr_rdata = {56'h0, 56'h0, cfg_actuator_max[7:0]};
      |                          ^
%Warning-WIDTHTRUNC: pass3/motor_control_register_map.v:120:26: Operator ASSIGN expects 64 bits on the Assign RHS, but Assign RHS's REPLICATE generates 120 bits.
                                                              : ... note: In instance 'motor_control_top.u_motor_control_register_map'
  120 |         8'h15: csr_rdata = {56'h0, 56'h0, cfg_actuator_max[15:8]};
      |                          ^
%Warning-WIDTHTRUNC: pass3/motor_control_register_map.v:121:26: Operator ASSIGN expects 64 bits on the Assign RHS, but Assign RHS's REPLICATE generates 120 bits.
                                                              : ... note: In instance 'motor_control_top.u_motor_control_register_map'
  121 |         8'h16: csr_rdata = {56'h0, 56'h0, cfg_slew_limit[7:0]};
      |                          ^
%Warning-WIDTHTRUNC: pass3/motor_control_register_map.v:122:26: Operator ASSIGN expects 64 bits on the Assign RHS, but Assign RHS's REPLICATE generates 120 bits.
                                                              : ... note: In instance 'motor_control_top.u_motor_control_register_map'
  122 |         8'h17: csr_rdata = {56'h0, 56'h0, cfg_slew_limit[15:8]};
      |                          ^
%Warning-WIDTHTRUNC: pass3/motor_control_register_map.v:123:26: Operator ASSIGN expects 64 bits on the Assign RHS, but Assign RHS's REPLICATE generates 120 bits.
                                                              : ... note: In instance 'motor_control_top.u_motor_control_register_map'
  123 |         8'h18: csr_rdata = {56'h0, 56'h0, cfg_checkpoint_id[7:0]};
      |                          ^
%Warning-WIDTHTRUNC: pass3/motor_control_register_map.v:124:26: Operator ASSIGN expects 64 bits on the Assign RHS, but Assign RHS's REPLICATE generates 120 bits.
                                                              : ... note: In instance 'motor_control_top.u_motor_control_register_map'
  124 |         8'h19: csr_rdata = {56'h0, 56'h0, cfg_checkpoint_id[15:8]};
      |                          ^
%Warning-WIDTHTRUNC: pass3/motor_control_register_map.v:125:26: Operator ASSIGN expects 64 bits on the Assign RHS, but Assign RHS's REPLICATE generates 120 bits.
                                                              : ... note: In instance 'motor_control_top.u_motor_control_register_map'
  125 |         8'h1A: csr_rdata = {56'h0, 56'h0, cfg_checkpoint_id[23:16]};
      |                          ^
%Warning-WIDTHTRUNC: pass3/motor_control_register_map.v:126:26: Operator ASSIGN expects 64 bits on the Assign RHS, but Assign RHS's REPLICATE generates 120 bits.
                                                              : ... note: In instance 'motor_control_top.u_motor_control_register_map'
  126 |         8'h1B: csr_rdata = {56'h0, 56'h0, cfg_checkpoint_id[31:24]};
      |                          ^
%Warning-WIDTHTRUNC: pass3/motor_control_register_map.v:127:26: Operator ASSIGN expects 64 bits on the Assign RHS, but Assign RHS's REPLICATE generates 120 bits.
                                                              : ... note: In instance 'motor_control_top.u_motor_control_register_map'
  127 |         8'h1C: csr_rdata = {56'h0, 56'h0, cfg_control_flags[7:0]};
      |                          ^
%Warning-WIDTHTRUNC: pass3/motor_control_register_map.v:128:26: Operator ASSIGN expects 64 bits on the Assign RHS, but Assign RHS's REPLICATE generates 120 bits.
                                                              : ... note: In instance 'motor_control_top.u_motor_control_register_map'
  128 |         8'h1D: csr_rdata = {56'h0, 56'h0, cfg_control_flags[15:8]};
      |                          ^
%Warning-UNUSEDSIGNAL: pass3/motor_control_top.v:16:11: Signal is not used: 'model_req_ready'
                                                      : ... note: In instance 'motor_control_top'
   16 |     input model_req_ready,
      |           ^~~~~~~~~~~~~~~
                       ... For warning description see https://verilator.org/warn/UNUSEDSIGNAL?v=5.047
                       ... Use "/* verilator lint_off UNUSEDSIGNAL */" and lint_on around source to disable this message.
%Warning-UNDRIVEN: pass3/motor_control_top.v:63:13: Signal is not driven: 'rm_rspsum'
                                                  : ... note: In instance 'motor_control_top'
   63 | wire [63:0] rm_rspsum;
      |             ^~~~~~~~~
                   ... For warning description see https://verilator.org/warn/UNDRIVEN?v=5.047
                   ... Use "/* verilator lint_off UNDRIVEN */" and lint_on around source to disable this message.
%Warning-UNUSEDSIGNAL: pass3/motor_control_top.v:64:13: Signal is not used: 'freshness_timeout_supervisor_last_accepted_seq'
                                                      : ... note: In instance 'motor_control_top'
   64 | wire [15:0] freshness_timeout_supervisor_last_accepted_seq;
      |             ^~~~~~~~~~~~~~~~~~~~~~~~~~~~~~~~~~~~~~~~~~~~~~
%Warning-UNUSEDSIGNAL: pass3/motor_control_top.v:67:6: Signal is not used: 'freshness_timeout_supervisor_timeout_config_valid'
                                                     : ... note: In instance 'motor_control_top'
   67 | wire freshness_timeout_supervisor_timeout_config_valid;
      |      ^~~~~~~~~~~~~~~~~~~~~~~~~~~~~~~~~~~~~~~~~~~~~~~~~
%Warning-UNUSEDSIGNAL: pass3/motor_control_top.v:77:14: Signal is not driven, nor used: 'transport_controller_req_payload'
                                                      : ... note: In instance 'motor_control_top'
   77 | wire [127:0] transport_controller_req_payload;
      |              ^~~~~~~~~~~~~~~~~~~~~~~~~~~~~~~~
%Warning-UNUSEDSIGNAL: pass3/motor_control_top.v:78:6: Signal is not driven, nor used: 'transport_controller_req_valid'
                                                     : ... note: In instance 'motor_control_top'
   78 | wire transport_controller_req_valid;
      |      ^~~~~~~~~~~~~~~~~~~~~~~~~~~~~~
%Warning-UNUSEDSIGNAL: pass3/motor_control_top.v:80:6: Signal is not driven, nor used: 'transport_controller_rsp_ready'
                                                     : ... note: In instance 'motor_control_top'
   80 | wire transport_controller_rsp_ready;
      |      ^~~~~~~~~~~~~~~~~~~~~~~~~~~~~~
%Warning-UNUSEDSIGNAL: pass3/motor_control_top.v:81:13: Signal is not used: 'transport_controller_response_summary'
                                                      : ... note: In instance 'motor_control_top'
   81 | wire [63:0] transport_controller_response_summary;
      |             ^~~~~~~~~~~~~~~~~~~~~~~~~~~~~~~~~~~~~
%Warning-UNUSEDSIGNAL: pass3/motor_control_top.v:86:6: Signal is not used: 'transport_controller_response_valid'
                                                     : ... note: In instance 'motor_control_top'
   86 | wire transport_controller_response_valid;
      |      ^~~~~~~~~~~~~~~~~~~~~~~~~~~~~~~~~~~
%Warning-UNUSEDSIGNAL: pass3/motor_control_top.v:87:14: Signal is not driven, nor used: 'response_parser_rsp_payload'
                                                      : ... note: In instance 'motor_control_top'
   87 | wire [127:0] response_parser_rsp_payload;
      |              ^~~~~~~~~~~~~~~~~~~~~~~~~~~
%Warning-UNUSEDSIGNAL: pass3/motor_control_top.v:91:13: Signal is not used: 'response_parser_parsed_flags'
                                                      : ... note: In instance 'motor_control_top'
   91 | wire [15:0] response_parser_parsed_flags;
      |             ^~~~~~~~~~~~~~~~~~~~~~~~~~~~
%Warning-UNUSEDSIGNAL: pass3/motor_control_top.v:99:6: Signal is not driven, nor used: 'safe_fallback_controller_safe_mode'
                                                     : ... note: In instance 'motor_control_top'
   99 | wire safe_fallback_controller_safe_mode;
      |      ^~~~~~~~~~~~~~~~~~~~~~~~~~~~~~~~~~
%Warning-UNUSEDSIGNAL: pass3/motor_control_top.v:101:6: Signal is not driven, nor used: 'safe_fallback_controller_fallback_active'
                                                      : ... note: In instance 'motor_control_top'
  101 | wire safe_fallback_controller_fallback_active;
      |      ^~~~~~~~~~~~~~~~~~~~~~~~~~~~~~~~~~~~~~~~
%Warning-UNUSEDSIGNAL: pass3/motor_control_top.v:102:6: Signal is not driven, nor used: 'motor_control_fsm_launch_pulse'
                                                      : ... note: In instance 'motor_control_top'
  102 | wire motor_control_fsm_launch_pulse;
      |      ^~~~~~~~~~~~~~~~~~~~~~~~~~~~~~
%Warning-UNUSEDSIGNAL: pass3/motor_control_top.v:103:6: Signal is not driven, nor used: 'motor_control_fsm_clear_fault_pulse'
                                                      : ... note: In instance 'motor_control_top'
  103 | wire motor_control_fsm_clear_fault_pulse;
      |      ^~~~~~~~~~~~~~~~~~~~~~~~~~~~~~~~~~~
%Warning-UNUSEDSIGNAL: pass3/motor_control_top.v:104:6: Signal is not driven, nor used: 'motor_control_fsm_freshness_ok'
                                                      : ... note: In instance 'motor_control_top'
  104 | wire motor_control_fsm_freshness_ok;
      |      ^~~~~~~~~~~~~~~~~~~~~~~~~~~~~~
%Warning-UNUSEDSIGNAL: pass3/motor_control_top.v:105:6: Signal is not driven, nor used: 'motor_control_fsm_descriptor_valid'
                                                      : ... note: In instance 'motor_control_top'
  105 | wire motor_control_fsm_descriptor_valid;
      |      ^~~~~~~~~~~~~~~~~~~~~~~~~~~~~~~~~~
%Warning-UNUSEDSIGNAL: pass3/motor_control_top.v:106:6: Signal is not driven, nor used: 'motor_control_fsm_request_accepted'
                                                      : ... note: In instance 'motor_control_top'
  106 | wire motor_control_fsm_request_accepted;
      |      ^~~~~~~~~~~~~~~~~~~~~~~~~~~~~~~~~~
%Warning-UNUSEDSIGNAL: pass3/motor_control_top.v:107:6: Signal is not driven, nor used: 'motor_control_fsm_request_error'
                                                      : ... note: In instance 'motor_control_top'
  107 | wire motor_control_fsm_request_error;
      |      ^~~~~~~~~~~~~~~~~~~~~~~~~~~~~~~
%Warning-UNUSEDSIGNAL: pass3/motor_control_top.v:108:6: Signal is not driven, nor used: 'motor_control_fsm_response_ok'
                                                      : ... note: In instance 'motor_control_top'
  108 | wire motor_control_fsm_response_ok;
      |      ^~~~~~~~~~~~~~~~~~~~~~~~~~~~~
%Warning-UNUSEDSIGNAL: pass3/motor_control_top.v:109:6: Signal is not driven, nor used: 'motor_control_fsm_malformed_response'
                                                      : ... note: In instance 'motor_control_top'
  109 | wire motor_control_fsm_malformed_response;
      |      ^~~~~~~~~~~~~~~~~~~~~~~~~~~~~~~~~~~~
%Warning-UNUSEDSIGNAL: pass3/motor_control_top.v:110:6: Signal is not driven, nor used: 'motor_control_fsm_timeout_fault'
                                                      : ... note: In instance 'motor_control_top'
  110 | wire motor_control_fsm_timeout_fault;
      |      ^~~~~~~~~~~~~~~~~~~~~~~~~~~~~~~
%Warning-UNUSEDSIGNAL: pass3/motor_control_top.v:111:6: Signal is not driven, nor used: 'motor_control_fsm_stale_fault'
                                                      : ... note: In instance 'motor_control_top'
  111 | wire motor_control_fsm_stale_fault;
      |      ^~~~~~~~~~~~~~~~~~~~~~~~~~~~~
%Warning-UNUSEDSIGNAL: pass3/motor_control_top.v:112:6: Signal is not driven, nor used: 'motor_control_fsm_transport_error'
                                                      : ... note: In instance 'motor_control_top'
  112 | wire motor_control_fsm_transport_error;
      |      ^~~~~~~~~~~~~~~~~~~~~~~~~~~~~~~~~
%Warning-UNUSEDSIGNAL: pass3/motor_control_top.v:113:6: Signal is not driven, nor used: 'motor_control_fsm_clamped'
                                                      : ... note: In instance 'motor_control_top'
  113 | wire motor_control_fsm_clamped;
      |      ^~~~~~~~~~~~~~~~~~~~~~~~~
%Warning-UNUSEDSIGNAL: pass3/motor_control_top.v:114:6: Signal is not used: 'motor_control_fsm_state_idle'
                                                      : ... note: In instance 'motor_control_top'
  114 | wire motor_control_fsm_state_idle;
      |      ^~~~~~~~~~~~~~~~~~~~~~~~~~~~
%Warning-UNUSEDSIGNAL: pass3/motor_control_top.v:115:6: Signal is not used: 'motor_control_fsm_state_issue_req'
                                                      : ... note: In instance 'motor_control_top'
  115 | wire motor_control_fsm_state_issue_req;
      |      ^~~~~~~~~~~~~~~~~~~~~~~~~~~~~~~~~
%Warning-UNUSEDSIGNAL: pass3/motor_control_top.v:116:6: Signal is not used: 'motor_control_fsm_state_wait_rsp'
                                                      : ... note: In instance 'motor_control_top'
  116 | wire motor_control_fsm_state_wait_rsp;
      |      ^~~~~~~~~~~~~~~~~~~~~~~~~~~~~~~~
%Warning-UNUSEDSIGNAL: pass3/motor_control_top.v:117:6: Signal is not used: 'motor_control_fsm_state_validate'
                                                      : ... note: In instance 'motor_control_top'
  117 | wire motor_control_fsm_state_validate;
      |      ^~~~~~~~~~~~~~~~~~~~~~~~~~~~~~~~
%Warning-UNUSEDSIGNAL: pass3/motor_control_top.v:118:6: Signal is not used: 'motor_control_fsm_state_clamp'
                                                      : ... note: In instance 'motor_control_top'
  118 | wire motor_control_fsm_state_clamp;
      |      ^~~~~~~~~~~~~~~~~~~~~~~~~~~~~
%Warning-UNUSEDSIGNAL: pass3/motor_control_top.v:119:6: Signal is not used: 'motor_control_fsm_state_apply'
                                                      : ... note: In instance 'motor_control_top'
  119 | wire motor_control_fsm_state_apply;
      |      ^~~~~~~~~~~~~~~~~~~~~~~~~~~~~
%Warning-UNUSEDSIGNAL: pass3/motor_control_top.v:120:6: Signal is not used: 'motor_control_fsm_state_fallback'
                                                      : ... note: In instance 'motor_control_top'
  120 | wire motor_control_fsm_state_fallback;
      |      ^~~~~~~~~~~~~~~~~~~~~~~~~~~~~~~~
%Warning-UNUSEDSIGNAL: pass3/motor_control_top.v:121:6: Signal is not used: 'motor_control_fsm_state_fault'
                                                      : ... note: In instance 'motor_control_top'
  121 | wire motor_control_fsm_state_fault;
      |      ^~~~~~~~~~~~~~~~~~~~~~~~~~~~~
%Warning-UNUSEDSIGNAL: pass3/motor_control_register_map.v:6:11: Signal is not used: 'csr_re'
                                                              : ... note: In instance 'motor_control_top.u_motor_control_register_map'
    6 |     input csr_re,
      |           ^~~~~~
%Warning-UNUSEDSIGNAL: pass3/motor_control_register_map.v:7:17: Signal is not used: 'csr_be'
                                                              : ... note: In instance 'motor_control_top.u_motor_control_register_map'
    7 |     input [7:0] csr_be,
      |                 ^~~~~~
%Warning-UNUSEDSIGNAL: pass3/motor_control_register_map.v:9:18: Bits of signal are not used: 'csr_wdata'[63:8]
                                                              : ... note: In instance 'motor_control_top.u_motor_control_register_map'
    9 |     input [63:0] csr_wdata,
      |                  ^~~~~~~~~
%Warning-UNUSEDSIGNAL: pass3/payload_pointer_manager.v:7:18: Bits of signal are not used: 'cfg_control_flags'[15:1]
                                                           : ... note: In instance 'motor_control_top.u_payload_pointer_manager'
    7 |     input [15:0] cfg_control_flags,
      |                  ^~~~~~~~~~~~~~~~~
%Warning-UNUSEDSIGNAL: pass3/response_parser.v:5:19: Bits of signal are not used: 'rsp_payload'[111:64]
                                                   : ... note: In instance 'motor_control_top.u_response_parser'
    5 |     input [127:0] rsp_payload,
      |                   ^~~~~~~~~~~
%Warning-UNUSEDSIGNAL: pass3/transport_controller.v:9:19: Bits of signal are not used: 'rsp_payload'[127:64]
                                                        : ... note: In instance 'motor_control_top.u_transport_controller'
    9 |     input [127:0] rsp_payload,
      |                   ^~~~~~~~~~~
%Warning-UNUSEDSIGNAL: pass3/transport_controller.v:20:13: Bits of signal are not used: 'req_hold'[127:64]
                                                         : ... note: In instance 'motor_control_top.u_transport_controller'
   20 | reg [127:0] req_hold;
      |             ^~~~~~~~

=== RETURN CODE ===
0
