=== STDOUT ===
- V e r i l a t i o n   R e p o r t: Verilator 5.047 devel rev v5.046-161-g24918b83b
- Verilator: Built from 0.163 MB sources in 7 modules, into 0.046 MB in 3 C++ files needing 0.000 MB
- Verilator: Walltime 0.022 s (elab=0.002, cvt=0.012, bld=0.000); cpu 0.022 s on 1 threads; allocated 32.355 MB

=== STDERR ===
%Warning-WIDTHEXPAND: pass5/adaptive_aero_history_store.v:27:22: Operator ASSIGNDLY expects 128 bits on the Assign RHS, but Assign RHS's REPLICATE generates 113 bits.
                                                               : ... note: In instance 'adaptive_aero_control_top.u_history_store'
   27 |         mem[wr_addr] <= {96'd0, cfg_history_base, cfg_payload_base};
      |                      ^~
                      ... For warning description see https://verilator.org/warn/WIDTHEXPAND?v=5.047
                      ... Use "/* verilator lint_off WIDTHEXPAND */" and lint_on around source to disable this message.
%Warning-UNUSEDSIGNAL: pass5/adaptive_aero_control_top.v:27:13: Signal is not used: 'cfg_timeout_cycles'
                                                              : ... note: In instance 'adaptive_aero_control_top'
   27 | wire [15:0] cfg_timeout_cycles;
      |             ^~~~~~~~~~~~~~~~~~
                       ... For warning description see https://verilator.org/warn/UNUSEDSIGNAL?v=5.047
                       ... Use "/* verilator lint_off UNUSEDSIGNAL */" and lint_on around source to disable this message.
%Warning-UNUSEDSIGNAL: pass5/adaptive_aero_control_top.v:28:13: Signal is not used: 'cfg_stale_limit_cycles'
                                                              : ... note: In instance 'adaptive_aero_control_top'
   28 | wire [15:0] cfg_stale_limit_cycles;
      |             ^~~~~~~~~~~~~~~~~~~~~~
%Warning-UNUSEDSIGNAL: pass5/adaptive_aero_control_top.v:35:13: Signal is not used: 'model_req_data_shadow'
                                                              : ... note: In instance 'adaptive_aero_control_top'
   35 | wire [31:0] model_req_data_shadow;
      |             ^~~~~~~~~~~~~~~~~~~~~
%Warning-UNUSEDSIGNAL: pass5/adaptive_aero_control_top.v:36:13: Signal is not used: 'model_rsp_data_shadow'
                                                              : ... note: In instance 'adaptive_aero_control_top'
   36 | wire [31:0] model_rsp_data_shadow;
      |             ^~~~~~~~~~~~~~~~~~~~~
%Warning-UNUSEDSIGNAL: pass5/adaptive_aero_control_top.v:56:6: Signal is not used: 'history_busy'
                                                             : ... note: In instance 'adaptive_aero_control_top'
   56 | wire history_busy;
      |      ^~~~~~~~~~~~
%Warning-UNUSEDSIGNAL: pass5/adaptive_aero_control_top.v:57:6: Signal is not used: 'payload_busy'
                                                             : ... note: In instance 'adaptive_aero_control_top'
   57 | wire payload_busy;
      |      ^~~~~~~~~~~~
%Warning-UNUSEDSIGNAL: pass5/adaptive_aero_history_store.v:13:13: Signal is not used: 'rd_data'
                                                                : ... note: In instance 'adaptive_aero_control_top.u_history_store'
   13 | reg [127:0] rd_data;
      |             ^~~~~~~
%Warning-UNUSEDSIGNAL: pass5/adaptive_aero_surrogate_reference.v:9:20: Bits of signal are not used: 'response_data'[127:64]
                                                                     : ... note: In instance 'adaptive_aero_control_top.u_surrogate_reference'
    9 |     input  [127:0] response_data,
      |                    ^~~~~~~~~~~~~
%Warning-UNUSEDSIGNAL: pass5/adaptive_aero_surrogate_reference.v:29:12: Signal is not used: 'response_snapshot'
                                                                      : ... note: In instance 'adaptive_aero_control_top.u_surrogate_reference'
   29 | reg [63:0] response_snapshot;
      |            ^~~~~~~~~~~~~~~~~
%Warning-UNUSEDSIGNAL: pass5/adaptive_aero_transport.v:5:19: Signal is not used: 'cfg_surrogate_select'
                                                           : ... note: In instance 'adaptive_aero_control_top.u_transport'
    5 |     input         cfg_surrogate_select,
      |                   ^~~~~~~~~~~~~~~~~~~~
%Warning-UNUSEDSIGNAL: pass5/adaptive_aero_transport.v:23:12: Signal is not used: 'response_head'
                                                            : ... note: In instance 'adaptive_aero_control_top.u_transport'
   23 | reg [31:0] response_head;
      |            ^~~~~~~~~~~~~

=== RETURN CODE ===
0
