before
after
end initialazition
iLastUndetectedFault=5177
iLastUndetectedFault=5176
iLastUndetectedFault=5175
iLastUndetectedFault=5173
iLastUndetectedFault=5171
iLastUndetectedFault=5169
iLastUndetectedFault=5167
iLastUndetectedFault=5165
iLastUndetectedFault=5163
iLastUndetectedFault=5161
iLastUndetectedFault=5159
iLastUndetectedFault=5157
iLastUndetectedFault=5155
iLastUndetectedFault=5153
iLastUndetectedFault=5151
iLastUndetectedFault=5149
iLastUndetectedFault=5147
iLastUndetectedFault=5145
iLastUndetectedFault=5143
iLastUndetectedFault=5141
iLastUndetectedFault=5139
iLastUndetectedFault=5137
iLastUndetectedFault=5135
iLastUndetectedFault=5133
iLastUndetectedFault=5131
iLastUndetectedFault=5129
iLastUndetectedFault=5127
iLastUndetectedFault=5125
iLastUndetectedFault=5123
iLastUndetectedFault=5121
iLastUndetectedFault=5119
iLastUndetectedFault=5117
iLastUndetectedFault=5115
iLastUndetectedFault=5113
iLastUndetectedFault=5111
iLastUndetectedFault=5109
iLastUndetectedFault=5108
iLastUndetectedFault=5107
iLastUndetectedFault=5105
iLastUndetectedFault=5103
iLastUndetectedFault=5101
iLastUndetectedFault=5099
iLastUndetectedFault=5097
iLastUndetectedFault=5095
iLastUndetectedFault=5093
iLastUndetectedFault=5091
iLastUndetectedFault=5089
iLastUndetectedFault=5087
iLastUndetectedFault=5085
iLastUndetectedFault=5083
iLastUndetectedFault=5081
iLastUndetectedFault=5079
iLastUndetectedFault=5077
iLastUndetectedFault=5075
iLastUndetectedFault=5073
iLastUndetectedFault=5071
iLastUndetectedFault=5069
iLastUndetectedFault=5067
iLastUndetectedFault=5065
iLastUndetectedFault=5063
iLastUndetectedFault=5061
iLastUndetectedFault=5059
iLastUndetectedFault=5053
iLastUndetectedFault=5051
iLastUndetectedFault=5049
iLastUndetectedFault=5047
iLastUndetectedFault=5045
iLastUndetectedFault=5043
iLastUndetectedFault=5041
iLastUndetectedFault=5039
iLastUndetectedFault=5037
iLastUndetectedFault=5035
iLastUndetectedFault=5031
iLastUndetectedFault=5029
iLastUndetectedFault=5027
iLastUndetectedFault=5025
iLastUndetectedFault=5023
iLastUndetectedFault=5021
iLastUndetectedFault=5019
iLastUndetectedFault=5017
iLastUndetectedFault=5015
iLastUndetectedFault=5013
iLastUndetectedFault=5009
iLastUndetectedFault=5007
iLastUndetectedFault=4993
iLastUndetectedFault=4989
iLastUndetectedFault=4987
iLastUndetectedFault=4986
iLastUndetectedFault=4985
iLastUndetectedFault=4983
iLastUndetectedFault=4982
iLastUndetectedFault=4981
iLastUndetectedFault=4977
iLastUndetectedFault=4975
iLastUndetectedFault=4973
iLastUndetectedFault=4970
iLastUndetectedFault=4969
iLastUndetectedFault=4967
iLastUndetectedFault=4965
iLastUndetectedFault=4959
iLastUndetectedFault=4957
iLastUndetectedFault=4955
iLastUndetectedFault=4953
iLastUndetectedFault=4951
iLastUndetectedFault=4949
iLastUndetectedFault=4947
iLastUndetectedFault=4943
iLastUndetectedFault=4941
iLastUndetectedFault=4939
iLastUndetectedFault=4937
iLastUndetectedFault=4935
iLastUndetectedFault=4933
iLastUndetectedFault=4931
iLastUndetectedFault=4929
iLastUndetectedFault=4925
iLastUndetectedFault=4919
iLastUndetectedFault=4905
iLastUndetectedFault=4901
iLastUndetectedFault=4899
iLastUndetectedFault=4897
iLastUndetectedFault=4895
iLastUndetectedFault=4893
iLastUndetectedFault=4891
iLastUndetectedFault=4889
iLastUndetectedFault=4885
iLastUndetectedFault=4883
iLastUndetectedFault=4881
iLastUndetectedFault=4879
iLastUndetectedFault=4877
iLastUndetectedFault=4875
iLastUndetectedFault=4871
iLastUndetectedFault=4867
iLastUndetectedFault=4865
iLastUndetectedFault=4863
iLastUndetectedFault=4861
iLastUndetectedFault=4859
iLastUndetectedFault=4855
iLastUndetectedFault=4853
iLastUndetectedFault=4851
iLastUndetectedFault=4849
iLastUndetectedFault=4845
iLastUndetectedFault=4843
iLastUndetectedFault=4829
iLastUndetectedFault=4827
iLastUndetectedFault=4823
iLastUndetectedFault=4821
iLastUndetectedFault=4819
iLastUndetectedFault=4817
iLastUndetectedFault=4813
iLastUndetectedFault=4812
iLastUndetectedFault=4811
iLastUndetectedFault=4809
iLastUndetectedFault=4807
iLastUndetectedFault=4805
iLastUndetectedFault=4803
iLastUndetectedFault=4801
iLastUndetectedFault=4797
iLastUndetectedFault=4795
iLastUndetectedFault=4793
iLastUndetectedFault=4791
iLastUndetectedFault=4789
iLastUndetectedFault=4787
iLastUndetectedFault=4785
iLastUndetectedFault=4783
iLastUndetectedFault=4781
iLastUndetectedFault=4779
iLastUndetectedFault=4777
iLastUndetectedFault=4775
iLastUndetectedFault=4773
iLastUndetectedFault=4771
iLastUndetectedFault=4767
iLastUndetectedFault=4765
iLastUndetectedFault=4761
iLastUndetectedFault=4759
iLastUndetectedFault=4757
iLastUndetectedFault=4755
iLastUndetectedFault=4753
iLastUndetectedFault=4747
iLastUndetectedFault=4745
iLastUndetectedFault=4743
iLastUndetectedFault=4741
iLastUndetectedFault=4739
iLastUndetectedFault=4737
iLastUndetectedFault=4735
iLastUndetectedFault=4733
iLastUndetectedFault=4731
iLastUndetectedFault=4729
iLastUndetectedFault=4727
iLastUndetectedFault=4725
iLastUndetectedFault=4723
iLastUndetectedFault=4721
iLastUndetectedFault=4719
iLastUndetectedFault=4717
iLastUndetectedFault=4715
iLastUndetectedFault=4713
iLastUndetectedFault=4711
iLastUndetectedFault=4709
iLastUndetectedFault=4707
iLastUndetectedFault=4705
iLastUndetectedFault=4703
iLastUndetectedFault=4701
iLastUndetectedFault=4699
iLastUndetectedFault=4697
iLastUndetectedFault=4695
iLastUndetectedFault=4693
iLastUndetectedFault=4691
iLastUndetectedFault=4689
iLastUndetectedFault=4687
iLastUndetectedFault=4685
iLastUndetectedFault=4683
iLastUndetectedFault=4681
iLastUndetectedFault=4679
iLastUndetectedFault=4677
iLastUndetectedFault=4675
iLastUndetectedFault=4673
iLastUndetectedFault=4671
iLastUndetectedFault=4669
iLastUndetectedFault=4667
iLastUndetectedFault=4665
iLastUndetectedFault=4663
iLastUndetectedFault=4661
iLastUndetectedFault=4659
iLastUndetectedFault=4657
iLastUndetectedFault=4655
iLastUndetectedFault=4653
iLastUndetectedFault=4651
iLastUndetectedFault=4649
iLastUndetectedFault=4647
iLastUndetectedFault=4645
iLastUndetectedFault=4643
iLastUndetectedFault=4641
iLastUndetectedFault=4639
iLastUndetectedFault=4637
iLastUndetectedFault=4635
iLastUndetectedFault=4633
iLastUndetectedFault=4631
iLastUndetectedFault=4629
iLastUndetectedFault=4627
iLastUndetectedFault=4625
iLastUndetectedFault=4623
iLastUndetectedFault=4621
iLastUndetectedFault=4619
iLastUndetectedFault=4617
iLastUndetectedFault=4615
iLastUndetectedFault=4613
iLastUndetectedFault=4611
iLastUndetectedFault=4609
iLastUndetectedFault=4607
iLastUndetectedFault=4605
iLastUndetectedFault=4603
iLastUndetectedFault=4601
iLastUndetectedFault=4599
iLastUndetectedFault=4597
iLastUndetectedFault=4595
iLastUndetectedFault=4593
iLastUndetectedFault=4591
iLastUndetectedFault=4589
iLastUndetectedFault=4587
iLastUndetectedFault=4585
iLastUndetectedFault=4583
iLastUndetectedFault=4581
iLastUndetectedFault=4579
iLastUndetectedFault=4577
iLastUndetectedFault=4575
iLastUndetectedFault=4573
iLastUndetectedFault=4569
iLastUndetectedFault=4567
iLastUndetectedFault=4565
iLastUndetectedFault=4563
iLastUndetectedFault=4561
iLastUndetectedFault=4559
iLastUndetectedFault=4557
iLastUndetectedFault=4555
iLastUndetectedFault=4554
iLastUndetectedFault=4553
iLastUndetectedFault=4550
iLastUndetectedFault=4549
iLastUndetectedFault=4547
iLastUndetectedFault=4544
iLastUndetectedFault=4543
iLastUndetectedFault=4541
iLastUndetectedFault=4539
iLastUndetectedFault=4535
iLastUndetectedFault=4533
iLastUndetectedFault=4531
iLastUndetectedFault=4529
iLastUndetectedFault=4527
iLastUndetectedFault=4525
iLastUndetectedFault=4523
iLastUndetectedFault=4521
iLastUndetectedFault=4519
iLastUndetectedFault=4517
iLastUndetectedFault=4515
iLastUndetectedFault=4513
iLastUndetectedFault=4511
iLastUndetectedFault=4509
iLastUndetectedFault=4507
iLastUndetectedFault=4505
iLastUndetectedFault=4503
iLastUndetectedFault=4501
iLastUndetectedFault=4499
iLastUndetectedFault=4497
iLastUndetectedFault=4495
iLastUndetectedFault=4493
iLastUndetectedFault=4491
iLastUndetectedFault=4487
iLastUndetectedFault=4485
iLastUndetectedFault=4483
iLastUndetectedFault=4481
iLastUndetectedFault=4479
iLastUndetectedFault=4477
iLastUndetectedFault=4470
iLastUndetectedFault=4466
iLastUndetectedFault=4464
iLastUndetectedFault=4462
iLastUndetectedFault=4460
iLastUndetectedFault=4459
iLastUndetectedFault=4458
iLastUndetectedFault=4457
iLastUndetectedFault=4455
iLastUndetectedFault=4454
iLastUndetectedFault=4453
iLastUndetectedFault=4452
iLastUndetectedFault=4437
iLastUndetectedFault=4432
iLastUndetectedFault=4431
iLastUndetectedFault=4426
iLastUndetectedFault=4425
iLastUndetectedFault=4421
iLastUndetectedFault=4420
iLastUndetectedFault=4419
iLastUndetectedFault=4418
iLastUndetectedFault=4416
iLastUndetectedFault=4415
iLastUndetectedFault=4414
iLastUndetectedFault=4413
iLastUndetectedFault=4409
iLastUndetectedFault=4408
iLastUndetectedFault=4406
iLastUndetectedFault=4403
iLastUndetectedFault=4402
iLastUndetectedFault=4401
iLastUndetectedFault=4397
iLastUndetectedFault=4396
iLastUndetectedFault=4395
iLastUndetectedFault=4393
iLastUndetectedFault=4392
iLastUndetectedFault=4387
iLastUndetectedFault=4386
iLastUndetectedFault=4385
iLastUndetectedFault=4383
iLastUndetectedFault=4382
iLastUndetectedFault=4381
iLastUndetectedFault=4380
iLastUndetectedFault=4377
iLastUndetectedFault=4376
iLastUndetectedFault=4375
iLastUndetectedFault=4373
iLastUndetectedFault=4372
iLastUndetectedFault=4369
iLastUndetectedFault=4368
iLastUndetectedFault=4367
iLastUndetectedFault=4366
iLastUndetectedFault=4352
iLastUndetectedFault=4351
iLastUndetectedFault=4350
iLastUndetectedFault=4349
iLastUndetectedFault=4346
iLastUndetectedFault=4345
iLastUndetectedFault=4344
iLastUndetectedFault=4343
iLastUndetectedFault=4341
iLastUndetectedFault=4340
iLastUndetectedFault=4339
iLastUndetectedFault=4338
iLastUndetectedFault=4336
iLastUndetectedFault=4333
iLastUndetectedFault=4332
iLastUndetectedFault=4326
iLastUndetectedFault=4323
iLastUndetectedFault=4322
iLastUndetectedFault=4311
iLastUndetectedFault=4310
iLastUndetectedFault=4309
iLastUndetectedFault=4305
iLastUndetectedFault=4304
iLastUndetectedFault=4302
iLastUndetectedFault=4301
iLastUndetectedFault=4300
iLastUndetectedFault=4299
iLastUndetectedFault=4298
iLastUndetectedFault=4297
iLastUndetectedFault=4293
iLastUndetectedFault=4291
iLastUndetectedFault=4288
iLastUndetectedFault=4287
iLastUndetectedFault=4284
iLastUndetectedFault=4283
iLastUndetectedFault=4282
iLastUndetectedFault=4279
iLastUndetectedFault=4278
iLastUndetectedFault=4274
iLastUndetectedFault=4273
iLastUndetectedFault=4270
iLastUndetectedFault=4269
iLastUndetectedFault=4268
iLastUndetectedFault=4267
iLastUndetectedFault=4266
iLastUndetectedFault=4265
iLastUndetectedFault=4264
iLastUndetectedFault=4263
iLastUndetectedFault=4262
iLastUndetectedFault=4259
iLastUndetectedFault=4258
iLastUndetectedFault=4257
iLastUndetectedFault=4254
iLastUndetectedFault=4253
iLastUndetectedFault=4252
iLastUndetectedFault=4251
iLastUndetectedFault=4250
iLastUndetectedFault=4249
iLastUndetectedFault=4248
iLastUndetectedFault=4247
iLastUndetectedFault=4244
iLastUndetectedFault=4243
iLastUndetectedFault=4242
iLastUndetectedFault=4238
iLastUndetectedFault=4237
iLastUndetectedFault=4234
iLastUndetectedFault=4232
iLastUndetectedFault=4215
iLastUndetectedFault=4213
iLastUndetectedFault=4212
iLastUndetectedFault=4211
iLastUndetectedFault=4207
iLastUndetectedFault=4205
iLastUndetectedFault=4202
iLastUndetectedFault=4201
iLastUndetectedFault=4198
iLastUndetectedFault=4197
iLastUndetectedFault=4194
iLastUndetectedFault=4193
iLastUndetectedFault=4192
iLastUndetectedFault=4191
iLastUndetectedFault=4188
iLastUndetectedFault=4187
iLastUndetectedFault=4186
iLastUndetectedFault=4185
iLastUndetectedFault=4182
iLastUndetectedFault=4181
iLastUndetectedFault=4180
iLastUndetectedFault=4176
iLastUndetectedFault=4175
iLastUndetectedFault=4174
iLastUndetectedFault=4173
iLastUndetectedFault=4172
iLastUndetectedFault=4171
iLastUndetectedFault=4170
iLastUndetectedFault=4168
iLastUndetectedFault=4167
iLastUndetectedFault=4166
iLastUndetectedFault=4165
iLastUndetectedFault=4163
iLastUndetectedFault=4162
iLastUndetectedFault=4161
iLastUndetectedFault=4160
iLastUndetectedFault=4157
iLastUndetectedFault=4155
iLastUndetectedFault=4154
iLastUndetectedFault=4153
iLastUndetectedFault=4152
iLastUndetectedFault=4150
iLastUndetectedFault=4149
iLastUndetectedFault=4148
iLastUndetectedFault=4147
iLastUndetectedFault=4145
iLastUndetectedFault=4144
iLastUndetectedFault=4143
iLastUndetectedFault=4142
iLastUndetectedFault=4135
iLastUndetectedFault=4132
iLastUndetectedFault=4131
iLastUndetectedFault=4130
iLastUndetectedFault=4129
iLastUndetectedFault=4125
iLastUndetectedFault=4109
iLastUndetectedFault=4108
iLastUndetectedFault=4093
iLastUndetectedFault=4092
iLastUndetectedFault=4091
iLastUndetectedFault=4090
iLastUndetectedFault=4089
iLastUndetectedFault=4088
iLastUndetectedFault=4087
iLastUndetectedFault=4085
iLastUndetectedFault=4084
iLastUndetectedFault=4083
iLastUndetectedFault=4082
iLastUndetectedFault=4079
iLastUndetectedFault=4071
iLastUndetectedFault=4069
iLastUndetectedFault=4068
iLastUndetectedFault=4067
iLastUndetectedFault=4066
iLastUndetectedFault=4065
iLastUndetectedFault=4062
iLastUndetectedFault=4061
iLastUndetectedFault=4060
iLastUndetectedFault=4057
iLastUndetectedFault=4056
iLastUndetectedFault=4055
iLastUndetectedFault=4054
iLastUndetectedFault=4053
iLastUndetectedFault=4052
iLastUndetectedFault=4051
iLastUndetectedFault=4050
iLastUndetectedFault=4049
iLastUndetectedFault=4045
iLastUndetectedFault=4041
iLastUndetectedFault=4040
iLastUndetectedFault=4039
iLastUndetectedFault=4035
iLastUndetectedFault=4032
iLastUndetectedFault=4030
iLastUndetectedFault=4029
iLastUndetectedFault=4026
iLastUndetectedFault=4025
iLastUndetectedFault=4023
iLastUndetectedFault=4021
iLastUndetectedFault=4011
iLastUndetectedFault=4010
iLastUndetectedFault=4007
iLastUndetectedFault=4004
iLastUndetectedFault=3996
iLastUndetectedFault=3992
iLastUndetectedFault=3968
iLastUndetectedFault=3967
iLastUndetectedFault=3966
iLastUndetectedFault=3965
iLastUndetectedFault=3964
iLastUndetectedFault=3963
iLastUndetectedFault=3962
iLastUndetectedFault=3961
iLastUndetectedFault=3959
iLastUndetectedFault=3958
iLastUndetectedFault=3957
iLastUndetectedFault=3956
iLastUndetectedFault=3954
iLastUndetectedFault=3953
iLastUndetectedFault=3952
iLastUndetectedFault=3951
iLastUndetectedFault=3949
iLastUndetectedFault=3948
iLastUndetectedFault=3945
iLastUndetectedFault=3944
iLastUndetectedFault=3943
iLastUndetectedFault=3942
iLastUndetectedFault=3940
iLastUndetectedFault=3939
iLastUndetectedFault=3938
iLastUndetectedFault=3937
iLastUndetectedFault=3935
iLastUndetectedFault=3934
iLastUndetectedFault=3933
iLastUndetectedFault=3932
iLastUndetectedFault=3930
iLastUndetectedFault=3929
iLastUndetectedFault=3928
iLastUndetectedFault=3927
iLastUndetectedFault=3923
iLastUndetectedFault=3922
iLastUndetectedFault=3918
iLastUndetectedFault=3917
iLastUndetectedFault=3912
iLastUndetectedFault=3909
iLastUndetectedFault=3907
iLastUndetectedFault=3906
iLastUndetectedFault=3898
iLastUndetectedFault=3886
iLastUndetectedFault=3883
iLastUndetectedFault=3881
iLastUndetectedFault=3880
iLastUndetectedFault=3866
iLastUndetectedFault=3863
iLastUndetectedFault=3861
iLastUndetectedFault=3860
iLastUndetectedFault=3857
iLastUndetectedFault=3851
iLastUndetectedFault=3841
iLastUndetectedFault=3837
iLastUndetectedFault=3831
iLastUndetectedFault=3827
iLastUndetectedFault=3826
iLastUndetectedFault=3825
iLastUndetectedFault=3824
iLastUndetectedFault=3823
iLastUndetectedFault=3822
iLastUndetectedFault=3819
iLastUndetectedFault=3818
iLastUndetectedFault=3809
iLastUndetectedFault=3806
iLastUndetectedFault=3804
iLastUndetectedFault=3803
iLastUndetectedFault=3770
iLastUndetectedFault=3767
iLastUndetectedFault=3765
iLastUndetectedFault=3764
iLastUndetectedFault=3759
iLastUndetectedFault=3756
iLastUndetectedFault=3754
iLastUndetectedFault=3753
iLastUndetectedFault=3752
iLastUndetectedFault=3750
iLastUndetectedFault=3749
iLastUndetectedFault=3748
iLastUndetectedFault=3745
iLastUndetectedFault=3744
iLastUndetectedFault=3740
iLastUndetectedFault=3736
iLastUndetectedFault=3735
iLastUndetectedFault=3726
iLastUndetectedFault=3723
iLastUndetectedFault=3711
iLastUndetectedFault=3708
iLastUndetectedFault=3701
iLastUndetectedFault=3694
iLastUndetectedFault=3692
iLastUndetectedFault=3691
iLastUndetectedFault=3689
iLastUndetectedFault=3687
iLastUndetectedFault=3682
iLastUndetectedFault=3681
iLastUndetectedFault=3680
iLastUndetectedFault=3677
iLastUndetectedFault=3675
iLastUndetectedFault=3674
iLastUndetectedFault=3673
iLastUndetectedFault=3670
iLastUndetectedFault=3668
iLastUndetectedFault=3667
iLastUndetectedFault=3664
iLastUndetectedFault=3659
iLastUndetectedFault=3658
iLastUndetectedFault=3655
iLastUndetectedFault=3653
iLastUndetectedFault=3652
iLastUndetectedFault=3651
iLastUndetectedFault=3646
iLastUndetectedFault=3644
iLastUndetectedFault=3643
iLastUndetectedFault=3642
iLastUndetectedFault=3632
iLastUndetectedFault=3629
iLastUndetectedFault=3627
iLastUndetectedFault=3626
iLastUndetectedFault=3624
iLastUndetectedFault=3621
iLastUndetectedFault=3618
iLastUndetectedFault=3617
iLastUndetectedFault=3615
iLastUndetectedFault=3612
iLastUndetectedFault=3610
iLastUndetectedFault=3608
iLastUndetectedFault=3605
iLastUndetectedFault=3603
iLastUndetectedFault=3601
iLastUndetectedFault=3600
iLastUndetectedFault=3599
iLastUndetectedFault=3598
iLastUndetectedFault=3596
iLastUndetectedFault=3591
iLastUndetectedFault=3589
iLastUndetectedFault=3588
iLastUndetectedFault=3587
iLastUndetectedFault=3583
iLastUndetectedFault=3580
iLastUndetectedFault=3578
iLastUndetectedFault=3575
iLastUndetectedFault=3573
iLastUndetectedFault=3572
iLastUndetectedFault=3571
iLastUndetectedFault=3562
iLastUndetectedFault=3545
iLastUndetectedFault=3539
iLastUndetectedFault=3537
iLastUndetectedFault=3536
iLastUndetectedFault=3535
iLastUndetectedFault=3532
iLastUndetectedFault=3531
iLastUndetectedFault=3530
iLastUndetectedFault=3520
iLastUndetectedFault=3519
iLastUndetectedFault=3518
iLastUndetectedFault=3517
iLastUndetectedFault=3515
iLastUndetectedFault=3514
iLastUndetectedFault=3513
iLastUndetectedFault=3510
iLastUndetectedFault=3491
iLastUndetectedFault=3485
iLastUndetectedFault=3483
iLastUndetectedFault=3481
iLastUndetectedFault=3480
iLastUndetectedFault=3477
iLastUndetectedFault=3396
iLastUndetectedFault=3395
iLastUndetectedFault=3367
iLastUndetectedFault=3343
iLastUndetectedFault=3330
iLastUndetectedFault=3310
iLastUndetectedFault=3260
iLastUndetectedFault=3234
iLastUndetectedFault=3219
iLastUndetectedFault=3190
iLastUndetectedFault=3166
iLastUndetectedFault=3151
iLastUndetectedFault=3111
iLastUndetectedFault=3110
iLastUndetectedFault=3097
iLastUndetectedFault=3083
iLastUndetectedFault=3081
iLastUndetectedFault=3080
iLastUndetectedFault=3048
iLastUndetectedFault=3030
iLastUndetectedFault=3017
iLastUndetectedFault=2992
iLastUndetectedFault=2960
iLastUndetectedFault=2954
iLastUndetectedFault=2948
iLastUndetectedFault=2942
iLastUndetectedFault=2936
iLastUndetectedFault=2933
iLastUndetectedFault=2928
iLastUndetectedFault=2925
iLastUndetectedFault=2920
iLastUndetectedFault=2917
iLastUndetectedFault=2912
iLastUndetectedFault=2909
iLastUndetectedFault=2904
iLastUndetectedFault=2901
iLastUndetectedFault=2896
iLastUndetectedFault=2893
iLastUndetectedFault=2888
iLastUndetectedFault=2885
iLastUndetectedFault=2880
iLastUndetectedFault=2877
iLastUndetectedFault=2872
iLastUndetectedFault=2869
iLastUndetectedFault=2864
iLastUndetectedFault=2861
iLastUndetectedFault=2856
iLastUndetectedFault=2853
iLastUndetectedFault=2848
iLastUndetectedFault=2845
iLastUndetectedFault=2840
iLastUndetectedFault=2837
iLastUndetectedFault=2832
iLastUndetectedFault=2829
iLastUndetectedFault=2824
iLastUndetectedFault=2821
iLastUndetectedFault=2816
iLastUndetectedFault=2813
iLastUndetectedFault=2808
iLastUndetectedFault=2805
iLastUndetectedFault=2800
iLastUndetectedFault=2797
iLastUndetectedFault=2792
iLastUndetectedFault=2789
iLastUndetectedFault=2784
iLastUndetectedFault=2781
iLastUndetectedFault=2776
iLastUndetectedFault=2773
iLastUndetectedFault=2768
iLastUndetectedFault=2765
iLastUndetectedFault=2760
iLastUndetectedFault=2757
iLastUndetectedFault=2752
iLastUndetectedFault=2749
iLastUndetectedFault=2744
iLastUndetectedFault=2741
iLastUndetectedFault=2736
iLastUndetectedFault=2733
iLastUndetectedFault=2728
iLastUndetectedFault=2725
iLastUndetectedFault=2717
iLastUndetectedFault=2713
iLastUndetectedFault=2709
iLastUndetectedFault=2708
iLastUndetectedFault=2699
iLastUndetectedFault=2692
iLastUndetectedFault=2686
iLastUndetectedFault=2680
iLastUndetectedFault=2674
iLastUndetectedFault=2668
iLastUndetectedFault=2662
iLastUndetectedFault=2656
iLastUndetectedFault=2637
iLastUndetectedFault=2609
iLastUndetectedFault=2607
iLastUndetectedFault=2580
iLastUndetectedFault=2579
iLastUndetectedFault=2578
iLastUndetectedFault=2557
iLastUndetectedFault=2556
iLastUndetectedFault=2555
iLastUndetectedFault=2534
iLastUndetectedFault=2533
iLastUndetectedFault=2532
iLastUndetectedFault=2511
iLastUndetectedFault=2510
iLastUndetectedFault=2509
iLastUndetectedFault=2488
iLastUndetectedFault=2487
iLastUndetectedFault=2486
iLastUndetectedFault=2465
iLastUndetectedFault=2464
iLastUndetectedFault=2463
iLastUndetectedFault=2442
iLastUndetectedFault=2441
iLastUndetectedFault=2440
iLastUndetectedFault=2417
iLastUndetectedFault=2416
iLastUndetectedFault=2409
iLastUndetectedFault=2406
iLastUndetectedFault=2371
iLastUndetectedFault=2370
iLastUndetectedFault=2352
iLastUndetectedFault=2351
iLastUndetectedFault=2344
iLastUndetectedFault=2329
iLastUndetectedFault=2313
iLastUndetectedFault=2284
iLastUndetectedFault=2256
iLastUndetectedFault=2184
iLastUndetectedFault=2178
iLastUndetectedFault=2177
iLastUndetectedFault=2176
iLastUndetectedFault=2175
iLastUndetectedFault=2160
iLastUndetectedFault=2159
iLastUndetectedFault=2156
iLastUndetectedFault=2124
iLastUndetectedFault=2102
iLastUndetectedFault=2080
iLastUndetectedFault=2063
iLastUndetectedFault=2028
iLastUndetectedFault=2021
iLastUndetectedFault=2005
iLastUndetectedFault=1967
iLastUndetectedFault=1935
iLastUndetectedFault=1906
iLastUndetectedFault=1851
iLastUndetectedFault=1850
iLastUndetectedFault=1840
iLastUndetectedFault=1832
iLastUndetectedFault=1828
iLastUndetectedFault=1825
iLastUndetectedFault=1820
iLastUndetectedFault=1817
iLastUndetectedFault=1812
iLastUndetectedFault=1809
iLastUndetectedFault=1804
iLastUndetectedFault=1801
iLastUndetectedFault=1796
iLastUndetectedFault=1793
iLastUndetectedFault=1788
iLastUndetectedFault=1785
iLastUndetectedFault=1780
iLastUndetectedFault=1777
iLastUndetectedFault=1769
iLastUndetectedFault=1761
iLastUndetectedFault=1756
iLastUndetectedFault=1753
iLastUndetectedFault=1748
iLastUndetectedFault=1745
iLastUndetectedFault=1740
iLastUndetectedFault=1737
iLastUndetectedFault=1729
iLastUndetectedFault=1724
iLastUndetectedFault=1721
iLastUndetectedFault=1716
iLastUndetectedFault=1713
iLastUndetectedFault=1708
iLastUndetectedFault=1705
iLastUndetectedFault=1700
iLastUndetectedFault=1697
iLastUndetectedFault=1692
iLastUndetectedFault=1689
iLastUndetectedFault=1684
iLastUndetectedFault=1681
iLastUndetectedFault=1676
iLastUndetectedFault=1673
iLastUndetectedFault=1668
iLastUndetectedFault=1665
iLastUndetectedFault=1660
iLastUndetectedFault=1657
iLastUndetectedFault=1652
iLastUndetectedFault=1649
iLastUndetectedFault=1644
iLastUndetectedFault=1641
iLastUndetectedFault=1636
iLastUndetectedFault=1633
iLastUndetectedFault=1628
iLastUndetectedFault=1625
iLastUndetectedFault=1620
iLastUndetectedFault=1617
iLastUndetectedFault=1612
iLastUndetectedFault=1609
iLastUndetectedFault=1604
iLastUndetectedFault=1601
iLastUndetectedFault=1596
iLastUndetectedFault=1593
iLastUndetectedFault=1588
iLastUndetectedFault=1585
iLastUndetectedFault=1580
iLastUndetectedFault=1577
iLastUndetectedFault=1572
iLastUndetectedFault=1569
iLastUndetectedFault=1564
iLastUndetectedFault=1561
iLastUndetectedFault=1556
iLastUndetectedFault=1553
iLastUndetectedFault=1548
iLastUndetectedFault=1545
iLastUndetectedFault=1540
iLastUndetectedFault=1537
iLastUndetectedFault=1532
iLastUndetectedFault=1529
iLastUndetectedFault=1524
iLastUndetectedFault=1521
iLastUndetectedFault=1516
iLastUndetectedFault=1513
iLastUndetectedFault=1508
iLastUndetectedFault=1505
iLastUndetectedFault=1500
iLastUndetectedFault=1497
iLastUndetectedFault=1492
iLastUndetectedFault=1489
iLastUndetectedFault=1481
iLastUndetectedFault=1476
iLastUndetectedFault=1473
iLastUndetectedFault=1465
iLastUndetectedFault=1460
iLastUndetectedFault=1457
iLastUndetectedFault=1449
iLastUndetectedFault=1441
iLastUndetectedFault=1433
iLastUndetectedFault=1425
iLastUndetectedFault=1417
iLastUndetectedFault=1409
iLastUndetectedFault=1401
iLastUndetectedFault=1393
iLastUndetectedFault=1385
iLastUndetectedFault=1377
iLastUndetectedFault=1369
iLastUndetectedFault=1361
iLastUndetectedFault=1353
iLastUndetectedFault=1345
iLastUndetectedFault=1337
iLastUndetectedFault=1329
iLastUndetectedFault=1321
iLastUndetectedFault=1313
iLastUndetectedFault=1305
iLastUndetectedFault=1297
iLastUndetectedFault=1289
iLastUndetectedFault=1281
iLastUndetectedFault=1273
iLastUndetectedFault=1265
iLastUndetectedFault=1257
iLastUndetectedFault=1249
iLastUndetectedFault=1241
iLastUndetectedFault=1236
iLastUndetectedFault=1233
iLastUndetectedFault=1229
iLastUndetectedFault=1228
iLastUndetectedFault=1227
iLastUndetectedFault=1226
iLastUndetectedFault=1225
iLastUndetectedFault=1220
iLastUndetectedFault=1219
iLastUndetectedFault=1218
iLastUndetectedFault=1217
iLastUndetectedFault=1216
iLastUndetectedFault=1211
iLastUndetectedFault=1210
iLastUndetectedFault=1209
iLastUndetectedFault=1208
iLastUndetectedFault=1207
iLastUndetectedFault=1202
iLastUndetectedFault=1201
iLastUndetectedFault=1200
iLastUndetectedFault=1199
iLastUndetectedFault=1198
iLastUndetectedFault=1193
iLastUndetectedFault=1192
iLastUndetectedFault=1191
iLastUndetectedFault=1190
iLastUndetectedFault=1189
iLastUndetectedFault=1184
iLastUndetectedFault=1183
iLastUndetectedFault=1182
iLastUndetectedFault=1181
iLastUndetectedFault=1180
iLastUndetectedFault=1175
iLastUndetectedFault=1174
iLastUndetectedFault=1173
iLastUndetectedFault=1172
iLastUndetectedFault=1171
iLastUndetectedFault=1166
iLastUndetectedFault=1165
iLastUndetectedFault=1164
iLastUndetectedFault=1163
iLastUndetectedFault=1153
iLastUndetectedFault=1145
iLastUndetectedFault=1137
iLastUndetectedFault=1132
iLastUndetectedFault=1126
iLastUndetectedFault=1123
iLastUndetectedFault=1118
iLastUndetectedFault=1115
iLastUndetectedFault=1110
iLastUndetectedFault=1107
iLastUndetectedFault=1102
iLastUndetectedFault=1099
iLastUndetectedFault=1094
iLastUndetectedFault=1091
iLastUndetectedFault=1086
iLastUndetectedFault=1083
iLastUndetectedFault=1078
iLastUndetectedFault=1075
iLastUndetectedFault=1070
iLastUndetectedFault=1067
iLastUndetectedFault=1062
iLastUndetectedFault=1059
iLastUndetectedFault=1054
iLastUndetectedFault=1051
iLastUndetectedFault=1046
iLastUndetectedFault=1043
iLastUndetectedFault=1038
iLastUndetectedFault=1035
iLastUndetectedFault=1030
iLastUndetectedFault=1027
iLastUndetectedFault=1022
iLastUndetectedFault=1019
iLastUndetectedFault=1014
iLastUndetectedFault=1011
iLastUndetectedFault=1006
iLastUndetectedFault=1003
iLastUndetectedFault=998
iLastUndetectedFault=995
iLastUndetectedFault=990
iLastUndetectedFault=987
iLastUndetectedFault=982
iLastUndetectedFault=979
iLastUndetectedFault=974
iLastUndetectedFault=971
iLastUndetectedFault=966
iLastUndetectedFault=963
iLastUndetectedFault=958
iLastUndetectedFault=955
iLastUndetectedFault=950
iLastUndetectedFault=947
iLastUndetectedFault=942
iLastUndetectedFault=939
iLastUndetectedFault=934
iLastUndetectedFault=931
iLastUndetectedFault=926
iLastUndetectedFault=923
iLastUndetectedFault=918
iLastUndetectedFault=915
iLastUndetectedFault=907
iLastUndetectedFault=903
iLastUndetectedFault=902
iLastUndetectedFault=900
iLastUndetectedFault=899
iLastUndetectedFault=897
iLastUndetectedFault=895
iLastUndetectedFault=892
iLastUndetectedFault=891
iLastUndetectedFault=889
iLastUndetectedFault=887
iLastUndetectedFault=886
iLastUndetectedFault=885
iLastUndetectedFault=883
iLastUndetectedFault=881
iLastUndetectedFault=878
iLastUndetectedFault=877
iLastUndetectedFault=875
iLastUndetectedFault=873
iLastUndetectedFault=871
iLastUndetectedFault=870
iLastUndetectedFault=868
iLastUndetectedFault=867
iLastUndetectedFault=857
iLastUndetectedFault=856
iLastUndetectedFault=854
iLastUndetectedFault=852
iLastUndetectedFault=849
iLastUndetectedFault=848
iLastUndetectedFault=846
iLastUndetectedFault=844
iLastUndetectedFault=843
iLastUndetectedFault=842
iLastUndetectedFault=840
iLastUndetectedFault=838
iLastUndetectedFault=835
iLastUndetectedFault=834
iLastUndetectedFault=829
iLastUndetectedFault=828
iLastUndetectedFault=826
iLastUndetectedFault=824
iLastUndetectedFault=817
iLastUndetectedFault=816
iLastUndetectedFault=814
iLastUndetectedFault=812
iLastUndetectedFault=810
iLastUndetectedFault=809
iLastUndetectedFault=807
iLastUndetectedFault=805
iLastUndetectedFault=803
iLastUndetectedFault=802
iLastUndetectedFault=800
iLastUndetectedFault=798
iLastUndetectedFault=792
iLastUndetectedFault=791
iLastUndetectedFault=789
iLastUndetectedFault=787
iLastUndetectedFault=785
iLastUndetectedFault=784
iLastUndetectedFault=782
iLastUndetectedFault=780
iLastUndetectedFault=778
iLastUndetectedFault=777
iLastUndetectedFault=775
iLastUndetectedFault=773
iLastUndetectedFault=767
iLastUndetectedFault=766
iLastUndetectedFault=764
iLastUndetectedFault=762
iLastUndetectedFault=760
iLastUndetectedFault=759
iLastUndetectedFault=757
iLastUndetectedFault=755
iLastUndetectedFault=754
iLastUndetectedFault=753
iLastUndetectedFault=751
iLastUndetectedFault=749
iLastUndetectedFault=742
iLastUndetectedFault=741
iLastUndetectedFault=739
iLastUndetectedFault=737
iLastUndetectedFault=735
iLastUndetectedFault=734
iLastUndetectedFault=732
iLastUndetectedFault=730
iLastUndetectedFault=729
iLastUndetectedFault=728
iLastUndetectedFault=726
iLastUndetectedFault=724
iLastUndetectedFault=717
iLastUndetectedFault=716
iLastUndetectedFault=714
iLastUndetectedFault=712
iLastUndetectedFault=710
iLastUndetectedFault=709
iLastUndetectedFault=707
iLastUndetectedFault=705
iLastUndetectedFault=703
iLastUndetectedFault=702
iLastUndetectedFault=700
iLastUndetectedFault=698
iLastUndetectedFault=692
iLastUndetectedFault=691
iLastUndetectedFault=689
iLastUndetectedFault=687
iLastUndetectedFault=685
iLastUndetectedFault=684
iLastUndetectedFault=682
iLastUndetectedFault=680
iLastUndetectedFault=678
iLastUndetectedFault=677
iLastUndetectedFault=675
iLastUndetectedFault=673
iLastUndetectedFault=667
iLastUndetectedFault=666
iLastUndetectedFault=664
iLastUndetectedFault=662
iLastUndetectedFault=660
iLastUndetectedFault=659
iLastUndetectedFault=657
iLastUndetectedFault=655
iLastUndetectedFault=653
iLastUndetectedFault=652
iLastUndetectedFault=650
iLastUndetectedFault=648
iLastUndetectedFault=642
iLastUndetectedFault=641
iLastUndetectedFault=639
iLastUndetectedFault=637
iLastUndetectedFault=635
iLastUndetectedFault=634
iLastUndetectedFault=632
iLastUndetectedFault=630
iLastUndetectedFault=629
iLastUndetectedFault=628
iLastUndetectedFault=626
iLastUndetectedFault=624
iLastUndetectedFault=617
iLastUndetectedFault=616
iLastUndetectedFault=614
iLastUndetectedFault=612
iLastUndetectedFault=610
iLastUndetectedFault=609
iLastUndetectedFault=607
iLastUndetectedFault=605
iLastUndetectedFault=604
iLastUndetectedFault=603
iLastUndetectedFault=601
iLastUndetectedFault=599
iLastUndetectedFault=592
iLastUndetectedFault=591
iLastUndetectedFault=589
iLastUndetectedFault=587
iLastUndetectedFault=585
iLastUndetectedFault=584
iLastUndetectedFault=582
iLastUndetectedFault=580
iLastUndetectedFault=579
iLastUndetectedFault=578
iLastUndetectedFault=576
iLastUndetectedFault=574
iLastUndetectedFault=567
iLastUndetectedFault=566
iLastUndetectedFault=564
iLastUndetectedFault=562
iLastUndetectedFault=561
iLastUndetectedFault=560
iLastUndetectedFault=558
iLastUndetectedFault=556
iLastUndetectedFault=553
iLastUndetectedFault=552
iLastUndetectedFault=550
iLastUndetectedFault=548
iLastUndetectedFault=546
iLastUndetectedFault=545
iLastUndetectedFault=543
iLastUndetectedFault=541
iLastUndetectedFault=540
iLastUndetectedFault=539
iLastUndetectedFault=537
iLastUndetectedFault=535
iLastUndetectedFault=528
iLastUndetectedFault=527
iLastUndetectedFault=525
iLastUndetectedFault=523
iLastUndetectedFault=521
iLastUndetectedFault=520
iLastUndetectedFault=518
iLastUndetectedFault=516
iLastUndetectedFault=515
iLastUndetectedFault=514
iLastUndetectedFault=512
iLastUndetectedFault=510
iLastUndetectedFault=503
iLastUndetectedFault=502
iLastUndetectedFault=500
iLastUndetectedFault=498
iLastUndetectedFault=496
iLastUndetectedFault=495
iLastUndetectedFault=493
iLastUndetectedFault=491
iLastUndetectedFault=490
iLastUndetectedFault=489
iLastUndetectedFault=487
iLastUndetectedFault=485
iLastUndetectedFault=478
iLastUndetectedFault=477
iLastUndetectedFault=475
iLastUndetectedFault=473
iLastUndetectedFault=471
iLastUndetectedFault=470
iLastUndetectedFault=468
iLastUndetectedFault=466
iLastUndetectedFault=465
iLastUndetectedFault=464
iLastUndetectedFault=462
iLastUndetectedFault=460
iLastUndetectedFault=453
iLastUndetectedFault=452
iLastUndetectedFault=450
iLastUndetectedFault=448
iLastUndetectedFault=446
iLastUndetectedFault=445
iLastUndetectedFault=443
iLastUndetectedFault=441
iLastUndetectedFault=439
iLastUndetectedFault=438
iLastUndetectedFault=436
iLastUndetectedFault=434
iLastUndetectedFault=428
iLastUndetectedFault=427
iLastUndetectedFault=425
iLastUndetectedFault=423
iLastUndetectedFault=421
iLastUndetectedFault=420
iLastUndetectedFault=418
iLastUndetectedFault=416
iLastUndetectedFault=415
iLastUndetectedFault=414
iLastUndetectedFault=412
iLastUndetectedFault=410
iLastUndetectedFault=403
iLastUndetectedFault=402
iLastUndetectedFault=400
iLastUndetectedFault=398
iLastUndetectedFault=396
iLastUndetectedFault=395
iLastUndetectedFault=393
iLastUndetectedFault=391
iLastUndetectedFault=390
iLastUndetectedFault=389
iLastUndetectedFault=387
iLastUndetectedFault=385
iLastUndetectedFault=378
iLastUndetectedFault=377
iLastUndetectedFault=375
iLastUndetectedFault=373
iLastUndetectedFault=371
iLastUndetectedFault=370
iLastUndetectedFault=368
iLastUndetectedFault=366
iLastUndetectedFault=365
iLastUndetectedFault=364
iLastUndetectedFault=362
iLastUndetectedFault=360
iLastUndetectedFault=353
iLastUndetectedFault=352
iLastUndetectedFault=350
iLastUndetectedFault=348
iLastUndetectedFault=346
iLastUndetectedFault=345
iLastUndetectedFault=343
iLastUndetectedFault=341
iLastUndetectedFault=339
iLastUndetectedFault=338
iLastUndetectedFault=336
iLastUndetectedFault=334
iLastUndetectedFault=325
iLastUndetectedFault=323
iLastUndetectedFault=321
iLastUndetectedFault=320
iLastUndetectedFault=318
iLastUndetectedFault=316
iLastUndetectedFault=314
iLastUndetectedFault=313
iLastUndetectedFault=311
iLastUndetectedFault=309
iLastUndetectedFault=300
iLastUndetectedFault=296
iLastUndetectedFault=295
iLastUndetectedFault=293
iLastUndetectedFault=291
iLastUndetectedFault=290
iLastUndetectedFault=289
iLastUndetectedFault=287
iLastUndetectedFault=285
iLastUndetectedFault=278
iLastUndetectedFault=277
iLastUndetectedFault=269
iLastUndetectedFault=267
iLastUndetectedFault=264
iLastUndetectedFault=263
iLastUndetectedFault=261
iLastUndetectedFault=259
iLastUndetectedFault=257
iLastUndetectedFault=256
iLastUndetectedFault=254
iLastUndetectedFault=252
iLastUndetectedFault=251
iLastUndetectedFault=250
iLastUndetectedFault=248
iLastUndetectedFault=246
iLastUndetectedFault=226
iLastUndetectedFault=225
iLastUndetectedFault=223
iLastUndetectedFault=221
iLastUndetectedFault=214
iLastUndetectedFault=213
iLastUndetectedFault=211
iLastUndetectedFault=209
iLastUndetectedFault=207
iLastUndetectedFault=206
iLastUndetectedFault=204
iLastUndetectedFault=202
iLastUndetectedFault=200
iLastUndetectedFault=199
iLastUndetectedFault=197
iLastUndetectedFault=195
iLastUndetectedFault=189
iLastUndetectedFault=188
iLastUndetectedFault=186
iLastUndetectedFault=185
iLastUndetectedFault=183
iLastUndetectedFault=181
iLastUndetectedFault=178
iLastUndetectedFault=177
iLastUndetectedFault=175
iLastUndetectedFault=173
iLastUndetectedFault=171
iLastUndetectedFault=170
iLastUndetectedFault=168
iLastUndetectedFault=166
iLastUndetectedFault=165
iLastUndetectedFault=164
iLastUndetectedFault=162
iLastUndetectedFault=160
iLastUndetectedFault=153
iLastUndetectedFault=152
iLastUndetectedFault=150
iLastUndetectedFault=148
iLastUndetectedFault=147
iLastUndetectedFault=146
iLastUndetectedFault=144
iLastUndetectedFault=142
iLastUndetectedFault=139
iLastUndetectedFault=138
iLastUndetectedFault=136
iLastUndetectedFault=134
iLastUndetectedFault=133
iLastUndetectedFault=132
iLastUndetectedFault=130
iLastUndetectedFault=128
iLastUndetectedFault=118
iLastUndetectedFault=116
iLastUndetectedFault=115
iLastUndetectedFault=114
iLastUndetectedFault=112
iLastUndetectedFault=110
iLastUndetectedFault=107
iLastUndetectedFault=106
iLastUndetectedFault=104
iLastUndetectedFault=102
iLastUndetectedFault=101
iLastUndetectedFault=100
iLastUndetectedFault=98
iLastUndetectedFault=96
iLastUndetectedFault=89
iLastUndetectedFault=88
iLastUndetectedFault=86
iLastUndetectedFault=84
iLastUndetectedFault=83
iLastUndetectedFault=82
iLastUndetectedFault=80
iLastUndetectedFault=78
iLastUndetectedFault=75
iLastUndetectedFault=74
iLastUndetectedFault=72
iLastUndetectedFault=70
iLastUndetectedFault=69
iLastUndetectedFault=68
iLastUndetectedFault=66
iLastUndetectedFault=64
iLastUndetectedFault=57
iLastUndetectedFault=56
iLastUndetectedFault=54
iLastUndetectedFault=52
iLastUndetectedFault=50
iLastUndetectedFault=49
iLastUndetectedFault=47
iLastUndetectedFault=45
iLastUndetectedFault=44
iLastUndetectedFault=43
iLastUndetectedFault=41
iLastUndetectedFault=39
iLastUndetectedFault=32
iLastUndetectedFault=31
iLastUndetectedFault=29
iLastUndetectedFault=27
iLastUndetectedFault=25
iLastUndetectedFault=24
iLastUndetectedFault=22
iLastUndetectedFault=20
iLastUndetectedFault=19
iLastUndetectedFault=18
iLastUndetectedFault=16
iLastUndetectedFault=14
378 378 378 378 378 378 378 378 	*******************************************************
	*                                                     *
	*          Welcome to atalanta (version 2.0)          *
	*                                                     *
	*               Dong S. Ha (ha@vt.edu)                *
	*            Web: http://www.ee.vt.edu/ha             *
	*  Virginia Polytechnic Institute & State University  *
	*                                                     *
	*******************************************************

******   SUMMARY OF TEST PATTERN GENERATION RESULTS   ******
1. Circuit structure
   Name of the circuit                       : Auto-generated_full-scan_combinational_model_for_Atalanta
   Number of primary inputs                  : 378
   Number of primary outputs                 : 344
   Number of gates                           : 1992
   Level of the circuit                      : 21

2. ATPG parameters
   Test pattern generation Mode              : RPT + DTPG + TC
   Limit of random patterns (packets)        : 16
   Backtrack limit                           : 10
   Initial random number generator seed      : 1786566104
   Test pattern compaction Mode              : REVERSE + SHUFFLE 
   Limit of shuffling compaction             : 2
   Number of shuffles                        : 9

3. Test pattern generation results
   Number of test patterns before compaction : 1486
   Number of test patterns after compaction  : 1195
   Fault coverage                            : 100.000 %
   Number of collapsed faults                : 5178
   Number of identified redundant faults     : 0
   Number of aborted faults                  : 0
   Total number of backtrackings             : 0

4. Memory used                               : 0.000 MB

5. CPU time
   Initialization                            : 0.000 Secs
   Fault simulation                          : 0.333 Secs
   FAN                                       : 0.133 Secs
   Total                                     : 0.467 Secs
