Info: Using uarch 'gowin' for device 'GW2AR-LV18QN88C8/I7'

Info: Create constant nets...
Info: Modify LUTs...
Info: Pack IOBs...
Info: Pack I3C IOs...
Info: Pack MIPI IOs...
Info: Pack diff IOBs...
Info: Pack FFs into IO cells...
Info: Pack IODELAY...
Info: Pack Input Edge Monitors...
Info: Pack IO logic...
Info: Pack DESER16 logic...
Info: Pack GSR...
Info: Pack HCLK cells...
Info: Pack DLLDLYs...
Info: Pack wide LUTs...
Info: Packed MUX2_LUT8:267, MUX2_LU7:307, MUX2_LUT6:744, MUX2_LUT5:341
Info: Pack ALUs...
Info: Pack SSRAMs...
Info: Constrained 67 LUTFF pairs.
Info: Pack PLL...
Info: Pack ADC...
Info: Pack BSRAMs...
Info: Pack DSP...
Info: Pack INV...
Info: Pack buffered nets...
Info: Pack EMCU and UserFlash cells...
Info: Pack UserFlash cells...
Info: Pack DQCE cells...
Info: Pack DCS cells...
Info: Checksum: 0x0ab29414

Info: Device utilisation:
Info: 	                 VCC:       1/      1   100%
Info: 	                 IOB:       0/    384     0%
Info: 	                LUT4:   13545/  20736    65%
Info: 	            IOLOGICI:       0/    384     0%
Info: 	            IOLOGICO:       0/    384     0%
Info: 	           MUX2_LUT5:    5193/  10368    50%
Info: 	           MUX2_LUT6:    2426/   5184    46%
Info: 	           MUX2_LUT7:     841/   2592    32%
Info: 	           MUX2_LUT8:     267/   2592    10%
Info: 	                 ALU:     500/  15552     3%
Info: 	                 GND:       1/      1   100%
Info: 	                 DFF:     799/  15552     5%
Info: 	           RAM16SDP4:       0/    648     0%
Info: 	               BSRAM:       0/     46     0%
Info: 	              ALU54D:       0/     24     0%
Info: 	     MULTADDALU18X18:       0/     24     0%
Info: 	        MULTALU18X18:       0/     24     0%
Info: 	        MULTALU36X18:       0/     24     0%
Info: 	           MULT36X36:       0/     12     0%
Info: 	           MULT18X18:       0/     48     0%
Info: 	             MULT9X9:       0/     96     0%
Info: 	              PADD18:       0/     48     0%
Info: 	               PADD9:       0/     96     0%
Info: 	                 GSR:       1/      1   100%
Info: 	                 OSC:       0/      1     0%
Info: 	                rPLL:       0/      2     0%
Info: 	                BUFG:       0/     24     0%
Info: 	                DQCE:       0/     24     0%
Info: 	                 DCS:       0/      8     0%
Info: 	               DHCEN:       0/     24     0%
Info: 	              CLKDIV:       0/      8     0%
Info: 	             CLKDIV2:       0/     16     0%

Info: Running custom HCLK placer...
Info: Placed 0 cells based on constraints.
Info: Creating initial analytic placement for 5072 cells, random placement wirelen = 273982.
Info:     at initial placer iter 0, wirelen = 3443
Info:     at initial placer iter 1, wirelen = 3315
Info:     at initial placer iter 2, wirelen = 3290
Info:     at initial placer iter 3, wirelen = 3264
Info: Running main analytical placer, max placement attempts per cell = 69466684.
Info:     at iteration #1, type ALL: wirelen solved = 3323, spread = 64082, legal = 189382; time = 16.29s
Info:     at iteration #2, type ALL: wirelen solved = 8414, spread = 50214, legal = 138612; time = 3.77s
Info:     at iteration #3, type ALL: wirelen solved = 14638, spread = 46286, legal = 123079; time = 2.64s
Info:     at iteration #4, type ALL: wirelen solved = 19505, spread = 61975, legal = 124177; time = 2.03s
Info:     at iteration #5, type ALL: wirelen solved = 22598, spread = 53404, legal = 115169; time = 3.69s
Info:     at iteration #6, type ALL: wirelen solved = 22108, spread = 64119, legal = 126263; time = 2.54s
Info:     at iteration #7, type ALL: wirelen solved = 28025, spread = 52572, legal = 103547; time = 2.28s
Info:     at iteration #8, type ALL: wirelen solved = 26311, spread = 59866, legal = 110087; time = 1.94s
Info:     at iteration #9, type ALL: wirelen solved = 33040, spread = 54785, legal = 94794; time = 2.24s
Info:     at iteration #10, type ALL: wirelen solved = 33181, spread = 50000, legal = 99116; time = 4.01s
Info:     at iteration #11, type ALL: wirelen solved = 32271, spread = 50587, legal = 91077; time = 2.01s
Info:     at iteration #12, type ALL: wirelen solved = 33261, spread = 47769, legal = 89245; time = 2.10s
Info:     at iteration #13, type ALL: wirelen solved = 34073, spread = 47558, legal = 91197; time = 2.76s
Info:     at iteration #14, type ALL: wirelen solved = 35256, spread = 48791, legal = 84563; time = 1.74s
Info:     at iteration #15, type ALL: wirelen solved = 35955, spread = 48554, legal = 81195; time = 1.68s
Info:     at iteration #16, type ALL: wirelen solved = 36947, spread = 72145, legal = 102420; time = 2.56s
Info:     at iteration #17, type ALL: wirelen solved = 42005, spread = 73219, legal = 104587; time = 3.23s
Info:     at iteration #18, type ALL: wirelen solved = 47264, spread = 66335, legal = 98969; time = 3.71s
Info:     at iteration #19, type ALL: wirelen solved = 46877, spread = 65829, legal = 95290; time = 2.36s
Info:     at iteration #20, type ALL: wirelen solved = 47733, spread = 70340, legal = 98970; time = 2.96s
Info: HeAP Placer Time: 71.51s
Info:   of which solving equations: 11.52s
Info:   of which spreading cells: 1.53s
Info:   of which strict legalisation: 54.59s

Info: Running simulated annealing placer for refinement.
Info:   at iteration #1: temp = 0.000000, timing cost = 5888, wirelen = 81195
Info:   at iteration #5: temp = 0.000000, timing cost = 8610, wirelen = 51250
Info:   at iteration #10: temp = 0.000000, timing cost = 7438, wirelen = 46224
Info:   at iteration #15: temp = 0.000000, timing cost = 7747, wirelen = 43831
Info:   at iteration #20: temp = 0.000000, timing cost = 7607, wirelen = 42496
Info:   at iteration #25: temp = 0.000000, timing cost = 7978, wirelen = 41467
Info:   at iteration #30: temp = 0.000000, timing cost = 7926, wirelen = 41135
Info:   at iteration #35: temp = 0.000000, timing cost = 7941, wirelen = 41035
Info:   at iteration #40: temp = 0.000000, timing cost = 7894, wirelen = 41007
Info:   at iteration #40: temp = 0.000000, timing cost = 7891, wirelen = 41014 
Info: SA placement time 140.38s

Info: Max frequency for clock 'clk': 42.09 MHz (PASS at 20.00 MHz)

Info: Slack histogram:
Info:  legend: * represents 2 endpoint(s)
Info:          + represents [1,2) endpoint(s)
Info: [ 26242,  27412) |***************************+
Info: [ 27412,  28582) |*********************+
Info: [ 28582,  29752) | 
Info: [ 29752,  30922) |*+
Info: [ 30922,  32092) |**+
Info: [ 32092,  33262) |**+
Info: [ 33262,  34432) |+
Info: [ 34432,  35602) |*+
Info: [ 35602,  36772) |+
Info: [ 36772,  37942) |*+
Info: [ 37942,  39112) |+
Info: [ 39112,  40282) | 
Info: [ 40282,  41452) |+
Info: [ 41452,  42622) |+
Info: [ 42622,  43792) |*+
Info: [ 43792,  44962) |*******+
Info: [ 44962,  46132) |***********************+
Info: [ 46132,  47302) |************************************************+
Info: [ 47302,  48472) |************************************************************ 
Info: [ 48472,  49642) |***************************+
Info: Checksum: 0xfc279f22
Info: Routing globals...
Info:     'debug_data_LUT4_F_1_I0_ALU_SUM_COUT_ALU_COUT_18_SUM_LUT4_F_I0_LUT4_F_1_I2_LUT4_F_I1[3]' is routed using segments.
Info:     'read_b_LUT3_F_26_I0_MUX2_LUT8_O_S0_MUX2_LUT5_O_I1_LUT4_F_I3[3]' is routed using segments.
Info:     'instruction[4]' is routed using segments.
Info:     'read_b_LUT3_F_11_I0_LUT3_F_I2[1]' is routed using segments.
Info:     'register_bank[15]_DFFPE_Q_CE' is routed using segments.
Info:     'debug_data_LUT4_F_1_I0_ALU_SUM_COUT_ALU_COUT_18_SUM_MUX2_LUT5_O_1_I1_LUT4_F_I2_MUX2_LUT6_O_I0_MUX2_LUT5_O_I0_LUT1_F_I0_LUT3_I0_F_MUX2_LUT5_O_1_I0_LUT3_F_I0[3]' is routed using segments.
Info:     'full_product_ALU_SUM_41_I0_LUT4_F_I2_LUT3_I2_F_LUT3_F_I0_LUT4_I1_F_LUT4_I0_F_MUX2_LUT5_I1_O_MUX2_LUT6_I1_O_MUX2_LUT7_I1_O_LUT3_I1_F_LUT4_I0_F_LUT2_F_5_I0[1]' is routed using segments.
Info:     'debug_data_LUT4_F_1_I0_ALU_SUM_COUT_ALU_COUT_SUM_LUT2_F_I0_MUX2_LUT8_O_I0_MUX2_LUT7_O_I1_MUX2_LUT6_O_I1_MUX2_LUT5_O_I0_LUT1_F_I0_LUT1_I0_F_MUX2_LUT5_I1_O_MUX2_LUT6_I1_O_LUT3_F_1_I1[4]' is routed using segments.
Info:     'register_bank[9]_DFFPE_Q_CE' is routed using segments.
Info:     'debug_data_LUT4_F_1_I0_ALU_SUM_COUT_ALU_COUT_4_SUM_LUT4_F_I0_LUT3_F_I1_LUT4_I1_F_MUX2_LUT5_O_1_S0_ALU_SUM_COUT_ALU_COUT_29_SUM[4]' is routed using segments.
Info:     'debug_data_LUT4_F_1_I0_ALU_SUM_COUT_ALU_COUT_18_SUM_MUX2_LUT5_O_1_I1_LUT4_F_I1_LUT3_F_I0[3]' is routed using segments.
Info:     'debug_data_LUT4_F_1_I0_ALU_SUM_COUT_ALU_COUT_19_SUM_LUT4_F_I0[0]' is routed using segments.
Info:     'debug_data_LUT4_F_1_I0_ALU_SUM_COUT_ALU_COUT_18_SUM_LUT4_F_I0_LUT4_F_2_I1_LUT3_I2_F_MUX2_LUT5_O_1_S0[1]' is routed using segments.
Info:     'register_bank[7]_DFFPE_Q_CE' is routed using segments.
Info:     'debug_data_LUT4_F_1_I0_ALU_SUM_COUT_ALU_COUT_4_SUM_LUT4_F_I0_LUT3_F_I1_LUT4_I1_F_MUX2_LUT5_O_1_S0_ALU_SUM_COUT_ALU_COUT_18_SUM_LUT3_F_I2[0]' is routed using segments.
Info:     'full_product_ALU_SUM_41_I0_LUT4_F_I2_LUT3_I2_F_LUT3_F_I0_LUT4_I1_F_LUT4_I0_F_MUX2_LUT5_I1_O_MUX2_LUT6_I1_O_MUX2_LUT7_I1_O_LUT3_I1_F_LUT4_I0_F_MUX2_LUT7_O_3_S0_LUT4_F_I0_LUT4_I0_F_LUT4_F_I0_LUT4_I0_F_MUX2_LUT7_O_I0_MUX2_LUT6_O_I0_MUX2_LUT5_O_I1_LUT4_F_I1_LUT2_I0_F_MUX2_LUT5_S0_1_O_MUX2_LUT6_O_1_I0_MUX2_LUT5_O_I0_LUT4_F_I0_MUX2_LUT7_O_1_I0_MUX2_LUT6_O_I0_MUX2_LUT5_O_I1_LUT4_F_I1_LUT2_I0_F_LUT4_I0_1_F_LUT3_F_I0_MUX2_LUT7_O_S0[5]' is routed using segments.
Info:     'read_b_LUT3_F_26_I0_MUX2_LUT8_O_S0_LUT4_F_3_I1[1]' is routed using segments.
Info:     'debug_data_LUT4_F_1_I0_ALU_SUM_COUT_ALU_COUT_18_SUM_LUT4_F_I0_LUT4_F_1_I2[1]' is routed using segments.
Info:     'read_b_LUT3_F_I0_MUX2_LUT5_O_S0_LUT4_F_4_I1[2]' is routed using segments.
Info:     'read_b_LUT3_F_26_I0_MUX2_LUT8_O_S0_LUT4_F_2_I1[1]' is routed using segments.
Info:     'instruction[5]' is routed using segments.
Info:     'full_product_ALU_SUM_41_I0_LUT4_F_I2_LUT3_I2_F_LUT3_F_I0_LUT4_I1_F_LUT4_I0_F_MUX2_LUT5_I1_O_MUX2_LUT6_I1_O_MUX2_LUT7_I1_O_LUT3_I1_F_LUT4_I0_F_MUX2_LUT7_O_3_S0_LUT4_F_I0_LUT4_I0_F_LUT4_F_I0_LUT4_I0_F_LUT3_F_I0[1]' is routed using segments.
Info:     'full_product_ALU_SUM_41_I0_LUT4_F_I2_LUT3_I2_F_LUT3_F_I0_LUT4_I1_F_LUT4_I0_F_MUX2_LUT5_I1_O_MUX2_LUT6_I1_O_MUX2_LUT7_I1_O_LUT3_I1_F_LUT4_I0_F_MUX2_LUT7_O_3_S0_LUT4_F_I0_LUT4_I0_F_LUT4_F_I0_LUT4_I0_F_LUT4_F_I0_LUT4_I0_F[1]' is routed using segments.
Info:     'full_product_ALU_SUM_41_I0_LUT4_F_I2_LUT3_I2_F_LUT3_F_I0_LUT4_I1_F_LUT4_I0_F_MUX2_LUT5_I1_O_MUX2_LUT6_I1_O_MUX2_LUT7_I1_O_LUT3_I1_F_LUT4_I0_F_MUX2_LUT6_O_1_S0_LUT3_F_I0_MUX2_LUT7_O_S0[1]' is routed using segments.
Info:     'uart_tx_DFFPE_Q_CE[0]' is routed using segments.
Info:     'full_product_ALU_SUM_41_I0_LUT4_F_I2_LUT3_I2_F_LUT3_F_I0_LUT4_I1_F_LUT4_I0_F_MUX2_LUT5_I1_O_MUX2_LUT6_I1_O_MUX2_LUT7_I1_O_LUT3_I1_F_LUT4_I0_F_LUT4_F_I0_MUX2_LUT6_O_1_S0_LUT4_F_1_I0_LUT4_I0_F_LUT3_F_I0_LUT4_F_I0_LUT2_I0_F_LUT2_I0_1_F[7]' is routed using segments.
Info:     'read_b_LUT3_F_26_I0_MUX2_LUT8_O_S0_LUT4_F_I0[0]' is routed using segments.
Info:     'read_b_LUT3_F_11_I0_LUT3_F_1_I2[1]' is routed using segments.
Info:     'full_product_ALU_SUM_41_I0_LUT4_F_I2_LUT3_I2_F_LUT3_F_I0_LUT4_I1_F_LUT4_I0_F_MUX2_LUT5_I1_O_MUX2_LUT6_I1_O_MUX2_LUT7_I1_O_LUT3_I1_F_LUT4_I0_F_LUT3_F_11_I0_LUT4_F_I0_LUT4_I0_F_MUX2_LUT6_S0_O[6]' is routed using segments.
Info:     'full_product_ALU_SUM_41_I0_LUT4_F_I2_LUT3_I2_F_LUT3_F_I0_LUT4_I1_F_LUT4_I0_F_MUX2_LUT5_I1_O_MUX2_LUT6_I1_O_MUX2_LUT7_I1_O_LUT3_I1_F_LUT4_I0_F_LUT3_F_11_I0_LUT4_F_I0_LUT4_I0_F[0]' is routed using segments.
Info:     'full_product_ALU_SUM_41_I0_LUT4_F_I2_LUT3_I2_F_LUT3_F_I0_LUT4_I1_F_LUT4_I0_F_MUX2_LUT5_I1_O_MUX2_LUT6_I1_O_MUX2_LUT7_I1_O_LUT3_I1_F_LUT4_I0_F_LUT3_F_11_I0_LUT4_F_I0_LUT4_I0_F_MUX2_LUT6_S0_O[2]' is routed using segments.
Info:     'debug_data_LUT4_F_1_I0_ALU_SUM_COUT_ALU_COUT_4_SUM_LUT4_F_I0_LUT3_F_I1_LUT4_I1_F_MUX2_LUT5_O_2_I0_LUT2_F_I0_ALU_SUM_COUT_ALU_COUT_15_SUM_MUX2_LUT5_S0_O_MUX2_LUT5_O_S0_LUT3_F_I1[3]' is routed using segments.
Info:     'full_product_ALU_SUM_41_I0_LUT4_F_I2_LUT3_I2_F_LUT3_F_I0_LUT4_I1_F_LUT4_I0_F_MUX2_LUT5_I1_O_MUX2_LUT6_I1_O_MUX2_LUT7_I1_O_LUT3_I1_F_LUT4_I0_F_MUX2_LUT7_O_3_S0_LUT4_F_I0_LUT4_I0_F_LUT4_F_I0_LUT4_I0_F_MUX2_LUT7_O_I0_MUX2_LUT6_O_I0_MUX2_LUT5_O_I1_LUT4_F_I1_LUT2_I0_F_MUX2_LUT5_S0_1_O_MUX2_LUT6_O_1_I0_MUX2_LUT5_O_I0_LUT4_F_I0_MUX2_LUT7_O_1_I0_MUX2_LUT6_O_I0_MUX2_LUT5_O_I1_LUT4_F_I1_LUT2_I0_F_LUT4_I0_1_F_MUX2_LUT6_O_2_S0_LUT3_F_I0[2]' is routed using segments.
Info:     'full_product_ALU_SUM_41_I0_LUT4_F_I2_LUT3_I2_F_LUT3_F_I0_LUT4_I1_F_LUT4_I0_F_MUX2_LUT5_I1_O_MUX2_LUT6_I1_O_MUX2_LUT7_I1_O_LUT3_I1_F_LUT4_I0_F_MUX2_LUT7_O_3_S0_LUT4_F_I0_LUT4_I0_F_LUT4_F_I0_LUT4_I0_F_MUX2_LUT7_O_I0_MUX2_LUT6_O_I0_MUX2_LUT5_O_I1_LUT4_F_I1_LUT2_I0_F_MUX2_LUT5_S0_1_O_MUX2_LUT6_O_1_I0_MUX2_LUT5_O_I0_LUT4_F_I0_LUT4_F_I0_LUT4_I0_F_LUT3_F_I0_MUX2_LUT6_O_I0_MUX2_LUT5_O_I0_LUT4_F_I0[1]' is routed using segments.
Info:     'full_product_ALU_SUM_41_I0_LUT4_F_I2_LUT3_I2_F_LUT3_F_I0_LUT4_I1_F_LUT4_I0_F_MUX2_LUT5_I1_O_MUX2_LUT6_I1_O_MUX2_LUT7_I1_O_LUT3_I1_F_LUT4_I0_F_MUX2_LUT7_O_3_S0_LUT4_F_I0_LUT4_I0_F_LUT4_F_I0_LUT4_I0_F_MUX2_LUT7_O_I0_MUX2_LUT6_O_I0_MUX2_LUT5_O_I1_LUT4_F_I1_LUT2_I0_F_MUX2_LUT5_S0_1_O_MUX2_LUT6_O_1_I0_MUX2_LUT5_O_I0_LUT4_F_I0_MUX2_LUT7_O_1_I0_MUX2_LUT6_O_I0_MUX2_LUT5_O_I1_LUT4_F_I1_LUT2_I0_F_LUT4_I0_1_F_MUX2_LUT6_O_1_S0[0]' is routed using segments.
Info:     'full_product_ALU_SUM_41_I0_LUT4_F_I2_LUT3_I2_F_LUT3_F_I0_LUT4_I1_F_LUT4_I0_F_MUX2_LUT5_I1_O_MUX2_LUT6_I1_O_MUX2_LUT7_I1_O_LUT3_I1_F_LUT4_I0_F_MUX2_LUT7_O_3_S0_LUT4_F_I0_LUT4_I0_F_LUT4_F_I0_LUT4_I0_F_MUX2_LUT7_O_I0_MUX2_LUT6_O_I0_MUX2_LUT5_O_I1_LUT4_F_I1_LUT2_I0_F_MUX2_LUT5_S0_1_O_MUX2_LUT6_O_1_I0_MUX2_LUT5_O_I0_LUT4_F_I0_LUT4_F_I0_LUT4_I0_F_LUT3_F_I0_MUX2_LUT6_O_I0_MUX2_LUT5_O_I0_LUT4_F_I0[0]' is routed using segments.
Info:     'full_product_ALU_SUM_41_I0_LUT4_F_I2_LUT3_I2_F_LUT3_F_I0_LUT4_I1_F_LUT4_I0_F_MUX2_LUT5_I1_O_MUX2_LUT6_I1_O_MUX2_LUT7_I1_O_LUT3_I1_F_LUT4_I0_F_MUX2_LUT6_O_1_S0_LUT3_F_I0_MUX2_LUT7_O_S0_MUX2_LUT8_O_5_S0[2]' is routed using segments.
Info:     'full_product_ALU_SUM_41_I0_LUT4_F_I2_LUT3_I2_F_LUT3_F_I0_LUT4_I1_F_LUT4_I0_F_MUX2_LUT5_I1_O_MUX2_LUT6_I1_O_MUX2_LUT7_I1_O_LUT3_I1_F_LUT4_I0_F_MUX2_LUT6_O_2_S0_LUT3_F_I1_LUT4_F_I3_MUX2_LUT8_O_S0_MUX2_LUT8_S0_O[2]' is routed using segments.
Info:     'full_product_ALU_SUM_41_I0_LUT4_F_I2_LUT3_I2_F_LUT3_F_I0_LUT4_I1_F_LUT4_I0_F_MUX2_LUT5_I1_O_MUX2_LUT6_I1_O_MUX2_LUT7_I1_O_LUT3_I1_F_LUT4_I0_F_MUX2_LUT6_O_2_S0_LUT3_F_I1_LUT4_F_I3_LUT2_F_1_I0[2]' is routed using segments.
Info:     'full_product_ALU_SUM_41_I0_LUT4_F_I2_LUT3_I2_F_LUT3_F_I0_LUT4_I1_F_LUT4_I0_F_MUX2_LUT5_I1_O_MUX2_LUT6_I1_O_MUX2_LUT7_I1_O_LUT3_I1_F_LUT4_I0_F_LUT4_F_I0_MUX2_LUT6_O_S0_LUT3_F_I0_LUT4_I0_1_F_LUT4_F_I3_LUT4_I0_F_MUX2_LUT5_I1_O_MUX2_LUT6_I1_O_MUX2_LUT7_I1_O_MUX2_LUT5_O_S0_LUT3_I0_F_MUX2_LUT5_I0_O_MUX2_LUT6_I0_O_MUX2_LUT7_I1_O_LUT2_F_I0_LUT4_I2_F_MUX2_LUT5_I1_O_MUX2_LUT6_I1_O_MUX2_LUT7_I1_O_MUX2_LUT7_O_S0_LUT3_I0_F_MUX2_LUT7_O_S0[0]' is routed using segments.
Info:     'full_product_ALU_SUM_41_I0_LUT4_F_I2_LUT3_I2_F_LUT3_F_I0_LUT4_I1_F_LUT4_I0_F_MUX2_LUT5_I1_O_MUX2_LUT6_I1_O_MUX2_LUT7_I1_O_LUT3_I1_F_LUT4_I0_F_MUX2_LUT6_O_5_S0_LUT3_F_I2_MUX2_LUT6_O_1_S0_MUX2_LUT8_O_2_S0[7]' is routed using segments.
Info:     'full_product_ALU_SUM_41_I0_LUT4_F_I2_LUT3_I2_F_LUT3_F_I0_LUT4_I1_F_LUT4_I0_F_MUX2_LUT5_I1_O_MUX2_LUT6_I1_O_MUX2_LUT7_I1_O_LUT3_I1_F_LUT4_I0_F_MUX2_LUT6_O_2_S0_LUT3_F_I1_LUT4_F_I0_MUX2_LUT8_O_I0_MUX2_LUT7_O_I0_MUX2_LUT6_O_S0[2]' is routed using segments.
Info:     'full_product_ALU_SUM_41_I0_LUT4_F_I2_LUT3_I2_F_LUT3_F_I0_LUT4_I1_F_LUT4_I0_F_MUX2_LUT5_I1_O_MUX2_LUT6_I1_O_MUX2_LUT7_I1_O_LUT3_I1_F_LUT4_I0_F_LUT2_F_2_I0_MUX2_LUT7_O_S0[3]' is routed using segments.
Info:     'full_product_ALU_SUM_41_I0_LUT4_F_I2_LUT3_I2_F_LUT3_F_I0_LUT4_I1_F_LUT4_I0_F_MUX2_LUT5_I1_O_MUX2_LUT6_I1_O_MUX2_LUT7_I1_O_LUT3_I1_F_LUT4_I0_F_MUX2_LUT6_O_5_S0_LUT3_F_I2_MUX2_LUT6_O_1_S0[5]' is routed using segments.
Info:     'full_product_ALU_SUM_41_I0_LUT4_F_I2_LUT3_I2_F_LUT3_F_I0_LUT4_I1_F_LUT4_I0_F_MUX2_LUT5_I1_O_MUX2_LUT6_I1_O_MUX2_LUT7_I1_O_LUT3_I1_F_LUT4_I0_F_LUT4_F_I0_MUX2_LUT6_O_S0_LUT3_F_I0_LUT4_I0_1_F_LUT4_F_I3[6]' is routed using segments.
Info:     'full_product_ALU_SUM_41_I0_LUT4_F_I2_LUT3_I2_F_LUT3_F_I0_LUT4_I1_F_LUT4_I0_F_MUX2_LUT5_I1_O_MUX2_LUT6_I1_O_MUX2_LUT7_I1_O_LUT3_I1_F_LUT4_I0_F_LUT4_F_I0_MUX2_LUT6_O_S0_LUT3_F_I0_LUT4_I0_1_F_LUT4_F_I3_LUT4_I0_F_MUX2_LUT5_I1_O_MUX2_LUT6_I1_O_MUX2_LUT7_I1_O_LUT4_I0_2_F_MUX2_LUT6_O_1_S0[3]' is routed using segments.
Info:     'full_product_ALU_SUM_41_I0_LUT4_F_I2_LUT3_I2_F_LUT3_F_I0_LUT4_I1_F_LUT4_I0_F_MUX2_LUT5_I1_O_MUX2_LUT6_I1_O_MUX2_LUT7_I1_O_LUT3_I1_F_LUT4_I0_F_LUT4_F_I0_MUX2_LUT6_O_1_S0_LUT4_F_1_I0_LUT4_I0_F_LUT3_F_I0_LUT4_F_I0_LUT2_I0_F[3]' is routed using segments.
Info:     'full_product_ALU_SUM_41_I0_LUT4_F_I2_LUT3_I2_F_LUT3_F_I0_LUT4_I1_F_LUT4_I0_F_MUX2_LUT5_I1_O_MUX2_LUT6_I1_O_MUX2_LUT7_I1_O_LUT3_I1_F_LUT4_I0_F_LUT4_F_I0_MUX2_LUT6_O_1_S0_LUT4_F_1_I0_LUT4_I0_F_LUT3_F_I0_LUT4_F_I0_LUT2_I0_F_LUT2_I0_1_F_LUT4_F_I2_MUX2_LUT7_S0_O_MUX2_LUT8_O_3_S0[5]' is routed using segments.
Info:     'read_b_LUT3_F_I0_MUX2_LUT5_O_S0_LUT4_F_3_I1[1]' is routed using segments.
Info:     'read_b_LUT3_F_26_I0_MUX2_LUT8_O_S0_LUT4_F_2_I1[2]' is routed using segments.
Info:     'full_product_ALU_SUM_41_I0_LUT4_F_I2_LUT3_I2_F_LUT3_F_I0_LUT4_I1_F_LUT4_I0_F_MUX2_LUT5_I1_O_MUX2_LUT6_I1_O_MUX2_LUT7_I1_O_LUT3_I1_F_LUT4_I0_F_MUX2_LUT7_O_3_S0_LUT4_F_I0_LUT4_I0_F_LUT4_F_I0_LUT4_I0_F_MUX2_LUT7_O_I0_MUX2_LUT6_O_I0_MUX2_LUT5_O_I1_LUT4_F_I1_LUT2_I0_F_MUX2_LUT5_S0_1_O_MUX2_LUT6_O_1_I0_MUX2_LUT5_O_I0_LUT4_F_I0_MUX2_LUT7_O_1_I0_MUX2_LUT6_O_I0_MUX2_LUT5_O_I1_LUT4_F_I1_LUT2_I0_F_LUT4_I0_1_F_MUX2_LUT6_O_1_S0_MUX2_LUT6_S0_O_MUX2_LUT6_O_1_I0_MUX2_LUT5_O_I0_LUT4_F_I0_LUT4_F_I0_LUT4_I0_F[0]' is routed using segments.
Info:     'full_product_ALU_SUM_41_I0_LUT4_F_I2_LUT3_I2_F_LUT3_F_I0_LUT4_I1_F_LUT4_I0_F_MUX2_LUT5_I1_O_MUX2_LUT6_I1_O_MUX2_LUT7_I1_O_LUT3_I1_F_LUT4_I0_F_MUX2_LUT6_O_I0_MUX2_LUT5_O_S0_MUX2_LUT8_O_I0_MUX2_LUT7_O_I0_MUX2_LUT6_O_S0_MUX2_LUT6_O_2_S0_LUT4_I0_F_MUX2_LUT5_I1_O_MUX2_LUT6_I1_O_MUX2_LUT7_I1_O_MUX2_LUT6_O_S0_LUT4_F_I0_LUT4_I0_F[0]' is routed using segments.
Info:     'full_product_ALU_SUM_41_I0_LUT4_F_I2_LUT3_I2_F_LUT3_F_I0_LUT4_I1_F_LUT4_I0_F_MUX2_LUT5_I1_O_MUX2_LUT6_I1_O_MUX2_LUT7_I1_O_LUT3_I1_F_LUT4_I0_F_LUT3_F_7_I0_LUT4_F_I0_LUT4_I0_F[0]' is routed using segments.
Info:     'full_product_ALU_SUM_41_I0_LUT4_F_I2_LUT3_I2_F_LUT3_F_I0_LUT4_I1_F_LUT4_I0_F_MUX2_LUT5_I1_O_MUX2_LUT6_I1_O_MUX2_LUT7_I1_O_LUT3_I1_F_LUT4_I0_F_LUT3_F_6_I0_LUT4_F_I0_LUT4_I0_F_MUX2_LUT5_O_S0_MUX2_LUT5_S0_O[0]' is routed using segments.
Info:     'full_product_ALU_SUM_41_I0_LUT4_F_I2_LUT3_I2_F_LUT3_F_I0_LUT4_I1_F_LUT4_I0_F_MUX2_LUT5_I1_O_MUX2_LUT6_I1_O_MUX2_LUT7_I1_O_LUT3_I1_F_LUT4_I0_F_LUT3_F_5_I0_LUT4_F_I0_LUT4_I0_F_MUX2_LUT6_S0_O[2]' is routed using segments.
Info:     'full_product_ALU_SUM_41_I0_LUT4_F_I2_LUT3_I2_F_LUT3_F_I0_LUT4_I1_F_LUT4_I0_F_MUX2_LUT5_I1_O_MUX2_LUT6_I1_O_MUX2_LUT7_I1_O_LUT3_I1_F_LUT4_I0_F_LUT3_F_10_I0_LUT4_F_I0_LUT4_I0_F[5]' is routed using segments.
Info:     'full_product_ALU_SUM_41_I0_LUT4_F_I2_LUT3_I2_F_LUT3_F_I0_LUT4_I1_F_LUT4_I0_F_MUX2_LUT5_I1_O_MUX2_LUT6_I1_O_MUX2_LUT7_I1_O_LUT3_I1_F_LUT4_I0_F_LUT3_F_7_I0_MUX2_LUT8_O_S0[0]' is routed using segments.
Info:     'full_product_ALU_SUM_41_I0_LUT4_F_I2_LUT3_I2_F_LUT3_F_I0_LUT4_I1_F_LUT4_I0_F_MUX2_LUT5_I1_O_MUX2_LUT6_I1_O_MUX2_LUT7_I1_O_LUT3_I1_F_LUT4_I0_F_LUT3_F_11_I0_LUT4_F_I0_LUT4_I0_F[2]' is routed using segments.
Info:     'full_product_ALU_SUM_41_I0_LUT4_F_I2_LUT3_I2_F_LUT3_F_I0_LUT4_I1_F_LUT4_I0_F_MUX2_LUT5_I1_O_MUX2_LUT6_I1_O_MUX2_LUT7_I1_O_LUT3_I1_F_LUT4_I0_F_MUX2_LUT7_O_3_S0_LUT4_F_I0_LUT4_I0_F_LUT4_F_I0_LUT4_I0_F_MUX2_LUT7_O_I0_MUX2_LUT6_O_I0_MUX2_LUT5_O_I1_LUT4_F_I1_LUT2_I0_F_MUX2_LUT5_S0_1_O_MUX2_LUT6_O_1_I0_MUX2_LUT5_O_I0_LUT4_F_I0_MUX2_LUT7_O_1_I0_MUX2_LUT6_O_I0_MUX2_LUT5_O_I1_LUT4_F_I1_LUT2_I0_F_LUT4_I0_1_F_LUT3_F_I0_MUX2_LUT7_O_S0[4]' is routed using segments.
Info:     'full_product_ALU_SUM_41_I0_LUT4_F_I2_LUT3_I2_F_LUT3_F_I0_LUT4_I1_F_LUT4_I0_F_MUX2_LUT5_I1_O_MUX2_LUT6_I1_O_MUX2_LUT7_I1_O_LUT3_I1_F_LUT4_I0_F_MUX2_LUT7_O_3_S0[1]' is routed using segments.
Info:     'full_product_ALU_SUM_41_I0_LUT4_F_I2_LUT3_I2_F_LUT3_F_I0_LUT4_I1_F_LUT4_I0_F_MUX2_LUT5_I1_O_MUX2_LUT6_I1_O_MUX2_LUT7_I1_O_LUT3_I1_F_LUT4_I0_F_MUX2_LUT7_O_3_S0_LUT4_F_I0_LUT4_I0_F_LUT4_F_I0_LUT4_I0_F_MUX2_LUT7_O_I0_MUX2_LUT6_O_I0_MUX2_LUT5_O_I1_LUT4_F_I1_LUT2_I0_F_MUX2_LUT5_S0_1_O_MUX2_LUT6_O_1_I0_MUX2_LUT5_O_I0_LUT4_F_I0_MUX2_LUT7_O_1_I0_MUX2_LUT6_O_I0_MUX2_LUT5_O_I1_LUT4_F_I1_MUX2_LUT5_S0_O_MUX2_LUT6_I1_O_MUX2_LUT7_I1_O_MUX2_LUT8_I1_O[5]' is routed using segments.
Info:     'full_product_ALU_SUM_41_I0_LUT4_F_I2_LUT3_I2_F_LUT3_F_I0_LUT4_I1_F_LUT4_I0_F_MUX2_LUT5_I1_O_MUX2_LUT6_I1_O_MUX2_LUT7_I1_O_LUT3_I1_F_LUT4_I0_F_MUX2_LUT6_O_2_S0_LUT3_F_I1_LUT4_F_I3_MUX2_LUT8_O_S0[5]' is routed using segments.
Info:     'full_product_ALU_SUM_41_I0_LUT4_F_I2_LUT3_I2_F_LUT3_F_I0_LUT4_I1_F_LUT4_I0_F_MUX2_LUT5_I1_O_MUX2_LUT6_I1_O_MUX2_LUT7_I1_O_LUT3_I1_F_LUT4_I0_F_MUX2_LUT7_O_3_S0_LUT4_F_I0_LUT4_I0_F_LUT4_F_I0_LUT4_I0_F_MUX2_LUT7_O_I0_MUX2_LUT6_O_I0_MUX2_LUT5_O_I1_LUT4_F_I1_LUT2_I0_F_MUX2_LUT5_S0_1_O_MUX2_LUT6_O_1_I0_MUX2_LUT5_O_I0_LUT4_F_I0_LUT4_F_I0_LUT4_I0_F[1]' is routed using segments.
Info:     'full_product_ALU_SUM_41_I0_LUT4_F_I2_LUT3_I2_F_LUT3_F_I0_LUT4_I1_F_LUT4_I0_F_MUX2_LUT5_I1_O_MUX2_LUT6_I1_O_MUX2_LUT7_I1_O_LUT3_I1_F_LUT4_I0_F_MUX2_LUT6_O_1_S0_LUT3_F_I0_MUX2_LUT7_O_S0_MUX2_LUT8_O_4_S0[0]' is routed using segments.
Info:     'full_product_ALU_SUM_41_I0_LUT4_F_I2_LUT3_I2_F_LUT3_F_I0_LUT4_I1_F_LUT4_I0_F_MUX2_LUT5_I1_O_MUX2_LUT6_I1_O_MUX2_LUT7_I1_O_LUT3_I1_F_LUT4_I0_F_LUT4_F_I0_MUX2_LUT6_O_S0_LUT3_F_I0_LUT4_I0_1_F_LUT4_F_I3_LUT4_I0_F_MUX2_LUT5_I1_O_MUX2_LUT6_I1_O_MUX2_LUT7_I1_O_MUX2_LUT5_O_S0_LUT3_I0_F_MUX2_LUT5_I0_O_MUX2_LUT6_I0_O_MUX2_LUT7_I1_O_LUT2_F_I0_LUT4_I2_F_MUX2_LUT5_I1_O_MUX2_LUT6_I1_O_MUX2_LUT7_I1_O_LUT3_I0_F[3]' is routed using segments.
Info:     'full_product_ALU_SUM_41_I0_LUT4_F_I2_LUT3_I2_F_LUT3_F_I0_LUT4_I1_F_LUT4_I0_F_MUX2_LUT5_I1_O_MUX2_LUT6_I1_O_MUX2_LUT7_I1_O_LUT3_I1_F_LUT4_I0_F_LUT4_F_I0_MUX2_LUT6_O_S0_LUT3_F_I0_LUT4_I0_1_F_LUT4_F_I3_LUT4_I0_F_MUX2_LUT5_I1_O_MUX2_LUT6_I1_O_MUX2_LUT7_I1_O_MUX2_LUT5_O_S0_LUT3_I0_F_MUX2_LUT5_I0_O_MUX2_LUT6_I0_O_MUX2_LUT7_I1_O_LUT2_F_I0_LUT4_I2_F_MUX2_LUT5_I1_O_MUX2_LUT6_I1_O_MUX2_LUT7_I1_O_MUX2_LUT7_O_S0_LUT3_I0_F_MUX2_LUT7_O_S0[2]' is routed using segments.
Info:     'full_product_ALU_SUM_41_I0_LUT4_F_I2_LUT3_I2_F_LUT3_F_I0_LUT4_I1_F_LUT4_I0_F_MUX2_LUT5_I1_O_MUX2_LUT6_I1_O_MUX2_LUT7_I1_O_LUT3_I1_F_LUT4_I0_F_MUX2_LUT6_O_2_S0_LUT3_F_I1_LUT4_F_I0_MUX2_LUT8_O_I0_MUX2_LUT7_O_I0_MUX2_LUT6_O_S0[5]' is routed using segments.
Info:     'full_product_ALU_SUM_41_I0_LUT4_F_I2_LUT3_I2_F_LUT3_F_I0_LUT4_I1_F_LUT4_I0_F_MUX2_LUT5_I1_O_MUX2_LUT6_I1_O_MUX2_LUT7_I1_O_LUT3_I1_F_LUT4_I0_F_LUT2_F_2_I0_MUX2_LUT7_O_S0[4]' is routed using segments.
Info:     'full_product_ALU_SUM_41_I0_LUT4_F_I2_LUT3_I2_F_LUT3_F_I0_LUT4_I1_F_LUT4_I0_F_MUX2_LUT5_I1_O_MUX2_LUT6_I1_O_MUX2_LUT7_I1_O_LUT3_I1_F_LUT4_I0_F_LUT4_F_I0_MUX2_LUT6_O_S0_LUT3_F_I0_LUT4_I0_1_F_MUX2_LUT6_O_S0_MUX2_LUT8_O_1_S0[2]' is routed using segments.
Info:     'full_product_ALU_SUM_41_I0_LUT4_F_I2_LUT3_I2_F_LUT3_F_I0_LUT4_I1_F_LUT4_I0_F_MUX2_LUT5_I1_O_MUX2_LUT6_I1_O_MUX2_LUT7_I1_O_LUT3_I1_F_LUT4_I0_F_LUT4_F_I0_MUX2_LUT6_O_S0_MUX2_LUT6_O_S0_MUX2_LUT8_O_1_S0[7]' is routed using segments.
Info:     'full_product_ALU_SUM_41_I0_LUT4_F_I2_LUT3_I2_F_LUT3_F_I0_LUT4_I1_F_LUT4_I0_F_MUX2_LUT5_I1_O_MUX2_LUT6_I1_O_MUX2_LUT7_I1_O_LUT3_I1_F_LUT4_I0_F_LUT4_F_I0_MUX2_LUT6_O_1_S0_LUT4_F_1_I0_LUT4_I0_F_LUT3_F_I0_LUT4_F_I0_LUT2_I0_F_LUT2_I0_1_F_LUT4_F_I2_MUX2_LUT7_S0_O_MUX2_LUT8_O_3_S0[4]' is routed using segments.
Info:     'full_product_ALU_SUM_41_I0_LUT4_F_I2_LUT3_I2_F_LUT3_F_I0_LUT4_I1_F_LUT4_I0_F_MUX2_LUT5_I1_O_MUX2_LUT6_I1_O_MUX2_LUT7_I1_O_LUT3_I1_F_LUT4_I0_F_LUT4_F_I0_MUX2_LUT6_O_1_S0_LUT4_F_1_I0_LUT4_I0_F_LUT3_F_I0_LUT4_F_I0_LUT2_I0_F_LUT2_I0_1_F_LUT4_F_I2_MUX2_LUT7_S0_O_MUX2_LUT8_O_3_S0[7]' is routed using segments.
Info:     'full_product_ALU_SUM_41_I0_LUT4_F_I2_LUT3_I2_F_LUT3_F_I0_LUT4_I1_F_LUT4_I0_F_MUX2_LUT5_I1_O_MUX2_LUT6_I1_O_MUX2_LUT7_I1_O_LUT3_I1_F_LUT4_I0_F_LUT4_F_I0_MUX2_LUT6_O_1_S0_LUT4_F_1_I0_LUT4_I0_F_LUT3_F_I0_LUT4_F_I0_LUT2_I0_F[2]' is routed using segments.

Info: Routing..
Info: Setting up routing queue.
Info: Routing 65904 arcs.
Info:            |   (re-)routed arcs  |   delta    | remaining|       time spent     |
Info:    IterCnt |  w/ripup   wo/ripup |  w/r  wo/r |      arcs| batch(sec) total(sec)|
Info:       1000 |      129        870 |  129   870 |     65299|       2.05       2.05|
Info:       2000 |      311       1688 |  182   818 |     64761|       1.18       3.23|
Info:       3000 |      531       2468 |  220   780 |     64473|       1.27       4.50|
Info:       4000 |      794       3205 |  263   737 |     64294|       1.40       5.90|
Info:       5000 |     1064       3935 |  270   730 |     64123|       1.26       7.16|
Info:       6000 |     1275       4724 |  211   789 |     63808|       1.44       8.60|
Info:       7000 |     1502       5497 |  227   773 |     63582|       1.45      10.05|
Info:       8000 |     1725       6274 |  223   777 |     63120|       1.31      11.36|
Info:       9000 |     1922       7077 |  197   803 |     62802|       1.50      12.86|
Info:      10000 |     2188       7811 |  266   734 |     62763|       1.39      14.26|
Info:      11000 |     2449       8550 |  261   739 |     62691|       1.51      15.76|
Info:      12000 |     2790       9209 |  341   659 |     62743|       1.58      17.35|
Info:      13000 |     3119       9880 |  329   671 |     62575|       1.64      18.99|
Info:      14000 |     3310      10689 |  191   809 |     62293|       1.39      20.38|
Info:      15000 |     3502      11497 |  192   808 |     62043|       1.60      21.98|
Info:      16000 |     3806      12193 |  304   696 |     61957|       1.57      23.55|
Info:      17000 |     4064      12935 |  258   742 |     61828|       1.36      24.91|
Info:      18000 |     4297      13702 |  233   767 |     61688|       1.55      26.46|
Info:      19000 |     4582      14417 |  285   715 |     61468|       1.61      28.06|
Info:      20000 |     4813      15186 |  231   769 |     61511|       1.57      29.64|
Info:      21000 |     5014      15985 |  201   799 |     61273|       1.39      31.03|
Info:      22000 |     5237      16762 |  223   777 |     61064|       1.42      32.45|
Info:      23000 |     5450      17549 |  213   787 |     60718|       1.41      33.85|
Info:      24000 |     5699      18300 |  249   751 |     61045|       1.65      35.51|
Info:      25000 |     5932      19067 |  233   767 |     60834|       1.71      37.21|
Info:      26000 |     6120      19879 |  188   812 |     60533|       1.44      38.66|
Info:      27000 |     6344      20655 |  224   776 |     60035|       1.33      39.99|
Info:      28000 |     6515      21484 |  171   829 |     59551|       1.46      41.44|
Info:      29000 |     6699      22300 |  184   816 |     59107|       1.41      42.85|
Info:      30000 |     6900      23099 |  201   799 |     58653|       1.38      44.24|
Info:      31000 |     7072      23927 |  172   828 |     58149|       1.25      45.49|
Info:      32000 |     7309      24690 |  237   763 |     57837|       1.52      47.00|
Info:      33000 |     7519      25480 |  210   790 |     57346|       1.64      48.65|
Info:      34000 |     7757      26242 |  238   762 |     57070|       1.47      50.12|
Info:      35000 |     7995      27004 |  238   762 |     56725|       1.73      51.85|
Info:      36000 |     8261      27738 |  266   734 |     56421|       1.62      53.47|
Info:      37000 |     8555      28444 |  294   706 |     56267|       1.56      55.03|
Info:      38000 |     8827      29172 |  272   728 |     56112|       1.69      56.72|
Info:      39000 |     9042      29957 |  215   785 |     55724|       1.38      58.11|
Info:      40000 |     9273      30726 |  231   769 |     55395|       1.41      59.51|
Info:      41000 |     9556      31443 |  283   717 |     55174|       2.16      61.67|
Info:      42000 |     9831      32168 |  275   725 |     55333|       2.05      63.71|
Info:      43000 |    10111      32888 |  280   720 |     55019|       2.06      65.78|
Info:      44000 |    10360      33639 |  249   751 |     54760|       1.60      67.38|
Info:      45000 |    10677      34322 |  317   683 |     54712|       2.20      69.58|
Info:      46000 |    10893      35106 |  216   784 |     54326|       1.47      71.05|
Info:      47000 |    11156      35843 |  263   737 |     54000|       1.55      72.60|
Info:      48000 |    11405      36594 |  249   751 |     53791|       2.02      74.62|
Info:      49000 |    11683      37316 |  278   722 |     53696|       1.94      76.56|
Info:      50000 |    11920      38079 |  237   763 |     53227|       1.85      78.41|
Info:      51000 |    12143      38856 |  223   777 |     52933|       1.81      80.22|
Info:      52000 |    12357      39642 |  214   786 |     52723|       1.80      82.03|
Info:      53000 |    12598      40401 |  241   759 |     52445|       1.76      83.79|
Info:      54000 |    12802      41197 |  204   796 |     52033|       1.78      85.56|
Info:      55000 |    13022      41977 |  220   780 |     51466|       1.54      87.10|
Info:      56000 |    13353      42646 |  331   669 |     51512|       1.87      88.97|
Info:      57000 |    13689      43310 |  336   664 |     51420|       1.83      90.79|
Info:      58000 |    13914      44085 |  225   775 |     50963|       1.46      92.25|
Info:      59000 |    14128      44871 |  214   786 |     50543|       1.63      93.87|
Info:      60000 |    14379      45620 |  251   749 |     50092|       1.86      95.73|
Info:      61000 |    14603      46396 |  224   776 |     49758|       1.58      97.31|
Info:      62000 |    14816      47183 |  213   787 |     49181|       1.28      98.58|
Info:      63000 |    15070      47929 |  254   746 |     48766|       1.46     100.05|
Info:      64000 |    15337      48662 |  267   733 |     48488|       1.59     101.64|
Info:      65000 |    15612      49387 |  275   725 |     48240|       1.77     103.41|
Info:      66000 |    15780      50219 |  168   832 |     47721|       1.43     104.84|
Info:      67000 |    16079      50920 |  299   701 |     47595|       1.78     106.62|
Info:      68000 |    16223      51776 |  144   856 |     46946|       1.13     107.75|
Info:      69000 |    16444      52555 |  221   779 |     46479|       1.39     109.14|
Info:      70000 |    16621      53378 |  177   823 |     45886|       0.93     110.07|
Info:      71000 |    16842      54157 |  221   779 |     45450|       1.05     111.11|
Info:      72000 |    17096      54903 |  254   746 |     45055|       1.20     112.32|
Info:      73000 |    17313      55686 |  217   783 |     44646|       1.49     113.81|
Info:      74000 |    17517      56482 |  204   796 |     44137|       1.21     115.02|
Info:      75000 |    17742      57257 |  225   775 |     43701|       1.33     116.36|
Info:      76000 |    18032      57967 |  290   710 |     43613|       1.73     118.08|
Info:      77000 |    18267      58732 |  235   765 |     43307|       1.40     119.48|
Info:      78000 |    18479      59520 |  212   788 |     42927|       1.45     120.94|
Info:      79000 |    18678      60321 |  199   801 |     42364|       1.11     122.05|
Info:      80000 |    18963      61036 |  285   715 |     42482|       1.98     124.03|
Info:      81000 |    19253      61746 |  290   710 |     42486|       1.95     125.98|
Info:      82000 |    19515      62484 |  262   738 |     42086|       1.66     127.64|
Info:      83000 |    19716      63283 |  201   799 |     41599|       1.41     129.05|
Info:      84000 |    19993      64006 |  277   723 |     41221|       1.12     130.17|
Info:      85000 |    20231      64768 |  238   762 |     40832|       1.15     131.32|
Info:      86000 |    20498      65501 |  267   733 |     40619|       1.24     132.56|
Info:      87000 |    20774      66225 |  276   724 |     40315|       1.13     133.69|
Info:      88000 |    21106      66893 |  332   668 |     40317|       1.75     135.44|
Info:      89000 |    21380      67619 |  274   726 |     39936|       1.27     136.72|
Info:      90000 |    21653      68346 |  273   727 |     39638|       1.34     138.05|
Info:      91000 |    21922      69077 |  269   731 |     39357|       1.15     139.20|
Info:      92000 |    22154      69845 |  232   768 |     38916|       0.96     140.16|
Info:      93000 |    22451      70548 |  297   703 |     38656|       1.36     141.52|
Info:      94000 |    22695      71304 |  244   756 |     38301|       1.03     142.55|
Info:      95000 |    22984      72015 |  289   711 |     38011|       1.25     143.80|
Info:      96000 |    23243      72678 |  259   663 |     37757|       1.47     145.27|
Info:      97000 |    23256      72742 |   13    64 |     36789|       0.18     145.45|
Info:      98000 |    23257      72747 |    1     5 |     35790|       0.12     145.56|
Info:      99000 |    23273      72771 |   16    24 |     34814|       0.11     145.68|
Info:     100000 |    23280      72823 |    7    52 |     33833|       0.16     145.84|
Info:     101000 |    23334      72939 |   54   116 |     32966|       0.26     146.10|
Info:     102000 |    23341      72973 |    7    34 |     31987|       0.13     146.23|
Info:     103000 |    23358      73009 |   17    36 |     31018|       0.21     146.44|
Info:     104000 |    23404      73112 |   46   103 |     30133|       0.34     146.78|
Info:     105000 |    23414      73140 |   10    28 |     29144|       0.17     146.95|
Info:     106000 |    23421      73166 |    7    26 |     28157|       0.12     147.07|
Info:     107000 |    23429      73200 |    8    34 |     27171|       0.14     147.21|
Info:     108000 |    23600      73550 |  171   350 |     26664|       1.30     148.51|
Info:     109000 |    23618      73843 |   18   293 |     25684|       0.39     148.90|
Info:     110000 |    23686      74591 |   68   748 |     24935|       1.27     150.17|
Info:     111000 |    23882      75261 |  196   670 |     24404|       1.86     152.04|
Info:     112000 |    24146      75986 |  264   725 |     24585|       1.87     153.91|
Info:     113000 |    24468      76664 |  322   678 |     24417|       2.26     156.17|
Info:     114000 |    24694      77341 |  226   677 |     24030|       1.55     157.72|
Info:     115000 |    24813      78059 |  119   718 |     23328|       1.36     159.07|
Info:     116000 |    24993      78758 |  180   699 |     22819|       1.45     160.52|
Info:     117000 |    25093      79462 |  100   704 |     22303|       1.25     161.77|
Info:     118000 |    25368      80187 |  275   725 |     22342|       2.58     164.35|
Info:     119000 |    25619      80906 |  251   719 |     22014|       1.97     166.32|
Info:     120000 |    25732      81637 |  113   731 |     21309|       1.31     167.62|
Info:     121000 |    25933      82333 |  201   696 |     20903|       1.78     169.40|
Info:     122000 |    26213      83051 |  280   718 |     20854|       1.96     171.36|
Info:     123000 |    26418      83749 |  205   698 |     20689|       1.72     173.08|
Info:     124000 |    26659      84455 |  241   706 |     20317|       1.85     174.94|
Info:     125000 |    26901      85139 |  242   684 |     20130|       1.94     176.87|
Info:     126000 |    27074      85835 |  173   696 |     19537|       1.46     178.33|
Info:     127000 |    27303      86506 |  229   671 |     19219|       1.53     179.86|
Info:     128000 |    27450      87190 |  147   684 |     18531|       1.35     181.21|
Info:     129000 |    27663      87847 |  213   657 |     17992|       1.62     182.83|
Info:     130000 |    27819      88496 |  156   649 |     17319|       1.27     184.11|
Info:     131000 |    28119      89150 |  300   654 |     17193|       2.24     186.34|
Info:     132000 |    28271      89842 |  152   692 |     16673|       1.52     187.86|
Info:     133000 |    28476      90533 |  205   691 |     16151|       1.90     189.76|
Info:     134000 |    28632      91224 |  156   691 |     15534|       1.71     191.47|
Info:     135000 |    28769      91910 |  137   686 |     14821|       1.39     192.86|
Info:     136000 |    29053      92566 |  284   656 |     14626|       1.91     194.77|
Info:     137000 |    29230      93226 |  177   660 |     14068|       1.58     196.35|
Info:     138000 |    29592      93860 |  362   634 |     14054|       2.85     199.20|
Info:     139000 |    29817      94532 |  225   672 |     13550|       1.76     200.96|
Info:     140000 |    30038      95170 |  221   638 |     13036|       1.70     202.66|
Info:     141000 |    30304      95815 |  266   645 |     12749|       1.76     204.42|
Info:     142000 |    30489      96533 |  185   718 |     12450|       1.57     205.99|
Info:     143000 |    30645      97231 |  156   698 |     11791|       1.62     207.61|
Info:     144000 |    30859      97925 |  214   694 |     11397|       1.65     209.26|
Info:     145000 |    31068      98582 |  209   657 |     11009|       1.79     211.05|
Info:     146000 |    31315      99245 |  247   663 |     10580|       1.78     212.84|
Info:     147000 |    31483      99943 |  168   698 |      9975|       1.58     214.42|
Info:     148000 |    31659     100612 |  176   669 |      9313|       1.65     216.07|
Info:     149000 |    31930     101272 |  271   660 |      9167|       2.27     218.34|
Info:     150000 |    32265     101937 |  335   665 |      9594|       2.63     220.97|
Info:     151000 |    32568     102634 |  303   697 |      9382|       2.48     223.45|
Info:     152000 |    32942     103260 |  374   626 |      9279|       2.79     226.24|
Info:     153000 |    33225     103921 |  283   661 |      8951|       2.31     228.54|
Info:     154000 |    33551     104569 |  326   648 |      9365|       2.64     231.18|
Info:     155000 |    33855     105265 |  304   696 |      9488|       2.50     233.69|
Info:     156000 |    34202     105918 |  347   653 |      9266|       2.37     236.05|
Info:     157000 |    34469     106620 |  267   702 |      8844|       2.31     238.37|
Info:     158000 |    34643     107274 |  174   654 |      8119|       1.76     240.13|
Info:     159000 |    34864     107918 |  221   644 |      7526|       1.89     242.01|
Info:     160000 |    35117     108569 |  253   651 |      7183|       2.05     244.06|
Info:     161000 |    35320     109200 |  203   631 |      6527|       1.72     245.78|
Info:     162000 |    35588     109845 |  268   645 |      6332|       2.29     248.07|
Info:     163000 |    35881     110515 |  293   670 |      6059|       2.21     250.28|
Info:     164000 |    36184     111179 |  303   664 |      5924|       2.44     252.72|
Info:     165000 |    36388     111814 |  204   635 |      5294|       2.13     254.85|
Info:     166000 |    36670     112446 |  282   632 |      4957|       2.23     257.08|
Info:     167000 |    36965     113106 |  295   660 |      4966|       2.27     259.35|
Info:     168000 |    37273     113798 |  308   692 |      4913|       1.89     261.24|
Info:     169000 |    37541     114453 |  268   655 |      4438|       2.02     263.26|
Info:     170000 |    37789     115086 |  248   633 |      3992|       1.92     265.18|
Info:     171000 |    38058     115804 |  269   718 |      3829|       2.38     267.55|
Info:     172000 |    38342     116487 |  284   683 |      3783|       3.11     270.67|
Info:     173000 |    38693     117136 |  351   649 |      3925|       2.70     273.37|
Info:     174000 |    39021     117808 |  328   672 |      3788|       2.53     275.91|
Info:     175000 |    39233     118481 |  212   673 |      3246|       2.00     277.91|
Info:     176000 |    39460     119143 |  227   662 |      2698|       2.07     279.98|
Info:     177000 |    39751     119743 |  291   600 |      2201|       2.10     282.07|
Info:     178000 |    40022     120385 |  271   642 |      1766|       2.25     284.33|
Info:     179000 |    40268     121043 |  246   658 |      1206|       2.04     286.36|
Info:     180000 |    40544     121677 |  276   634 |       747|       2.94     289.30|
Info:     181000 |    40850     122334 |  306   657 |       658|       2.46     291.76|
Info:     182000 |    41144     122990 |  294   656 |       275|       3.01     294.77|
Info:     183000 |    41483     123642 |  339   652 |       238|       2.54     297.31|
Info:     184000 |    41774     124340 |  291   698 |       161|       2.67     299.99|
Info:     184386 |    41885     124586 |  111   246 |         0|       1.13     301.12|
Info: Routing complete.
Info: Router1 time 301.12s
Info: Checksum: 0xf399a5ce

Info: Critical path report for clock 'clk' (posedge -> posedge):
Info:       type curr  total name
Info:   clk-to-q  0.23  0.23 Source operand_b_DFFC_Q_26.Q
Info:    routing  1.80  2.04 Net debug_data_LUT4_F_1_I0_ALU_SUM_COUT_ALU_COUT_4_SUM_LUT4_F_I0_LUT3_F_I1_LUT4_I1_F_MUX2_LUT5_O_2_I0_LUT2_F_I0_ALU_SUM_COUT_ALU_COUT_9_SUM[0] (2,31) -> (10,10)
Info:                          Sink full_product_ALU_SUM_41_I0_LUT4_F_I2_LUT3_I2_F_LUT3_F_I0_LUT4_I1_F_LUT4_I0_F_MUX2_LUT5_I1_O_MUX2_LUT6_I1_O_MUX2_LUT7_I1_O_LUT3_I1_F_LUT4_I0_F_MUX2_LUT6_O_5_S0_LUT3_F_I2_MUX2_LUT7_O_S0_MUX2_LUT8_O_S0_MUX2_LUT6_O_1_I0_MUX2_LUT5_O_I0_LUT4_F.I1
Info:                          Defined in:
Info:                               /root/chiploop-backend/backend/workflows/25794ab9-7b4e-43c1-9314-2569fbe51d07/fpga/src/rtl/review_input.sv:18.14-18.23
Info:      logic  0.57  2.60 Source full_product_ALU_SUM_41_I0_LUT4_F_I2_LUT3_I2_F_LUT3_F_I0_LUT4_I1_F_LUT4_I0_F_MUX2_LUT5_I1_O_MUX2_LUT6_I1_O_MUX2_LUT7_I1_O_LUT3_I1_F_LUT4_I0_F_MUX2_LUT6_O_5_S0_LUT3_F_I2_MUX2_LUT7_O_S0_MUX2_LUT8_O_S0_MUX2_LUT6_O_1_I0_MUX2_LUT5_O_I0_LUT4_F.F
Info:    routing  0.00  2.60 Net full_product_ALU_SUM_41_I0_LUT4_F_I2_LUT3_I2_F_LUT3_F_I0_LUT4_I1_F_LUT4_I0_F_MUX2_LUT5_I1_O_MUX2_LUT6_I1_O_MUX2_LUT7_I1_O_LUT3_I1_F_LUT4_I0_F_MUX2_LUT6_O_5_S0_LUT3_F_I2_MUX2_LUT7_O_S0_MUX2_LUT8_O_S0_MUX2_LUT6_O_1_I0_MUX2_LUT5_O_I0 (10,10) -> (10,10)
Info:                          Sink full_product_ALU_SUM_41_I0_LUT4_F_I2_LUT3_I2_F_LUT3_F_I0_LUT4_I1_F_LUT4_I0_F_MUX2_LUT5_I1_O_MUX2_LUT6_I1_O_MUX2_LUT7_I1_O_LUT3_I1_F_LUT4_I0_F_MUX2_LUT6_O_5_S0_LUT3_F_I2_MUX2_LUT7_O_S0_MUX2_LUT8_O_S0_MUX2_LUT6_O_1_I0_MUX2_LUT5_O.I0
Info:                          Defined in:
Info:                               /usr/bin/../share/yosys/gowin/cells_map.v:158.41-158.66
Info:                               /usr/bin/../share/yosys/gowin/cells_map.v:151.9-151.11
Info:      logic  0.27  2.87 Source full_product_ALU_SUM_41_I0_LUT4_F_I2_LUT3_I2_F_LUT3_F_I0_LUT4_I1_F_LUT4_I0_F_MUX2_LUT5_I1_O_MUX2_LUT6_I1_O_MUX2_LUT7_I1_O_LUT3_I1_F_LUT4_I0_F_MUX2_LUT6_O_5_S0_LUT3_F_I2_MUX2_LUT7_O_S0_MUX2_LUT8_O_S0_MUX2_LUT6_O_1_I0_MUX2_LUT5_O.O
Info:    routing  0.00  2.87 Net full_product_ALU_SUM_41_I0_LUT4_F_I2_LUT3_I2_F_LUT3_F_I0_LUT4_I1_F_LUT4_I0_F_MUX2_LUT5_I1_O_MUX2_LUT6_I1_O_MUX2_LUT7_I1_O_LUT3_I1_F_LUT4_I0_F_MUX2_LUT6_O_5_S0_LUT3_F_I2_MUX2_LUT7_O_S0_MUX2_LUT8_O_S0_MUX2_LUT6_O_1_I0 (10,10) -> (10,10)
Info:                          Sink full_product_ALU_SUM_41_I0_LUT4_F_I2_LUT3_I2_F_LUT3_F_I0_LUT4_I1_F_LUT4_I0_F_MUX2_LUT5_I1_O_MUX2_LUT6_I1_O_MUX2_LUT7_I1_O_LUT3_I1_F_LUT4_I0_F_MUX2_LUT6_O_5_S0_LUT3_F_I2_MUX2_LUT7_O_S0_MUX2_LUT8_O_S0_MUX2_LUT6_O_1.I0
Info:                          Defined in:
Info:                               /usr/bin/../share/yosys/gowin/cells_map.v:157.9-157.11
Info:      logic  0.27  3.14 Source full_product_ALU_SUM_41_I0_LUT4_F_I2_LUT3_I2_F_LUT3_F_I0_LUT4_I1_F_LUT4_I0_F_MUX2_LUT5_I1_O_MUX2_LUT6_I1_O_MUX2_LUT7_I1_O_LUT3_I1_F_LUT4_I0_F_MUX2_LUT6_O_5_S0_LUT3_F_I2_MUX2_LUT7_O_S0_MUX2_LUT8_O_S0_MUX2_LUT6_O_1.O
Info:    routing  1.29  4.43 Net full_product_ALU_SUM_41_I0_LUT4_F_I2_LUT3_I2_F_LUT3_F_I0_LUT4_I1_F_LUT4_I0_F_MUX2_LUT5_I1_O_MUX2_LUT6_I1_O_MUX2_LUT7_I1_O_LUT3_I1_F_LUT4_I0_F_MUX2_LUT6_O_2_S0_LUT3_F_I1_LUT4_F_I0_MUX2_LUT8_O_I0_MUX2_LUT7_O_I0_MUX2_LUT6_O_S0[2] (10,10) -> (9,4)
Info:                          Sink full_product_ALU_SUM_41_I0_LUT4_F_I2_LUT3_I2_F_LUT3_F_I0_LUT4_I1_F_LUT4_I0_F_MUX2_LUT5_I1_O_MUX2_LUT6_I1_O_MUX2_LUT7_I1_O_LUT3_I1_F_LUT4_I0_F_MUX2_LUT6_O_2_S0_LUT3_F_I1_LUT4_F_I0_MUX2_LUT8_O_I0_MUX2_LUT7_O_I0_MUX2_LUT6_O_S0_LUT4_I1_7.I2
Info:                          Defined in:
Info:                               /usr/bin/../share/yosys/gowin/cells_map.v:130.20-130.21
Info:      logic  0.46  4.89 Source full_product_ALU_SUM_41_I0_LUT4_F_I2_LUT3_I2_F_LUT3_F_I0_LUT4_I1_F_LUT4_I0_F_MUX2_LUT5_I1_O_MUX2_LUT6_I1_O_MUX2_LUT7_I1_O_LUT3_I1_F_LUT4_I0_F_MUX2_LUT6_O_2_S0_LUT3_F_I1_LUT4_F_I0_MUX2_LUT8_O_I0_MUX2_LUT7_O_I0_MUX2_LUT6_O_S0_LUT4_I1_7.F
Info:    routing  0.00  4.89 Net full_product_ALU_SUM_41_I0_LUT4_F_I2_LUT3_I2_F_LUT3_F_I0_LUT4_I1_F_LUT4_I0_F_MUX2_LUT5_I1_O_MUX2_LUT6_I1_O_MUX2_LUT7_I1_O_LUT3_I1_F_LUT4_I0_F_MUX2_LUT6_O_2_S0_LUT3_F_I1_LUT4_F_I0_MUX2_LUT8_O_I0_MUX2_LUT7_O_I0_MUX2_LUT6_O_S0_LUT4_I1_7_F (9,4) -> (9,4)
Info:                          Sink full_product_ALU_SUM_41_I0_LUT4_F_I2_LUT3_I2_F_LUT3_F_I0_LUT4_I1_F_LUT4_I0_F_MUX2_LUT5_I1_O_MUX2_LUT6_I1_O_MUX2_LUT7_I1_O_LUT3_I1_F_LUT4_I0_F_MUX2_LUT6_O_5_S0_LUT3_F_I2_MUX2_LUT6_O_1_S0_MUX2_LUT8_O_S0_MUX2_LUT5_S0_3.I0
Info:                          Defined in:
Info:                               /usr/bin/../share/yosys/gowin/cells_map.v:171.43-171.68
Info:                               /usr/bin/../share/yosys/gowin/cells_map.v:164.41-164.66
Info:                               /usr/bin/../share/yosys/gowin/cells_map.v:158.41-158.66
Info:                               /usr/bin/../share/yosys/gowin/cells_map.v:151.9-151.11
Info:      logic  0.27  5.16 Source full_product_ALU_SUM_41_I0_LUT4_F_I2_LUT3_I2_F_LUT3_F_I0_LUT4_I1_F_LUT4_I0_F_MUX2_LUT5_I1_O_MUX2_LUT6_I1_O_MUX2_LUT7_I1_O_LUT3_I1_F_LUT4_I0_F_MUX2_LUT6_O_5_S0_LUT3_F_I2_MUX2_LUT6_O_1_S0_MUX2_LUT8_O_S0_MUX2_LUT5_S0_3.O
Info:    routing  0.00  5.16 Net full_product_ALU_SUM_41_I0_LUT4_F_I2_LUT3_I2_F_LUT3_F_I0_LUT4_I1_F_LUT4_I0_F_MUX2_LUT5_I1_O_MUX2_LUT6_I1_O_MUX2_LUT7_I1_O_LUT3_I1_F_LUT4_I0_F_MUX2_LUT6_O_5_S0_LUT3_F_I2_MUX2_LUT6_O_1_S0_MUX2_LUT8_O_S0_MUX2_LUT5_S0_3_O (9,4) -> (9,4)
Info:                          Sink full_product_ALU_SUM_41_I0_LUT4_F_I2_LUT3_I2_F_LUT3_F_I0_LUT4_I1_F_LUT4_I0_F_MUX2_LUT5_I1_O_MUX2_LUT6_I1_O_MUX2_LUT7_I1_O_LUT3_I1_F_LUT4_I0_F_MUX2_LUT6_O_5_S0_LUT3_F_I2_MUX2_LUT6_O_1_S0_MUX2_LUT8_O_S0_MUX2_LUT5_S0_3_O_MUX2_LUT6_I0.I0
Info:                          Defined in:
Info:                               /usr/bin/../share/yosys/gowin/cells_map.v:171.43-171.68
Info:                               /usr/bin/../share/yosys/gowin/cells_map.v:164.41-164.66
Info:                               /usr/bin/../share/yosys/gowin/cells_map.v:157.9-157.11
Info:      logic  0.27  5.42 Source full_product_ALU_SUM_41_I0_LUT4_F_I2_LUT3_I2_F_LUT3_F_I0_LUT4_I1_F_LUT4_I0_F_MUX2_LUT5_I1_O_MUX2_LUT6_I1_O_MUX2_LUT7_I1_O_LUT3_I1_F_LUT4_I0_F_MUX2_LUT6_O_5_S0_LUT3_F_I2_MUX2_LUT6_O_1_S0_MUX2_LUT8_O_S0_MUX2_LUT5_S0_3_O_MUX2_LUT6_I0.O
Info:    routing  0.00  5.42 Net full_product_ALU_SUM_41_I0_LUT4_F_I2_LUT3_I2_F_LUT3_F_I0_LUT4_I1_F_LUT4_I0_F_MUX2_LUT5_I1_O_MUX2_LUT6_I1_O_MUX2_LUT7_I1_O_LUT3_I1_F_LUT4_I0_F_MUX2_LUT6_O_2_S0_LUT3_F_I1_LUT4_F_I0_MUX2_LUT8_O_I0_MUX2_LUT7_O_I0_MUX2_LUT6_O_S0_MUX2_LUT7_S0_I0 (9,4) -> (9,4)
Info:                          Sink full_product_ALU_SUM_41_I0_LUT4_F_I2_LUT3_I2_F_LUT3_F_I0_LUT4_I1_F_LUT4_I0_F_MUX2_LUT5_I1_O_MUX2_LUT6_I1_O_MUX2_LUT7_I1_O_LUT3_I1_F_LUT4_I0_F_MUX2_LUT6_O_2_S0_LUT3_F_I1_LUT4_F_I0_MUX2_LUT8_O_I0_MUX2_LUT7_O_I0_MUX2_LUT6_O_S0_MUX2_LUT7_S0.I0
Info:                          Defined in:
Info:                               /usr/bin/../share/yosys/gowin/cells_map.v:171.43-171.68
Info:                               /usr/bin/../share/yosys/gowin/cells_map.v:163.9-163.11
Info:      logic  0.27  5.69 Source full_product_ALU_SUM_41_I0_LUT4_F_I2_LUT3_I2_F_LUT3_F_I0_LUT4_I1_F_LUT4_I0_F_MUX2_LUT5_I1_O_MUX2_LUT6_I1_O_MUX2_LUT7_I1_O_LUT3_I1_F_LUT4_I0_F_MUX2_LUT6_O_2_S0_LUT3_F_I1_LUT4_F_I0_MUX2_LUT8_O_I0_MUX2_LUT7_O_I0_MUX2_LUT6_O_S0_MUX2_LUT7_S0.O
Info:    routing  0.00  5.69 Net full_product_ALU_SUM_41_I0_LUT4_F_I2_LUT3_I2_F_LUT3_F_I0_LUT4_I1_F_LUT4_I0_F_MUX2_LUT5_I1_O_MUX2_LUT6_I1_O_MUX2_LUT7_I1_O_LUT3_I1_F_LUT4_I0_F_MUX2_LUT6_O_2_S0_LUT3_F_I1_LUT4_F_I0_MUX2_LUT8_O_I0_MUX2_LUT7_O_I0_MUX2_LUT6_O_S0_MUX2_LUT7_S0_O (9,4) -> (9,4)
Info:                          Sink full_product_ALU_SUM_41_I0_LUT4_F_I2_LUT3_I2_F_LUT3_F_I0_LUT4_I1_F_LUT4_I0_F_MUX2_LUT5_I1_O_MUX2_LUT6_I1_O_MUX2_LUT7_I1_O_LUT3_I1_F_LUT4_I0_F_MUX2_LUT6_O_2_S0_LUT3_F_I1_LUT4_F_I0_MUX2_LUT8_O_I0_MUX2_LUT7_O_I0_MUX2_LUT6_O_S0_MUX2_LUT8_S0.I1
Info:                          Defined in:
Info:                               /usr/bin/../share/yosys/gowin/cells_map.v:169.13-169.15
Info:      logic  0.27  5.96 Source full_product_ALU_SUM_41_I0_LUT4_F_I2_LUT3_I2_F_LUT3_F_I0_LUT4_I1_F_LUT4_I0_F_MUX2_LUT5_I1_O_MUX2_LUT6_I1_O_MUX2_LUT7_I1_O_LUT3_I1_F_LUT4_I0_F_MUX2_LUT6_O_2_S0_LUT3_F_I1_LUT4_F_I0_MUX2_LUT8_O_I0_MUX2_LUT7_O_I0_MUX2_LUT6_O_S0_MUX2_LUT8_S0.O
Info:    routing  1.05  7.01 Net full_product_ALU_SUM_41_I0_LUT4_F_I2_LUT3_I2_F_LUT3_F_I0_LUT4_I1_F_LUT4_I0_F_MUX2_LUT5_I1_O_MUX2_LUT6_I1_O_MUX2_LUT7_I1_O_LUT3_I1_F_LUT4_I0_F_MUX2_LUT6_O_4_S0_LUT4_F_I3_MUX2_LUT7_O_S0[2] (9,4) -> (14,7)
Info:                          Sink full_product_ALU_SUM_41_I0_LUT4_F_I2_LUT3_I2_F_LUT3_F_I0_LUT4_I1_F_LUT4_I0_F_MUX2_LUT5_I1_O_MUX2_LUT6_I1_O_MUX2_LUT7_I1_O_LUT3_I1_F_LUT4_I0_F_LUT4_F_I0_MUX2_LUT6_O_S0_LUT3_F_I0_LUT4_I0_1_F_LUT4_F_I3_LUT4_I0_F_MUX2_LUT5_I1_O_MUX2_LUT6_I1_O_MUX2_LUT7_I1_O_MUX2_LUT5_O_S0_LUT3_I0_F_MUX2_LUT5_I0_O_MUX2_LUT6_I0_O_MUX2_LUT7_I1_O_LUT2_I0_F_MUX2_LUT7_O_1_I1_MUX2_LUT6_O_I0_MUX2_LUT5_O_I1_LUT4_F.I1
Info:                          Defined in:
Info:                               /usr/bin/../share/yosys/gowin/cells_map.v:130.20-130.21
Info:      logic  0.57  7.58 Source full_product_ALU_SUM_41_I0_LUT4_F_I2_LUT3_I2_F_LUT3_F_I0_LUT4_I1_F_LUT4_I0_F_MUX2_LUT5_I1_O_MUX2_LUT6_I1_O_MUX2_LUT7_I1_O_LUT3_I1_F_LUT4_I0_F_LUT4_F_I0_MUX2_LUT6_O_S0_LUT3_F_I0_LUT4_I0_1_F_LUT4_F_I3_LUT4_I0_F_MUX2_LUT5_I1_O_MUX2_LUT6_I1_O_MUX2_LUT7_I1_O_MUX2_LUT5_O_S0_LUT3_I0_F_MUX2_LUT5_I0_O_MUX2_LUT6_I0_O_MUX2_LUT7_I1_O_LUT2_I0_F_MUX2_LUT7_O_1_I1_MUX2_LUT6_O_I0_MUX2_LUT5_O_I1_LUT4_F.F
Info:    routing  0.00  7.58 Net full_product_ALU_SUM_41_I0_LUT4_F_I2_LUT3_I2_F_LUT3_F_I0_LUT4_I1_F_LUT4_I0_F_MUX2_LUT5_I1_O_MUX2_LUT6_I1_O_MUX2_LUT7_I1_O_LUT3_I1_F_LUT4_I0_F_LUT4_F_I0_MUX2_LUT6_O_S0_LUT3_F_I0_LUT4_I0_1_F_LUT4_F_I3_LUT4_I0_F_MUX2_LUT5_I1_O_MUX2_LUT6_I1_O_MUX2_LUT7_I1_O_MUX2_LUT5_O_S0_LUT3_I0_F_MUX2_LUT5_I0_O_MUX2_LUT6_I0_O_MUX2_LUT7_I1_O_LUT2_I0_F_MUX2_LUT7_O_1_I1_MUX2_LUT6_O_I0_MUX2_LUT5_O_I1 (14,7) -> (14,7)
Info:                          Sink full_product_ALU_SUM_41_I0_LUT4_F_I2_LUT3_I2_F_LUT3_F_I0_LUT4_I1_F_LUT4_I0_F_MUX2_LUT5_I1_O_MUX2_LUT6_I1_O_MUX2_LUT7_I1_O_LUT3_I1_F_LUT4_I0_F_LUT4_F_I0_MUX2_LUT6_O_S0_LUT3_F_I0_LUT4_I0_1_F_LUT4_F_I3_LUT4_I0_F_MUX2_LUT5_I1_O_MUX2_LUT6_I1_O_MUX2_LUT7_I1_O_MUX2_LUT5_O_S0_LUT3_I0_F_MUX2_LUT5_I0_O_MUX2_LUT6_I0_O_MUX2_LUT7_I1_O_LUT2_I0_F_MUX2_LUT7_O_1_I1_MUX2_LUT6_O_I0_MUX2_LUT5_O.I1
Info:                          Defined in:
Info:                               /usr/bin/../share/yosys/gowin/cells_map.v:165.42-165.67
Info:                               /usr/bin/../share/yosys/gowin/cells_map.v:158.41-158.66
Info:                               /usr/bin/../share/yosys/gowin/cells_map.v:151.13-151.15
Info:      logic  0.27  7.85 Source full_product_ALU_SUM_41_I0_LUT4_F_I2_LUT3_I2_F_LUT3_F_I0_LUT4_I1_F_LUT4_I0_F_MUX2_LUT5_I1_O_MUX2_LUT6_I1_O_MUX2_LUT7_I1_O_LUT3_I1_F_LUT4_I0_F_LUT4_F_I0_MUX2_LUT6_O_S0_LUT3_F_I0_LUT4_I0_1_F_LUT4_F_I3_LUT4_I0_F_MUX2_LUT5_I1_O_MUX2_LUT6_I1_O_MUX2_LUT7_I1_O_MUX2_LUT5_O_S0_LUT3_I0_F_MUX2_LUT5_I0_O_MUX2_LUT6_I0_O_MUX2_LUT7_I1_O_LUT2_I0_F_MUX2_LUT7_O_1_I1_MUX2_LUT6_O_I0_MUX2_LUT5_O.O
Info:    routing  0.00  7.85 Net full_product_ALU_SUM_41_I0_LUT4_F_I2_LUT3_I2_F_LUT3_F_I0_LUT4_I1_F_LUT4_I0_F_MUX2_LUT5_I1_O_MUX2_LUT6_I1_O_MUX2_LUT7_I1_O_LUT3_I1_F_LUT4_I0_F_LUT4_F_I0_MUX2_LUT6_O_S0_LUT3_F_I0_LUT4_I0_1_F_LUT4_F_I3_LUT4_I0_F_MUX2_LUT5_I1_O_MUX2_LUT6_I1_O_MUX2_LUT7_I1_O_MUX2_LUT5_O_S0_LUT3_I0_F_MUX2_LUT5_I0_O_MUX2_LUT6_I0_O_MUX2_LUT7_I1_O_LUT2_I0_F_MUX2_LUT7_O_1_I1_MUX2_LUT6_O_I0 (14,7) -> (14,7)
Info:                          Sink full_product_ALU_SUM_41_I0_LUT4_F_I2_LUT3_I2_F_LUT3_F_I0_LUT4_I1_F_LUT4_I0_F_MUX2_LUT5_I1_O_MUX2_LUT6_I1_O_MUX2_LUT7_I1_O_LUT3_I1_F_LUT4_I0_F_LUT4_F_I0_MUX2_LUT6_O_S0_LUT3_F_I0_LUT4_I0_1_F_LUT4_F_I3_LUT4_I0_F_MUX2_LUT5_I1_O_MUX2_LUT6_I1_O_MUX2_LUT7_I1_O_MUX2_LUT5_O_S0_LUT3_I0_F_MUX2_LUT5_I0_O_MUX2_LUT6_I0_O_MUX2_LUT7_I1_O_LUT2_I0_F_MUX2_LUT7_O_1_I1_MUX2_LUT6_O.I0
Info:                          Defined in:
Info:                               /usr/bin/../share/yosys/gowin/cells_map.v:165.42-165.67
Info:                               /usr/bin/../share/yosys/gowin/cells_map.v:157.9-157.11
Info:      logic  0.27  8.11 Source full_product_ALU_SUM_41_I0_LUT4_F_I2_LUT3_I2_F_LUT3_F_I0_LUT4_I1_F_LUT4_I0_F_MUX2_LUT5_I1_O_MUX2_LUT6_I1_O_MUX2_LUT7_I1_O_LUT3_I1_F_LUT4_I0_F_LUT4_F_I0_MUX2_LUT6_O_S0_LUT3_F_I0_LUT4_I0_1_F_LUT4_F_I3_LUT4_I0_F_MUX2_LUT5_I1_O_MUX2_LUT6_I1_O_MUX2_LUT7_I1_O_MUX2_LUT5_O_S0_LUT3_I0_F_MUX2_LUT5_I0_O_MUX2_LUT6_I0_O_MUX2_LUT7_I1_O_LUT2_I0_F_MUX2_LUT7_O_1_I1_MUX2_LUT6_O.O
Info:    routing  0.00  8.11 Net full_product_ALU_SUM_41_I0_LUT4_F_I2_LUT3_I2_F_LUT3_F_I0_LUT4_I1_F_LUT4_I0_F_MUX2_LUT5_I1_O_MUX2_LUT6_I1_O_MUX2_LUT7_I1_O_LUT3_I1_F_LUT4_I0_F_LUT4_F_I0_MUX2_LUT6_O_S0_LUT3_F_I0_LUT4_I0_1_F_LUT4_F_I3_LUT4_I0_F_MUX2_LUT5_I1_O_MUX2_LUT6_I1_O_MUX2_LUT7_I1_O_MUX2_LUT5_O_S0_LUT3_I0_F_MUX2_LUT5_I0_O_MUX2_LUT6_I0_O_MUX2_LUT7_I1_O_LUT2_I0_F_MUX2_LUT7_O_1_I1 (14,7) -> (14,7)
Info:                          Sink full_product_ALU_SUM_41_I0_LUT4_F_I2_LUT3_I2_F_LUT3_F_I0_LUT4_I1_F_LUT4_I0_F_MUX2_LUT5_I1_O_MUX2_LUT6_I1_O_MUX2_LUT7_I1_O_LUT3_I1_F_LUT4_I0_F_LUT4_F_I0_MUX2_LUT6_O_S0_LUT3_F_I0_LUT4_I0_1_F_LUT4_F_I3_LUT4_I0_F_MUX2_LUT5_I1_O_MUX2_LUT6_I1_O_MUX2_LUT7_I1_O_MUX2_LUT5_O_S0_LUT3_I0_F_MUX2_LUT5_I0_O_MUX2_LUT6_I0_O_MUX2_LUT7_I1_O_LUT2_I0_F_MUX2_LUT7_O_1.I1
Info:                          Defined in:
Info:                               /usr/bin/../share/yosys/gowin/cells_map.v:163.13-163.15
Info:      logic  0.27  8.38 Source full_product_ALU_SUM_41_I0_LUT4_F_I2_LUT3_I2_F_LUT3_F_I0_LUT4_I1_F_LUT4_I0_F_MUX2_LUT5_I1_O_MUX2_LUT6_I1_O_MUX2_LUT7_I1_O_LUT3_I1_F_LUT4_I0_F_LUT4_F_I0_MUX2_LUT6_O_S0_LUT3_F_I0_LUT4_I0_1_F_LUT4_F_I3_LUT4_I0_F_MUX2_LUT5_I1_O_MUX2_LUT6_I1_O_MUX2_LUT7_I1_O_MUX2_LUT5_O_S0_LUT3_I0_F_MUX2_LUT5_I0_O_MUX2_LUT6_I0_O_MUX2_LUT7_I1_O_LUT2_I0_F_MUX2_LUT7_O_1.O
Info:    routing  0.47  8.86 Net full_product_ALU_SUM_41_I0_LUT4_F_I2_LUT3_I2_F_LUT3_F_I0_LUT4_I1_F_LUT4_I0_F_MUX2_LUT5_I1_O_MUX2_LUT6_I1_O_MUX2_LUT7_I1_O_LUT3_I1_F_LUT4_I0_F_LUT4_F_I0_MUX2_LUT6_O_S0_LUT3_F_I0_LUT4_I0_1_F_LUT4_F_I3_LUT4_I0_F_MUX2_LUT5_I1_O_MUX2_LUT6_I1_O_MUX2_LUT7_I1_O_MUX2_LUT5_O_S0_LUT3_I0_F_MUX2_LUT5_I0_O_MUX2_LUT6_I0_O_MUX2_LUT7_I1_O_LUT2_I0_F[2] (14,7) -> (12,7)
Info:                          Sink full_product_ALU_SUM_41_I0_LUT4_F_I2_LUT3_I2_F_LUT3_F_I0_LUT4_I1_F_LUT4_I0_F_MUX2_LUT5_I1_O_MUX2_LUT6_I1_O_MUX2_LUT7_I1_O_LUT3_I1_F_LUT4_I0_F_MUX2_LUT6_O_4_S0_MUX2_LUT7_O_I1_MUX2_LUT6_O_I0_MUX2_LUT5_O_I0_LUT4_F.I2
Info:                          Defined in:
Info:                               /usr/bin/../share/yosys/gowin/cells_map.v:130.20-130.21
Info:      logic  0.46  9.32 Source full_product_ALU_SUM_41_I0_LUT4_F_I2_LUT3_I2_F_LUT3_F_I0_LUT4_I1_F_LUT4_I0_F_MUX2_LUT5_I1_O_MUX2_LUT6_I1_O_MUX2_LUT7_I1_O_LUT3_I1_F_LUT4_I0_F_MUX2_LUT6_O_4_S0_MUX2_LUT7_O_I1_MUX2_LUT6_O_I0_MUX2_LUT5_O_I0_LUT4_F.F
Info:    routing  0.00  9.32 Net full_product_ALU_SUM_41_I0_LUT4_F_I2_LUT3_I2_F_LUT3_F_I0_LUT4_I1_F_LUT4_I0_F_MUX2_LUT5_I1_O_MUX2_LUT6_I1_O_MUX2_LUT7_I1_O_LUT3_I1_F_LUT4_I0_F_MUX2_LUT6_O_4_S0_MUX2_LUT7_O_I1_MUX2_LUT6_O_I0_MUX2_LUT5_O_I0 (12,7) -> (12,7)
Info:                          Sink full_product_ALU_SUM_41_I0_LUT4_F_I2_LUT3_I2_F_LUT3_F_I0_LUT4_I1_F_LUT4_I0_F_MUX2_LUT5_I1_O_MUX2_LUT6_I1_O_MUX2_LUT7_I1_O_LUT3_I1_F_LUT4_I0_F_MUX2_LUT6_O_4_S0_MUX2_LUT7_O_I1_MUX2_LUT6_O_I0_MUX2_LUT5_O.I0
Info:                          Defined in:
Info:                               /usr/bin/../share/yosys/gowin/cells_map.v:165.42-165.67
Info:                               /usr/bin/../share/yosys/gowin/cells_map.v:158.41-158.66
Info:                               /usr/bin/../share/yosys/gowin/cells_map.v:151.9-151.11
Info:      logic  0.27  9.59 Source full_product_ALU_SUM_41_I0_LUT4_F_I2_LUT3_I2_F_LUT3_F_I0_LUT4_I1_F_LUT4_I0_F_MUX2_LUT5_I1_O_MUX2_LUT6_I1_O_MUX2_LUT7_I1_O_LUT3_I1_F_LUT4_I0_F_MUX2_LUT6_O_4_S0_MUX2_LUT7_O_I1_MUX2_LUT6_O_I0_MUX2_LUT5_O.O
Info:    routing  0.00  9.59 Net full_product_ALU_SUM_41_I0_LUT4_F_I2_LUT3_I2_F_LUT3_F_I0_LUT4_I1_F_LUT4_I0_F_MUX2_LUT5_I1_O_MUX2_LUT6_I1_O_MUX2_LUT7_I1_O_LUT3_I1_F_LUT4_I0_F_MUX2_LUT6_O_4_S0_MUX2_LUT7_O_I1_MUX2_LUT6_O_I0 (12,7) -> (12,7)
Info:                          Sink full_product_ALU_SUM_41_I0_LUT4_F_I2_LUT3_I2_F_LUT3_F_I0_LUT4_I1_F_LUT4_I0_F_MUX2_LUT5_I1_O_MUX2_LUT6_I1_O_MUX2_LUT7_I1_O_LUT3_I1_F_LUT4_I0_F_MUX2_LUT6_O_4_S0_MUX2_LUT7_O_I1_MUX2_LUT6_O.I0
Info:                          Defined in:
Info:                               /usr/bin/../share/yosys/gowin/cells_map.v:165.42-165.67
Info:                               /usr/bin/../share/yosys/gowin/cells_map.v:157.9-157.11
Info:      logic  0.27  9.85 Source full_product_ALU_SUM_41_I0_LUT4_F_I2_LUT3_I2_F_LUT3_F_I0_LUT4_I1_F_LUT4_I0_F_MUX2_LUT5_I1_O_MUX2_LUT6_I1_O_MUX2_LUT7_I1_O_LUT3_I1_F_LUT4_I0_F_MUX2_LUT6_O_4_S0_MUX2_LUT7_O_I1_MUX2_LUT6_O.O
Info:    routing  0.00  9.85 Net full_product_ALU_SUM_41_I0_LUT4_F_I2_LUT3_I2_F_LUT3_F_I0_LUT4_I1_F_LUT4_I0_F_MUX2_LUT5_I1_O_MUX2_LUT6_I1_O_MUX2_LUT7_I1_O_LUT3_I1_F_LUT4_I0_F_MUX2_LUT6_O_4_S0_MUX2_LUT7_O_I1 (12,7) -> (12,7)
Info:                          Sink full_product_ALU_SUM_41_I0_LUT4_F_I2_LUT3_I2_F_LUT3_F_I0_LUT4_I1_F_LUT4_I0_F_MUX2_LUT5_I1_O_MUX2_LUT6_I1_O_MUX2_LUT7_I1_O_LUT3_I1_F_LUT4_I0_F_MUX2_LUT6_O_4_S0_MUX2_LUT7_O.I1
Info:                          Defined in:
Info:                               /usr/bin/../share/yosys/gowin/cells_map.v:163.13-163.15
Info:      logic  0.27  10.12 Source full_product_ALU_SUM_41_I0_LUT4_F_I2_LUT3_I2_F_LUT3_F_I0_LUT4_I1_F_LUT4_I0_F_MUX2_LUT5_I1_O_MUX2_LUT6_I1_O_MUX2_LUT7_I1_O_LUT3_I1_F_LUT4_I0_F_MUX2_LUT6_O_4_S0_MUX2_LUT7_O.O
Info:    routing  0.64  10.76 Net full_product_ALU_SUM_41_I0_LUT4_F_I2_LUT3_I2_F_LUT3_F_I0_LUT4_I1_F_LUT4_I0_F_MUX2_LUT5_I1_O_MUX2_LUT6_I1_O_MUX2_LUT7_I1_O_LUT3_I1_F_LUT4_I0_F_MUX2_LUT6_O_3_S0[1] (12,7) -> (13,10)
Info:                          Sink full_product_ALU_SUM_41_I0_LUT4_F_I2_LUT3_I2_F_LUT3_F_I0_LUT4_I1_F_LUT4_I0_F_MUX2_LUT5_I1_O_MUX2_LUT6_I1_O_MUX2_LUT7_I1_O_LUT3_I1_F_LUT4_I0_F_MUX2_LUT6_O_3_I0_MUX2_LUT5_O_I0_LUT4_F.I1
Info:                          Defined in:
Info:                               /usr/bin/../share/yosys/gowin/cells_map.v:130.20-130.21
Info:      logic  0.57  11.33 Source full_product_ALU_SUM_41_I0_LUT4_F_I2_LUT3_I2_F_LUT3_F_I0_LUT4_I1_F_LUT4_I0_F_MUX2_LUT5_I1_O_MUX2_LUT6_I1_O_MUX2_LUT7_I1_O_LUT3_I1_F_LUT4_I0_F_MUX2_LUT6_O_3_I0_MUX2_LUT5_O_I0_LUT4_F.F
Info:    routing  0.00  11.33 Net full_product_ALU_SUM_41_I0_LUT4_F_I2_LUT3_I2_F_LUT3_F_I0_LUT4_I1_F_LUT4_I0_F_MUX2_LUT5_I1_O_MUX2_LUT6_I1_O_MUX2_LUT7_I1_O_LUT3_I1_F_LUT4_I0_F_MUX2_LUT6_O_3_I0_MUX2_LUT5_O_I0 (13,10) -> (13,10)
Info:                          Sink full_product_ALU_SUM_41_I0_LUT4_F_I2_LUT3_I2_F_LUT3_F_I0_LUT4_I1_F_LUT4_I0_F_MUX2_LUT5_I1_O_MUX2_LUT6_I1_O_MUX2_LUT7_I1_O_LUT3_I1_F_LUT4_I0_F_MUX2_LUT6_O_3_I0_MUX2_LUT5_O.I0
Info:                          Defined in:
Info:                               /usr/bin/../share/yosys/gowin/cells_map.v:158.41-158.66
Info:                               /usr/bin/../share/yosys/gowin/cells_map.v:151.9-151.11
Info:      logic  0.27  11.60 Source full_product_ALU_SUM_41_I0_LUT4_F_I2_LUT3_I2_F_LUT3_F_I0_LUT4_I1_F_LUT4_I0_F_MUX2_LUT5_I1_O_MUX2_LUT6_I1_O_MUX2_LUT7_I1_O_LUT3_I1_F_LUT4_I0_F_MUX2_LUT6_O_3_I0_MUX2_LUT5_O.O
Info:    routing  0.00  11.60 Net full_product_ALU_SUM_41_I0_LUT4_F_I2_LUT3_I2_F_LUT3_F_I0_LUT4_I1_F_LUT4_I0_F_MUX2_LUT5_I1_O_MUX2_LUT6_I1_O_MUX2_LUT7_I1_O_LUT3_I1_F_LUT4_I0_F_MUX2_LUT6_O_3_I0 (13,10) -> (13,10)
Info:                          Sink full_product_ALU_SUM_41_I0_LUT4_F_I2_LUT3_I2_F_LUT3_F_I0_LUT4_I1_F_LUT4_I0_F_MUX2_LUT5_I1_O_MUX2_LUT6_I1_O_MUX2_LUT7_I1_O_LUT3_I1_F_LUT4_I0_F_MUX2_LUT6_O_3.I0
Info:                          Defined in:
Info:                               /usr/bin/../share/yosys/gowin/cells_map.v:157.9-157.11
Info:      logic  0.27  11.87 Source full_product_ALU_SUM_41_I0_LUT4_F_I2_LUT3_I2_F_LUT3_F_I0_LUT4_I1_F_LUT4_I0_F_MUX2_LUT5_I1_O_MUX2_LUT6_I1_O_MUX2_LUT7_I1_O_LUT3_I1_F_LUT4_I0_F_MUX2_LUT6_O_3.O
Info:    routing  1.27  13.14 Net full_product_ALU_SUM_41_I0_LUT4_F_I2_LUT3_I2_F_LUT3_F_I0_LUT4_I1_F_LUT4_I0_F_MUX2_LUT5_I1_O_MUX2_LUT6_I1_O_MUX2_LUT7_I1_O_LUT3_I1_F_LUT4_I0_F[27] (13,10) -> (17,25)
Info:                          Sink full_product_ALU_SUM_43.I1
Info:                          Defined in:
Info:                               /usr/bin/../share/yosys/techmap.v:200.21-200.22
Info:      logic  0.57  13.71 Source full_product_ALU_SUM_43.COUT
Info:    routing  0.00  13.71 Net full_product_ALU_SUM_4_COUT[28] (17,25) -> (18,25)
Info:                          Sink full_product_ALU_SUM_42.CIN
Info:                          Defined in:
Info:                               /usr/bin/../share/yosys/gowin/arith_map.v:52.24-52.25
Info:      logic  0.04  13.74 Source full_product_ALU_SUM_42.COUT
Info:    routing  0.00  13.74 Net full_product_ALU_SUM_4_COUT[29] (18,25) -> (18,25)
Info:                          Sink full_product_ALU_SUM_40.CIN
Info:                          Defined in:
Info:                               /usr/bin/../share/yosys/gowin/arith_map.v:52.24-52.25
Info:      logic  0.04  13.78 Source full_product_ALU_SUM_40.COUT
Info:    routing  0.00  13.78 Net full_product_ALU_SUM_4_COUT[30] (18,25) -> (18,25)
Info:                          Sink full_product_ALU_SUM_39.CIN
Info:                          Defined in:
Info:                               /usr/bin/../share/yosys/gowin/arith_map.v:52.24-52.25
Info:      logic  0.04  13.81 Source full_product_ALU_SUM_39.COUT
Info:    routing  0.00  13.81 Net full_product_ALU_SUM_4_COUT[31] (18,25) -> (18,25)
Info:                          Sink full_product_ALU_SUM_38.CIN
Info:                          Defined in:
Info:                               /usr/bin/../share/yosys/gowin/arith_map.v:52.24-52.25
Info:      logic  0.04  13.85 Source full_product_ALU_SUM_38.COUT
Info:    routing  0.00  13.85 Net full_product_ALU_SUM_4_COUT[32] (18,25) -> (18,25)
Info:                          Sink full_product_ALU_SUM_37.CIN
Info:                          Defined in:
Info:                               /usr/bin/../share/yosys/gowin/arith_map.v:52.24-52.25
Info:      logic  0.04  13.88 Source full_product_ALU_SUM_37.COUT
Info:    routing  0.00  13.88 Net full_product_ALU_SUM_4_COUT[33] (18,25) -> (18,25)
Info:                          Sink full_product_ALU_SUM_36.CIN
Info:                          Defined in:
Info:                               /usr/bin/../share/yosys/gowin/arith_map.v:52.24-52.25
Info:      logic  0.04  13.92 Source full_product_ALU_SUM_36.COUT
Info:    routing  0.00  13.92 Net full_product_ALU_SUM_4_COUT[34] (18,25) -> (19,25)
Info:                          Sink full_product_ALU_SUM_35.CIN
Info:                          Defined in:
Info:                               /usr/bin/../share/yosys/gowin/arith_map.v:52.24-52.25
Info:      logic  0.04  13.95 Source full_product_ALU_SUM_35.COUT
Info:    routing  0.00  13.95 Net full_product_ALU_SUM_4_COUT[35] (19,25) -> (19,25)
Info:                          Sink full_product_ALU_SUM_34.CIN
Info:                          Defined in:
Info:                               /usr/bin/../share/yosys/gowin/arith_map.v:52.24-52.25
Info:      logic  0.04  13.99 Source full_product_ALU_SUM_34.COUT
Info:    routing  0.00  13.99 Net full_product_ALU_SUM_4_COUT[36] (19,25) -> (19,25)
Info:                          Sink full_product_ALU_SUM_33.CIN
Info:                          Defined in:
Info:                               /usr/bin/../share/yosys/gowin/arith_map.v:52.24-52.25
Info:      logic  0.04  14.02 Source full_product_ALU_SUM_33.COUT
Info:    routing  0.00  14.02 Net full_product_ALU_SUM_4_COUT[37] (19,25) -> (19,25)
Info:                          Sink full_product_ALU_SUM_32.CIN
Info:                          Defined in:
Info:                               /usr/bin/../share/yosys/gowin/arith_map.v:52.24-52.25
Info:      logic  0.04  14.06 Source full_product_ALU_SUM_32.COUT
Info:    routing  0.00  14.06 Net full_product_ALU_SUM_4_COUT[38] (19,25) -> (19,25)
Info:                          Sink full_product_ALU_SUM_31.CIN
Info:                          Defined in:
Info:                               /usr/bin/../share/yosys/gowin/arith_map.v:52.24-52.25
Info:      logic  0.04  14.09 Source full_product_ALU_SUM_31.COUT
Info:    routing  0.00  14.09 Net full_product_ALU_SUM_4_COUT[39] (19,25) -> (19,25)
Info:                          Sink full_product_ALU_SUM_29.CIN
Info:                          Defined in:
Info:                               /usr/bin/../share/yosys/gowin/arith_map.v:52.24-52.25
Info:      logic  0.04  14.13 Source full_product_ALU_SUM_29.COUT
Info:    routing  0.00  14.13 Net full_product_ALU_SUM_4_COUT[40] (19,25) -> (20,25)
Info:                          Sink full_product_ALU_SUM_28.CIN
Info:                          Defined in:
Info:                               /usr/bin/../share/yosys/gowin/arith_map.v:52.24-52.25
Info:      logic  0.04  14.16 Source full_product_ALU_SUM_28.COUT
Info:    routing  0.00  14.16 Net full_product_ALU_SUM_4_COUT[41] (20,25) -> (20,25)
Info:                          Sink full_product_ALU_SUM_27.CIN
Info:                          Defined in:
Info:                               /usr/bin/../share/yosys/gowin/arith_map.v:52.24-52.25
Info:      logic  0.04  14.20 Source full_product_ALU_SUM_27.COUT
Info:    routing  0.00  14.20 Net full_product_ALU_SUM_4_COUT[42] (20,25) -> (20,25)
Info:                          Sink full_product_ALU_SUM_26.CIN
Info:                          Defined in:
Info:                               /usr/bin/../share/yosys/gowin/arith_map.v:52.24-52.25
Info:      logic  0.04  14.23 Source full_product_ALU_SUM_26.COUT
Info:    routing  0.00  14.23 Net full_product_ALU_SUM_4_COUT[43] (20,25) -> (20,25)
Info:                          Sink full_product_ALU_SUM_25.CIN
Info:                          Defined in:
Info:                               /usr/bin/../share/yosys/gowin/arith_map.v:52.24-52.25
Info:      logic  0.04  14.27 Source full_product_ALU_SUM_25.COUT
Info:    routing  0.00  14.27 Net full_product_ALU_SUM_4_COUT[44] (20,25) -> (20,25)
Info:                          Sink full_product_ALU_SUM_24.CIN
Info:                          Defined in:
Info:                               /usr/bin/../share/yosys/gowin/arith_map.v:52.24-52.25
Info:      logic  0.04  14.30 Source full_product_ALU_SUM_24.COUT
Info:    routing  0.00  14.30 Net full_product_ALU_SUM_4_COUT[45] (20,25) -> (20,25)
Info:                          Sink full_product_ALU_SUM_23.CIN
Info:                          Defined in:
Info:                               /usr/bin/../share/yosys/gowin/arith_map.v:52.24-52.25
Info:      logic  0.04  14.34 Source full_product_ALU_SUM_23.COUT
Info:    routing  0.00  14.34 Net full_product_ALU_SUM_4_COUT[46] (20,25) -> (21,25)
Info:                          Sink full_product_ALU_SUM_22.CIN
Info:                          Defined in:
Info:                               /usr/bin/../share/yosys/gowin/arith_map.v:52.24-52.25
Info:      logic  0.04  14.37 Source full_product_ALU_SUM_22.COUT
Info:    routing  0.00  14.37 Net full_product_ALU_SUM_4_COUT[47] (21,25) -> (21,25)
Info:                          Sink full_product_ALU_SUM_21.CIN
Info:                          Defined in:
Info:                               /usr/bin/../share/yosys/gowin/arith_map.v:52.24-52.25
Info:      logic  0.04  14.41 Source full_product_ALU_SUM_21.COUT
Info:    routing  0.00  14.41 Net full_product_ALU_SUM_4_COUT[48] (21,25) -> (21,25)
Info:                          Sink full_product_ALU_SUM_20.CIN
Info:                          Defined in:
Info:                               /usr/bin/../share/yosys/gowin/arith_map.v:52.24-52.25
Info:      logic  0.04  14.44 Source full_product_ALU_SUM_20.COUT
Info:    routing  0.00  14.44 Net full_product_ALU_SUM_4_COUT[49] (21,25) -> (21,25)
Info:                          Sink full_product_ALU_SUM_18.CIN
Info:                          Defined in:
Info:                               /usr/bin/../share/yosys/gowin/arith_map.v:52.24-52.25
Info:      logic  0.04  14.48 Source full_product_ALU_SUM_18.COUT
Info:    routing  0.00  14.48 Net full_product_ALU_SUM_4_COUT[50] (21,25) -> (21,25)
Info:                          Sink full_product_ALU_SUM_17.CIN
Info:                          Defined in:
Info:                               /usr/bin/../share/yosys/gowin/arith_map.v:52.24-52.25
Info:      logic  0.04  14.51 Source full_product_ALU_SUM_17.COUT
Info:    routing  0.00  14.51 Net full_product_ALU_SUM_4_COUT[51] (21,25) -> (21,25)
Info:                          Sink full_product_ALU_SUM_16.CIN
Info:                          Defined in:
Info:                               /usr/bin/../share/yosys/gowin/arith_map.v:52.24-52.25
Info:      logic  0.04  14.55 Source full_product_ALU_SUM_16.COUT
Info:    routing  0.00  14.55 Net full_product_ALU_SUM_4_COUT[52] (21,25) -> (22,25)
Info:                          Sink full_product_ALU_SUM_15.CIN
Info:                          Defined in:
Info:                               /usr/bin/../share/yosys/gowin/arith_map.v:52.24-52.25
Info:      logic  0.04  14.58 Source full_product_ALU_SUM_15.COUT
Info:    routing  0.00  14.58 Net full_product_ALU_SUM_4_COUT[53] (22,25) -> (22,25)
Info:                          Sink full_product_ALU_SUM_14.CIN
Info:                          Defined in:
Info:                               /usr/bin/../share/yosys/gowin/arith_map.v:52.24-52.25
Info:      logic  0.04  14.62 Source full_product_ALU_SUM_14.COUT
Info:    routing  0.00  14.62 Net full_product_ALU_SUM_4_COUT[54] (22,25) -> (22,25)
Info:                          Sink full_product_ALU_SUM_13.CIN
Info:                          Defined in:
Info:                               /usr/bin/../share/yosys/gowin/arith_map.v:52.24-52.25
Info:      logic  0.47  15.09 Source full_product_ALU_SUM_13.SUM
Info:    routing  0.91  16.00 Net full_product[55] (22,25) -> (26,34)
Info:                          Sink debug_data_LUT4_F_1_I0_ALU_SUM_COUT_ALU_COUT_19_SUM_LUT4_F_I0_LUT2_I1_F_MUX2_LUT5_I0_O_MUX2_LUT6_I0_O_MUX2_LUT7_I0_O_MUX2_LUT5_O_1_S0_ALU_SUM_COUT_ALU_COUT_1_SUM_LUT4_F.I3
Info:                          Defined in:
Info:                               /root/chiploop-backend/backend/workflows/25794ab9-7b4e-43c1-9314-2569fbe51d07/fpga/src/rtl/review_input.sv:37.15-37.27
Info:      logic  0.37  16.37 Source debug_data_LUT4_F_1_I0_ALU_SUM_COUT_ALU_COUT_19_SUM_LUT4_F_I0_LUT2_I1_F_MUX2_LUT5_I0_O_MUX2_LUT6_I0_O_MUX2_LUT7_I0_O_MUX2_LUT5_O_1_S0_ALU_SUM_COUT_ALU_COUT_1_SUM_LUT4_F.F
Info:    routing  0.17  16.54 Net debug_data_LUT4_F_1_I0_ALU_SUM_COUT_ALU_COUT_19_SUM_LUT4_F_I0_LUT2_I1_F_MUX2_LUT5_I0_O_MUX2_LUT6_I0_O_MUX2_LUT7_I0_O_MUX2_LUT5_O_1_S0_ALU_SUM_COUT_ALU_COUT_1_SUM[3] (26,34) -> (26,34)
Info:                          Sink debug_data_LUT4_F_1_I0_ALU_SUM_COUT_ALU_COUT_4_SUM_LUT4_F_I0_LUT3_F_I1_LUT4_I1_F_MUX2_LUT5_O_2_I0_LUT2_F_I0_ALU_SUM_COUT_ALU_COUT_15_SUM_MUX2_LUT5_S0_O_MUX2_LUT5_O_1_I0_LUT4_F.I3
Info:                          Defined in:
Info:                               /usr/bin/../share/yosys/gowin/cells_map.v:130.20-130.21
Info:      logic  0.37  16.91 Source debug_data_LUT4_F_1_I0_ALU_SUM_COUT_ALU_COUT_4_SUM_LUT4_F_I0_LUT3_F_I1_LUT4_I1_F_MUX2_LUT5_O_2_I0_LUT2_F_I0_ALU_SUM_COUT_ALU_COUT_15_SUM_MUX2_LUT5_S0_O_MUX2_LUT5_O_1_I0_LUT4_F.F
Info:    routing  0.00  16.91 Net debug_data_LUT4_F_1_I0_ALU_SUM_COUT_ALU_COUT_4_SUM_LUT4_F_I0_LUT3_F_I1_LUT4_I1_F_MUX2_LUT5_O_2_I0_LUT2_F_I0_ALU_SUM_COUT_ALU_COUT_15_SUM_MUX2_LUT5_S0_O_MUX2_LUT5_O_1_I0 (26,34) -> (26,34)
Info:                          Sink debug_data_LUT4_F_1_I0_ALU_SUM_COUT_ALU_COUT_4_SUM_LUT4_F_I0_LUT3_F_I1_LUT4_I1_F_MUX2_LUT5_O_2_I0_LUT2_F_I0_ALU_SUM_COUT_ALU_COUT_15_SUM_MUX2_LUT5_S0_O_MUX2_LUT5_O_1.I0
Info:                          Defined in:
Info:                               /usr/bin/../share/yosys/gowin/cells_map.v:151.9-151.11
Info:      logic  0.27  17.17 Source debug_data_LUT4_F_1_I0_ALU_SUM_COUT_ALU_COUT_4_SUM_LUT4_F_I0_LUT3_F_I1_LUT4_I1_F_MUX2_LUT5_O_2_I0_LUT2_F_I0_ALU_SUM_COUT_ALU_COUT_15_SUM_MUX2_LUT5_S0_O_MUX2_LUT5_O_1.O
Info:    routing  0.55  17.72 Net debug_data_LUT4_F_1_I0_ALU_SUM_COUT_ALU_COUT_4_SUM_LUT4_F_I0_LUT3_F_I1_LUT4_I1_F_MUX2_LUT5_O_2_I0_LUT2_F_I0_ALU_SUM_COUT_ALU_COUT_15_SUM_MUX2_LUT5_S0_O[5] (26,34) -> (29,34)
Info:                          Sink debug_data_LUT3_F_4_I0_MUX2_LUT8_O_I0_MUX2_LUT7_O_I0_MUX2_LUT6_O.S0
Info:                          Defined in:
Info:                               /usr/bin/../share/yosys/gowin/cells_map.v:130.20-130.21
Info:      logic  0.10  17.82 Source debug_data_LUT3_F_4_I0_MUX2_LUT8_O_I0_MUX2_LUT7_O_I0_MUX2_LUT6_O.O
Info:    routing  0.00  17.82 Net debug_data_LUT3_F_4_I0_MUX2_LUT8_O_I0_MUX2_LUT7_O_I0 (29,34) -> (29,34)
Info:                          Sink debug_data_LUT3_F_4_I0_MUX2_LUT8_O_I0_MUX2_LUT7_O.I0
Info:                          Defined in:
Info:                               /usr/bin/../share/yosys/gowin/cells_map.v:170.42-170.67
Info:                               /usr/bin/../share/yosys/gowin/cells_map.v:163.9-163.11
Info:      logic  0.27  18.09 Source debug_data_LUT3_F_4_I0_MUX2_LUT8_O_I0_MUX2_LUT7_O.O
Info:    routing  0.00  18.09 Net debug_data_LUT3_F_4_I0_MUX2_LUT8_O_I0 (29,34) -> (28,34)
Info:                          Sink debug_data_LUT3_F_4_I0_MUX2_LUT8_O.I0
Info:                          Defined in:
Info:                               /usr/bin/../share/yosys/gowin/cells_map.v:169.9-169.11
Info:      logic  0.27  18.36 Source debug_data_LUT3_F_4_I0_MUX2_LUT8_O.O
Info:    routing  0.67  19.03 Net debug_data_LUT3_F_4_I0[1] (28,34) -> (28,42)
Info:                          Sink register_bank[0]_DFFCE_Q_5_D_LUT4_F.I0
Info:                          Defined in:
Info:                               /usr/bin/../share/yosys/gowin/cells_map.v:130.20-130.21
Info:      logic  0.55  19.58 Source register_bank[0]_DFFCE_Q_5_D_LUT4_F.F
Info:    routing  0.00  19.58 Net register_bank[0]_DFFCE_Q_5_D (28,42) -> (28,42)
Info:                          Sink register_bank[0]_DFFCE_Q_5.D
Info:      setup  0.04  19.61 Source register_bank[0]_DFFCE_Q_5.D
Info: 10.79 ns logic, 8.82 ns routing

Info: Max frequency for clock 'clk': 50.98 MHz (PASS at 20.00 MHz)

Info: Slack histogram:
Info:  legend: * represents 1 endpoint(s)
Info:          + represents [1,1) endpoint(s)
Info: [ 30386,  31325) |***** 
Info: [ 31325,  32264) |* 
Info: [ 32264,  33203) | 
Info: [ 33203,  34142) | 
Info: [ 34142,  35081) | 
Info: [ 35081,  36020) |* 
Info: [ 36020,  36959) | 
Info: [ 36959,  37898) |*** 
Info: [ 37898,  38837) |* 
Info: [ 38837,  39776) | 
Info: [ 39776,  40715) | 
Info: [ 40715,  41654) | 
Info: [ 41654,  42593) |* 
Info: [ 42593,  43532) | 
Info: [ 43532,  44471) | 
Info: [ 44471,  45410) |** 
Info: [ 45410,  46349) |********** 
Info: [ 46349,  47288) |************* 
Info: [ 47288,  48227) |********************************* 
Info: [ 48227,  49166) |**************** 

Info: Program finished normally.