=== STDERR ===
%Warning-UNUSEDSIGNAL: pass2/adaptive_aero_control_top.v:60:12: Signal is not used: 'tx_expected_sequence'
                                                              : ... note: In instance 'adaptive_aero_control_top'
   60 | wire [7:0] tx_expected_sequence;
      |            ^~~~~~~~~~~~~~~~~~~~
                       ... For warning description see https://verilator.org/warn/UNUSEDSIGNAL?v=5.047
                       ... Use "/* verilator lint_off UNUSEDSIGNAL */" and lint_on around source to disable this message.
%Warning-UNUSEDSIGNAL: pass2/adaptive_aero_control_top.v:61:6: Signal is not used: 'tx_request_issued'
                                                             : ... note: In instance 'adaptive_aero_control_top'
   61 | wire tx_request_issued;
      |      ^~~~~~~~~~~~~~~~~
%Warning-UNUSEDSIGNAL: pass2/adaptive_aero_control_top.v:78:13: Signal is not used: 'cmd_target_sat'
                                                              : ... note: In instance 'adaptive_aero_control_top'
   78 | wire [15:0] cmd_target_sat;
      |             ^~~~~~~~~~~~~~
%Warning-UNUSEDSIGNAL: pass2/adaptive_aero_control_top.v:79:12: Signal is not used: 'cmd_rate_limit_sat'
                                                              : ... note: In instance 'adaptive_aero_control_top'
   79 | wire [7:0] cmd_rate_limit_sat;
      |            ^~~~~~~~~~~~~~~~~~
%Warning-UNUSEDSIGNAL: pass2/adaptive_aero_control_top.v:81:13: Signal is not driven, nor used: 'rsp_output_target'
                                                              : ... note: In instance 'adaptive_aero_control_top'
   81 | wire [15:0] rsp_output_target;
      |             ^~~~~~~~~~~~~~~~~
%Warning-UNUSEDSIGNAL: pass2/adaptive_aero_control_top.v:82:12: Signal is not driven, nor used: 'rsp_rate_limit'
                                                              : ... note: In instance 'adaptive_aero_control_top'
   82 | wire [7:0] rsp_rate_limit;
      |            ^~~~~~~~~~~~~~
%Warning-UNUSEDSIGNAL: pass2/adaptive_aero_control_top.v:83:12: Signal is not driven, nor used: 'rsp_mode_bits'
                                                              : ... note: In instance 'adaptive_aero_control_top'
   83 | wire [3:0] rsp_mode_bits;
      |            ^~~~~~~~~~~~~
%Warning-UNUSEDSIGNAL: pass2/adaptive_aero_control_top.v:84:12: Signal is not driven, nor used: 'adaptive_aero_control_top_transport_tx_last_fault_code'
                                                              : ... note: In instance 'adaptive_aero_control_top'
   84 | wire [3:0] adaptive_aero_control_top_transport_tx_last_fault_code;
      |            ^~~~~~~~~~~~~~~~~~~~~~~~~~~~~~~~~~~~~~~~~~~~~~~~~~~~~~
%Warning-UNUSEDSIGNAL: pass2/adaptive_aero_control_top.v:85:12: Signal is not driven, nor used: 'adaptive_aero_control_top_transport_tx_last_sequence'
                                                              : ... note: In instance 'adaptive_aero_control_top'
   85 | wire [7:0] adaptive_aero_control_top_transport_tx_last_sequence;
      |            ^~~~~~~~~~~~~~~~~~~~~~~~~~~~~~~~~~~~~~~~~~~~~~~~~~~~
%Warning-UNUSEDSIGNAL: pass2/adaptive_aero_control_top_fault_manager.v:30:7: Signal is not used: 'cfg_enable'
                                                                           : ... note: In instance 'adaptive_aero_control_top.u_fault_manager'
   30 | input cfg_enable;
      |       ^~~~~~~~~~
%Warning-UNUSEDSIGNAL: pass2/adaptive_aero_control_top_fault_manager.v:31:7: Signal is not used: 'cfg_arm'
                                                                           : ... note: In instance 'adaptive_aero_control_top.u_fault_manager'
   31 | input cfg_arm;
      |       ^~~~~~~
%Warning-UNUSEDSIGNAL: pass2/adaptive_aero_control_top_mmio.v:36:14: Bits of signal are not used: 'ctrl_wdata'[63:56]
                                                                   : ... note: In instance 'adaptive_aero_control_top.u_mmio'
   36 | input [63:0] ctrl_wdata;
      |              ^~~~~~~~~~
%Warning-UNUSEDSIGNAL: pass2/adaptive_aero_control_top_transport.v:49:15: Bits of signal are not used: 'host_rsp_data'[127:20,7:0]
                                                                        : ... note: In instance 'adaptive_aero_control_top.u_transport'
   49 | input [127:0] host_rsp_data;
      |               ^~~~~~~~~~~~~
%Warning-UNUSEDSIGNAL: pass2/adaptive_aero_control_top_transport.v:63:11: Signal is not used: 'last_rsp_seq'
                                                                        : ... note: In instance 'adaptive_aero_control_top.u_transport'
   63 | reg [7:0] last_rsp_seq;
      |           ^~~~~~~~~~~~
%Warning-UNUSEDSIGNAL: pass2/adaptive_aero_control_top_transport.v:64:11: Signal is not used: 'last_fault_code_r'
                                                                        : ... note: In instance 'adaptive_aero_control_top.u_transport'
   64 | reg [3:0] last_fault_code_r;
      |           ^~~~~~~~~~~~~~~~~
%Error-BLKANDNBLK: pass2/adaptive_aero_control_top.v:45:12: Unsupported: Blocking and non-blocking assignments to potentially overlapping bits of same packed variable: 'adaptive_aero_control_top.cfg_fallback_mode'
   45 | wire [3:0] cfg_fallback_mode;
      |            ^~~~~~~~~~~~~~~~~
                   pass2/adaptive_aero_control_top.v:222:26: ... Location of blocking assignment (bits [3:0])
  222 | assign cfg_fallback_mode = cmd_mode_bits_sat;
      |                          ^
                   pass2/adaptive_aero_control_top_mmio.v:103:21: ... Location of nonblocking assignment (bits [3:0])
  103 |                     cfg_fallback_mode <= ctrl_wdata[51:48];
      |                     ^~~~~~~~~~~~~~~~~
                   ... For error description see https://verilator.org/warn/BLKANDNBLK?v=5.047
%Error: Exiting due to 1 error(s)

=== RETURN CODE ===
1
