=== STDOUT ===
- V e r i l a t i o n   R e p o r t: Verilator 5.047 devel rev v5.046-161-g24918b83b
- Verilator: Built from 0.187 MB sources in 7 modules, into 0.078 MB in 3 C++ files needing 0.000 MB
- Verilator: Walltime 0.023 s (elab=0.003, cvt=0.011, bld=0.000); cpu 0.023 s on 1 threads; allocated 32.359 MB

=== STDERR ===
%Warning-UNDRIVEN: pass5/adaptive_aero_control_top.v:45:12: Signal is not driven: 'cfg_fallback_mode'
                                                          : ... note: In instance 'adaptive_aero_control_top'
   45 | wire [3:0] cfg_fallback_mode;
      |            ^~~~~~~~~~~~~~~~~
                   ... For warning description see https://verilator.org/warn/UNDRIVEN?v=5.047
                   ... Use "/* verilator lint_off UNDRIVEN */" and lint_on around source to disable this message.
%Warning-UNUSEDSIGNAL: pass5/adaptive_aero_control_top.v:60:12: Signal is not used: 'tx_expected_sequence'
                                                              : ... note: In instance 'adaptive_aero_control_top'
   60 | wire [7:0] tx_expected_sequence;
      |            ^~~~~~~~~~~~~~~~~~~~
                       ... For warning description see https://verilator.org/warn/UNUSEDSIGNAL?v=5.047
                       ... Use "/* verilator lint_off UNUSEDSIGNAL */" and lint_on around source to disable this message.
%Warning-UNUSEDSIGNAL: pass5/adaptive_aero_control_top.v:61:6: Signal is not used: 'tx_request_issued'
                                                             : ... note: In instance 'adaptive_aero_control_top'
   61 | wire tx_request_issued;
      |      ^~~~~~~~~~~~~~~~~
%Warning-UNUSEDSIGNAL: pass5/adaptive_aero_control_top.v:78:13: Signal is not used: 'cmd_target_sat'
                                                              : ... note: In instance 'adaptive_aero_control_top'
   78 | wire [15:0] cmd_target_sat;
      |             ^~~~~~~~~~~~~~
%Warning-UNUSEDSIGNAL: pass5/adaptive_aero_control_top.v:79:12: Signal is not used: 'cmd_rate_limit_sat'
                                                              : ... note: In instance 'adaptive_aero_control_top'
   79 | wire [7:0] cmd_rate_limit_sat;
      |            ^~~~~~~~~~~~~~~~~~
%Warning-UNUSEDSIGNAL: pass5/adaptive_aero_control_top.v:80:12: Signal is not used: 'cmd_mode_bits_sat'
                                                              : ... note: In instance 'adaptive_aero_control_top'
   80 | wire [3:0] cmd_mode_bits_sat;
      |            ^~~~~~~~~~~~~~~~~
%Warning-UNUSEDSIGNAL: pass5/adaptive_aero_control_top.v:86:12: Signal is not driven, nor used: 'adaptive_aero_control_top_transport_tx_last_fault_code'
                                                              : ... note: In instance 'adaptive_aero_control_top'
   86 | wire [3:0] adaptive_aero_control_top_transport_tx_last_fault_code;
      |            ^~~~~~~~~~~~~~~~~~~~~~~~~~~~~~~~~~~~~~~~~~~~~~~~~~~~~~
%Warning-UNUSEDSIGNAL: pass5/adaptive_aero_control_top.v:87:12: Signal is not driven, nor used: 'adaptive_aero_control_top_transport_tx_last_sequence'
                                                              : ... note: In instance 'adaptive_aero_control_top'
   87 | wire [7:0] adaptive_aero_control_top_transport_tx_last_sequence;
      |            ^~~~~~~~~~~~~~~~~~~~~~~~~~~~~~~~~~~~~~~~~~~~~~~~~~~~
%Warning-UNUSEDSIGNAL: pass5/adaptive_aero_control_top_fault_manager.v:30:7: Signal is not used: 'cfg_enable'
                                                                           : ... note: In instance 'adaptive_aero_control_top.u_fault_manager'
   30 | input cfg_enable;
      |       ^~~~~~~~~~
%Warning-UNUSEDSIGNAL: pass5/adaptive_aero_control_top_fault_manager.v:31:7: Signal is not used: 'cfg_arm'
                                                                           : ... note: In instance 'adaptive_aero_control_top.u_fault_manager'
   31 | input cfg_arm;
      |       ^~~~~~~
%Warning-UNUSEDSIGNAL: pass5/adaptive_aero_control_top_mmio.v:35:14: Bits of signal are not used: 'ctrl_wdata'[63:56]
                                                                   : ... note: In instance 'adaptive_aero_control_top.u_mmio'
   35 | input [63:0] ctrl_wdata;
      |              ^~~~~~~~~~
%Warning-UNUSEDSIGNAL: pass5/adaptive_aero_control_top_transport.v:49:15: Bits of signal are not used: 'host_rsp_data'[127:20,7:0]
                                                                        : ... note: In instance 'adaptive_aero_control_top.u_transport'
   49 | input [127:0] host_rsp_data;
      |               ^~~~~~~~~~~~~

=== RETURN CODE ===
0
