/----------------------------------------------------------------------------\
 |                                                                            |
 |  yosys -- Yosys Open SYnthesis Suite                                       |
 |                                                                            |
 |  Copyright (C) 2012 - 2020  Claire Xenia Wolf <claire@yosyshq.com>         |
 |                                                                            |
 |  Permission to use, copy, modify, and/or distribute this software for any  |
 |  purpose with or without fee is hereby granted, provided that the above    |
 |  copyright notice and this permission notice appear in all copies.         |
 |                                                                            |
 |  THE SOFTWARE IS PROVIDED "AS IS" AND THE AUTHOR DISCLAIMS ALL WARRANTIES  |
 |  WITH REGARD TO THIS SOFTWARE INCLUDING ALL IMPLIED WARRANTIES OF          |
 |  MERCHANTABILITY AND FITNESS. IN NO EVENT SHALL THE AUTHOR BE LIABLE FOR   |
 |  ANY SPECIAL, DIRECT, INDIRECT, OR CONSEQUENTIAL DAMAGES OR ANY DAMAGES    |
 |  WHATSOEVER RESULTING FROM LOSS OF USE, DATA OR PROFITS, WHETHER IN AN     |
 |  ACTION OF CONTRACT, NEGLIGENCE OR OTHER TORTIOUS ACTION, ARISING OUT OF   |
 |  OR IN CONNECTION WITH THE USE OR PERFORMANCE OF THIS SOFTWARE.            |
 |                                                                            |
 \----------------------------------------------------------------------------/

 Yosys 0.33 (git sha1 2584903a060)


-- Executing script file `/root/chiploop-backend/backend/workflows/c12d48b3-0c8c-4c48-8f08-ff713010262e/fpga/target_explorer/certus_nx_versa_40/baseline/synth/synth.ys' --

1. Executing Verilog-2005 frontend: /root/chiploop-backend/backend/workflows/c12d48b3-0c8c-4c48-8f08-ff713010262e/fpga/src/upstream/adaptive_aero_control_top.v
Parsing SystemVerilog input from `/root/chiploop-backend/backend/workflows/c12d48b3-0c8c-4c48-8f08-ff713010262e/fpga/src/upstream/adaptive_aero_control_top.v' to AST representation.
Generating RTLIL representation for module `\adaptive_aero_control_top'.
Successfully finished Verilog frontend.

2. Executing SYNTH_NEXUS pass.

2.1. Executing Verilog-2005 frontend: /usr/bin/../share/yosys/nexus/cells_sim.v
Parsing Verilog input from `/usr/bin/../share/yosys/nexus/cells_sim.v' to AST representation.
Generating RTLIL representation for module `\LUT4'.
Generating RTLIL representation for module `\$__ABC9_LUT5'.
Generating RTLIL representation for module `\WIDEFN9'.
Generating RTLIL representation for module `\INV'.
Generating RTLIL representation for module `\BB'.
Generating RTLIL representation for module `\IB'.
Generating RTLIL representation for module `\OB'.
Generating RTLIL representation for module `\OBZ'.
Generating RTLIL representation for module `\VLO'.
Generating RTLIL representation for module `\VHI'.
Generating RTLIL representation for module `\FD1P3BX'.
Generating RTLIL representation for module `\FD1P3DX'.
Generating RTLIL representation for module `\FD1P3IX'.
Generating RTLIL representation for module `\FD1P3JX'.
Generating RTLIL representation for module `\LUT4_3'.
Generating RTLIL representation for module `\CCU2'.
Generating RTLIL representation for module `\OXIDE_FF'.
Generating RTLIL representation for module `\OXIDE_COMB'.
Generating RTLIL representation for module `\DPR16X4'.
Generating RTLIL representation for module `\OXIDE_DSP_REG'.
Generating RTLIL representation for module `\OXIDE_DSP_SIM'.
Generating RTLIL representation for module `\MULT9X9'.
Generating RTLIL representation for module `\MULT18X18'.
Generating RTLIL representation for module `\MULT18X36'.
Generating RTLIL representation for module `\MULT36X36'.
Generating RTLIL representation for module `\MULTPREADD9X9'.
Generating RTLIL representation for module `\MULTPREADD18X18'.
Generating RTLIL representation for module `\MULTADDSUB18X18'.
Generating RTLIL representation for module `\MULTADDSUB36X36'.
Generating RTLIL representation for module `\MULTADDSUB9X9WIDE'.
Successfully finished Verilog frontend.

2.2. Executing Verilog-2005 frontend: /usr/bin/../share/yosys/nexus/cells_xtra.v
Parsing Verilog input from `/usr/bin/../share/yosys/nexus/cells_xtra.v' to AST representation.
Generating RTLIL representation for module `\ACC54'.
Generating RTLIL representation for module `\ADC'.
Generating RTLIL representation for module `\ALUREG'.
Generating RTLIL representation for module `\BB_ADC'.
Generating RTLIL representation for module `\BB_CDR'.
Generating RTLIL representation for module `\BB_I3C_A'.
Generating RTLIL representation for module `\BFD1P3KX'.
Generating RTLIL representation for module `\BFD1P3LX'.
Generating RTLIL representation for module `\BNKREF18'.
Generating RTLIL representation for module `\CONFIG_LMMI'.
Generating RTLIL representation for module `\DDRDLL'.
Generating RTLIL representation for module `\DELAYA'.
Generating RTLIL representation for module `\DELAYB'.
Generating RTLIL representation for module `\DIFFIO18'.
Generating RTLIL representation for module `\DLLDEL'.
Generating RTLIL representation for module `\DP16K_MODE'.
Generating RTLIL representation for module `\DP16K'.
Generating RTLIL representation for module `\DPHY'.
Generating RTLIL representation for module `\DPSC512K'.
Generating RTLIL representation for module `\DQSBUF'.
Generating RTLIL representation for module `\EBR_CORE'.
Generating RTLIL representation for module `\EBR'.
Generating RTLIL representation for module `\ECLKDIV'.
Generating RTLIL representation for module `\ECLKSYNC'.
Generating RTLIL representation for module `\FBMUX'.
Generating RTLIL representation for module `\FIFO16K_MODE'.
Generating RTLIL representation for module `\FIFO16K'.
Generating RTLIL representation for module `\HSE'.
Generating RTLIL representation for module `\I2CFIFO'.
Generating RTLIL representation for module `\IDDR71'.
Generating RTLIL representation for module `\IDDRX1'.
Generating RTLIL representation for module `\IDDRX2DQ'.
Generating RTLIL representation for module `\IDDRX2'.
Generating RTLIL representation for module `\IDDRX4DQ'.
Generating RTLIL representation for module `\IDDRX4'.
Generating RTLIL representation for module `\IDDRX5'.
Generating RTLIL representation for module `\IFD1P3BX'.
Generating RTLIL representation for module `\IFD1P3DX'.
Generating RTLIL representation for module `\IFD1P3IX'.
Generating RTLIL representation for module `\IFD1P3JX'.
Generating RTLIL representation for module `\JTAG'.
Generating RTLIL representation for module `\LRAM'.
Generating RTLIL representation for module `\M18X36'.
Generating RTLIL representation for module `\MULT18'.
Generating RTLIL representation for module `\MULT36'.
Generating RTLIL representation for module `\MULT9'.
Generating RTLIL representation for module `\MULTADDSUB18X18WIDE'.
Replacing existing blackbox module `\MULTADDSUB9X9WIDE' at /usr/bin/../share/yosys/nexus/cells_xtra.v:2197.1-2240.10.
Generating RTLIL representation for module `\MULTADDSUB9X9WIDE'.
Generating RTLIL representation for module `\MULTIBOOT'.
Generating RTLIL representation for module `\ODDR71'.
Generating RTLIL representation for module `\ODDRX1'.
Generating RTLIL representation for module `\ODDRX2DQS'.
Generating RTLIL representation for module `\ODDRX2DQ'.
Generating RTLIL representation for module `\ODDRX2'.
Generating RTLIL representation for module `\ODDRX4DQS'.
Generating RTLIL representation for module `\ODDRX4DQ'.
Generating RTLIL representation for module `\ODDRX4'.
Generating RTLIL representation for module `\ODDRX5'.
Generating RTLIL representation for module `\OFD1P3BX'.
Generating RTLIL representation for module `\OFD1P3DX'.
Generating RTLIL representation for module `\OFD1P3IX'.
Generating RTLIL representation for module `\OFD1P3JX'.
Generating RTLIL representation for module `\OSHX2'.
Generating RTLIL representation for module `\OSHX4'.
Generating RTLIL representation for module `\PCIE'.
Generating RTLIL representation for module `\PDP16K_MODE'.
Generating RTLIL representation for module `\PDP16K'.
Generating RTLIL representation for module `\PDPSC16K_MODE'.
Generating RTLIL representation for module `\PDPSC16K'.
Generating RTLIL representation for module `\PDPSC512K'.
Generating RTLIL representation for module `\PLL'.
Generating RTLIL representation for module `\PREADD9'.
Generating RTLIL representation for module `\REFMUX'.
Generating RTLIL representation for module `\REG18'.
Generating RTLIL representation for module `\SEDC'.
Generating RTLIL representation for module `\SEIO18'.
Generating RTLIL representation for module `\SEIO33'.
Generating RTLIL representation for module `\SGMIICDR'.
Generating RTLIL representation for module `\SP16K_MODE'.
Generating RTLIL representation for module `\SP16K'.
Generating RTLIL representation for module `\SP512K'.
Generating RTLIL representation for module `\TSHX2DQS'.
Generating RTLIL representation for module `\TSHX2DQ'.
Generating RTLIL representation for module `\TSHX4DQS'.
Generating RTLIL representation for module `\TSHX4DQ'.
Generating RTLIL representation for module `\WDT'.
Generating RTLIL representation for module `\MIPI'.
Generating RTLIL representation for module `\CONFIG_IP_CORE'.
Generating RTLIL representation for module `\TSALLA'.
Generating RTLIL representation for module `\OSCA'.
Generating RTLIL representation for module `\OSC'.
Generating RTLIL representation for module `\ACC54_CORE'.
Generating RTLIL representation for module `\ADC_CORE'.
Generating RTLIL representation for module `\ALUREG_CORE'.
Generating RTLIL representation for module `\BNKREF18_CORE'.
Generating RTLIL representation for module `\BNKREF33_CORE'.
Generating RTLIL representation for module `\DIFFIO18_CORE'.
Generating RTLIL representation for module `\CONFIG_CLKRST_CORE'.
Generating RTLIL representation for module `\CONFIG_HSE_CORE'.
Generating RTLIL representation for module `\CONFIG_JTAG_CORE'.
Generating RTLIL representation for module `\CONFIG_LMMI_CORE'.
Generating RTLIL representation for module `\CONFIG_MULTIBOOT_CORE'.
Generating RTLIL representation for module `\CONFIG_SEDC_CORE'.
Generating RTLIL representation for module `\CONFIG_WDT_CORE'.
Generating RTLIL representation for module `\DDRDLL_CORE'.
Generating RTLIL representation for module `\DLLDEL_CORE'.
Generating RTLIL representation for module `\DPHY_CORE'.
Generating RTLIL representation for module `\DQSBUF_CORE'.
Generating RTLIL representation for module `\ECLKDIV_CORE'.
Generating RTLIL representation for module `\ECLKSYNC_CORE'.
Generating RTLIL representation for module `\FBMUX_CORE'.
Generating RTLIL representation for module `\I2CFIFO_CORE'.
Generating RTLIL representation for module `\LRAM_CORE'.
Generating RTLIL representation for module `\MULT18_CORE'.
Generating RTLIL representation for module `\MULT18X36_CORE'.
Generating RTLIL representation for module `\MULT36_CORE'.
Generating RTLIL representation for module `\MULT9_CORE'.
Generating RTLIL representation for module `\OSC_CORE'.
Generating RTLIL representation for module `\PCIE_CORE'.
Generating RTLIL representation for module `\PLL_CORE'.
Generating RTLIL representation for module `\PREADD9_CORE'.
Generating RTLIL representation for module `\REFMUX_CORE'.
Generating RTLIL representation for module `\REG18_CORE'.
Generating RTLIL representation for module `\SEIO18_CORE'.
Generating RTLIL representation for module `\SEIO33_CORE'.
Generating RTLIL representation for module `\SGMIICDR_CORE'.
Generating RTLIL representation for module `\GSR'.
Generating RTLIL representation for module `\DCC'.
Generating RTLIL representation for module `\DCS'.
Generating RTLIL representation for module `\GSR_CORE'.
Generating RTLIL representation for module `\PCLKDIV'.
Generating RTLIL representation for module `\PUR'.
Generating RTLIL representation for module `\PCLKDIVSP'.
Successfully finished Verilog frontend.

2.3. Executing HIERARCHY pass (managing design hierarchy).

2.3.1. Analyzing design hierarchy..
Top module:  \adaptive_aero_control_top

2.3.2. Analyzing design hierarchy..
Top module:  \adaptive_aero_control_top
Removed 0 unused modules.

2.4. Executing PROC pass (convert processes to netlists).

2.4.1. Executing PROC_CLEAN pass (remove empty switches from decision trees).
Cleaned up 0 empty switches.

2.4.2. Executing PROC_RMDEAD pass (remove dead branches from decision trees).
Marked 1 switch rules as full_case in process $proc$/usr/bin/../share/yosys/nexus/cells_sim.v:165$84 in module FD1P3JX.
Marked 1 switch rules as full_case in process $proc$/usr/bin/../share/yosys/nexus/cells_sim.v:147$80 in module FD1P3IX.
Marked 1 switch rules as full_case in process $proc$/usr/bin/../share/yosys/nexus/cells_sim.v:122$76 in module FD1P3DX.
Marked 1 switch rules as full_case in process $proc$/usr/bin/../share/yosys/nexus/cells_sim.v:97$72 in module FD1P3BX.
Marked 1 switch rules as full_case in process $proc$/root/chiploop-backend/backend/workflows/c12d48b3-0c8c-4c48-8f08-ff713010262e/fpga/src/upstream/adaptive_aero_control_top.v:22$1 in module adaptive_aero_control_top.
Removed a total of 0 dead cases.

2.4.3. Executing PROC_PRUNE pass (remove redundant assignments in processes).
Removed 7 redundant assignments.
Promoted 8 assignments to connections.

2.4.4. Executing PROC_INIT pass (extract init attributes).
Found init rule in `\FD1P3JX.$proc$/usr/bin/../share/yosys/nexus/cells_sim.v:0$87'.
  Set init value: \Q = 1'1
Found init rule in `\FD1P3IX.$proc$/usr/bin/../share/yosys/nexus/cells_sim.v:0$83'.
  Set init value: \Q = 1'0
Found init rule in `\FD1P3DX.$proc$/usr/bin/../share/yosys/nexus/cells_sim.v:0$79'.
  Set init value: \Q = 1'0
Found init rule in `\FD1P3BX.$proc$/usr/bin/../share/yosys/nexus/cells_sim.v:0$75'.
  Set init value: \Q = 1'1

2.4.5. Executing PROC_ARST pass (detect async resets in processes).
Found async reset \CD in `\FD1P3DX.$proc$/usr/bin/../share/yosys/nexus/cells_sim.v:122$76'.
Found async reset \PD in `\FD1P3BX.$proc$/usr/bin/../share/yosys/nexus/cells_sim.v:97$72'.
Found async reset \reset_n in `\adaptive_aero_control_top.$proc$/root/chiploop-backend/backend/workflows/c12d48b3-0c8c-4c48-8f08-ff713010262e/fpga/src/upstream/adaptive_aero_control_top.v:22$1'.

2.4.6. Executing PROC_ROM pass (convert switches to ROMs).
Converted 0 switches.
<suppressed ~6 debug messages>

2.4.7. Executing PROC_MUX pass (convert decision trees to multiplexers).
Creating decoders for process `\FD1P3JX.$proc$/usr/bin/../share/yosys/nexus/cells_sim.v:0$87'.
Creating decoders for process `\FD1P3JX.$proc$/usr/bin/../share/yosys/nexus/cells_sim.v:165$84'.
     1/1: $0\Q[0:0]
Creating decoders for process `\FD1P3IX.$proc$/usr/bin/../share/yosys/nexus/cells_sim.v:0$83'.
Creating decoders for process `\FD1P3IX.$proc$/usr/bin/../share/yosys/nexus/cells_sim.v:147$80'.
     1/1: $0\Q[0:0]
Creating decoders for process `\FD1P3DX.$proc$/usr/bin/../share/yosys/nexus/cells_sim.v:0$79'.
Creating decoders for process `\FD1P3DX.$proc$/usr/bin/../share/yosys/nexus/cells_sim.v:122$76'.
     1/1: $0\Q[0:0]
Creating decoders for process `\FD1P3BX.$proc$/usr/bin/../share/yosys/nexus/cells_sim.v:0$75'.
Creating decoders for process `\FD1P3BX.$proc$/usr/bin/../share/yosys/nexus/cells_sim.v:97$72'.
     1/1: $0\Q[0:0]
Creating decoders for process `\adaptive_aero_control_top.$proc$/root/chiploop-backend/backend/workflows/c12d48b3-0c8c-4c48-8f08-ff713010262e/fpga/src/upstream/adaptive_aero_control_top.v:43$3'.
Creating decoders for process `\adaptive_aero_control_top.$proc$/root/chiploop-backend/backend/workflows/c12d48b3-0c8c-4c48-8f08-ff713010262e/fpga/src/upstream/adaptive_aero_control_top.v:22$1'.
     1/7: $0\cmd_enable_r[0:0]
     2/7: $0\cmd_valid_r[0:0]
     3/7: $0\cmd_mode_r[1:0]
     4/7: $0\cmd_value_r[15:0]
     5/7: $0\safe_valid_r[0:0]
     6/7: $0\safe_mode_r[1:0]
     7/7: $0\safe_value_r[15:0]

2.4.8. Executing PROC_DLATCH pass (convert process syncs to latches).
No latch inferred for signal `\adaptive_aero_control_top.\act_cmd_valid' from process `\adaptive_aero_control_top.$proc$/root/chiploop-backend/backend/workflows/c12d48b3-0c8c-4c48-8f08-ff713010262e/fpga/src/upstream/adaptive_aero_control_top.v:43$3'.
No latch inferred for signal `\adaptive_aero_control_top.\act_cmd_enable' from process `\adaptive_aero_control_top.$proc$/root/chiploop-backend/backend/workflows/c12d48b3-0c8c-4c48-8f08-ff713010262e/fpga/src/upstream/adaptive_aero_control_top.v:43$3'.
No latch inferred for signal `\adaptive_aero_control_top.\act_cmd_value' from process `\adaptive_aero_control_top.$proc$/root/chiploop-backend/backend/workflows/c12d48b3-0c8c-4c48-8f08-ff713010262e/fpga/src/upstream/adaptive_aero_control_top.v:43$3'.
No latch inferred for signal `\adaptive_aero_control_top.\act_cmd_mode' from process `\adaptive_aero_control_top.$proc$/root/chiploop-backend/backend/workflows/c12d48b3-0c8c-4c48-8f08-ff713010262e/fpga/src/upstream/adaptive_aero_control_top.v:43$3'.

2.4.9. Executing PROC_DFF pass (convert process syncs to FFs).
Creating register for signal `\FD1P3JX.\Q' using process `\FD1P3JX.$proc$/usr/bin/../share/yosys/nexus/cells_sim.v:165$84'.
  created $dff cell `$procdff$135' with positive edge clock.
Creating register for signal `\FD1P3IX.\Q' using process `\FD1P3IX.$proc$/usr/bin/../share/yosys/nexus/cells_sim.v:147$80'.
  created $dff cell `$procdff$136' with positive edge clock.
Creating register for signal `\FD1P3DX.\Q' using process `\FD1P3DX.$proc$/usr/bin/../share/yosys/nexus/cells_sim.v:122$76'.
  created $adff cell `$procdff$137' with positive edge clock and positive level reset.
Creating register for signal `\FD1P3BX.\Q' using process `\FD1P3BX.$proc$/usr/bin/../share/yosys/nexus/cells_sim.v:97$72'.
  created $adff cell `$procdff$138' with positive edge clock and positive level reset.
Creating register for signal `\adaptive_aero_control_top.\cmd_value_r' using process `\adaptive_aero_control_top.$proc$/root/chiploop-backend/backend/workflows/c12d48b3-0c8c-4c48-8f08-ff713010262e/fpga/src/upstream/adaptive_aero_control_top.v:22$1'.
  created $adff cell `$procdff$139' with positive edge clock and negative level reset.
Creating register for signal `\adaptive_aero_control_top.\cmd_mode_r' using process `\adaptive_aero_control_top.$proc$/root/chiploop-backend/backend/workflows/c12d48b3-0c8c-4c48-8f08-ff713010262e/fpga/src/upstream/adaptive_aero_control_top.v:22$1'.
  created $adff cell `$procdff$140' with positive edge clock and negative level reset.
Creating register for signal `\adaptive_aero_control_top.\cmd_valid_r' using process `\adaptive_aero_control_top.$proc$/root/chiploop-backend/backend/workflows/c12d48b3-0c8c-4c48-8f08-ff713010262e/fpga/src/upstream/adaptive_aero_control_top.v:22$1'.
  created $adff cell `$procdff$141' with positive edge clock and negative level reset.
Creating register for signal `\adaptive_aero_control_top.\cmd_enable_r' using process `\adaptive_aero_control_top.$proc$/root/chiploop-backend/backend/workflows/c12d48b3-0c8c-4c48-8f08-ff713010262e/fpga/src/upstream/adaptive_aero_control_top.v:22$1'.
  created $adff cell `$procdff$142' with positive edge clock and negative level reset.
Creating register for signal `\adaptive_aero_control_top.\safe_value_r' using process `\adaptive_aero_control_top.$proc$/root/chiploop-backend/backend/workflows/c12d48b3-0c8c-4c48-8f08-ff713010262e/fpga/src/upstream/adaptive_aero_control_top.v:22$1'.
  created $adff cell `$procdff$143' with positive edge clock and negative level reset.
Creating register for signal `\adaptive_aero_control_top.\safe_mode_r' using process `\adaptive_aero_control_top.$proc$/root/chiploop-backend/backend/workflows/c12d48b3-0c8c-4c48-8f08-ff713010262e/fpga/src/upstream/adaptive_aero_control_top.v:22$1'.
  created $adff cell `$procdff$144' with positive edge clock and negative level reset.
Creating register for signal `\adaptive_aero_control_top.\safe_valid_r' using process `\adaptive_aero_control_top.$proc$/root/chiploop-backend/backend/workflows/c12d48b3-0c8c-4c48-8f08-ff713010262e/fpga/src/upstream/adaptive_aero_control_top.v:22$1'.
  created $adff cell `$procdff$145' with positive edge clock and negative level reset.

2.4.10. Executing PROC_MEMWR pass (convert process memory writes to cells).

2.4.11. Executing PROC_CLEAN pass (remove empty switches from decision trees).
Removing empty process `FD1P3JX.$proc$/usr/bin/../share/yosys/nexus/cells_sim.v:0$87'.
Found and cleaned up 2 empty switches in `\FD1P3JX.$proc$/usr/bin/../share/yosys/nexus/cells_sim.v:165$84'.
Removing empty process `FD1P3JX.$proc$/usr/bin/../share/yosys/nexus/cells_sim.v:165$84'.
Removing empty process `FD1P3IX.$proc$/usr/bin/../share/yosys/nexus/cells_sim.v:0$83'.
Found and cleaned up 2 empty switches in `\FD1P3IX.$proc$/usr/bin/../share/yosys/nexus/cells_sim.v:147$80'.
Removing empty process `FD1P3IX.$proc$/usr/bin/../share/yosys/nexus/cells_sim.v:147$80'.
Removing empty process `FD1P3DX.$proc$/usr/bin/../share/yosys/nexus/cells_sim.v:0$79'.
Found and cleaned up 1 empty switch in `\FD1P3DX.$proc$/usr/bin/../share/yosys/nexus/cells_sim.v:122$76'.
Removing empty process `FD1P3DX.$proc$/usr/bin/../share/yosys/nexus/cells_sim.v:122$76'.
Removing empty process `FD1P3BX.$proc$/usr/bin/../share/yosys/nexus/cells_sim.v:0$75'.
Found and cleaned up 1 empty switch in `\FD1P3BX.$proc$/usr/bin/../share/yosys/nexus/cells_sim.v:97$72'.
Removing empty process `FD1P3BX.$proc$/usr/bin/../share/yosys/nexus/cells_sim.v:97$72'.
Removing empty process `adaptive_aero_control_top.$proc$/root/chiploop-backend/backend/workflows/c12d48b3-0c8c-4c48-8f08-ff713010262e/fpga/src/upstream/adaptive_aero_control_top.v:43$3'.
Removing empty process `adaptive_aero_control_top.$proc$/root/chiploop-backend/backend/workflows/c12d48b3-0c8c-4c48-8f08-ff713010262e/fpga/src/upstream/adaptive_aero_control_top.v:22$1'.
Cleaned up 6 empty switches.

2.4.12. Executing OPT_EXPR pass (perform const folding).
Optimizing module adaptive_aero_control_top.

2.5. Executing TRIBUF pass.

2.6. Executing DEMINOUT pass (demote inout ports to input or output).

2.7. Executing OPT_EXPR pass (perform const folding).
Optimizing module adaptive_aero_control_top.

2.8. Executing OPT_CLEAN pass (remove unused cells and wires).
Finding unused cells or wires in module \adaptive_aero_control_top..
Removed 1 unused cells and 16 unused wires.
<suppressed ~2 debug messages>

2.9. Executing CHECK pass (checking for obvious problems).
Checking module adaptive_aero_control_top...
Found and reported 0 problems.

2.10. Executing OPT pass (performing simple optimizations).

2.10.1. Executing OPT_EXPR pass (perform const folding).
Optimizing module adaptive_aero_control_top.

2.10.2. Executing OPT_MERGE pass (detect identical cells).
Finding identical cells in module `\adaptive_aero_control_top'.
<suppressed ~15 debug messages>
Removed a total of 5 cells.

2.10.3. Executing OPT_MUXTREE pass (detect dead branches in mux trees).
Running muxtree optimizer on module \adaptive_aero_control_top..
  Creating internal representation of mux trees.
  Evaluating internal representation of mux trees.
  Analyzing evaluation results.
Removed 0 multiplexer ports.
<suppressed ~2 debug messages>

2.10.4. Executing OPT_REDUCE pass (consolidate $*mux and $reduce_* inputs).
  Optimizing cells in module \adaptive_aero_control_top.
  Optimizing cells in module \adaptive_aero_control_top.
Performed a total of 2 changes.

2.10.5. Executing OPT_MERGE pass (detect identical cells).
Finding identical cells in module `\adaptive_aero_control_top'.
Removed a total of 0 cells.

2.10.6. Executing OPT_DFF pass (perform DFF optimizations).

2.10.7. Executing OPT_CLEAN pass (remove unused cells and wires).
Finding unused cells or wires in module \adaptive_aero_control_top..

2.10.8. Executing OPT_EXPR pass (perform const folding).
Optimizing module adaptive_aero_control_top.
<suppressed ~1 debug messages>

2.10.9. Rerunning OPT passes. (Maybe there is more to do..)

2.10.10. Executing OPT_MUXTREE pass (detect dead branches in mux trees).
Running muxtree optimizer on module \adaptive_aero_control_top..
  Creating internal representation of mux trees.
  No muxes found in this module.
Removed 0 multiplexer ports.

2.10.11. Executing OPT_REDUCE pass (consolidate $*mux and $reduce_* inputs).
  Optimizing cells in module \adaptive_aero_control_top.
Performed a total of 0 changes.

2.10.12. Executing OPT_MERGE pass (detect identical cells).
Finding identical cells in module `\adaptive_aero_control_top'.
Removed a total of 0 cells.

2.10.13. Executing OPT_DFF pass (perform DFF optimizations).

2.10.14. Executing OPT_CLEAN pass (remove unused cells and wires).
Finding unused cells or wires in module \adaptive_aero_control_top..

2.10.15. Executing OPT_EXPR pass (perform const folding).
Optimizing module adaptive_aero_control_top.

2.10.16. Finished OPT passes. (There is nothing left to do.)

2.11. Executing FSM pass (extract and optimize FSM).

2.11.1. Executing FSM_DETECT pass (finding FSMs in design).

2.11.2. Executing FSM_EXTRACT pass (extracting FSM from design).

2.11.3. Executing FSM_OPT pass (simple optimizations of FSMs).

2.11.4. Executing OPT_CLEAN pass (remove unused cells and wires).
Finding unused cells or wires in module \adaptive_aero_control_top..

2.11.5. Executing FSM_OPT pass (simple optimizations of FSMs).

2.11.6. Executing FSM_RECODE pass (re-assigning FSM state encoding).

2.11.7. Executing FSM_INFO pass (dumping all available information on FSM cells).

2.11.8. Executing FSM_MAP pass (mapping FSMs to basic logic).

2.12. Executing OPT pass (performing simple optimizations).

2.12.1. Executing OPT_EXPR pass (perform const folding).
Optimizing module adaptive_aero_control_top.

2.12.2. Executing OPT_MERGE pass (detect identical cells).
Finding identical cells in module `\adaptive_aero_control_top'.
Removed a total of 0 cells.

2.12.3. Executing OPT_MUXTREE pass (detect dead branches in mux trees).
Running muxtree optimizer on module \adaptive_aero_control_top..
  Creating internal representation of mux trees.
  No muxes found in this module.
Removed 0 multiplexer ports.

2.12.4. Executing OPT_REDUCE pass (consolidate $*mux and $reduce_* inputs).
  Optimizing cells in module \adaptive_aero_control_top.
Performed a total of 0 changes.

2.12.5. Executing OPT_MERGE pass (detect identical cells).
Finding identical cells in module `\adaptive_aero_control_top'.
Removed a total of 0 cells.

2.12.6. Executing OPT_DFF pass (perform DFF optimizations).

2.12.7. Executing OPT_CLEAN pass (remove unused cells and wires).
Finding unused cells or wires in module \adaptive_aero_control_top..

2.12.8. Executing OPT_EXPR pass (perform const folding).
Optimizing module adaptive_aero_control_top.

2.12.9. Finished OPT passes. (There is nothing left to do.)

2.13. Executing WREDUCE pass (reducing word size of cells).

2.14. Executing PEEPOPT pass (run peephole optimizers).

2.15. Executing OPT_CLEAN pass (remove unused cells and wires).
Finding unused cells or wires in module \adaptive_aero_control_top..

2.16. Executing SHARE pass (SAT-based resource sharing).

2.17. Executing TECHMAP pass (map to technology primitives).

2.17.1. Executing Verilog-2005 frontend: /usr/bin/../share/yosys/cmp2lut.v
Parsing Verilog input from `/usr/bin/../share/yosys/cmp2lut.v' to AST representation.
Generating RTLIL representation for module `\_90_lut_cmp_'.
Successfully finished Verilog frontend.

2.17.2. Continuing TECHMAP pass.
No more expansions possible.
<suppressed ~6 debug messages>

2.18. Executing OPT_EXPR pass (perform const folding).
Optimizing module adaptive_aero_control_top.

2.19. Executing OPT_CLEAN pass (remove unused cells and wires).
Finding unused cells or wires in module \adaptive_aero_control_top..

2.20. Executing TECHMAP pass (map to technology primitives).

2.20.1. Executing Verilog-2005 frontend: /usr/bin/../share/yosys/mul2dsp.v
Parsing Verilog input from `/usr/bin/../share/yosys/mul2dsp.v' to AST representation.
Generating RTLIL representation for module `\_80_mul'.
Generating RTLIL representation for module `\_90_soft_mul'.
Successfully finished Verilog frontend.

2.20.2. Continuing TECHMAP pass.
No more expansions possible.
<suppressed ~4 debug messages>

2.21. Executing TECHMAP pass (map to technology primitives).

2.21.1. Executing Verilog-2005 frontend: /usr/bin/../share/yosys/mul2dsp.v
Parsing Verilog input from `/usr/bin/../share/yosys/mul2dsp.v' to AST representation.
Generating RTLIL representation for module `\_80_mul'.
Generating RTLIL representation for module `\_90_soft_mul'.
Successfully finished Verilog frontend.

2.21.2. Continuing TECHMAP pass.
No more expansions possible.
<suppressed ~4 debug messages>

2.22. Executing TECHMAP pass (map to technology primitives).

2.22.1. Executing Verilog-2005 frontend: /usr/bin/../share/yosys/mul2dsp.v
Parsing Verilog input from `/usr/bin/../share/yosys/mul2dsp.v' to AST representation.
Generating RTLIL representation for module `\_80_mul'.
Generating RTLIL representation for module `\_90_soft_mul'.
Successfully finished Verilog frontend.

2.22.2. Continuing TECHMAP pass.
No more expansions possible.
<suppressed ~4 debug messages>

2.23. Executing TECHMAP pass (map to technology primitives).

2.23.1. Executing Verilog-2005 frontend: /usr/bin/../share/yosys/mul2dsp.v
Parsing Verilog input from `/usr/bin/../share/yosys/mul2dsp.v' to AST representation.
Generating RTLIL representation for module `\_80_mul'.
Generating RTLIL representation for module `\_90_soft_mul'.
Successfully finished Verilog frontend.

2.23.2. Continuing TECHMAP pass.
No more expansions possible.
<suppressed ~4 debug messages>

2.24. Executing TECHMAP pass (map to technology primitives).

2.24.1. Executing Verilog-2005 frontend: /usr/bin/../share/yosys/mul2dsp.v
Parsing Verilog input from `/usr/bin/../share/yosys/mul2dsp.v' to AST representation.
Generating RTLIL representation for module `\_80_mul'.
Generating RTLIL representation for module `\_90_soft_mul'.
Successfully finished Verilog frontend.

2.24.2. Continuing TECHMAP pass.
No more expansions possible.
<suppressed ~4 debug messages>

2.25. Executing TECHMAP pass (map to technology primitives).

2.25.1. Executing Verilog-2005 frontend: /usr/bin/../share/yosys/nexus/dsp_map.v
Parsing Verilog input from `/usr/bin/../share/yosys/nexus/dsp_map.v' to AST representation.
Generating RTLIL representation for module `\$__NX_MUL36X36'.
Generating RTLIL representation for module `\$__NX_MUL36X18'.
Generating RTLIL representation for module `\$__NX_MUL18X18'.
Generating RTLIL representation for module `\$__NX_MUL9X9'.
Successfully finished Verilog frontend.

2.25.2. Continuing TECHMAP pass.
No more expansions possible.
<suppressed ~6 debug messages>

2.26. Executing ALUMACC pass (create $alu and $macc cells).
Extracting $alu and $macc cells in module adaptive_aero_control_top:
  created 0 $alu and 0 $macc cells.

2.27. Executing OPT pass (performing simple optimizations).

2.27.1. Executing OPT_EXPR pass (perform const folding).
Optimizing module adaptive_aero_control_top.

2.27.2. Executing OPT_MERGE pass (detect identical cells).
Finding identical cells in module `\adaptive_aero_control_top'.
Removed a total of 0 cells.

2.27.3. Executing OPT_MUXTREE pass (detect dead branches in mux trees).
Running muxtree optimizer on module \adaptive_aero_control_top..
  Creating internal representation of mux trees.
  No muxes found in this module.
Removed 0 multiplexer ports.

2.27.4. Executing OPT_REDUCE pass (consolidate $*mux and $reduce_* inputs).
  Optimizing cells in module \adaptive_aero_control_top.
Performed a total of 0 changes.

2.27.5. Executing OPT_MERGE pass (detect identical cells).
Finding identical cells in module `\adaptive_aero_control_top'.
Removed a total of 0 cells.

2.27.6. Executing OPT_DFF pass (perform DFF optimizations).

2.27.7. Executing OPT_CLEAN pass (remove unused cells and wires).
Finding unused cells or wires in module \adaptive_aero_control_top..

2.27.8. Executing OPT_EXPR pass (perform const folding).
Optimizing module adaptive_aero_control_top.

2.27.9. Finished OPT passes. (There is nothing left to do.)

2.28. Executing MEMORY pass.

2.28.1. Executing OPT_MEM pass (optimize memories).
Performed a total of 0 transformations.

2.28.2. Executing OPT_MEM_PRIORITY pass (removing unnecessary memory write priority relations).
Performed a total of 0 transformations.

2.28.3. Executing OPT_MEM_FEEDBACK pass (finding memory read-to-write feedback paths).

2.28.4. Executing MEMORY_BMUX2ROM pass (converting muxes to ROMs).

2.28.5. Executing MEMORY_DFF pass (merging $dff cells to $memrd).

2.28.6. Executing OPT_CLEAN pass (remove unused cells and wires).
Finding unused cells or wires in module \adaptive_aero_control_top..

2.28.7. Executing MEMORY_SHARE pass (consolidating $memrd/$memwr cells).

2.28.8. Executing OPT_MEM_WIDEN pass (optimize memories where all ports are wide).
Performed a total of 0 transformations.

2.28.9. Executing OPT_CLEAN pass (remove unused cells and wires).
Finding unused cells or wires in module \adaptive_aero_control_top..

2.28.10. Executing MEMORY_COLLECT pass (generating $mem cells).

2.29. Executing OPT_CLEAN pass (remove unused cells and wires).
Finding unused cells or wires in module \adaptive_aero_control_top..

2.30. Executing MEMORY_LIBMAP pass (mapping memories to cells).

2.31. Executing TECHMAP pass (map to technology primitives).

2.31.1. Executing Verilog-2005 frontend: /usr/bin/../share/yosys/nexus/lutrams_map.v
Parsing Verilog input from `/usr/bin/../share/yosys/nexus/lutrams_map.v' to AST representation.
Generating RTLIL representation for module `\$__NEXUS_DPR16X4_'.
Successfully finished Verilog frontend.

2.31.2. Executing Verilog-2005 frontend: /usr/bin/../share/yosys/nexus/brams_map.v
Parsing Verilog input from `/usr/bin/../share/yosys/nexus/brams_map.v' to AST representation.
Generating RTLIL representation for module `\$__NX_DP16K_'.
Generating RTLIL representation for module `\$__NX_PDP16K_'.
Successfully finished Verilog frontend.

2.31.3. Executing Verilog-2005 frontend: /usr/bin/../share/yosys/nexus/lrams_map.v
Parsing Verilog input from `/usr/bin/../share/yosys/nexus/lrams_map.v' to AST representation.
Generating RTLIL representation for module `\$__NX_DPSC512K_'.
Successfully finished Verilog frontend.

2.31.4. Continuing TECHMAP pass.
No more expansions possible.
<suppressed ~6 debug messages>

2.32. Executing OPT pass (performing simple optimizations).

2.32.1. Executing OPT_EXPR pass (perform const folding).
Optimizing module adaptive_aero_control_top.

2.32.2. Executing OPT_MERGE pass (detect identical cells).
Finding identical cells in module `\adaptive_aero_control_top'.
Removed a total of 0 cells.

2.32.3. Executing OPT_DFF pass (perform DFF optimizations).

2.32.4. Executing OPT_CLEAN pass (remove unused cells and wires).
Finding unused cells or wires in module \adaptive_aero_control_top..

2.32.5. Finished fast OPT passes.

2.33. Executing MEMORY_MAP pass (converting memories to logic and flip-flops).

2.34. Executing OPT pass (performing simple optimizations).

2.34.1. Executing OPT_EXPR pass (perform const folding).
Optimizing module adaptive_aero_control_top.

2.34.2. Executing OPT_MERGE pass (detect identical cells).
Finding identical cells in module `\adaptive_aero_control_top'.
Removed a total of 0 cells.

2.34.3. Executing OPT_MUXTREE pass (detect dead branches in mux trees).
Running muxtree optimizer on module \adaptive_aero_control_top..
  Creating internal representation of mux trees.
  No muxes found in this module.
Removed 0 multiplexer ports.

2.34.4. Executing OPT_REDUCE pass (consolidate $*mux and $reduce_* inputs).
  Optimizing cells in module \adaptive_aero_control_top.
Performed a total of 0 changes.

2.34.5. Executing OPT_MERGE pass (detect identical cells).
Finding identical cells in module `\adaptive_aero_control_top'.
Removed a total of 0 cells.

2.34.6. Executing OPT_DFF pass (perform DFF optimizations).

2.34.7. Executing OPT_CLEAN pass (remove unused cells and wires).
Finding unused cells or wires in module \adaptive_aero_control_top..

2.34.8. Executing OPT_EXPR pass (perform const folding).
Optimizing module adaptive_aero_control_top.

2.34.9. Finished OPT passes. (There is nothing left to do.)

2.35. Executing TECHMAP pass (map to technology primitives).

2.35.1. Executing Verilog-2005 frontend: /usr/bin/../share/yosys/techmap.v
Parsing Verilog input from `/usr/bin/../share/yosys/techmap.v' to AST representation.
Generating RTLIL representation for module `\_90_simplemap_bool_ops'.
Generating RTLIL representation for module `\_90_simplemap_reduce_ops'.
Generating RTLIL representation for module `\_90_simplemap_logic_ops'.
Generating RTLIL representation for module `\_90_simplemap_compare_ops'.
Generating RTLIL representation for module `\_90_simplemap_various'.
Generating RTLIL representation for module `\_90_simplemap_registers'.
Generating RTLIL representation for module `\_90_shift_ops_shr_shl_sshl_sshr'.
Generating RTLIL representation for module `\_90_shift_shiftx'.
Generating RTLIL representation for module `\_90_fa'.
Generating RTLIL representation for module `\_90_lcu'.
Generating RTLIL representation for module `\_90_alu'.
Generating RTLIL representation for module `\_90_macc'.
Generating RTLIL representation for module `\_90_alumacc'.
Generating RTLIL representation for module `\$__div_mod_u'.
Generating RTLIL representation for module `\$__div_mod_trunc'.
Generating RTLIL representation for module `\_90_div'.
Generating RTLIL representation for module `\_90_mod'.
Generating RTLIL representation for module `\$__div_mod_floor'.
Generating RTLIL representation for module `\_90_divfloor'.
Generating RTLIL representation for module `\_90_modfloor'.
Generating RTLIL representation for module `\_90_pow'.
Generating RTLIL representation for module `\_90_pmux'.
Generating RTLIL representation for module `\_90_demux'.
Generating RTLIL representation for module `\_90_lut'.
Successfully finished Verilog frontend.

2.35.2. Executing Verilog-2005 frontend: /usr/bin/../share/yosys/nexus/arith_map.v
Parsing Verilog input from `/usr/bin/../share/yosys/nexus/arith_map.v' to AST representation.
Generating RTLIL representation for module `\_80_nexus_alu'.
Successfully finished Verilog frontend.

2.35.3. Continuing TECHMAP pass.
Using extmapper simplemap for cells of type $adff.
No more expansions possible.
<suppressed ~76 debug messages>

2.36. Executing OPT pass (performing simple optimizations).

2.36.1. Executing OPT_EXPR pass (perform const folding).
Optimizing module adaptive_aero_control_top.

2.36.2. Executing OPT_MERGE pass (detect identical cells).
Finding identical cells in module `\adaptive_aero_control_top'.
Removed a total of 0 cells.

2.36.3. Executing OPT_DFF pass (perform DFF optimizations).

2.36.4. Executing OPT_CLEAN pass (remove unused cells and wires).
Finding unused cells or wires in module \adaptive_aero_control_top..

2.36.5. Finished fast OPT passes.

2.37. Executing OPT_CLEAN pass (remove unused cells and wires).
Finding unused cells or wires in module \adaptive_aero_control_top..

2.38. Executing DFFLEGALIZE pass (convert FFs to types supported by the target).

2.39. Executing TECHMAP pass (map to technology primitives).

2.39.1. Executing Verilog-2005 frontend: /usr/bin/../share/yosys/nexus/cells_map.v
Parsing Verilog input from `/usr/bin/../share/yosys/nexus/cells_map.v' to AST representation.
Generating RTLIL representation for module `\$__FF_NOLSR'.
Generating RTLIL representation for module `\$__FF_SYNCLSR'.
Generating RTLIL representation for module `\$__FF_ASYNCLSR'.
Generating RTLIL representation for module `\$_DFF_P_'.
Generating RTLIL representation for module `\$_DFFE_PP_'.
Generating RTLIL representation for module `\$_DFF_PP0_'.
Generating RTLIL representation for module `\$_DFF_PP1_'.
Generating RTLIL representation for module `\$_SDFF_PP0_'.
Generating RTLIL representation for module `\$_SDFF_PP1_'.
Generating RTLIL representation for module `\$_DFFE_PP0P_'.
Generating RTLIL representation for module `\$_DFFE_PP1P_'.
Generating RTLIL representation for module `\$_SDFFE_PP0P_'.
Generating RTLIL representation for module `\$_SDFFE_PP1P_'.
Successfully finished Verilog frontend.

2.39.2. Continuing TECHMAP pass.
Using template \$_DFF_PP0_ for cells of type $_DFF_PP0_.
Using template $paramod$a0099ac64d887a3a06fd818012d45c14ad9ae3e3\$__FF_ASYNCLSR for cells of type $__FF_ASYNCLSR.
No more expansions possible.
<suppressed ~66 debug messages>

2.40. Executing OPT_EXPR pass (perform const folding).
Optimizing module adaptive_aero_control_top.

2.41. Executing SIMPLEMAP pass (map simple cells to gate primitives).

2.42. Executing ATTRMVCP pass (move or copy attributes).

2.43. Executing OPT_CLEAN pass (remove unused cells and wires).
Finding unused cells or wires in module \adaptive_aero_control_top..
Removed 0 unused cells and 285 unused wires.
<suppressed ~1 debug messages>

2.44. Executing TECHMAP pass (map to technology primitives).

2.44.1. Executing Verilog-2005 frontend: /usr/bin/../share/yosys/nexus/latches_map.v
Parsing Verilog input from `/usr/bin/../share/yosys/nexus/latches_map.v' to AST representation.
Generating RTLIL representation for module `\$_DLATCH_N_'.
Generating RTLIL representation for module `\$_DLATCH_P_'.
Successfully finished Verilog frontend.

2.44.2. Continuing TECHMAP pass.
No more expansions possible.
<suppressed ~4 debug messages>

2.45. Executing ABC pass (technology mapping using ABC).

2.45.1. Extracting gate netlist of module `\adaptive_aero_control_top' to `<abc-temp-dir>/input.blif'..
Extracted 19 gates and 20 wires to a netlist network with 1 inputs and 19 outputs.

2.45.1.1. Executing ABC.
Running ABC command: "<yosys-exe-dir>/yosys-abc" -s -f <abc-temp-dir>/abc.script 2>&1
ABC: ABC command line: "source <abc-temp-dir>/abc.script".
ABC: 
ABC: + read_blif <abc-temp-dir>/input.blif 
ABC: + read_lut <abc-temp-dir>/lutdefs.txt 
ABC: + strash 
ABC: + &get -n 
ABC: + &fraig -x 
ABC: + &put 
ABC: + scorr 
ABC: Warning: The network is combinational (run "fraig" or "fraig_sweep").
ABC: + dc2 
ABC: + dretime 
ABC: + strash 
ABC: + dch -f 
ABC: + if 
ABC: + mfs2 
ABC: + dress <abc-temp-dir>/input.blif 
ABC: Total number of equiv classes                =       2.
ABC: Participating nodes from both networks       =      38.
ABC: Participating nodes from the first network   =      19. (  95.00 % of nodes)
ABC: Participating nodes from the second network  =      19. (  95.00 % of nodes)
ABC: Node pairs (any polarity)                    =      19. (  95.00 % of names can be moved)
ABC: Node pairs (same polarity)                   =      19. (  95.00 % of names can be moved)
ABC: Total runtime =     0.00 sec
ABC: + write_blif <abc-temp-dir>/output.blif 

2.45.1.2. Re-integrating ABC results.
ABC RESULTS:              $lut cells:       19
ABC RESULTS:        internal signals:        0
ABC RESULTS:           input signals:        1
ABC RESULTS:          output signals:       19
Removing temp directory.
Removed 0 unused cells and 20 unused wires.

2.46. Executing TECHMAP pass (map to technology primitives).

2.46.1. Executing Verilog-2005 frontend: /usr/bin/../share/yosys/nexus/cells_map.v
Parsing Verilog input from `/usr/bin/../share/yosys/nexus/cells_map.v' to AST representation.
Generating RTLIL representation for module `\$__FF_NOLSR'.
Generating RTLIL representation for module `\$__FF_SYNCLSR'.
Generating RTLIL representation for module `\$__FF_ASYNCLSR'.
Generating RTLIL representation for module `\$_DFF_P_'.
Generating RTLIL representation for module `\$_DFFE_PP_'.
Generating RTLIL representation for module `\$_DFF_PP0_'.
Generating RTLIL representation for module `\$_DFF_PP1_'.
Generating RTLIL representation for module `\$_SDFF_PP0_'.
Generating RTLIL representation for module `\$_SDFF_PP1_'.
Generating RTLIL representation for module `\$_DFFE_PP0P_'.
Generating RTLIL representation for module `\$_DFFE_PP1P_'.
Generating RTLIL representation for module `\$_SDFFE_PP0P_'.
Generating RTLIL representation for module `\$_SDFFE_PP1P_'.
Generating RTLIL representation for module `\$lut'.
Successfully finished Verilog frontend.

2.46.2. Continuing TECHMAP pass.
Using template $paramod\$lut\WIDTH=32'00000000000000000000000000000001\LUT=2'01 for cells of type $lut.
No more expansions possible.
<suppressed ~48 debug messages>

2.47. Executing SETUNDEF pass (replace undef values with defined constants).

2.48. Executing HILOMAP pass (mapping to constant drivers).
Removed 0 unused cells and 38 unused wires.

2.49. Executing AUTONAME pass.
Renamed 99 objects in module adaptive_aero_control_top (6 iterations).
<suppressed ~59 debug messages>

2.50. Executing HIERARCHY pass (managing design hierarchy).

2.50.1. Analyzing design hierarchy..
Top module:  \adaptive_aero_control_top

2.50.2. Analyzing design hierarchy..
Top module:  \adaptive_aero_control_top
Removed 0 unused modules.

2.51. Printing statistics.

=== adaptive_aero_control_top ===

   Number of wires:                 36
   Number of wire bits:            100
   Number of public wires:          36
   Number of public wire bits:     100
   Number of memories:               0
   Number of memory bits:            0
   Number of processes:              0
   Number of cells:                 39
     FD1P3DX                        19
     INV                            19
     VHI                             1

2.52. Executing CHECK pass (checking for obvious problems).
Checking module adaptive_aero_control_top...
Found and reported 0 problems.

2.53. Executing JSON backend.

End of script. Logfile hash: ee5adaca6f, CPU: user 5.52s system 0.06s, MEM: 178.66 MB peak
Yosys 0.33 (git sha1 2584903a060)
Time spent: 89% 20x read_verilog (5 sec), 2% 16x opt_clean (0 sec), ...