=== STDOUT ===
- V e r i l a t i o n   R e p o r t: Verilator 5.047 devel rev v5.046-161-g24918b83b
- Verilator: Built from 0.044 MB sources in 2 modules, into 0.058 MB in 3 C++ files needing 0.000 MB
- Verilator: Walltime 0.022 s (elab=0.002, cvt=0.011, bld=0.000); cpu 0.022 s on 1 threads; allocated 32.355 MB

=== STDERR ===
%Warning-UNUSEDSIGNAL: doMINO_aero_ctrl_safety_wrapper.v:34:14: Signal is not used: 'surface_pressure_in'
                                                              : ... note: In instance 'doMINO_aero_ctrl_safety_wrapper'
   34 | input [31:0] surface_pressure_in;
      |              ^~~~~~~~~~~~~~~~~~~
                       ... For warning description see https://verilator.org/warn/UNUSEDSIGNAL?v=5.047
                       ... Use "/* verilator lint_off UNUSEDSIGNAL */" and lint_on around source to disable this message.
%Warning-UNUSEDSIGNAL: doMINO_aero_ctrl_safety_wrapper.v:59:5: Signal is not used: 'resp_match_reg'
                                                             : ... note: In instance 'doMINO_aero_ctrl_safety_wrapper'
   59 | reg resp_match_reg;
      |     ^~~~~~~~~~~~~~
%Warning-UNUSEDSIGNAL: doMINO_aero_ctrl_safety_wrapper.v:60:5: Signal is not used: 'resp_complete_reg'
                                                             : ... note: In instance 'doMINO_aero_ctrl_safety_wrapper'
   60 | reg resp_complete_reg;
      |     ^~~~~~~~~~~~~~~~~
%Warning-UNUSEDSIGNAL: doMINO_aero_ctrl_safety_wrapper.v:61:5: Signal is not used: 'resp_accepted_reg'
                                                             : ... note: In instance 'doMINO_aero_ctrl_safety_wrapper'
   61 | reg resp_accepted_reg;
      |     ^~~~~~~~~~~~~~~~~
%Warning-UNUSEDSIGNAL: doMINO_aero_ctrl_safety_wrapper.v:62:5: Signal is not used: 'req_issued_reg'
                                                             : ... note: In instance 'doMINO_aero_ctrl_safety_wrapper'
   62 | reg req_issued_reg;
      |     ^~~~~~~~~~~~~~
%Warning-UNUSEDSIGNAL: doMINO_aero_ctrl_safety_wrapper.v:76:5: Signal is not used: 'fallback_active_reg'
                                                             : ... note: In instance 'doMINO_aero_ctrl_safety_wrapper'
   76 | reg fallback_active_reg;
      |     ^~~~~~~~~~~~~~~~~~~
%Warning-UNUSEDSIGNAL: doMINO_aero_ctrl_safety_wrapper.v:93:5: Signal is not used: 'flow_in_range_next'
                                                             : ... note: In instance 'doMINO_aero_ctrl_safety_wrapper'
   93 | reg flow_in_range_next;
      |     ^~~~~~~~~~~~~~~~~~
%Warning-UNUSEDSIGNAL: doMINO_aero_ctrl_safety_wrapper.v:94:5: Signal is not used: 'geom_valid_next'
                                                             : ... note: In instance 'doMINO_aero_ctrl_safety_wrapper'
   94 | reg geom_valid_next;
      |     ^~~~~~~~~~~~~~~
%Warning-UNUSEDSIGNAL: doMINO_aero_ctrl_safety_wrapper.v:95:5: Signal is not used: 'enable_in_next'
                                                             : ... note: In instance 'doMINO_aero_ctrl_safety_wrapper'
   95 | reg enable_in_next;
      |     ^~~~~~~~~~~~~~
%Warning-UNUSEDSIGNAL: doMINO_aero_ctrl_safety_wrapper.v:117:12: Signal is not driven, nor used: 'outstanding_age_inc'
                                                               : ... note: In instance 'doMINO_aero_ctrl_safety_wrapper'
  117 | reg [15:0] outstanding_age_inc;
      |            ^~~~~~~~~~~~~~~~~~~
%Warning-UNUSEDSIGNAL: doMINO_aero_ctrl_safety_wrapper.v:118:12: Signal is not driven, nor used: 'response_age_limit'
                                                               : ... note: In instance 'doMINO_aero_ctrl_safety_wrapper'
  118 | reg [15:0] response_age_limit;
      |            ^~~~~~~~~~~~~~~~~~
%Warning-UNUSEDSIGNAL: doMINO_aero_ctrl_safety_wrapper.v:119:12: Signal is not driven, nor used: 'response_seq_sample'
                                                               : ... note: In instance 'doMINO_aero_ctrl_safety_wrapper'
  119 | reg [15:0] response_seq_sample;
      |            ^~~~~~~~~~~~~~~~~~~
%Warning-UNUSEDSIGNAL: doMINO_aero_ctrl_safety_wrapper.v:120:12: Signal is not driven, nor used: 'req_seq_inc'
                                                               : ... note: In instance 'doMINO_aero_ctrl_safety_wrapper'
  120 | reg [15:0] req_seq_inc;
      |            ^~~~~~~~~~~
%Warning-UNUSEDSIGNAL: doMINO_aero_ctrl_safety_wrapper.v:135:5: Signal is not driven, nor used: 'request_issue_cond'
                                                              : ... note: In instance 'doMINO_aero_ctrl_safety_wrapper'
  135 | reg request_issue_cond;
      |     ^~~~~~~~~~~~~~~~~~
%Warning-UNUSEDSIGNAL: doMINO_aero_ctrl_safety_wrapper.v:137:5: Signal is not used: 'req_arm_consumed'
                                                              : ... note: In instance 'doMINO_aero_ctrl_safety_wrapper'
  137 | reg req_arm_consumed;
      |     ^~~~~~~~~~~~~~~~

=== RETURN CODE ===
0
