Warning: No PCF file specified; IO pins will be placed automatically

Info: Packing constants..
Info: Packing IOs..
Info: Packing LUT-FFs..
Info:     4701 LCs used as LUT4 only
Info:      222 LCs used as LUT4 and DFF
Info: Packing non-LUT FFs..
Info:      577 LCs used as DFF only
Info: Packing carries..
Info:       99 LCs used as CARRY only
Info: Packing indirect carry+LUT pairs...
Info:       40 LUTs merged into carry LCs
Info: Packing RAMs..
Info: Placing PLLs..
Info: Packing special functions..
Info: Packing PLLs..
Info: Promoting globals..
Info: promoting clk$SB_IO_IN (fanout 799)
Info: promoting reset_n_SB_LUT4_I3_O [reset] (fanout 795)
Info: promoting sensor_valid$SB_IO_IN [cen] (fanout 48)
Info: promoting register_bank[0]_SB_DFFES_Q_E [cen] (fanout 32)
Info: promoting register_bank[10]_SB_DFFES_Q_E [cen] (fanout 32)
Info: promoting register_bank[11]_SB_DFFES_Q_E [cen] (fanout 32)
Info: Constraining chains...
Info:       11 LCs used to legalise carry chains.
Info: Checksum: 0x4799a2f0

Info: Device utilisation:
Info: 	         ICESTORM_LC:  5572/ 1280   435%
Info: 	        ICESTORM_RAM:     0/   16     0%
Info: 	               SB_IO:    82/  112    73%
Info: 	               SB_GB:     6/    8    75%
Info: 	        ICESTORM_PLL:     0/    1     0%
Info: 	         SB_WARMBOOT:     0/    1     0%

Info: Placed 0 cells based on constraints.
ERROR: Unable to place cell 'debug_data_SB_LUT4_O_27_I2_SB_LUT4_O_I0_SB_LUT4_O_LC', no BELs remaining to implement cell type 'ICESTORM_LC'
1 warning, 1 error