=== STDOUT ===
- V e r i l a t i o n   R e p o r t: Verilator 5.047 devel rev v5.046-161-g24918b83b
- Verilator: Built from 0.131 MB sources in 6 modules, into 0.044 MB in 3 C++ files needing 0.000 MB
- Verilator: Walltime 0.022 s (elab=0.002, cvt=0.010, bld=0.000); cpu 0.022 s on 1 threads; allocated 32.359 MB

=== STDERR ===
%Warning-UNUSEDSIGNAL: pass5/adaptive_aero_control_top.v:63:17: Signal is not used: 'status_summary'
                                                              : ... note: In instance 'adaptive_aero_control_top'
   63 |     wire [31:0] status_summary;
      |                 ^~~~~~~~~~~~~~
                       ... For warning description see https://verilator.org/warn/UNUSEDSIGNAL?v=5.047
                       ... Use "/* verilator lint_off UNUSEDSIGNAL */" and lint_on around source to disable this message.
%Warning-UNUSEDSIGNAL: pass5/adaptive_aero_command_parser.v:18:11: Signal is not used: 'clk'
                                                                 : ... note: In instance 'adaptive_aero_control_top.u_parser'
   18 |     input clk;
      |           ^~~
%Warning-UNUSEDSIGNAL: pass5/adaptive_aero_csr_mmio.v:26:18: Bits of signal are not used: 'csr_wdata_in'[63:16]
                                                           : ... note: In instance 'adaptive_aero_control_top.u_csr'
   26 |     input [63:0] csr_wdata_in;
      |                  ^~~~~~~~~~~~
%Warning-UNUSEDSIGNAL: pass5/adaptive_aero_safety_controller.v:38:18: Signal is not used: 'geometry_handle_in'
                                                                    : ... note: In instance 'adaptive_aero_control_top.u_safety'
   38 |     input [15:0] geometry_handle_in;
      |                  ^~~~~~~~~~~~~~~~~~
%Warning-UNUSEDSIGNAL: pass5/adaptive_aero_safety_controller.v:44:17: Bits of signal are not used: 'packet_format_version_cfg_in'[3:2]
                                                                    : ... note: In instance 'adaptive_aero_control_top.u_safety'
   44 |     input [3:0] packet_format_version_cfg_in;
      |                 ^~~~~~~~~~~~~~~~~~~~~~~~~~~~
%Warning-UNUSEDSIGNAL: pass5/adaptive_aero_safety_controller.v:64:16: Signal is not used: 'clamp_cmd'
                                                                    : ... note: In instance 'adaptive_aero_control_top.u_safety'
   64 |     reg [15:0] clamp_cmd;
      |                ^~~~~~~~~

=== RETURN CODE ===
0
