=== STDERR ===
%Warning-PINMISSING: pass3/adaptive_aero_control_top.v:125:32: Instance has missing pin: 'request_payload'
  125 | adaptive_aero_request_packager u_request_packager (
      |                                ^~~~~~~~~~~~~~~~~~
                     pass3/adaptive_aero_request_packager.v:12:5: ... Location of port declaration
   12 |     request_payload
      |     ^~~~~~~~~~~~~~~
                     ... For warning description see https://verilator.org/warn/PINMISSING?v=5.047
                     ... Use "/* verilator lint_off PINMISSING */" and lint_on around source to disable this message.
%Error-PINNOTFOUND: pass3/adaptive_aero_control_top.v:136:6: Pin not found: 'request_inflight'
                                                           : ... Suggested alternative: 'request_valid'
  136 |     .request_inflight(status_request_inflight),
      |      ^~~~~~~~~~~~~~~~
                                                           : ... Location of instance's module declaration
    1 | module adaptive_aero_request_packager (
      |        ^~~~~~~~~~~~~~~~~~~~~~~~~~~~~~
                    ... For error description see https://verilator.org/warn/PINNOTFOUND?v=5.047
%Error-PINNOTFOUND: pass3/adaptive_aero_control_top.v:137:6: Pin not found: 'request_seq_current'
  137 |     .request_seq_current(status_last_sequence_w),
      |      ^~~~~~~~~~~~~~~~~~~
                                                           : ... Location of instance's module declaration
    1 | module adaptive_aero_request_packager (
      |        ^~~~~~~~~~~~~~~~~~~~~~~~~~~~~~
%Error-PINNOTFOUND: pass3/adaptive_aero_control_top.v:138:6: Pin not found: 'request_accept'
  138 |     .request_accept(request_age_cycles_w)
      |      ^~~~~~~~~~~~~~
                                                           : ... Location of instance's module declaration
    1 | module adaptive_aero_request_packager (
      |        ^~~~~~~~~~~~~~~~~~~~~~~~~~~~~~
%Error: Exiting due to 3 error(s)

=== RETURN CODE ===
1
