=== STDERR ===
%Warning-PINCONNECTEMPTY: pass3/adaptive_aero_control_top.v:340:10: Instance pin connected by name with empty reference: 'dout'
  340 |         .dout()
      |          ^~~~
                          ... For warning description see https://verilator.org/warn/PINCONNECTEMPTY?v=5.047
                          ... Use "/* verilator lint_off PINCONNECTEMPTY */" and lint_on around source to disable this message.
%Error-MODMISSING: pass3/adaptive_aero_control_top.v:334:5: Cannot find file containing module: 'fpga_block_ram_generic'
  334 |     fpga_block_ram_generic u_response_history_ram (
      |     ^~~~~~~~~~~~~~~~~~~~~~
                   ... For error description see https://verilator.org/warn/MODMISSING?v=5.047
                   ... This may be because there's no search path specified with -I<dir>.
                   ... Looked in:
                        fpga_block_ram_generic
                        fpga_block_ram_generic.v
                        fpga_block_ram_generic.sv
                        obj_dir/fpga_block_ram_generic
                        obj_dir/fpga_block_ram_generic.v
                        obj_dir/fpga_block_ram_generic.sv
                   ... With current working directory '/root/chiploop-backend/backend/workflows/07eafec9-8f93-49cf-8d14-866f6a4cc0f4/rtl'
%Error: Exiting due to 1 error(s)

=== RETURN CODE ===
1
