=== STDERR ===
%Warning-WIDTHTRUNC: pass2/adaptive_aero_control_top.v:192:31: Operator ASSIGN expects 128 bits on the Assign RHS, but Assign RHS's REPLICATE generates 149 bits.
                                                             : ... note: In instance 'adaptive_aero_control_top'
  192 |                 req_data_next = {16'hA55A, seq_req, cfg_diag_mode, cfg_rate_limit_en, cfg_fallback_mode, cfg_enable,
      |                               ^
                     ... For warning description see https://verilator.org/warn/WIDTHTRUNC?v=5.047
                     ... Use "/* verilator lint_off WIDTHTRUNC */" and lint_on around source to disable this message.
%Warning-WIDTHTRUNC: pass2/adaptive_aero_control_top.v:211:27: Operator ASSIGN expects 128 bits on the Assign RHS, but Assign RHS's REPLICATE generates 149 bits.
                                                             : ... note: In instance 'adaptive_aero_control_top'
  211 |             req_data_next = {16'hA55A, seq_req, cfg_diag_mode, cfg_rate_limit_en, cfg_fallback_mode, cfg_enable,
      |                           ^
%Error-MODMISSING: pass2/adaptive_aero_control_top.v:445:5: Cannot find file containing module: 'fpga_block_ram_generic'
  445 |     fpga_block_ram_generic u_response_history_ram (
      |     ^~~~~~~~~~~~~~~~~~~~~~
                   ... For error description see https://verilator.org/warn/MODMISSING?v=5.047
                   ... This may be because there's no search path specified with -I<dir>.
                   ... Looked in:
                        fpga_block_ram_generic
                        fpga_block_ram_generic.v
                        fpga_block_ram_generic.sv
                        obj_dir/fpga_block_ram_generic
                        obj_dir/fpga_block_ram_generic.v
                        obj_dir/fpga_block_ram_generic.sv
                   ... With current working directory '/root/chiploop-backend/backend/workflows/07eafec9-8f93-49cf-8d14-866f6a4cc0f4/rtl'
%Error: Exiting due to 1 error(s)

=== RETURN CODE ===
1
