Warning: No PCF file specified; IO pins will be placed automatically

Info: Packing constants..
Info: Packing IOs..
Info: Packing LUT-FFs..
Info:     4701 LCs used as LUT4 only
Info:      222 LCs used as LUT4 and DFF
Info: Packing non-LUT FFs..
Info:      577 LCs used as DFF only
Info: Packing carries..
Info:       99 LCs used as CARRY only
Info: Packing indirect carry+LUT pairs...
Info:       40 LUTs merged into carry LCs
Info: Packing RAMs..
Info: Placing PLLs..
Info: Packing special functions..
Info: Packing PLLs..
Info: Promoting globals..
Info: promoting clk$SB_IO_IN (fanout 799)
Info: promoting reset_n_SB_LUT4_I3_O [reset] (fanout 795)
Info: promoting sensor_valid$SB_IO_IN [cen] (fanout 48)
Info: promoting register_bank[0]_SB_DFFES_Q_E [cen] (fanout 32)
Info: promoting register_bank[10]_SB_DFFES_Q_E [cen] (fanout 32)
Info: promoting register_bank[11]_SB_DFFES_Q_E [cen] (fanout 32)
Info: Constraining chains...
Info:       11 LCs used to legalise carry chains.
Info: Checksum: 0xd98a6e30

Info: Device utilisation:
Info: 	         ICESTORM_LC:  5572/ 5280   105%
Info: 	        ICESTORM_RAM:     0/   30     0%
Info: 	               SB_IO:    82/   96    85%
Info: 	               SB_GB:     6/    8    75%
Info: 	        ICESTORM_PLL:     0/    1     0%
Info: 	         SB_WARMBOOT:     0/    1     0%
Info: 	        ICESTORM_DSP:     0/    8     0%
Info: 	      ICESTORM_HFOSC:     0/    1     0%
Info: 	      ICESTORM_LFOSC:     0/    1     0%
Info: 	              SB_I2C:     0/    2     0%
Info: 	              SB_SPI:     0/    2     0%
Info: 	              IO_I3C:     0/    2     0%
Info: 	         SB_LEDDA_IP:     0/    1     0%
Info: 	         SB_RGBA_DRV:     0/    1     0%
Info: 	      ICESTORM_SPRAM:     0/    4     0%

Info: Placed 0 cells based on constraints.
ERROR: Unable to find a placement location for cell 'sensor_data[14]$sb_io'
1 warning, 1 error