Warning: No PCF file specified; IO pins will be placed automatically

Info: Packing constants..
Info: Packing IOs..
Info: Packing LUT-FFs..
Info:        1 LCs used as LUT4 only
Info:        0 LCs used as LUT4 and DFF
Info: Packing non-LUT FFs..
Info:       19 LCs used as DFF only
Info: Packing carries..
Info:        0 LCs used as CARRY only
Info: Packing indirect carry+LUT pairs...
Info:        0 LUTs merged into carry LCs
Info: Packing RAMs..
Info: Placing PLLs..
Info: Packing special functions..
Info: Packing PLLs..
Info: Promoting globals..
Info: promoting clk$SB_IO_IN (fanout 19)
Info: promoting reset_n_SB_LUT4_I3_O [reset] (fanout 19)
Info: Constraining chains...
Info:        0 LCs used to legalise carry chains.
Info: Checksum: 0x9779633e

Info: Device utilisation:
Info: 	         ICESTORM_LC:    22/ 7680     0%
Info: 	        ICESTORM_RAM:     0/   32     0%
Info: 	               SB_IO:    41/  256    16%
Info: 	               SB_GB:     2/    8    25%
Info: 	        ICESTORM_PLL:     0/    2     0%
Info: 	         SB_WARMBOOT:     0/    1     0%

Info: Placed 0 cells based on constraints.
Info: Creating initial analytic placement for 22 cells, random placement wirelen = 1141.
Info:     at initial placer iter 0, wirelen = 688
Info:     at initial placer iter 1, wirelen = 688
Info:     at initial placer iter 2, wirelen = 688
Info:     at initial placer iter 3, wirelen = 688
Info: Running main analytical placer, max placement attempts per cell = 10000.
Info:     at iteration #1, type SB_GB: wirelen solved = 688, spread = 688, legal = 695; time = 0.00s
Info:     at iteration #1, type ICESTORM_LC: wirelen solved = 695, spread = 695, legal = 709; time = 0.00s
Info:     at iteration #1, type ALL: wirelen solved = 688, spread = 688, legal = 703; time = 0.00s
Info: HeAP Placer Time: 0.01s
Info:   of which solving equations: 0.00s
Info:   of which spreading cells: 0.00s
Info:   of which strict legalisation: 0.00s

Info: Running simulated annealing placer for refinement.
Info:   at iteration #1: temp = 0.000000, timing cost = 0, wirelen = 703
Info:   at iteration #5: temp = 0.000000, timing cost = 0, wirelen = 265
Info:   at iteration #10: temp = 0.000000, timing cost = 0, wirelen = 227
Info:   at iteration #15: temp = 0.000000, timing cost = 0, wirelen = 227
Info:   at iteration #20: temp = 0.000000, timing cost = 0, wirelen = 227
Info:   at iteration #20: temp = 0.000000, timing cost = 0, wirelen = 227 
Info: SA placement time 0.02s

Info: No Fmax available; no interior timing paths found in design.
Info: Checksum: 0xc7a34abb

Info: Routing..
Info: Setting up routing queue.
Info: Routing 80 arcs.
Info:            |   (re-)routed arcs  |   delta    | remaining|       time spent     |
Info:    IterCnt |  w/ripup   wo/ripup |  w/r  wo/r |      arcs| batch(sec) total(sec)|
Info:         80 |        0         80 |    0    80 |         0|       0.05       0.05|
Info: Routing complete.
Info: Router1 time 0.05s
Info: Checksum: 0x6fdbb8b8

Info: Critical path report for cross-domain path '<async>' -> 'posedge clk$SB_IO_IN_$glb_clk':
Info: curr total
Info:  0.0  0.0  Source safe_cmd_value[4]$sb_io.D_IN_0
Info:  2.2  2.2    Net safe_cmd_value[4]$SB_IO_IN (6,0) -> (6,28)
Info:                Sink cmd_value_r_SB_DFFR_Q_11_DFFLC.I0
Info:                Defined in:
Info:                  /root/chiploop-backend/backend/workflows/c12d48b3-0c8c-4c48-8f08-ff713010262e/fpga/src/upstream/adaptive_aero_control_top.v:4.19-4.33
Info:  0.5  2.7  Setup cmd_value_r_SB_DFFR_Q_11_DFFLC.I0
Info: 0.5 ns logic, 2.2 ns routing

Info: Critical path report for cross-domain path 'posedge clk$SB_IO_IN_$glb_clk' -> '<async>':
Info: curr total
Info:  0.5  0.5  Source cmd_value_r_SB_DFFR_Q_15_DFFLC.O
Info:  1.7  2.2    Net act_cmd_value[0]$SB_IO_OUT (13,23) -> (0,23)
Info:                Sink act_cmd_value[0]$sb_io.D_OUT_0
Info:                Defined in:
Info:                  /root/chiploop-backend/backend/workflows/c12d48b3-0c8c-4c48-8f08-ff713010262e/fpga/src/upstream/adaptive_aero_control_top.v:18.12-18.24
Info: 0.5 ns logic, 1.7 ns routing

Info: No Fmax available; no interior timing paths found in design.
1 warning, 0 errors

Info: Program finished normally.