Info: Constraining LVCMOS33 IO 'led_OB_O' to pin B3 (EIO; bel X87/Y24/PIOA)
Info: Constraining LVCMOS33 IO 'clk_IB_I' to pin G13 (PCLKT1_2; bel X87/Y17/PIOA)
Info: Packing IOLOGIC...
Info: Packing DSPs...
Info: Packing BRAM...
Info: Packing LRAM...
Info: Packing carries...
Info: Packing FFs...
Info:     Created 33 OXIDE_FF cells from:
Info:             32x FD1P3IX
Info:              1x FD1P3JX
Info: Packing LUTs...
Info: Packing IOLOGIC...
Info: Placing DQSBUFs...
Info: Placing edge clocks...
Info: Inferring LUT+FF pairs...
Info:     Created 1 LUT+FF pairs and extended 32 clusters using total 33 FFs and 88 LUTs
Info: Promoting globals...
Info:      promoting clock net 'clk_IB_I_O'
Info: Placing globals...
Info:     constraining clk_IB_I_O$glb_clk$drv_DCC 'DCC' to bel 'X87/Y28/DCC_R1' based on dedicated routing
Info: Generating derived timing constraints...

Info: Device utilisation:
Info: 	            OXIDE_FF:      33/  32256     0%
Info: 	          OXIDE_COMB:      88/  32256     0%
Info: 	                RAMW:       0/   4032     0%
Info: 	         SEIO33_CORE:       2/    111     1%
Info: 	         SEIO18_CORE:       0/     74     0%
Info: 	       DIFFIO18_CORE:       0/     37     0%
Info: 	            OSC_CORE:       0/      1     0%
Info: 	           OXIDE_EBR:       0/     84     0%
Info: 	        PREADD9_CORE:       0/    112     0%
Info: 	          MULT9_CORE:       0/    112     0%
Info: 	         MULT18_CORE:       0/     56     0%
Info: 	          REG18_CORE:       0/    112     0%
Info: 	      MULT18X36_CORE:       0/     28     0%
Info: 	         MULT36_CORE:       0/     14     0%
Info: 	          ACC54_CORE:       0/     28     0%
Info: 	                 DCC:       1/     62     1%
Info: 	             VCC_DRV:       1/     86     1%
Info: 	            PLL_CORE:       0/      3     0%
Info: 	           LRAM_CORE:       0/      2     0%
Info: 	             IOLOGIC:       0/     74     0%
Info: 	            SIOLOGIC:       0/    110     0%
Info: 	        ECLKDIV_CORE:       0/     12     0%
Info: 	       ECLKSYNC_CORE:       0/     12     0%
Info: 	         DQSBUF_CORE:       0/      4     0%
Info: 	         DDRDLL_CORE:       0/      2     0%
Info: 	                 DCS:       0/      1     0%
Info: 	CONFIG_MULTIBOOT_CORE:       0/      1     0%
Info: 	    CONFIG_LMMI_CORE:       0/      1     0%
Info: 	  CONFIG_CLKRST_CORE:       0/      1     0%
Info: 	     CONFIG_HSE_CORE:       0/      1     0%

Info: Placed 3 cells based on constraints.
Info: Creating initial analytic placement for 27 cells, random placement wirelen = 4339.
Info:     at initial placer iter 0, wirelen = 72
Info:     at initial placer iter 1, wirelen = 84
Info:     at initial placer iter 2, wirelen = 78
Info:     at initial placer iter 3, wirelen = 92
Info: Running main analytical placer, max placement attempts per cell = 10000.
Info:     at iteration #1, type OXIDE_COMB: wirelen solved = 80, spread = 260, legal = 276; time = 0.00s
Info:     at iteration #1, type VCC_DRV: wirelen solved = 276, spread = 276, legal = 276; time = 0.00s
Info:     at iteration #1, type ALL: wirelen solved = 66, spread = 290, legal = 290; time = 0.00s
Info:     at iteration #2, type OXIDE_COMB: wirelen solved = 46, spread = 243, legal = 256; time = 0.00s
Info:     at iteration #2, type VCC_DRV: wirelen solved = 256, spread = 256, legal = 256; time = 0.00s
Info:     at iteration #2, type ALL: wirelen solved = 57, spread = 267, legal = 274; time = 0.00s
Info:     at iteration #3, type OXIDE_COMB: wirelen solved = 58, spread = 236, legal = 248; time = 0.00s
Info:     at iteration #3, type VCC_DRV: wirelen solved = 248, spread = 248, legal = 248; time = 0.00s
Info:     at iteration #3, type ALL: wirelen solved = 60, spread = 231, legal = 251; time = 0.00s
Info:     at iteration #4, type OXIDE_COMB: wirelen solved = 56, spread = 262, legal = 287; time = 0.00s
Info:     at iteration #4, type VCC_DRV: wirelen solved = 287, spread = 287, legal = 287; time = 0.00s
Info:     at iteration #4, type ALL: wirelen solved = 56, spread = 262, legal = 272; time = 0.00s
Info:     at iteration #5, type OXIDE_COMB: wirelen solved = 62, spread = 258, legal = 251; time = 0.00s
Info:     at iteration #5, type VCC_DRV: wirelen solved = 251, spread = 251, legal = 251; time = 0.00s
Info:     at iteration #5, type ALL: wirelen solved = 66, spread = 286, legal = 276; time = 0.00s
Info:     at iteration #6, type OXIDE_COMB: wirelen solved = 94, spread = 248, legal = 263; time = 0.00s
Info:     at iteration #6, type VCC_DRV: wirelen solved = 263, spread = 263, legal = 263; time = 0.00s
Info:     at iteration #6, type ALL: wirelen solved = 64, spread = 278, legal = 278; time = 0.00s
Info:     at iteration #7, type OXIDE_COMB: wirelen solved = 78, spread = 218, legal = 238; time = 0.00s
Info:     at iteration #7, type VCC_DRV: wirelen solved = 238, spread = 238, legal = 238; time = 0.00s
Info:     at iteration #7, type ALL: wirelen solved = 74, spread = 258, legal = 258; time = 0.01s
Info:     at iteration #8, type OXIDE_COMB: wirelen solved = 99, spread = 224, legal = 258; time = 0.00s
Info:     at iteration #8, type VCC_DRV: wirelen solved = 258, spread = 258, legal = 258; time = 0.00s
Info:     at iteration #8, type ALL: wirelen solved = 74, spread = 227, legal = 281; time = 0.01s
Info: HeAP Placer Time: 0.13s
Info:   of which solving equations: 0.04s
Info:   of which spreading cells: 0.02s
Info:   of which strict legalisation: 0.00s

Info: Running simulated annealing placer for refinement.
Info:   at iteration #1: temp = 0.000000, timing cost = 24, wirelen = 251
Info:   at iteration #5: temp = 0.000000, timing cost = 27, wirelen = 156
Info:   at iteration #10: temp = 0.000000, timing cost = 19, wirelen = 141
Info:   at iteration #12: temp = 0.000000, timing cost = 18, wirelen = 144 
Info: SA placement time 0.06s

Info: Max frequency for clock 'clk_IB_I_O$glb_clk': 312.70 MHz (PASS at 12.00 MHz)

Info: Slack histogram:
Info:  legend: * represents 1 endpoint(s)
Info:          + represents [1,1) endpoint(s)
Info: [ 80135,  80242) |** 
Info: [ 80242,  80349) |**** 
Info: [ 80349,  80456) |* 
Info: [ 80456,  80563) |** 
Info: [ 80563,  80670) |* 
Info: [ 80670,  80777) |*** 
Info: [ 80777,  80884) | 
Info: [ 80884,  80991) |****** 
Info: [ 80991,  81098) | 
Info: [ 81098,  81205) |*************** 
Info: [ 81205,  81312) | 
Info: [ 81312,  81419) |** 
Info: [ 81419,  81526) |** 
Info: [ 81526,  81633) |**** 
Info: [ 81633,  81740) |**** 
Info: [ 81740,  81847) |**** 
Info: [ 81847,  81954) |****** 
Info: [ 81954,  82061) | 
Info: [ 82061,  82168) | 
Info: [ 82168,  82275) |** 
Info: Checksum: 0x1b1d965f
Info: Running post-place optimisations...
Info:      created 0 direct LUT-FF pairs
Info: Routing globals...
Info:     routed net 'clk_IB_I_O$glb_clk' using global resources
Info: Running router2...
Info: Setting up routing resources...
Info: Running main router loop...
Info:     iter=1 wires=1780 overused=271 overuse=346 archfail=NA
Info:     iter=2 wires=1649 overused=145 overuse=154 archfail=NA
Info:     iter=3 wires=1628 overused=115 overuse=118 archfail=NA
Info:     iter=4 wires=1616 overused=99 overuse=99 archfail=NA
Info:     iter=5 wires=1610 overused=81 overuse=81 archfail=NA
Info:     iter=6 wires=1590 overused=47 overuse=47 archfail=NA
Info:     iter=7 wires=1582 overused=32 overuse=32 archfail=NA
Info:     iter=8 wires=1576 overused=22 overuse=22 archfail=NA
Info:     iter=9 wires=1574 overused=16 overuse=16 archfail=NA
Info:     iter=10 wires=1574 overused=16 overuse=16 archfail=NA
Info:     iter=11 wires=1570 overused=10 overuse=10 archfail=NA
Info:     iter=12 wires=1566 overused=7 overuse=7 archfail=NA
Info:     iter=13 wires=1568 overused=9 overuse=9 archfail=NA
Info:     iter=14 wires=1567 overused=9 overuse=9 archfail=NA
Info:     iter=15 wires=1565 overused=7 overuse=7 archfail=NA
Info:     iter=16 wires=1567 overused=10 overuse=10 archfail=NA
Info:     iter=17 wires=1565 overused=7 overuse=7 archfail=NA
Info:     iter=18 wires=1567 overused=10 overuse=10 archfail=NA
Info:     iter=19 wires=1563 overused=4 overuse=4 archfail=NA
Info:     iter=20 wires=1563 overused=4 overuse=4 archfail=NA
Info:     iter=21 wires=1563 overused=4 overuse=4 archfail=NA
Info:     iter=22 wires=1566 overused=6 overuse=6 archfail=NA
Info:     iter=23 wires=1565 overused=3 overuse=3 archfail=NA
Info:     iter=24 wires=1565 overused=3 overuse=3 archfail=NA
Info:     iter=25 wires=1565 overused=3 overuse=3 archfail=NA
Info:     iter=26 wires=1565 overused=3 overuse=3 archfail=NA
Info:     iter=27 wires=1564 overused=0 overuse=0 archfail=0
Info: Router2 time 1.25s
Info: Running router1 to check that route is legal...

Info: Routing..
Info: Setting up routing queue.
Info: Routing 0 arcs.
Info:            |   (re-)routed arcs  |   delta    | remaining|       time spent     |
Info:    IterCnt |  w/ripup   wo/ripup |  w/r  wo/r |      arcs| batch(sec) total(sec)|
Info:          0 |        0          0 |    0     0 |         0|       0.00       0.00|
Info: Routing complete.
Info: Router1 time 0.00s
Info: Checksum: 0xc009da1d

Info: Critical path report for clock 'clk_IB_I_O$glb_clk' (posedge -> posedge):
Info:       type curr  total name
Info:   clk-to-q  0.34  0.34 Source slow_counter_FD1P3IX_Q_2.Q
Info:    routing  0.44  0.78 Net slow_counter[13] (81,20) -> (80,21)
Info:                          Sink slow_counter_LUT4_A_2.A
Info:                          Defined in:
Info:                               /root/chiploop-backend/backend/workflows/df5cb77c-2018-4f04-abd8-78a7002cbac6/fpga/src/handoff/pwm_fpga_demo_ip_package/rtl/pwm_fpga_demo.v:9.12-9.24
Info:      logic  0.23  1.01 Source slow_counter_LUT4_A_2.F
Info:    routing  0.44  1.45 Net slow_counter_LUT4_A_2_Z (80,21) -> (81,21)
Info:                          Sink duty_cycle_FD1P3IX_Q_SP_LUT4_Z.B
Info:      logic  0.23  1.69 Source duty_cycle_FD1P3IX_Q_SP_LUT4_Z.F
Info:    routing  0.70  2.38 Net duty_cycle_FD1P3IX_Q_SP (81,21) -> (83,23)
Info:                          Sink duty_cycle_FD1P3IX_Q_4.CE
Info:      setup  0.21  2.60 Source duty_cycle_FD1P3IX_Q_4.CE
Info: 1.02 ns logic, 1.58 ns routing

Info: Max frequency for clock 'clk_IB_I_O$glb_clk': 384.76 MHz (PASS at 12.00 MHz)

Info: Slack histogram:
Info:  legend: * represents 1 endpoint(s)
Info:          + represents [1,1) endpoint(s)
Info: [ 80734,  80827) |* 
Info: [ 80827,  80920) |*** 
Info: [ 80920,  81013) |************************ 
Info: [ 81013,  81106) |***** 
Info: [ 81106,  81199) |* 
Info: [ 81199,  81292) | 
Info: [ 81292,  81385) | 
Info: [ 81385,  81478) | 
Info: [ 81478,  81571) | 
Info: [ 81571,  81664) | 
Info: [ 81664,  81757) |* 
Info: [ 81757,  81850) |** 
Info: [ 81850,  81943) |*** 
Info: [ 81943,  82036) |**** 
Info: [ 82036,  82129) |**** 
Info: [ 82129,  82222) |****** 
Info: [ 82222,  82315) |** 
Info: [ 82315,  82408) | 
Info: [ 82408,  82501) | 
Info: [ 82501,  82594) |** 

Info: Program finished normally.