Info: Using uarch 'gowin' for device 'GW2A-LV18PG256C8/I7'

Info: Create constant nets...
Info: Modify LUTs...
Info: Pack IOBs...
Info: Pack I3C IOs...
Info: Pack MIPI IOs...
Info: Pack diff IOBs...
Info: Pack FFs into IO cells...
Info: Pack IODELAY...
Info: Pack Input Edge Monitors...
Info: Pack IO logic...
Info: Pack DESER16 logic...
Info: Pack GSR...
Info: Pack HCLK cells...
Info: Pack DLLDLYs...
Info: Pack wide LUTs...
Info: Packed MUX2_LUT8:4, MUX2_LU7:0, MUX2_LUT6:3, MUX2_LUT5:15
Info: Pack ALUs...
Info: Pack SSRAMs...
Info: Constrained 0 LUTFF pairs.
Info: Pack PLL...
Info: Pack ADC...
Info: Pack BSRAMs...
Info: Pack DSP...
Info: Pack INV...
Info: Pack buffered nets...
Info: Pack EMCU and UserFlash cells...
Info: Pack UserFlash cells...
Info: Pack DQCE cells...
Info: Pack DCS cells...
Info: Checksum: 0x5cc6f1ed

Info: Device utilisation:
Info: 	                 VCC:       1/      1   100%
Info: 	                 IOB:       0/    384     0%
Info: 	                LUT4:     162/  20736     0%
Info: 	            IOLOGICI:       0/    384     0%
Info: 	            IOLOGICO:       0/    384     0%
Info: 	           MUX2_LUT5:      53/  10368     0%
Info: 	           MUX2_LUT6:      19/   5184     0%
Info: 	           MUX2_LUT7:       8/   2592     0%
Info: 	           MUX2_LUT8:       4/   2592     0%
Info: 	                 ALU:      28/  15552     0%
Info: 	                 GND:       1/      1   100%
Info: 	                 DFF:      13/  15552     0%
Info: 	           RAM16SDP4:       0/    648     0%
Info: 	               BSRAM:       0/     46     0%
Info: 	              ALU54D:       0/     24     0%
Info: 	     MULTADDALU18X18:       0/     24     0%
Info: 	        MULTALU18X18:       0/     24     0%
Info: 	        MULTALU36X18:       0/     24     0%
Info: 	           MULT36X36:       0/     12     0%
Info: 	           MULT18X18:       0/     48     0%
Info: 	             MULT9X9:       0/     96     0%
Info: 	              PADD18:       0/     48     0%
Info: 	               PADD9:       0/     96     0%
Info: 	                 GSR:       1/      1   100%
Info: 	                 OSC:       0/      1     0%
Info: 	                rPLL:       0/      4     0%
Info: 	                BUFG:       0/     24     0%
Info: 	                DQCE:       0/     24     0%
Info: 	                 DCS:       0/      8     0%
Info: 	               DHCEN:       0/     24     0%
Info: 	              CLKDIV:       0/      8     0%
Info: 	             CLKDIV2:       0/     16     0%

Info: Running custom HCLK placer...
Info: Placed 0 cells based on constraints.
Info: Creating initial analytic placement for 65 cells, random placement wirelen = 2535.
Info:     at initial placer iter 0, wirelen = 104
Info:     at initial placer iter 1, wirelen = 101
Info:     at initial placer iter 2, wirelen = 94
Info:     at initial placer iter 3, wirelen = 97
Info: Running main analytical placer, max placement attempts per cell = 10512.
Info:     at iteration #1, type ALL: wirelen solved = 97, spread = 229, legal = 296; time = 0.01s
Info:     at iteration #2, type ALL: wirelen solved = 102, spread = 207, legal = 277; time = 0.01s
Info:     at iteration #3, type ALL: wirelen solved = 112, spread = 200, legal = 252; time = 0.01s
Info:     at iteration #4, type ALL: wirelen solved = 113, spread = 207, legal = 244; time = 0.01s
Info:     at iteration #5, type ALL: wirelen solved = 121, spread = 214, legal = 251; time = 0.01s
Info:     at iteration #6, type ALL: wirelen solved = 139, spread = 205, legal = 226; time = 0.01s
Info:     at iteration #7, type ALL: wirelen solved = 144, spread = 185, legal = 221; time = 0.01s
Info:     at iteration #8, type ALL: wirelen solved = 139, spread = 207, legal = 252; time = 0.01s
Info:     at iteration #9, type ALL: wirelen solved = 138, spread = 190, legal = 218; time = 0.01s
Info:     at iteration #10, type ALL: wirelen solved = 149, spread = 178, legal = 222; time = 0.01s
Info:     at iteration #11, type ALL: wirelen solved = 148, spread = 197, legal = 241; time = 0.01s
Info:     at iteration #12, type ALL: wirelen solved = 149, spread = 192, legal = 249; time = 0.01s
Info:     at iteration #13, type ALL: wirelen solved = 149, spread = 190, legal = 231; time = 0.01s
Info:     at iteration #14, type ALL: wirelen solved = 148, spread = 189, legal = 230; time = 0.01s
Info: HeAP Placer Time: 0.20s
Info:   of which solving equations: 0.03s
Info:   of which spreading cells: 0.03s
Info:   of which strict legalisation: 0.01s

Info: Running simulated annealing placer for refinement.
Info:   at iteration #1: temp = 0.000000, timing cost = 0, wirelen = 218
Info:   at iteration #5: temp = 0.000000, timing cost = 0, wirelen = 193
Info:   at iteration #9: temp = 0.000000, timing cost = 0, wirelen = 184 
Info: SA placement time 0.07s

Info: No Fmax available; no interior timing paths found in design.
Info: Checksum: 0x33c27b22
Info: Routing globals...

Info: Routing..
Info: Setting up routing queue.
Info: Routing 393 arcs.
Info:            |   (re-)routed arcs  |   delta    | remaining|       time spent     |
Info:    IterCnt |  w/ripup   wo/ripup |  w/r  wo/r |      arcs| batch(sec) total(sec)|
Info:        395 |        2        199 |    2   199 |         0|       0.10       0.10|
Info: Routing complete.
Info: Router1 time 0.10s
Info: Checksum: 0x2cf90bd3

Info: No Fmax available; no interior timing paths found in design.

Info: Program finished normally.