/----------------------------------------------------------------------------\
 |                                                                            |
 |  yosys -- Yosys Open SYnthesis Suite                                       |
 |                                                                            |
 |  Copyright (C) 2012 - 2020  Claire Xenia Wolf <claire@yosyshq.com>         |
 |                                                                            |
 |  Permission to use, copy, modify, and/or distribute this software for any  |
 |  purpose with or without fee is hereby granted, provided that the above    |
 |  copyright notice and this permission notice appear in all copies.         |
 |                                                                            |
 |  THE SOFTWARE IS PROVIDED "AS IS" AND THE AUTHOR DISCLAIMS ALL WARRANTIES  |
 |  WITH REGARD TO THIS SOFTWARE INCLUDING ALL IMPLIED WARRANTIES OF          |
 |  MERCHANTABILITY AND FITNESS. IN NO EVENT SHALL THE AUTHOR BE LIABLE FOR   |
 |  ANY SPECIAL, DIRECT, INDIRECT, OR CONSEQUENTIAL DAMAGES OR ANY DAMAGES    |
 |  WHATSOEVER RESULTING FROM LOSS OF USE, DATA OR PROFITS, WHETHER IN AN     |
 |  ACTION OF CONTRACT, NEGLIGENCE OR OTHER TORTIOUS ACTION, ARISING OUT OF   |
 |  OR IN CONNECTION WITH THE USE OR PERFORMANCE OF THIS SOFTWARE.            |
 |                                                                            |
 \----------------------------------------------------------------------------/

 Yosys 0.33 (git sha1 2584903a060)


-- Executing script file `/root/chiploop-backend/backend/workflows/c12d48b3-0c8c-4c48-8f08-ff713010262e/fpga/target_explorer/gowin_tang_primer_20k/baseline/synth/synth.ys' --

1. Executing Verilog-2005 frontend: /root/chiploop-backend/backend/workflows/c12d48b3-0c8c-4c48-8f08-ff713010262e/fpga/src/upstream/adaptive_aero_control_top.v
Parsing SystemVerilog input from `/root/chiploop-backend/backend/workflows/c12d48b3-0c8c-4c48-8f08-ff713010262e/fpga/src/upstream/adaptive_aero_control_top.v' to AST representation.
Generating RTLIL representation for module `\adaptive_aero_control_top'.
Successfully finished Verilog frontend.

2. Executing SYNTH_GOWIN pass.

2.1. Executing Verilog-2005 frontend: /usr/bin/../share/yosys/gowin/cells_sim.v
Parsing Verilog input from `/usr/bin/../share/yosys/gowin/cells_sim.v' to AST representation.
Generating RTLIL representation for module `\LUT1'.
Generating RTLIL representation for module `\LUT2'.
Generating RTLIL representation for module `\LUT3'.
Generating RTLIL representation for module `\LUT4'.
Generating RTLIL representation for module `\__APICULA_LUT5'.
Generating RTLIL representation for module `\__APICULA_LUT6'.
Generating RTLIL representation for module `\__APICULA_LUT7'.
Generating RTLIL representation for module `\__APICULA_LUT8'.
Generating RTLIL representation for module `\MUX2'.
Generating RTLIL representation for module `\MUX2_LUT5'.
Generating RTLIL representation for module `\MUX2_LUT6'.
Generating RTLIL representation for module `\MUX2_LUT7'.
Generating RTLIL representation for module `\MUX2_LUT8'.
Generating RTLIL representation for module `\DFF'.
Generating RTLIL representation for module `\DFFE'.
Generating RTLIL representation for module `\DFFS'.
Generating RTLIL representation for module `\DFFSE'.
Generating RTLIL representation for module `\DFFR'.
Generating RTLIL representation for module `\DFFRE'.
Generating RTLIL representation for module `\DFFP'.
Generating RTLIL representation for module `\DFFPE'.
Generating RTLIL representation for module `\DFFC'.
Generating RTLIL representation for module `\DFFCE'.
Generating RTLIL representation for module `\DFFN'.
Generating RTLIL representation for module `\DFFNE'.
Generating RTLIL representation for module `\DFFNS'.
Generating RTLIL representation for module `\DFFNSE'.
Generating RTLIL representation for module `\DFFNR'.
Generating RTLIL representation for module `\DFFNRE'.
Generating RTLIL representation for module `\DFFNP'.
Generating RTLIL representation for module `\DFFNPE'.
Generating RTLIL representation for module `\DFFNC'.
Generating RTLIL representation for module `\DFFNCE'.
Generating RTLIL representation for module `\VCC'.
Generating RTLIL representation for module `\GND'.
Generating RTLIL representation for module `\IBUF'.
Generating RTLIL representation for module `\OBUF'.
Generating RTLIL representation for module `\TBUF'.
Generating RTLIL representation for module `\IOBUF'.
Generating RTLIL representation for module `\ELVDS_OBUF'.
Generating RTLIL representation for module `\TLVDS_OBUF'.
Generating RTLIL representation for module `\OSER4'.
Generating RTLIL representation for module `\OSER8'.
Generating RTLIL representation for module `\OSER10'.
Generating RTLIL representation for module `\OVIDEO'.
Generating RTLIL representation for module `\OSER16'.
Generating RTLIL representation for module `\IDES4'.
Generating RTLIL representation for module `\IDES8'.
Generating RTLIL representation for module `\IDES10'.
Generating RTLIL representation for module `\IVIDEO'.
Generating RTLIL representation for module `\IDES16'.
Generating RTLIL representation for module `\IDDR'.
Generating RTLIL representation for module `\IDDRC'.
Generating RTLIL representation for module `\ODDR'.
Generating RTLIL representation for module `\ODDRC'.
Generating RTLIL representation for module `\GSR'.
Generating RTLIL representation for module `\ALU'.
Generating RTLIL representation for module `\RAM16S1'.
Generating RTLIL representation for module `\RAM16S2'.
Generating RTLIL representation for module `\RAM16S4'.
Generating RTLIL representation for module `\RAM16SDP1'.
Generating RTLIL representation for module `\RAM16SDP2'.
Generating RTLIL representation for module `\RAM16SDP4'.
Generating RTLIL representation for module `\SP'.
Generating RTLIL representation for module `\SPX9'.
Generating RTLIL representation for module `\SDP'.
Generating RTLIL representation for module `\SDPX9'.
Generating RTLIL representation for module `\DP'.
Generating RTLIL representation for module `\DPX9'.
Generating RTLIL representation for module `\rPLL'.
Generating RTLIL representation for module `\PLLVR'.
Generating RTLIL representation for module `\OSC'.
Generating RTLIL representation for module `\OSCZ'.
Generating RTLIL representation for module `\OSCF'.
Generating RTLIL representation for module `\OSCH'.
Generating RTLIL representation for module `\OSCW'.
Generating RTLIL representation for module `\OSCO'.
Successfully finished Verilog frontend.

2.2. Executing Verilog-2005 frontend: /usr/bin/../share/yosys/gowin/cells_xtra.v
Parsing Verilog input from `/usr/bin/../share/yosys/gowin/cells_xtra.v' to AST representation.
Generating RTLIL representation for module `\MUX2_MUX8'.
Generating RTLIL representation for module `\MUX2_MUX16'.
Generating RTLIL representation for module `\MUX2_MUX32'.
Generating RTLIL representation for module `\MUX4'.
Generating RTLIL representation for module `\MUX8'.
Generating RTLIL representation for module `\MUX16'.
Generating RTLIL representation for module `\MUX32'.
Generating RTLIL representation for module `\LUT5'.
Generating RTLIL representation for module `\LUT6'.
Generating RTLIL representation for module `\LUT7'.
Generating RTLIL representation for module `\LUT8'.
Generating RTLIL representation for module `\DL'.
Generating RTLIL representation for module `\DLE'.
Generating RTLIL representation for module `\DLC'.
Generating RTLIL representation for module `\DLCE'.
Generating RTLIL representation for module `\DLP'.
Generating RTLIL representation for module `\DLPE'.
Generating RTLIL representation for module `\DLN'.
Generating RTLIL representation for module `\DLNE'.
Generating RTLIL representation for module `\DLNC'.
Generating RTLIL representation for module `\DLNCE'.
Generating RTLIL representation for module `\DLNP'.
Generating RTLIL representation for module `\DLNPE'.
Generating RTLIL representation for module `\INV'.
Generating RTLIL representation for module `\IODELAY'.
Generating RTLIL representation for module `\IEM'.
Generating RTLIL representation for module `\ROM16'.
Generating RTLIL representation for module `\ROM'.
Generating RTLIL representation for module `\ROMX9'.
Generating RTLIL representation for module `\rSDP'.
Generating RTLIL representation for module `\rSDPX9'.
Generating RTLIL representation for module `\rROM'.
Generating RTLIL representation for module `\rROMX9'.
Generating RTLIL representation for module `\pROM'.
Generating RTLIL representation for module `\pROMX9'.
Generating RTLIL representation for module `\SDPB'.
Generating RTLIL representation for module `\SDPX9B'.
Generating RTLIL representation for module `\DPB'.
Generating RTLIL representation for module `\DPX9B'.
Generating RTLIL representation for module `\PADD18'.
Generating RTLIL representation for module `\PADD9'.
Generating RTLIL representation for module `\MULT9X9'.
Generating RTLIL representation for module `\MULT18X18'.
Generating RTLIL representation for module `\MULT36X36'.
Generating RTLIL representation for module `\MULTALU36X18'.
Generating RTLIL representation for module `\MULTADDALU18X18'.
Generating RTLIL representation for module `\MULTALU18X18'.
Generating RTLIL representation for module `\ALU54D'.
Generating RTLIL representation for module `\BUFG'.
Generating RTLIL representation for module `\BUFS'.
Generating RTLIL representation for module `\PLL'.
Generating RTLIL representation for module `\TLVDS_IBUF'.
Generating RTLIL representation for module `\TLVDS_TBUF'.
Generating RTLIL representation for module `\TLVDS_IOBUF'.
Generating RTLIL representation for module `\ELVDS_IBUF'.
Generating RTLIL representation for module `\ELVDS_TBUF'.
Generating RTLIL representation for module `\ELVDS_IOBUF'.
Generating RTLIL representation for module `\MIPI_IBUF'.
Generating RTLIL representation for module `\MIPI_IBUF_HS'.
Generating RTLIL representation for module `\MIPI_IBUF_LP'.
Generating RTLIL representation for module `\MIPI_OBUF'.
Generating RTLIL representation for module `\MIPI_OBUF_A'.
Generating RTLIL representation for module `\I3C_IOBUF'.
Generating RTLIL representation for module `\CLKDIV'.
Generating RTLIL representation for module `\DHCEN'.
Generating RTLIL representation for module `\DLL'.
Generating RTLIL representation for module `\DLLDLY'.
Generating RTLIL representation for module `\FLASH96K'.
Generating RTLIL representation for module `\FLASH256K'.
Generating RTLIL representation for module `\FLASH608K'.
Generating RTLIL representation for module `\DCS'.
Generating RTLIL representation for module `\DQCE'.
Generating RTLIL representation for module `\FLASH128K'.
Generating RTLIL representation for module `\MCU'.
Generating RTLIL representation for module `\USB20_PHY'.
Generating RTLIL representation for module `\ADC'.
Generating RTLIL representation for module `\BANDGAP'.
Generating RTLIL representation for module `\CLKDIV2'.
Generating RTLIL representation for module `\DCC'.
Generating RTLIL representation for module `\DHCENC'.
Generating RTLIL representation for module `\EMCU'.
Generating RTLIL representation for module `\FLASH64K'.
Generating RTLIL representation for module `\FLASH64KZ'.
Generating RTLIL representation for module `\I3C'.
Generating RTLIL representation for module `\IODELAYA'.
Generating RTLIL representation for module `\IODELAYC'.
Generating RTLIL representation for module `\SPMI'.
Generating RTLIL representation for module `\IODELAYB'.
Generating RTLIL representation for module `\PLLO'.
Generating RTLIL representation for module `\DCCG'.
Generating RTLIL representation for module `\FLASH96KA'.
Generating RTLIL representation for module `\MIPI_DPHY_RX'.
Generating RTLIL representation for module `\CLKDIVG'.
Successfully finished Verilog frontend.

2.3. Executing HIERARCHY pass (managing design hierarchy).

2.3.1. Analyzing design hierarchy..
Top module:  \adaptive_aero_control_top

2.3.2. Analyzing design hierarchy..
Top module:  \adaptive_aero_control_top
Removed 0 unused modules.

2.4. Executing SYNTH pass.

2.4.1. Executing PROC pass (convert processes to netlists).

2.4.1.1. Executing PROC_CLEAN pass (remove empty switches from decision trees).
Found and cleaned up 1 empty switch in `\ALU.$proc$/usr/bin/../share/yosys/gowin/cells_sim.v:913$233'.
Cleaned up 1 empty switch.

2.4.1.2. Executing PROC_RMDEAD pass (remove dead branches from decision trees).
Marked 1 switch rules as full_case in process $proc$/usr/bin/../share/yosys/gowin/cells_sim.v:535$229 in module DFFNCE.
Marked 1 switch rules as full_case in process $proc$/usr/bin/../share/yosys/gowin/cells_sim.v:515$227 in module DFFNC.
Marked 1 switch rules as full_case in process $proc$/usr/bin/../share/yosys/gowin/cells_sim.v:496$225 in module DFFNPE.
Marked 1 switch rules as full_case in process $proc$/usr/bin/../share/yosys/gowin/cells_sim.v:476$223 in module DFFNP.
Marked 1 switch rules as full_case in process $proc$/usr/bin/../share/yosys/gowin/cells_sim.v:457$221 in module DFFNRE.
Marked 1 switch rules as full_case in process $proc$/usr/bin/../share/yosys/gowin/cells_sim.v:437$219 in module DFFNR.
Marked 1 switch rules as full_case in process $proc$/usr/bin/../share/yosys/gowin/cells_sim.v:418$217 in module DFFNSE.
Marked 1 switch rules as full_case in process $proc$/usr/bin/../share/yosys/gowin/cells_sim.v:398$215 in module DFFNS.
Marked 1 switch rules as full_case in process $proc$/usr/bin/../share/yosys/gowin/cells_sim.v:348$209 in module DFFCE.
Marked 1 switch rules as full_case in process $proc$/usr/bin/../share/yosys/gowin/cells_sim.v:328$207 in module DFFC.
Marked 1 switch rules as full_case in process $proc$/usr/bin/../share/yosys/gowin/cells_sim.v:309$205 in module DFFPE.
Marked 1 switch rules as full_case in process $proc$/usr/bin/../share/yosys/gowin/cells_sim.v:289$203 in module DFFP.
Marked 1 switch rules as full_case in process $proc$/usr/bin/../share/yosys/gowin/cells_sim.v:270$201 in module DFFRE.
Marked 1 switch rules as full_case in process $proc$/usr/bin/../share/yosys/gowin/cells_sim.v:250$199 in module DFFR.
Marked 1 switch rules as full_case in process $proc$/usr/bin/../share/yosys/gowin/cells_sim.v:231$197 in module DFFSE.
Marked 1 switch rules as full_case in process $proc$/usr/bin/../share/yosys/gowin/cells_sim.v:211$195 in module DFFS.
Marked 1 switch rules as full_case in process $proc$/root/chiploop-backend/backend/workflows/c12d48b3-0c8c-4c48-8f08-ff713010262e/fpga/src/upstream/adaptive_aero_control_top.v:22$1 in module adaptive_aero_control_top.
Removed a total of 0 dead cases.

2.4.1.3. Executing PROC_PRUNE pass (remove redundant assignments in processes).
Removed 15 redundant assignments.
Promoted 30 assignments to connections.

2.4.1.4. Executing PROC_INIT pass (extract init attributes).
Found init rule in `\DFFNCE.$proc$/usr/bin/../share/yosys/gowin/cells_sim.v:0$230'.
  Set init value: \Q = 1'0
Found init rule in `\DFFNC.$proc$/usr/bin/../share/yosys/gowin/cells_sim.v:0$228'.
  Set init value: \Q = 1'0
Found init rule in `\DFFNPE.$proc$/usr/bin/../share/yosys/gowin/cells_sim.v:0$226'.
  Set init value: \Q = 1'1
Found init rule in `\DFFNP.$proc$/usr/bin/../share/yosys/gowin/cells_sim.v:0$224'.
  Set init value: \Q = 1'1
Found init rule in `\DFFNRE.$proc$/usr/bin/../share/yosys/gowin/cells_sim.v:0$222'.
  Set init value: \Q = 1'0
Found init rule in `\DFFNR.$proc$/usr/bin/../share/yosys/gowin/cells_sim.v:0$220'.
  Set init value: \Q = 1'0
Found init rule in `\DFFNSE.$proc$/usr/bin/../share/yosys/gowin/cells_sim.v:0$218'.
  Set init value: \Q = 1'1
Found init rule in `\DFFNS.$proc$/usr/bin/../share/yosys/gowin/cells_sim.v:0$216'.
  Set init value: \Q = 1'1
Found init rule in `\DFFNE.$proc$/usr/bin/../share/yosys/gowin/cells_sim.v:0$214'.
  Set init value: \Q = 1'0
Found init rule in `\DFFN.$proc$/usr/bin/../share/yosys/gowin/cells_sim.v:0$212'.
  Set init value: \Q = 1'0
Found init rule in `\DFFCE.$proc$/usr/bin/../share/yosys/gowin/cells_sim.v:0$210'.
  Set init value: \Q = 1'0
Found init rule in `\DFFC.$proc$/usr/bin/../share/yosys/gowin/cells_sim.v:0$208'.
  Set init value: \Q = 1'0
Found init rule in `\DFFPE.$proc$/usr/bin/../share/yosys/gowin/cells_sim.v:0$206'.
  Set init value: \Q = 1'1
Found init rule in `\DFFP.$proc$/usr/bin/../share/yosys/gowin/cells_sim.v:0$204'.
  Set init value: \Q = 1'1
Found init rule in `\DFFRE.$proc$/usr/bin/../share/yosys/gowin/cells_sim.v:0$202'.
  Set init value: \Q = 1'0
Found init rule in `\DFFR.$proc$/usr/bin/../share/yosys/gowin/cells_sim.v:0$200'.
  Set init value: \Q = 1'0
Found init rule in `\DFFSE.$proc$/usr/bin/../share/yosys/gowin/cells_sim.v:0$198'.
  Set init value: \Q = 1'1
Found init rule in `\DFFS.$proc$/usr/bin/../share/yosys/gowin/cells_sim.v:0$196'.
  Set init value: \Q = 1'1
Found init rule in `\DFFE.$proc$/usr/bin/../share/yosys/gowin/cells_sim.v:0$194'.
  Set init value: \Q = 1'0
Found init rule in `\DFF.$proc$/usr/bin/../share/yosys/gowin/cells_sim.v:0$192'.
  Set init value: \Q = 1'0

2.4.1.5. Executing PROC_ARST pass (detect async resets in processes).
Found async reset \CLEAR in `\DFFNCE.$proc$/usr/bin/../share/yosys/gowin/cells_sim.v:535$229'.
Found async reset \CLEAR in `\DFFNC.$proc$/usr/bin/../share/yosys/gowin/cells_sim.v:515$227'.
Found async reset \PRESET in `\DFFNPE.$proc$/usr/bin/../share/yosys/gowin/cells_sim.v:496$225'.
Found async reset \PRESET in `\DFFNP.$proc$/usr/bin/../share/yosys/gowin/cells_sim.v:476$223'.
Found async reset \CLEAR in `\DFFCE.$proc$/usr/bin/../share/yosys/gowin/cells_sim.v:348$209'.
Found async reset \CLEAR in `\DFFC.$proc$/usr/bin/../share/yosys/gowin/cells_sim.v:328$207'.
Found async reset \PRESET in `\DFFPE.$proc$/usr/bin/../share/yosys/gowin/cells_sim.v:309$205'.
Found async reset \PRESET in `\DFFP.$proc$/usr/bin/../share/yosys/gowin/cells_sim.v:289$203'.
Found async reset \reset_n in `\adaptive_aero_control_top.$proc$/root/chiploop-backend/backend/workflows/c12d48b3-0c8c-4c48-8f08-ff713010262e/fpga/src/upstream/adaptive_aero_control_top.v:22$1'.

2.4.1.6. Executing PROC_ROM pass (convert switches to ROMs).
Converted 0 switches.
<suppressed ~18 debug messages>

2.4.1.7. Executing PROC_MUX pass (convert decision trees to multiplexers).
Creating decoders for process `\ALU.$proc$/usr/bin/../share/yosys/gowin/cells_sim.v:913$233'.
Creating decoders for process `\DFFNCE.$proc$/usr/bin/../share/yosys/gowin/cells_sim.v:0$230'.
Creating decoders for process `\DFFNCE.$proc$/usr/bin/../share/yosys/gowin/cells_sim.v:535$229'.
     1/1: $0\Q[0:0]
Creating decoders for process `\DFFNC.$proc$/usr/bin/../share/yosys/gowin/cells_sim.v:0$228'.
Creating decoders for process `\DFFNC.$proc$/usr/bin/../share/yosys/gowin/cells_sim.v:515$227'.
     1/1: $0\Q[0:0]
Creating decoders for process `\DFFNPE.$proc$/usr/bin/../share/yosys/gowin/cells_sim.v:0$226'.
Creating decoders for process `\DFFNPE.$proc$/usr/bin/../share/yosys/gowin/cells_sim.v:496$225'.
     1/1: $0\Q[0:0]
Creating decoders for process `\DFFNP.$proc$/usr/bin/../share/yosys/gowin/cells_sim.v:0$224'.
Creating decoders for process `\DFFNP.$proc$/usr/bin/../share/yosys/gowin/cells_sim.v:476$223'.
     1/1: $0\Q[0:0]
Creating decoders for process `\DFFNRE.$proc$/usr/bin/../share/yosys/gowin/cells_sim.v:0$222'.
Creating decoders for process `\DFFNRE.$proc$/usr/bin/../share/yosys/gowin/cells_sim.v:457$221'.
     1/1: $0\Q[0:0]
Creating decoders for process `\DFFNR.$proc$/usr/bin/../share/yosys/gowin/cells_sim.v:0$220'.
Creating decoders for process `\DFFNR.$proc$/usr/bin/../share/yosys/gowin/cells_sim.v:437$219'.
     1/1: $0\Q[0:0]
Creating decoders for process `\DFFNSE.$proc$/usr/bin/../share/yosys/gowin/cells_sim.v:0$218'.
Creating decoders for process `\DFFNSE.$proc$/usr/bin/../share/yosys/gowin/cells_sim.v:418$217'.
     1/1: $0\Q[0:0]
Creating decoders for process `\DFFNS.$proc$/usr/bin/../share/yosys/gowin/cells_sim.v:0$216'.
Creating decoders for process `\DFFNS.$proc$/usr/bin/../share/yosys/gowin/cells_sim.v:398$215'.
     1/1: $0\Q[0:0]
Creating decoders for process `\DFFNE.$proc$/usr/bin/../share/yosys/gowin/cells_sim.v:0$214'.
Creating decoders for process `\DFFNE.$proc$/usr/bin/../share/yosys/gowin/cells_sim.v:381$213'.
     1/1: $0\Q[0:0]
Creating decoders for process `\DFFN.$proc$/usr/bin/../share/yosys/gowin/cells_sim.v:0$212'.
Creating decoders for process `\DFFN.$proc$/usr/bin/../share/yosys/gowin/cells_sim.v:366$211'.
Creating decoders for process `\DFFCE.$proc$/usr/bin/../share/yosys/gowin/cells_sim.v:0$210'.
Creating decoders for process `\DFFCE.$proc$/usr/bin/../share/yosys/gowin/cells_sim.v:348$209'.
     1/1: $0\Q[0:0]
Creating decoders for process `\DFFC.$proc$/usr/bin/../share/yosys/gowin/cells_sim.v:0$208'.
Creating decoders for process `\DFFC.$proc$/usr/bin/../share/yosys/gowin/cells_sim.v:328$207'.
     1/1: $0\Q[0:0]
Creating decoders for process `\DFFPE.$proc$/usr/bin/../share/yosys/gowin/cells_sim.v:0$206'.
Creating decoders for process `\DFFPE.$proc$/usr/bin/../share/yosys/gowin/cells_sim.v:309$205'.
     1/1: $0\Q[0:0]
Creating decoders for process `\DFFP.$proc$/usr/bin/../share/yosys/gowin/cells_sim.v:0$204'.
Creating decoders for process `\DFFP.$proc$/usr/bin/../share/yosys/gowin/cells_sim.v:289$203'.
     1/1: $0\Q[0:0]
Creating decoders for process `\DFFRE.$proc$/usr/bin/../share/yosys/gowin/cells_sim.v:0$202'.
Creating decoders for process `\DFFRE.$proc$/usr/bin/../share/yosys/gowin/cells_sim.v:270$201'.
     1/1: $0\Q[0:0]
Creating decoders for process `\DFFR.$proc$/usr/bin/../share/yosys/gowin/cells_sim.v:0$200'.
Creating decoders for process `\DFFR.$proc$/usr/bin/../share/yosys/gowin/cells_sim.v:250$199'.
     1/1: $0\Q[0:0]
Creating decoders for process `\DFFSE.$proc$/usr/bin/../share/yosys/gowin/cells_sim.v:0$198'.
Creating decoders for process `\DFFSE.$proc$/usr/bin/../share/yosys/gowin/cells_sim.v:231$197'.
     1/1: $0\Q[0:0]
Creating decoders for process `\DFFS.$proc$/usr/bin/../share/yosys/gowin/cells_sim.v:0$196'.
Creating decoders for process `\DFFS.$proc$/usr/bin/../share/yosys/gowin/cells_sim.v:211$195'.
     1/1: $0\Q[0:0]
Creating decoders for process `\DFFE.$proc$/usr/bin/../share/yosys/gowin/cells_sim.v:0$194'.
Creating decoders for process `\DFFE.$proc$/usr/bin/../share/yosys/gowin/cells_sim.v:194$193'.
     1/1: $0\Q[0:0]
Creating decoders for process `\DFF.$proc$/usr/bin/../share/yosys/gowin/cells_sim.v:0$192'.
Creating decoders for process `\DFF.$proc$/usr/bin/../share/yosys/gowin/cells_sim.v:179$191'.
Creating decoders for process `\adaptive_aero_control_top.$proc$/root/chiploop-backend/backend/workflows/c12d48b3-0c8c-4c48-8f08-ff713010262e/fpga/src/upstream/adaptive_aero_control_top.v:43$3'.
Creating decoders for process `\adaptive_aero_control_top.$proc$/root/chiploop-backend/backend/workflows/c12d48b3-0c8c-4c48-8f08-ff713010262e/fpga/src/upstream/adaptive_aero_control_top.v:22$1'.
     1/7: $0\cmd_enable_r[0:0]
     2/7: $0\cmd_valid_r[0:0]
     3/7: $0\cmd_mode_r[1:0]
     4/7: $0\cmd_value_r[15:0]
     5/7: $0\safe_valid_r[0:0]
     6/7: $0\safe_mode_r[1:0]
     7/7: $0\safe_value_r[15:0]

2.4.1.8. Executing PROC_DLATCH pass (convert process syncs to latches).
No latch inferred for signal `\adaptive_aero_control_top.\act_cmd_valid' from process `\adaptive_aero_control_top.$proc$/root/chiploop-backend/backend/workflows/c12d48b3-0c8c-4c48-8f08-ff713010262e/fpga/src/upstream/adaptive_aero_control_top.v:43$3'.
No latch inferred for signal `\adaptive_aero_control_top.\act_cmd_enable' from process `\adaptive_aero_control_top.$proc$/root/chiploop-backend/backend/workflows/c12d48b3-0c8c-4c48-8f08-ff713010262e/fpga/src/upstream/adaptive_aero_control_top.v:43$3'.
No latch inferred for signal `\adaptive_aero_control_top.\act_cmd_value' from process `\adaptive_aero_control_top.$proc$/root/chiploop-backend/backend/workflows/c12d48b3-0c8c-4c48-8f08-ff713010262e/fpga/src/upstream/adaptive_aero_control_top.v:43$3'.
No latch inferred for signal `\adaptive_aero_control_top.\act_cmd_mode' from process `\adaptive_aero_control_top.$proc$/root/chiploop-backend/backend/workflows/c12d48b3-0c8c-4c48-8f08-ff713010262e/fpga/src/upstream/adaptive_aero_control_top.v:43$3'.

2.4.1.9. Executing PROC_DFF pass (convert process syncs to FFs).
Creating register for signal `\ALU.\C' using process `\ALU.$proc$/usr/bin/../share/yosys/gowin/cells_sim.v:913$233'.
  created direct connection (no actual register cell created).
Creating register for signal `\ALU.\S' using process `\ALU.$proc$/usr/bin/../share/yosys/gowin/cells_sim.v:913$233'.
  created direct connection (no actual register cell created).
Creating register for signal `\DFFNCE.\Q' using process `\DFFNCE.$proc$/usr/bin/../share/yosys/gowin/cells_sim.v:535$229'.
  created $adff cell `$procdff$321' with negative edge clock and positive level reset.
Creating register for signal `\DFFNC.\Q' using process `\DFFNC.$proc$/usr/bin/../share/yosys/gowin/cells_sim.v:515$227'.
  created $adff cell `$procdff$322' with negative edge clock and positive level reset.
Creating register for signal `\DFFNPE.\Q' using process `\DFFNPE.$proc$/usr/bin/../share/yosys/gowin/cells_sim.v:496$225'.
  created $adff cell `$procdff$323' with negative edge clock and positive level reset.
Creating register for signal `\DFFNP.\Q' using process `\DFFNP.$proc$/usr/bin/../share/yosys/gowin/cells_sim.v:476$223'.
  created $adff cell `$procdff$324' with negative edge clock and positive level reset.
Creating register for signal `\DFFNRE.\Q' using process `\DFFNRE.$proc$/usr/bin/../share/yosys/gowin/cells_sim.v:457$221'.
  created $dff cell `$procdff$325' with negative edge clock.
Creating register for signal `\DFFNR.\Q' using process `\DFFNR.$proc$/usr/bin/../share/yosys/gowin/cells_sim.v:437$219'.
  created $dff cell `$procdff$326' with negative edge clock.
Creating register for signal `\DFFNSE.\Q' using process `\DFFNSE.$proc$/usr/bin/../share/yosys/gowin/cells_sim.v:418$217'.
  created $dff cell `$procdff$327' with negative edge clock.
Creating register for signal `\DFFNS.\Q' using process `\DFFNS.$proc$/usr/bin/../share/yosys/gowin/cells_sim.v:398$215'.
  created $dff cell `$procdff$328' with negative edge clock.
Creating register for signal `\DFFNE.\Q' using process `\DFFNE.$proc$/usr/bin/../share/yosys/gowin/cells_sim.v:381$213'.
  created $dff cell `$procdff$329' with negative edge clock.
Creating register for signal `\DFFN.\Q' using process `\DFFN.$proc$/usr/bin/../share/yosys/gowin/cells_sim.v:366$211'.
  created $dff cell `$procdff$330' with negative edge clock.
Creating register for signal `\DFFCE.\Q' using process `\DFFCE.$proc$/usr/bin/../share/yosys/gowin/cells_sim.v:348$209'.
  created $adff cell `$procdff$331' with positive edge clock and positive level reset.
Creating register for signal `\DFFC.\Q' using process `\DFFC.$proc$/usr/bin/../share/yosys/gowin/cells_sim.v:328$207'.
  created $adff cell `$procdff$332' with positive edge clock and positive level reset.
Creating register for signal `\DFFPE.\Q' using process `\DFFPE.$proc$/usr/bin/../share/yosys/gowin/cells_sim.v:309$205'.
  created $adff cell `$procdff$333' with positive edge clock and positive level reset.
Creating register for signal `\DFFP.\Q' using process `\DFFP.$proc$/usr/bin/../share/yosys/gowin/cells_sim.v:289$203'.
  created $adff cell `$procdff$334' with positive edge clock and positive level reset.
Creating register for signal `\DFFRE.\Q' using process `\DFFRE.$proc$/usr/bin/../share/yosys/gowin/cells_sim.v:270$201'.
  created $dff cell `$procdff$335' with positive edge clock.
Creating register for signal `\DFFR.\Q' using process `\DFFR.$proc$/usr/bin/../share/yosys/gowin/cells_sim.v:250$199'.
  created $dff cell `$procdff$336' with positive edge clock.
Creating register for signal `\DFFSE.\Q' using process `\DFFSE.$proc$/usr/bin/../share/yosys/gowin/cells_sim.v:231$197'.
  created $dff cell `$procdff$337' with positive edge clock.
Creating register for signal `\DFFS.\Q' using process `\DFFS.$proc$/usr/bin/../share/yosys/gowin/cells_sim.v:211$195'.
  created $dff cell `$procdff$338' with positive edge clock.
Creating register for signal `\DFFE.\Q' using process `\DFFE.$proc$/usr/bin/../share/yosys/gowin/cells_sim.v:194$193'.
  created $dff cell `$procdff$339' with positive edge clock.
Creating register for signal `\DFF.\Q' using process `\DFF.$proc$/usr/bin/../share/yosys/gowin/cells_sim.v:179$191'.
  created $dff cell `$procdff$340' with positive edge clock.
Creating register for signal `\adaptive_aero_control_top.\cmd_value_r' using process `\adaptive_aero_control_top.$proc$/root/chiploop-backend/backend/workflows/c12d48b3-0c8c-4c48-8f08-ff713010262e/fpga/src/upstream/adaptive_aero_control_top.v:22$1'.
  created $adff cell `$procdff$341' with positive edge clock and negative level reset.
Creating register for signal `\adaptive_aero_control_top.\cmd_mode_r' using process `\adaptive_aero_control_top.$proc$/root/chiploop-backend/backend/workflows/c12d48b3-0c8c-4c48-8f08-ff713010262e/fpga/src/upstream/adaptive_aero_control_top.v:22$1'.
  created $adff cell `$procdff$342' with positive edge clock and negative level reset.
Creating register for signal `\adaptive_aero_control_top.\cmd_valid_r' using process `\adaptive_aero_control_top.$proc$/root/chiploop-backend/backend/workflows/c12d48b3-0c8c-4c48-8f08-ff713010262e/fpga/src/upstream/adaptive_aero_control_top.v:22$1'.
  created $adff cell `$procdff$343' with positive edge clock and negative level reset.
Creating register for signal `\adaptive_aero_control_top.\cmd_enable_r' using process `\adaptive_aero_control_top.$proc$/root/chiploop-backend/backend/workflows/c12d48b3-0c8c-4c48-8f08-ff713010262e/fpga/src/upstream/adaptive_aero_control_top.v:22$1'.
  created $adff cell `$procdff$344' with positive edge clock and negative level reset.
Creating register for signal `\adaptive_aero_control_top.\safe_value_r' using process `\adaptive_aero_control_top.$proc$/root/chiploop-backend/backend/workflows/c12d48b3-0c8c-4c48-8f08-ff713010262e/fpga/src/upstream/adaptive_aero_control_top.v:22$1'.
  created $adff cell `$procdff$345' with positive edge clock and negative level reset.
Creating register for signal `\adaptive_aero_control_top.\safe_mode_r' using process `\adaptive_aero_control_top.$proc$/root/chiploop-backend/backend/workflows/c12d48b3-0c8c-4c48-8f08-ff713010262e/fpga/src/upstream/adaptive_aero_control_top.v:22$1'.
  created $adff cell `$procdff$346' with positive edge clock and negative level reset.
Creating register for signal `\adaptive_aero_control_top.\safe_valid_r' using process `\adaptive_aero_control_top.$proc$/root/chiploop-backend/backend/workflows/c12d48b3-0c8c-4c48-8f08-ff713010262e/fpga/src/upstream/adaptive_aero_control_top.v:22$1'.
  created $adff cell `$procdff$347' with positive edge clock and negative level reset.

2.4.1.10. Executing PROC_MEMWR pass (convert process memory writes to cells).

2.4.1.11. Executing PROC_CLEAN pass (remove empty switches from decision trees).
Removing empty process `ALU.$proc$/usr/bin/../share/yosys/gowin/cells_sim.v:913$233'.
Removing empty process `DFFNCE.$proc$/usr/bin/../share/yosys/gowin/cells_sim.v:0$230'.
Found and cleaned up 1 empty switch in `\DFFNCE.$proc$/usr/bin/../share/yosys/gowin/cells_sim.v:535$229'.
Removing empty process `DFFNCE.$proc$/usr/bin/../share/yosys/gowin/cells_sim.v:535$229'.
Removing empty process `DFFNC.$proc$/usr/bin/../share/yosys/gowin/cells_sim.v:0$228'.
Removing empty process `DFFNC.$proc$/usr/bin/../share/yosys/gowin/cells_sim.v:515$227'.
Removing empty process `DFFNPE.$proc$/usr/bin/../share/yosys/gowin/cells_sim.v:0$226'.
Found and cleaned up 1 empty switch in `\DFFNPE.$proc$/usr/bin/../share/yosys/gowin/cells_sim.v:496$225'.
Removing empty process `DFFNPE.$proc$/usr/bin/../share/yosys/gowin/cells_sim.v:496$225'.
Removing empty process `DFFNP.$proc$/usr/bin/../share/yosys/gowin/cells_sim.v:0$224'.
Removing empty process `DFFNP.$proc$/usr/bin/../share/yosys/gowin/cells_sim.v:476$223'.
Removing empty process `DFFNRE.$proc$/usr/bin/../share/yosys/gowin/cells_sim.v:0$222'.
Found and cleaned up 2 empty switches in `\DFFNRE.$proc$/usr/bin/../share/yosys/gowin/cells_sim.v:457$221'.
Removing empty process `DFFNRE.$proc$/usr/bin/../share/yosys/gowin/cells_sim.v:457$221'.
Removing empty process `DFFNR.$proc$/usr/bin/../share/yosys/gowin/cells_sim.v:0$220'.
Found and cleaned up 1 empty switch in `\DFFNR.$proc$/usr/bin/../share/yosys/gowin/cells_sim.v:437$219'.
Removing empty process `DFFNR.$proc$/usr/bin/../share/yosys/gowin/cells_sim.v:437$219'.
Removing empty process `DFFNSE.$proc$/usr/bin/../share/yosys/gowin/cells_sim.v:0$218'.
Found and cleaned up 2 empty switches in `\DFFNSE.$proc$/usr/bin/../share/yosys/gowin/cells_sim.v:418$217'.
Removing empty process `DFFNSE.$proc$/usr/bin/../share/yosys/gowin/cells_sim.v:418$217'.
Removing empty process `DFFNS.$proc$/usr/bin/../share/yosys/gowin/cells_sim.v:0$216'.
Found and cleaned up 1 empty switch in `\DFFNS.$proc$/usr/bin/../share/yosys/gowin/cells_sim.v:398$215'.
Removing empty process `DFFNS.$proc$/usr/bin/../share/yosys/gowin/cells_sim.v:398$215'.
Removing empty process `DFFNE.$proc$/usr/bin/../share/yosys/gowin/cells_sim.v:0$214'.
Found and cleaned up 1 empty switch in `\DFFNE.$proc$/usr/bin/../share/yosys/gowin/cells_sim.v:381$213'.
Removing empty process `DFFNE.$proc$/usr/bin/../share/yosys/gowin/cells_sim.v:381$213'.
Removing empty process `DFFN.$proc$/usr/bin/../share/yosys/gowin/cells_sim.v:0$212'.
Removing empty process `DFFN.$proc$/usr/bin/../share/yosys/gowin/cells_sim.v:366$211'.
Removing empty process `DFFCE.$proc$/usr/bin/../share/yosys/gowin/cells_sim.v:0$210'.
Found and cleaned up 1 empty switch in `\DFFCE.$proc$/usr/bin/../share/yosys/gowin/cells_sim.v:348$209'.
Removing empty process `DFFCE.$proc$/usr/bin/../share/yosys/gowin/cells_sim.v:348$209'.
Removing empty process `DFFC.$proc$/usr/bin/../share/yosys/gowin/cells_sim.v:0$208'.
Removing empty process `DFFC.$proc$/usr/bin/../share/yosys/gowin/cells_sim.v:328$207'.
Removing empty process `DFFPE.$proc$/usr/bin/../share/yosys/gowin/cells_sim.v:0$206'.
Found and cleaned up 1 empty switch in `\DFFPE.$proc$/usr/bin/../share/yosys/gowin/cells_sim.v:309$205'.
Removing empty process `DFFPE.$proc$/usr/bin/../share/yosys/gowin/cells_sim.v:309$205'.
Removing empty process `DFFP.$proc$/usr/bin/../share/yosys/gowin/cells_sim.v:0$204'.
Removing empty process `DFFP.$proc$/usr/bin/../share/yosys/gowin/cells_sim.v:289$203'.
Removing empty process `DFFRE.$proc$/usr/bin/../share/yosys/gowin/cells_sim.v:0$202'.
Found and cleaned up 2 empty switches in `\DFFRE.$proc$/usr/bin/../share/yosys/gowin/cells_sim.v:270$201'.
Removing empty process `DFFRE.$proc$/usr/bin/../share/yosys/gowin/cells_sim.v:270$201'.
Removing empty process `DFFR.$proc$/usr/bin/../share/yosys/gowin/cells_sim.v:0$200'.
Found and cleaned up 1 empty switch in `\DFFR.$proc$/usr/bin/../share/yosys/gowin/cells_sim.v:250$199'.
Removing empty process `DFFR.$proc$/usr/bin/../share/yosys/gowin/cells_sim.v:250$199'.
Removing empty process `DFFSE.$proc$/usr/bin/../share/yosys/gowin/cells_sim.v:0$198'.
Found and cleaned up 2 empty switches in `\DFFSE.$proc$/usr/bin/../share/yosys/gowin/cells_sim.v:231$197'.
Removing empty process `DFFSE.$proc$/usr/bin/../share/yosys/gowin/cells_sim.v:231$197'.
Removing empty process `DFFS.$proc$/usr/bin/../share/yosys/gowin/cells_sim.v:0$196'.
Found and cleaned up 1 empty switch in `\DFFS.$proc$/usr/bin/../share/yosys/gowin/cells_sim.v:211$195'.
Removing empty process `DFFS.$proc$/usr/bin/../share/yosys/gowin/cells_sim.v:211$195'.
Removing empty process `DFFE.$proc$/usr/bin/../share/yosys/gowin/cells_sim.v:0$194'.
Found and cleaned up 1 empty switch in `\DFFE.$proc$/usr/bin/../share/yosys/gowin/cells_sim.v:194$193'.
Removing empty process `DFFE.$proc$/usr/bin/../share/yosys/gowin/cells_sim.v:194$193'.
Removing empty process `DFF.$proc$/usr/bin/../share/yosys/gowin/cells_sim.v:0$192'.
Removing empty process `DFF.$proc$/usr/bin/../share/yosys/gowin/cells_sim.v:179$191'.
Removing empty process `adaptive_aero_control_top.$proc$/root/chiploop-backend/backend/workflows/c12d48b3-0c8c-4c48-8f08-ff713010262e/fpga/src/upstream/adaptive_aero_control_top.v:43$3'.
Removing empty process `adaptive_aero_control_top.$proc$/root/chiploop-backend/backend/workflows/c12d48b3-0c8c-4c48-8f08-ff713010262e/fpga/src/upstream/adaptive_aero_control_top.v:22$1'.
Cleaned up 18 empty switches.

2.4.1.12. Executing OPT_EXPR pass (perform const folding).
Optimizing module adaptive_aero_control_top.

2.4.2. Executing OPT_EXPR pass (perform const folding).
Optimizing module adaptive_aero_control_top.

2.4.3. Executing OPT_CLEAN pass (remove unused cells and wires).
Finding unused cells or wires in module \adaptive_aero_control_top..
Removed 1 unused cells and 16 unused wires.
<suppressed ~2 debug messages>

2.4.4. Executing CHECK pass (checking for obvious problems).
Checking module adaptive_aero_control_top...
Found and reported 0 problems.

2.4.5. Executing OPT pass (performing simple optimizations).

2.4.5.1. Executing OPT_EXPR pass (perform const folding).
Optimizing module adaptive_aero_control_top.

2.4.5.2. Executing OPT_MERGE pass (detect identical cells).
Finding identical cells in module `\adaptive_aero_control_top'.
<suppressed ~15 debug messages>
Removed a total of 5 cells.

2.4.5.3. Executing OPT_MUXTREE pass (detect dead branches in mux trees).
Running muxtree optimizer on module \adaptive_aero_control_top..
  Creating internal representation of mux trees.
  Evaluating internal representation of mux trees.
  Analyzing evaluation results.
Removed 0 multiplexer ports.
<suppressed ~2 debug messages>

2.4.5.4. Executing OPT_REDUCE pass (consolidate $*mux and $reduce_* inputs).
  Optimizing cells in module \adaptive_aero_control_top.
  Optimizing cells in module \adaptive_aero_control_top.
Performed a total of 2 changes.

2.4.5.5. Executing OPT_MERGE pass (detect identical cells).
Finding identical cells in module `\adaptive_aero_control_top'.
Removed a total of 0 cells.

2.4.5.6. Executing OPT_DFF pass (perform DFF optimizations).

2.4.5.7. Executing OPT_CLEAN pass (remove unused cells and wires).
Finding unused cells or wires in module \adaptive_aero_control_top..

2.4.5.8. Executing OPT_EXPR pass (perform const folding).
Optimizing module adaptive_aero_control_top.
<suppressed ~1 debug messages>

2.4.5.9. Rerunning OPT passes. (Maybe there is more to do..)

2.4.5.10. Executing OPT_MUXTREE pass (detect dead branches in mux trees).
Running muxtree optimizer on module \adaptive_aero_control_top..
  Creating internal representation of mux trees.
  No muxes found in this module.
Removed 0 multiplexer ports.

2.4.5.11. Executing OPT_REDUCE pass (consolidate $*mux and $reduce_* inputs).
  Optimizing cells in module \adaptive_aero_control_top.
Performed a total of 0 changes.

2.4.5.12. Executing OPT_MERGE pass (detect identical cells).
Finding identical cells in module `\adaptive_aero_control_top'.
Removed a total of 0 cells.

2.4.5.13. Executing OPT_DFF pass (perform DFF optimizations).

2.4.5.14. Executing OPT_CLEAN pass (remove unused cells and wires).
Finding unused cells or wires in module \adaptive_aero_control_top..

2.4.5.15. Executing OPT_EXPR pass (perform const folding).
Optimizing module adaptive_aero_control_top.

2.4.5.16. Finished OPT passes. (There is nothing left to do.)

2.4.6. Executing FSM pass (extract and optimize FSM).

2.4.6.1. Executing FSM_DETECT pass (finding FSMs in design).

2.4.6.2. Executing FSM_EXTRACT pass (extracting FSM from design).

2.4.6.3. Executing FSM_OPT pass (simple optimizations of FSMs).

2.4.6.4. Executing OPT_CLEAN pass (remove unused cells and wires).
Finding unused cells or wires in module \adaptive_aero_control_top..

2.4.6.5. Executing FSM_OPT pass (simple optimizations of FSMs).

2.4.6.6. Executing FSM_RECODE pass (re-assigning FSM state encoding).

2.4.6.7. Executing FSM_INFO pass (dumping all available information on FSM cells).

2.4.6.8. Executing FSM_MAP pass (mapping FSMs to basic logic).

2.4.7. Executing OPT pass (performing simple optimizations).

2.4.7.1. Executing OPT_EXPR pass (perform const folding).
Optimizing module adaptive_aero_control_top.

2.4.7.2. Executing OPT_MERGE pass (detect identical cells).
Finding identical cells in module `\adaptive_aero_control_top'.
Removed a total of 0 cells.

2.4.7.3. Executing OPT_MUXTREE pass (detect dead branches in mux trees).
Running muxtree optimizer on module \adaptive_aero_control_top..
  Creating internal representation of mux trees.
  No muxes found in this module.
Removed 0 multiplexer ports.

2.4.7.4. Executing OPT_REDUCE pass (consolidate $*mux and $reduce_* inputs).
  Optimizing cells in module \adaptive_aero_control_top.
Performed a total of 0 changes.

2.4.7.5. Executing OPT_MERGE pass (detect identical cells).
Finding identical cells in module `\adaptive_aero_control_top'.
Removed a total of 0 cells.

2.4.7.6. Executing OPT_DFF pass (perform DFF optimizations).

2.4.7.7. Executing OPT_CLEAN pass (remove unused cells and wires).
Finding unused cells or wires in module \adaptive_aero_control_top..

2.4.7.8. Executing OPT_EXPR pass (perform const folding).
Optimizing module adaptive_aero_control_top.

2.4.7.9. Finished OPT passes. (There is nothing left to do.)

2.4.8. Executing WREDUCE pass (reducing word size of cells).

2.4.9. Executing PEEPOPT pass (run peephole optimizers).

2.4.10. Executing OPT_CLEAN pass (remove unused cells and wires).
Finding unused cells or wires in module \adaptive_aero_control_top..

2.4.11. Executing ALUMACC pass (create $alu and $macc cells).
Extracting $alu and $macc cells in module adaptive_aero_control_top:
  created 0 $alu and 0 $macc cells.

2.4.12. Executing SHARE pass (SAT-based resource sharing).

2.4.13. Executing OPT pass (performing simple optimizations).

2.4.13.1. Executing OPT_EXPR pass (perform const folding).
Optimizing module adaptive_aero_control_top.

2.4.13.2. Executing OPT_MERGE pass (detect identical cells).
Finding identical cells in module `\adaptive_aero_control_top'.
Removed a total of 0 cells.

2.4.13.3. Executing OPT_MUXTREE pass (detect dead branches in mux trees).
Running muxtree optimizer on module \adaptive_aero_control_top..
  Creating internal representation of mux trees.
  No muxes found in this module.
Removed 0 multiplexer ports.

2.4.13.4. Executing OPT_REDUCE pass (consolidate $*mux and $reduce_* inputs).
  Optimizing cells in module \adaptive_aero_control_top.
Performed a total of 0 changes.

2.4.13.5. Executing OPT_MERGE pass (detect identical cells).
Finding identical cells in module `\adaptive_aero_control_top'.
Removed a total of 0 cells.

2.4.13.6. Executing OPT_DFF pass (perform DFF optimizations).

2.4.13.7. Executing OPT_CLEAN pass (remove unused cells and wires).
Finding unused cells or wires in module \adaptive_aero_control_top..

2.4.13.8. Executing OPT_EXPR pass (perform const folding).
Optimizing module adaptive_aero_control_top.

2.4.13.9. Finished OPT passes. (There is nothing left to do.)

2.4.14. Executing MEMORY pass.

2.4.14.1. Executing OPT_MEM pass (optimize memories).
Performed a total of 0 transformations.

2.4.14.2. Executing OPT_MEM_PRIORITY pass (removing unnecessary memory write priority relations).
Performed a total of 0 transformations.

2.4.14.3. Executing OPT_MEM_FEEDBACK pass (finding memory read-to-write feedback paths).

2.4.14.4. Executing MEMORY_BMUX2ROM pass (converting muxes to ROMs).

2.4.14.5. Executing MEMORY_DFF pass (merging $dff cells to $memrd).

2.4.14.6. Executing OPT_CLEAN pass (remove unused cells and wires).
Finding unused cells or wires in module \adaptive_aero_control_top..

2.4.14.7. Executing MEMORY_SHARE pass (consolidating $memrd/$memwr cells).

2.4.14.8. Executing OPT_MEM_WIDEN pass (optimize memories where all ports are wide).
Performed a total of 0 transformations.

2.4.14.9. Executing OPT_CLEAN pass (remove unused cells and wires).
Finding unused cells or wires in module \adaptive_aero_control_top..

2.4.14.10. Executing MEMORY_COLLECT pass (generating $mem cells).

2.4.15. Executing OPT_CLEAN pass (remove unused cells and wires).
Finding unused cells or wires in module \adaptive_aero_control_top..

2.5. Executing MEMORY_LIBMAP pass (mapping memories to cells).

2.6. Executing TECHMAP pass (map to technology primitives).

2.6.1. Executing Verilog-2005 frontend: /usr/bin/../share/yosys/gowin/lutrams_map.v
Parsing Verilog input from `/usr/bin/../share/yosys/gowin/lutrams_map.v' to AST representation.
Generating RTLIL representation for module `\$__GOWIN_LUTRAM_'.
Successfully finished Verilog frontend.

2.6.2. Executing Verilog-2005 frontend: /usr/bin/../share/yosys/gowin/brams_map.v
Parsing Verilog input from `/usr/bin/../share/yosys/gowin/brams_map.v' to AST representation.
Generating RTLIL representation for module `\$__GOWIN_SP_'.
Generating RTLIL representation for module `\$__GOWIN_DP_'.
Generating RTLIL representation for module `\$__GOWIN_SDP_'.
Successfully finished Verilog frontend.

2.6.3. Continuing TECHMAP pass.
No more expansions possible.
<suppressed ~6 debug messages>

2.7. Executing OPT pass (performing simple optimizations).

2.7.1. Executing OPT_EXPR pass (perform const folding).
Optimizing module adaptive_aero_control_top.

2.7.2. Executing OPT_MERGE pass (detect identical cells).
Finding identical cells in module `\adaptive_aero_control_top'.
Removed a total of 0 cells.

2.7.3. Executing OPT_DFF pass (perform DFF optimizations).

2.7.4. Executing OPT_CLEAN pass (remove unused cells and wires).
Finding unused cells or wires in module \adaptive_aero_control_top..

2.7.5. Finished fast OPT passes.

2.8. Executing MEMORY_MAP pass (converting memories to logic and flip-flops).

2.9. Executing OPT pass (performing simple optimizations).

2.9.1. Executing OPT_EXPR pass (perform const folding).
Optimizing module adaptive_aero_control_top.

2.9.2. Executing OPT_MERGE pass (detect identical cells).
Finding identical cells in module `\adaptive_aero_control_top'.
Removed a total of 0 cells.

2.9.3. Executing OPT_MUXTREE pass (detect dead branches in mux trees).
Running muxtree optimizer on module \adaptive_aero_control_top..
  Creating internal representation of mux trees.
  No muxes found in this module.
Removed 0 multiplexer ports.

2.9.4. Executing OPT_REDUCE pass (consolidate $*mux and $reduce_* inputs).
  Optimizing cells in module \adaptive_aero_control_top.
Performed a total of 0 changes.

2.9.5. Executing OPT_MERGE pass (detect identical cells).
Finding identical cells in module `\adaptive_aero_control_top'.
Removed a total of 0 cells.

2.9.6. Executing OPT_DFF pass (perform DFF optimizations).

2.9.7. Executing OPT_CLEAN pass (remove unused cells and wires).
Finding unused cells or wires in module \adaptive_aero_control_top..

2.9.8. Executing OPT_EXPR pass (perform const folding).
Optimizing module adaptive_aero_control_top.

2.9.9. Finished OPT passes. (There is nothing left to do.)

2.10. Executing TECHMAP pass (map to technology primitives).

2.10.1. Executing Verilog-2005 frontend: /usr/bin/../share/yosys/techmap.v
Parsing Verilog input from `/usr/bin/../share/yosys/techmap.v' to AST representation.
Generating RTLIL representation for module `\_90_simplemap_bool_ops'.
Generating RTLIL representation for module `\_90_simplemap_reduce_ops'.
Generating RTLIL representation for module `\_90_simplemap_logic_ops'.
Generating RTLIL representation for module `\_90_simplemap_compare_ops'.
Generating RTLIL representation for module `\_90_simplemap_various'.
Generating RTLIL representation for module `\_90_simplemap_registers'.
Generating RTLIL representation for module `\_90_shift_ops_shr_shl_sshl_sshr'.
Generating RTLIL representation for module `\_90_shift_shiftx'.
Generating RTLIL representation for module `\_90_fa'.
Generating RTLIL representation for module `\_90_lcu'.
Generating RTLIL representation for module `\_90_alu'.
Generating RTLIL representation for module `\_90_macc'.
Generating RTLIL representation for module `\_90_alumacc'.
Generating RTLIL representation for module `\$__div_mod_u'.
Generating RTLIL representation for module `\$__div_mod_trunc'.
Generating RTLIL representation for module `\_90_div'.
Generating RTLIL representation for module `\_90_mod'.
Generating RTLIL representation for module `\$__div_mod_floor'.
Generating RTLIL representation for module `\_90_divfloor'.
Generating RTLIL representation for module `\_90_modfloor'.
Generating RTLIL representation for module `\_90_pow'.
Generating RTLIL representation for module `\_90_pmux'.
Generating RTLIL representation for module `\_90_demux'.
Generating RTLIL representation for module `\_90_lut'.
Successfully finished Verilog frontend.

2.10.2. Executing Verilog-2005 frontend: /usr/bin/../share/yosys/gowin/arith_map.v
Parsing Verilog input from `/usr/bin/../share/yosys/gowin/arith_map.v' to AST representation.
Generating RTLIL representation for module `\_80_gw1n_alu'.
Successfully finished Verilog frontend.

2.10.3. Continuing TECHMAP pass.
Using extmapper simplemap for cells of type $adff.
No more expansions possible.
<suppressed ~76 debug messages>

2.11. Executing OPT pass (performing simple optimizations).

2.11.1. Executing OPT_EXPR pass (perform const folding).
Optimizing module adaptive_aero_control_top.

2.11.2. Executing OPT_MERGE pass (detect identical cells).
Finding identical cells in module `\adaptive_aero_control_top'.
Removed a total of 0 cells.

2.11.3. Executing OPT_DFF pass (perform DFF optimizations).

2.11.4. Executing OPT_CLEAN pass (remove unused cells and wires).
Finding unused cells or wires in module \adaptive_aero_control_top..

2.11.5. Finished fast OPT passes.

2.12. Executing OPT_CLEAN pass (remove unused cells and wires).
Finding unused cells or wires in module \adaptive_aero_control_top..

2.13. Executing DFFLEGALIZE pass (convert FFs to types supported by the target).

2.14. Executing TECHMAP pass (map to technology primitives).

2.14.1. Executing Verilog-2005 frontend: /usr/bin/../share/yosys/gowin/cells_map.v
Parsing Verilog input from `/usr/bin/../share/yosys/gowin/cells_map.v' to AST representation.
Generating RTLIL representation for module `\$_DFF_N_'.
Generating RTLIL representation for module `\$_DFF_P_'.
Generating RTLIL representation for module `\$_DFFE_PP_'.
Generating RTLIL representation for module `\$_DFFE_NP_'.
Generating RTLIL representation for module `\$_SDFF_PP0_'.
Generating RTLIL representation for module `\$_SDFF_NP0_'.
Generating RTLIL representation for module `\$_SDFFE_PP0P_'.
Generating RTLIL representation for module `\$_SDFFE_NP0P_'.
Generating RTLIL representation for module `\$_SDFF_PP1_'.
Generating RTLIL representation for module `\$_SDFF_NP1_'.
Generating RTLIL representation for module `\$_SDFFE_PP1P_'.
Generating RTLIL representation for module `\$_SDFFE_NP1P_'.
Generating RTLIL representation for module `\$_DFF_PP1_'.
Generating RTLIL representation for module `\$_DFF_NP1_'.
Generating RTLIL representation for module `\$_DFF_PP0_'.
Generating RTLIL representation for module `\$_DFF_NP0_'.
Generating RTLIL representation for module `\$_DFFE_PP1P_'.
Generating RTLIL representation for module `\$_DFFE_NP1P_'.
Generating RTLIL representation for module `\$_DFFE_PP0P_'.
Generating RTLIL representation for module `\$_DFFE_NP0P_'.
Generating RTLIL representation for module `\$lut'.
Successfully finished Verilog frontend.

2.14.2. Continuing TECHMAP pass.
Using template \$_DFF_PP0_ for cells of type $_DFF_PP0_.
No more expansions possible.
<suppressed ~42 debug messages>

2.15. Executing OPT_EXPR pass (perform const folding).
Optimizing module adaptive_aero_control_top.

2.16. Executing SIMPLEMAP pass (map simple cells to gate primitives).

2.17. Executing ABC pass (technology mapping using ABC).

2.17.1. Extracting gate netlist of module `\adaptive_aero_control_top' to `<abc-temp-dir>/input.blif'..
Extracted 19 gates and 20 wires to a netlist network with 1 inputs and 19 outputs.

2.17.1.1. Executing ABC.
Running ABC command: "<yosys-exe-dir>/yosys-abc" -s -f <abc-temp-dir>/abc.script 2>&1
ABC: ABC command line: "source <abc-temp-dir>/abc.script".
ABC: 
ABC: + read_blif <abc-temp-dir>/input.blif 
ABC: + read_lut <abc-temp-dir>/lutdefs.txt 
ABC: + strash 
ABC: + &get -n 
ABC: + &fraig -x 
ABC: + &put 
ABC: + scorr 
ABC: Warning: The network is combinational (run "fraig" or "fraig_sweep").
ABC: + dc2 
ABC: + dretime 
ABC: + strash 
ABC: + dch -f 
ABC: + if 
ABC: + mfs2 
ABC: + write_blif <abc-temp-dir>/output.blif 

2.17.1.2. Re-integrating ABC results.
ABC RESULTS:              $lut cells:       19
ABC RESULTS:        internal signals:        0
ABC RESULTS:           input signals:        1
ABC RESULTS:          output signals:       19
Removing temp directory.
Removed 0 unused cells and 115 unused wires.

2.18. Executing TECHMAP pass (map to technology primitives).

2.18.1. Executing Verilog-2005 frontend: /usr/bin/../share/yosys/gowin/cells_map.v
Parsing Verilog input from `/usr/bin/../share/yosys/gowin/cells_map.v' to AST representation.
Generating RTLIL representation for module `\$_DFF_N_'.
Generating RTLIL representation for module `\$_DFF_P_'.
Generating RTLIL representation for module `\$_DFFE_PP_'.
Generating RTLIL representation for module `\$_DFFE_NP_'.
Generating RTLIL representation for module `\$_SDFF_PP0_'.
Generating RTLIL representation for module `\$_SDFF_NP0_'.
Generating RTLIL representation for module `\$_SDFFE_PP0P_'.
Generating RTLIL representation for module `\$_SDFFE_NP0P_'.
Generating RTLIL representation for module `\$_SDFF_PP1_'.
Generating RTLIL representation for module `\$_SDFF_NP1_'.
Generating RTLIL representation for module `\$_SDFFE_PP1P_'.
Generating RTLIL representation for module `\$_SDFFE_NP1P_'.
Generating RTLIL representation for module `\$_DFF_PP1_'.
Generating RTLIL representation for module `\$_DFF_NP1_'.
Generating RTLIL representation for module `\$_DFF_PP0_'.
Generating RTLIL representation for module `\$_DFF_NP0_'.
Generating RTLIL representation for module `\$_DFFE_PP1P_'.
Generating RTLIL representation for module `\$_DFFE_NP1P_'.
Generating RTLIL representation for module `\$_DFFE_PP0P_'.
Generating RTLIL representation for module `\$_DFFE_NP0P_'.
Generating RTLIL representation for module `\$lut'.
Successfully finished Verilog frontend.

2.18.2. Continuing TECHMAP pass.
Using template $paramod\$lut\WIDTH=32'00000000000000000000000000000001\LUT=2'01 for cells of type $lut.
No more expansions possible.
<suppressed ~55 debug messages>

2.19. Executing OPT_LUT_INS pass (discard unused LUT inputs).
Optimizing LUTs in adaptive_aero_control_top.

2.20. Executing SETUNDEF pass (replace undef values with defined constants).

2.21. Executing HILOMAP pass (mapping to constant drivers).
Removed 1 unused cells and 39 unused wires.

2.22. Executing AUTONAME pass.
Renamed 95 objects in module adaptive_aero_control_top (4 iterations).
<suppressed ~57 debug messages>

2.23. Executing HIERARCHY pass (managing design hierarchy).

2.23.1. Analyzing design hierarchy..
Top module:  \adaptive_aero_control_top

2.23.2. Analyzing design hierarchy..
Top module:  \adaptive_aero_control_top
Removed 0 unused modules.

2.24. Printing statistics.

=== adaptive_aero_control_top ===

   Number of wires:                 35
   Number of wire bits:             99
   Number of public wires:          35
   Number of public wire bits:      99
   Number of memories:               0
   Number of memory bits:            0
   Number of processes:              0
   Number of cells:                 38
     DFFC                           19
     LUT1                           19

2.25. Executing CHECK pass (checking for obvious problems).
Checking module adaptive_aero_control_top...
Found and reported 0 problems.

2.26. Executing JSON backend.

End of script. Logfile hash: c2fad7e5b6, CPU: user 0.47s system 0.02s, MEM: 191.46 MB peak
Yosys 0.33 (git sha1 2584903a060)
Time spent: 33% 12x read_verilog (0 sec), 12% 14x opt_clean (0 sec), ...