Info: Using uarch 'gowin' for device 'GW1NR-LV9QN88PC6/I5'

Info: Create constant nets...
Info: Modify LUTs...
Info: Pack IOBs...
Info: Pack I3C IOs...
Info: Pack MIPI IOs...
Info: Pack diff IOBs...
Info: Pack FFs into IO cells...
Info: Pack IODELAY...
Info: Pack Input Edge Monitors...
Info: Pack IO logic...
Info: Pack DESER16 logic...
Info: Pack GSR...
Info: Pack HCLK cells...
Info: Pack DLLDLYs...
Info: Pack wide LUTs...
Info: Packed MUX2_LUT8:0, MUX2_LU7:0, MUX2_LUT6:0, MUX2_LUT5:0
Info: Pack ALUs...
Info: Pack SSRAMs...
Info: Constrained 0 LUTFF pairs.
Info: Pack PLL...
Info: Pack ADC...
Info: Pack BSRAMs...
Info: Pack DSP...
Info: Pack INV...
Info: Pack buffered nets...
Info: Pack EMCU and UserFlash cells...
Info: Pack UserFlash cells...
Info: Pack DQCE cells...
Info: Pack DCS cells...
Info: Checksum: 0xb37c6dad

Info: Device utilisation:
Info: 	                 VCC:       1/      1   100%
Info: 	                 IOB:       0/    276     0%
Info: 	                LUT4:      19/   8640     0%
Info: 	              OSER16:       0/     80     0%
Info: 	              IDES16:       0/     80     0%
Info: 	            IOLOGICI:       0/    276     0%
Info: 	            IOLOGICO:       0/    276     0%
Info: 	           MUX2_LUT5:       0/   4320     0%
Info: 	           MUX2_LUT6:       0/   2160     0%
Info: 	           MUX2_LUT7:       0/   1080     0%
Info: 	           MUX2_LUT8:       0/   1080     0%
Info: 	                 ALU:       0/   6480     0%
Info: 	                 GND:       1/      1   100%
Info: 	                 DFF:      19/   6480     0%
Info: 	           RAM16SDP4:       0/    270     0%
Info: 	               BSRAM:       0/     26     0%
Info: 	              ALU54D:       0/     10     0%
Info: 	     MULTADDALU18X18:       0/     10     0%
Info: 	        MULTALU18X18:       0/     10     0%
Info: 	        MULTALU36X18:       0/     10     0%
Info: 	           MULT36X36:       0/      5     0%
Info: 	           MULT18X18:       0/     20     0%
Info: 	             MULT9X9:       0/     40     0%
Info: 	              PADD18:       0/     20     0%
Info: 	               PADD9:       0/     40     0%
Info: 	                 GSR:       1/      1   100%
Info: 	                 OSC:       0/      1     0%
Info: 	                rPLL:       0/      2     0%
Info: 	           FLASH608K:       0/      1     0%
Info: 	                BUFG:       0/     22     0%
Info: 	                DQCE:       0/     24     0%
Info: 	                 DCS:       0/      8     0%
Info: 	               DHCEN:       0/     24     0%
Info: 	              CLKDIV:       0/      8     0%
Info: 	             CLKDIV2:       0/     16     0%
Info: 	           MIPI_IBUF:       0/     22     0%
Info: 	           MIPI_OBUF:       0/     20     0%

Info: Running custom HCLK placer...
Info: Placed 0 cells based on constraints.
Info: Creating initial analytic placement for 38 cells, random placement wirelen = 475.
Info:     at initial placer iter 0, wirelen = 0
Info:     at initial placer iter 1, wirelen = 0
Info:     at initial placer iter 2, wirelen = 0
Info:     at initial placer iter 3, wirelen = 0
Info: Running main analytical placer, max placement attempts per cell = 10000.
Info:     at iteration #1, type ALL: wirelen solved = 0, spread = 8, legal = 23; time = 0.00s
Info:     at iteration #2, type ALL: wirelen solved = 6, spread = 6, legal = 15; time = 0.00s
Info:     at iteration #3, type ALL: wirelen solved = 4, spread = 4, legal = 17; time = 0.00s
Info:     at iteration #4, type ALL: wirelen solved = 2, spread = 5, legal = 19; time = 0.00s
Info:     at iteration #5, type ALL: wirelen solved = 1, spread = 1, legal = 19; time = 0.00s
Info:     at iteration #6, type ALL: wirelen solved = 1, spread = 3, legal = 18; time = 0.00s
Info:     at iteration #7, type ALL: wirelen solved = 2, spread = 2, legal = 18; time = 0.00s
Info: HeAP Placer Time: 0.04s
Info:   of which solving equations: 0.00s
Info:   of which spreading cells: 0.00s
Info:   of which strict legalisation: 0.00s

Info: Running simulated annealing placer for refinement.
Info:   at iteration #1: temp = 0.000000, timing cost = 0, wirelen = 15
Info:   at iteration #5: temp = 0.000000, timing cost = 0, wirelen = 1
Info:   at iteration #7: temp = 0.000000, timing cost = 0, wirelen = 0 
Info: SA placement time 0.00s

Info: No Fmax available; no interior timing paths found in design.
Info: Checksum: 0xab6b88fb
Info: Routing globals...

Info: Routing..
Info: Setting up routing queue.
Info: Routing 39 arcs.
Info:            |   (re-)routed arcs  |   delta    | remaining|       time spent     |
Info:    IterCnt |  w/ripup   wo/ripup |  w/r  wo/r |      arcs| batch(sec) total(sec)|
Info:         53 |       14         39 |   14    39 |         0|       0.04       0.04|
Info: Routing complete.
Info: Router1 time 0.04s
Info: Checksum: 0x51efc434

Info: No Fmax available; no interior timing paths found in design.

Info: Program finished normally.