
 /----------------------------------------------------------------------------\
 |  yosys -- Yosys Open SYnthesis Suite                                       |
 |  Copyright (C) 2012 - 2025  Claire Xenia Wolf <claire@yosyshq.com>         |
 |  Distributed under an ISC-like license, type "license" to see terms        |
 \----------------------------------------------------------------------------/
 Yosys 0.56 (git sha1 9c447ad9d4b1ea589369364eea38b4d70da2c599, x86_64-w64-mingw32-g++ 15.2.0 -march=nocona -msahf -mtune=generic -O2 -fstack-protector-strong -O3)

-- Executing script file `repro_lec.ys' --

1. Executing Verilog-2005 frontend: fpga/handoff/rtl/adaptive_aero_control_top.v
Parsing SystemVerilog input from `fpga/handoff/rtl/adaptive_aero_control_top.v' to AST representation.
Generating RTLIL representation for module `\adaptive_aero_control_top'.
Successfully finished Verilog frontend.

2. Executing Verilog-2005 frontend: fpga/handoff/rtl/adaptive_aero_control_top_spi_fpga_top.sv
Parsing SystemVerilog input from `fpga/handoff/rtl/adaptive_aero_control_top_spi_fpga_top.sv' to AST representation.
Generating RTLIL representation for module `\adaptive_aero_control_top_spi_fpga_top'.
Successfully finished Verilog frontend.

3. Executing PREP pass.

3.1. Executing HIERARCHY pass (managing design hierarchy).

3.1.1. Analyzing design hierarchy..
Top module:  \adaptive_aero_control_top_spi_fpga_top
Used module:     \adaptive_aero_control_top

3.1.2. Analyzing design hierarchy..
Top module:  \adaptive_aero_control_top_spi_fpga_top
Used module:     \adaptive_aero_control_top
Removed 0 unused modules.

3.2. Executing PROC pass (convert processes to netlists).

3.2.1. Executing PROC_CLEAN pass (remove empty switches from decision trees).
Found and cleaned up 10 empty switches in `\adaptive_aero_control_top.$proc$fpga/handoff/rtl/adaptive_aero_control_top.v:130$1'.
Cleaned up 10 empty switches.

3.2.2. Executing PROC_RMDEAD pass (remove dead branches from decision trees).
Marked 1 switch rules as full_case in process $proc$fpga/handoff/rtl/adaptive_aero_control_top_spi_fpga_top.sv:59$73 in module adaptive_aero_control_top_spi_fpga_top.
Marked 1 switch rules as full_case in process $proc$fpga/handoff/rtl/adaptive_aero_control_top_spi_fpga_top.sv:50$70 in module adaptive_aero_control_top_spi_fpga_top.
Marked 1 switch rules as full_case in process $proc$fpga/handoff/rtl/adaptive_aero_control_top_spi_fpga_top.sv:46$69 in module adaptive_aero_control_top_spi_fpga_top.
Marked 7 switch rules as full_case in process $proc$fpga/handoff/rtl/adaptive_aero_control_top.v:254$27 in module adaptive_aero_control_top.
Marked 14 switch rules as full_case in process $proc$fpga/handoff/rtl/adaptive_aero_control_top.v:130$1 in module adaptive_aero_control_top.
Removed a total of 0 dead cases.

3.2.3. Executing PROC_PRUNE pass (remove redundant assignments in processes).
Removed 12 redundant assignments.
Promoted 32 assignments to connections.

3.2.4. Executing PROC_INIT pass (extract init attributes).

3.2.5. Executing PROC_ARST pass (detect async resets in processes).
Found async reset \reset_n in `\adaptive_aero_control_top_spi_fpga_top.$proc$fpga/handoff/rtl/adaptive_aero_control_top_spi_fpga_top.sv:59$73'.
Found async reset \spi_cs_n in `\adaptive_aero_control_top_spi_fpga_top.$proc$fpga/handoff/rtl/adaptive_aero_control_top_spi_fpga_top.sv:46$69'.
Found async reset \reset_n in `\adaptive_aero_control_top.$proc$fpga/handoff/rtl/adaptive_aero_control_top.v:254$27'.

3.2.6. Executing PROC_ROM pass (convert switches to ROMs).
Converted 0 switches.
<suppressed ~36 debug messages>

3.2.7. Executing PROC_MUX pass (convert decision trees to multiplexers).
Creating decoders for process `\adaptive_aero_control_top_spi_fpga_top.$proc$fpga/handoff/rtl/adaptive_aero_control_top_spi_fpga_top.sv:0$77'.
Creating decoders for process `\adaptive_aero_control_top_spi_fpga_top.$proc$fpga/handoff/rtl/adaptive_aero_control_top_spi_fpga_top.sv:59$73'.
     1/5: $0\tx_snapshot[166:0]
     2/5: $0\spi_cs_prev[0:0]
     3/5: $0\spi_cs_sync[0:0]
     4/5: $0\spi_cs_meta[0:0]
     5/5: $0\rx_active[135:0]
Creating decoders for process `\adaptive_aero_control_top_spi_fpga_top.$proc$fpga/handoff/rtl/adaptive_aero_control_top_spi_fpga_top.sv:50$70'.
     1/2: $0\tx_shift[166:0]
     2/2: $0\rx_shift[135:0]
Creating decoders for process `\adaptive_aero_control_top_spi_fpga_top.$proc$fpga/handoff/rtl/adaptive_aero_control_top_spi_fpga_top.sv:46$69'.
     1/1: $0\spi_active[0:0]
Creating decoders for process `\adaptive_aero_control_top.$proc$fpga/handoff/rtl/adaptive_aero_control_top.v:254$27'.
     1/41: $0\req_hist_web[0:0]
     2/41: $0\req_hist_csb[0:0]
     3/41: $0\status_rsp_received_reg[0:0]
     4/41: $0\status_req_accepted_reg[0:0]
     5/41: $0\irq_r[0:0]
     6/41: $0\hold_safe_sel_reg[0:0]
     7/41: $0\ctrl_reg[7:0] [4]
     8/41: $0\ctrl_reg[7:0] [0]
     9/41: $0\state_reg[1:0]
    10/41: $0\fault_latched_reg[0:0]
    11/41: $0\req_hist_read_pending_reg[0:0]
    12/41: $0\req_hist_write_pending_reg[0:0]
    13/41: $0\pending_rearm_reg[0:0]
    14/41: $0\pending_clear_fault_reg[0:0]
    15/41: $0\pending_launch_reg[0:0]
    16/41: $0\req_hist_din[63:0]
    17/41: $0\req_hist_addr[3:0]
    18/41: $0\busy_reg[0:0]
    19/41: $0\status_fault_active_reg[0:0]
    20/41: $0\status_fallback_active_reg[0:0]
    21/41: $0\status_timeout_reg[0:0]
    22/41: $0\status_stale_reject_reg[0:0]
    23/41: $0\status_clamp_applied_reg[0:0]
    24/41: $0\status_rsp_validated_reg[0:0]
    25/41: $0\outstanding_valid_reg[0:0]
    26/41: $0\outstanding_age_reg[15:0]
    27/41: $0\outstanding_seq_reg[15:0]
    28/41: $0\rejected_count_reg[15:0]
    29/41: $0\accepted_count_reg[15:0]
    30/41: $0\req_meta_reg[63:0]
    31/41: $0\irq_en_reg[63:0]
    32/41: $0\bounds_reg[63:0]
    33/41: $0\limits_reg[63:0]
    34/41: $0\mode_seq_reg[63:0]
    35/41: { $0\ctrl_reg[7:0] [7:5] $0\ctrl_reg[7:0] [3:1] }
    36/41: $0\act_cmd_data_r[31:0]
    37/41: $0\act_cmd_fault_r[0:0]
    38/41: $0\act_cmd_valid_r[0:0]
    39/41: $0\rsp_ready_r[0:0]
    40/41: $0\req_data_r[63:0]
    41/41: $0\req_valid_r[0:0]
Creating decoders for process `\adaptive_aero_control_top.$proc$fpga/handoff/rtl/adaptive_aero_control_top.v:130$1'.
     1/28: $5\state_next[1:0]
     2/28: $4\clamp_needed_next[0:0]
     3/28: $4\clamp_value_next[31:0]
     4/28: $3\clamp_needed_next[0:0]
     5/28: $3\clamp_value_next[31:0]
     6/28: $4\state_next[1:0]
     7/28: $2\clamp_needed_next[0:0]
     8/28: $2\clamp_value_next[31:0]
     9/28: $1\clamp_needed_next[0:0]
    10/28: $1\clamp_value_next[31:0]
    11/28: $3\state_next[1:0]
    12/28: $2\state_next[1:0]
    13/28: $1\state_next[1:0]
    14/28: $1\mmio_rdata_r[63:0]
    15/28: $3\launch_accept_pulse[0:0]
    16/28: $3\rearm_pulse[0:0]
    17/28: $3\clear_fault_pulse[0:0]
    18/28: $2\launch_accept_pulse[0:0]
    19/28: $2\rearm_pulse[0:0]
    20/28: $2\clear_fault_pulse[0:0]
    21/28: $2\req_hist_read_pulse[0:0]
    22/28: $2\req_hist_write_pulse[0:0]
    23/28: $1\req_hist_read_pulse[0:0]
    24/28: $1\req_hist_write_pulse[0:0]
    25/28: $1\rearm_pulse[0:0]
    26/28: $1\clear_fault_pulse[0:0]
    27/28: $1\launch_accept_pulse[0:0]
    28/28: $1\read_data_next[63:0]

3.2.8. Executing PROC_DLATCH pass (convert process syncs to latches).
No latch inferred for signal `\adaptive_aero_control_top_spi_fpga_top.\spi_miso' from process `\adaptive_aero_control_top_spi_fpga_top.$proc$fpga/handoff/rtl/adaptive_aero_control_top_spi_fpga_top.sv:0$77'.
No latch inferred for signal `\adaptive_aero_control_top.\mmio_rdata_r' from process `\adaptive_aero_control_top.$proc$fpga/handoff/rtl/adaptive_aero_control_top.v:130$1'.
No latch inferred for signal `\adaptive_aero_control_top.\mmio_ready_r' from process `\adaptive_aero_control_top.$proc$fpga/handoff/rtl/adaptive_aero_control_top.v:130$1'.
No latch inferred for signal `\adaptive_aero_control_top.\mmio_error_r' from process `\adaptive_aero_control_top.$proc$fpga/handoff/rtl/adaptive_aero_control_top.v:130$1'.
No latch inferred for signal `\adaptive_aero_control_top.\state_next' from process `\adaptive_aero_control_top.$proc$fpga/handoff/rtl/adaptive_aero_control_top.v:130$1'.
No latch inferred for signal `\adaptive_aero_control_top.\status_reg_r' from process `\adaptive_aero_control_top.$proc$fpga/handoff/rtl/adaptive_aero_control_top.v:130$1'.
No latch inferred for signal `\adaptive_aero_control_top.\read_data_next' from process `\adaptive_aero_control_top.$proc$fpga/handoff/rtl/adaptive_aero_control_top.v:130$1'.
No latch inferred for signal `\adaptive_aero_control_top.\launch_accept_pulse' from process `\adaptive_aero_control_top.$proc$fpga/handoff/rtl/adaptive_aero_control_top.v:130$1'.
No latch inferred for signal `\adaptive_aero_control_top.\clear_fault_pulse' from process `\adaptive_aero_control_top.$proc$fpga/handoff/rtl/adaptive_aero_control_top.v:130$1'.
No latch inferred for signal `\adaptive_aero_control_top.\rearm_pulse' from process `\adaptive_aero_control_top.$proc$fpga/handoff/rtl/adaptive_aero_control_top.v:130$1'.
No latch inferred for signal `\adaptive_aero_control_top.\req_hist_write_pulse' from process `\adaptive_aero_control_top.$proc$fpga/handoff/rtl/adaptive_aero_control_top.v:130$1'.
No latch inferred for signal `\adaptive_aero_control_top.\req_hist_read_pulse' from process `\adaptive_aero_control_top.$proc$fpga/handoff/rtl/adaptive_aero_control_top.v:130$1'.
No latch inferred for signal `\adaptive_aero_control_top.\rsp_valid_sync' from process `\adaptive_aero_control_top.$proc$fpga/handoff/rtl/adaptive_aero_control_top.v:130$1'.
No latch inferred for signal `\adaptive_aero_control_top.\rsp_seq_in' from process `\adaptive_aero_control_top.$proc$fpga/handoff/rtl/adaptive_aero_control_top.v:130$1'.
No latch inferred for signal `\adaptive_aero_control_top.\rsp_cmd_in' from process `\adaptive_aero_control_top.$proc$fpga/handoff/rtl/adaptive_aero_control_top.v:130$1'.
No latch inferred for signal `\adaptive_aero_control_top.\rsp_schema_ok' from process `\adaptive_aero_control_top.$proc$fpga/handoff/rtl/adaptive_aero_control_top.v:130$1'.
No latch inferred for signal `\adaptive_aero_control_top.\clamp_value_next' from process `\adaptive_aero_control_top.$proc$fpga/handoff/rtl/adaptive_aero_control_top.v:130$1'.
No latch inferred for signal `\adaptive_aero_control_top.\clamp_needed_next' from process `\adaptive_aero_control_top.$proc$fpga/handoff/rtl/adaptive_aero_control_top.v:130$1'.
No latch inferred for signal `\adaptive_aero_control_top.\fallback_value_sel' from process `\adaptive_aero_control_top.$proc$fpga/handoff/rtl/adaptive_aero_control_top.v:130$1'.
No latch inferred for signal `\adaptive_aero_control_top.\transport_error_reg' from process `\adaptive_aero_control_top.$proc$fpga/handoff/rtl/adaptive_aero_control_top.v:130$1'.
No latch inferred for signal `\adaptive_aero_control_top.\malformed_rsp_reg' from process `\adaptive_aero_control_top.$proc$fpga/handoff/rtl/adaptive_aero_control_top.v:130$1'.

3.2.9. Executing PROC_DFF pass (convert process syncs to FFs).
Creating register for signal `\adaptive_aero_control_top_spi_fpga_top.\rx_active' using process `\adaptive_aero_control_top_spi_fpga_top.$proc$fpga/handoff/rtl/adaptive_aero_control_top_spi_fpga_top.sv:59$73'.
  created $adff cell `$procdff$351' with positive edge clock and positive level reset.
Creating register for signal `\adaptive_aero_control_top_spi_fpga_top.\tx_snapshot' using process `\adaptive_aero_control_top_spi_fpga_top.$proc$fpga/handoff/rtl/adaptive_aero_control_top_spi_fpga_top.sv:59$73'.
  created $adff cell `$procdff$356' with positive edge clock and positive level reset.
Creating register for signal `\adaptive_aero_control_top_spi_fpga_top.\spi_cs_meta' using process `\adaptive_aero_control_top_spi_fpga_top.$proc$fpga/handoff/rtl/adaptive_aero_control_top_spi_fpga_top.sv:59$73'.
  created $adff cell `$procdff$361' with positive edge clock and positive level reset.
Creating register for signal `\adaptive_aero_control_top_spi_fpga_top.\spi_cs_sync' using process `\adaptive_aero_control_top_spi_fpga_top.$proc$fpga/handoff/rtl/adaptive_aero_control_top_spi_fpga_top.sv:59$73'.
  created $adff cell `$procdff$366' with positive edge clock and positive level reset.
Creating register for signal `\adaptive_aero_control_top_spi_fpga_top.\spi_cs_prev' using process `\adaptive_aero_control_top_spi_fpga_top.$proc$fpga/handoff/rtl/adaptive_aero_control_top_spi_fpga_top.sv:59$73'.
  created $adff cell `$procdff$371' with positive edge clock and positive level reset.
Creating register for signal `\adaptive_aero_control_top_spi_fpga_top.\rx_shift' using process `\adaptive_aero_control_top_spi_fpga_top.$proc$fpga/handoff/rtl/adaptive_aero_control_top_spi_fpga_top.sv:50$70'.
  created $dff cell `$procdff$372' with positive edge clock.
Creating register for signal `\adaptive_aero_control_top_spi_fpga_top.\tx_shift' using process `\adaptive_aero_control_top_spi_fpga_top.$proc$fpga/handoff/rtl/adaptive_aero_control_top_spi_fpga_top.sv:50$70'.
  created $dff cell `$procdff$373' with positive edge clock.
Creating register for signal `\adaptive_aero_control_top_spi_fpga_top.\spi_active' using process `\adaptive_aero_control_top_spi_fpga_top.$proc$fpga/handoff/rtl/adaptive_aero_control_top_spi_fpga_top.sv:46$69'.
  created $adff cell `$procdff$376' with positive edge clock and positive level reset.
Creating register for signal `\adaptive_aero_control_top.\req_valid_r' using process `\adaptive_aero_control_top.$proc$fpga/handoff/rtl/adaptive_aero_control_top.v:254$27'.
  created $adff cell `$procdff$381' with positive edge clock and positive level reset.
Creating register for signal `\adaptive_aero_control_top.\req_data_r' using process `\adaptive_aero_control_top.$proc$fpga/handoff/rtl/adaptive_aero_control_top.v:254$27'.
  created $adff cell `$procdff$386' with positive edge clock and positive level reset.
Creating register for signal `\adaptive_aero_control_top.\rsp_ready_r' using process `\adaptive_aero_control_top.$proc$fpga/handoff/rtl/adaptive_aero_control_top.v:254$27'.
  created $adff cell `$procdff$391' with positive edge clock and positive level reset.
Creating register for signal `\adaptive_aero_control_top.\act_cmd_valid_r' using process `\adaptive_aero_control_top.$proc$fpga/handoff/rtl/adaptive_aero_control_top.v:254$27'.
  created $adff cell `$procdff$396' with positive edge clock and positive level reset.
Creating register for signal `\adaptive_aero_control_top.\act_cmd_fault_r' using process `\adaptive_aero_control_top.$proc$fpga/handoff/rtl/adaptive_aero_control_top.v:254$27'.
  created $adff cell `$procdff$401' with positive edge clock and positive level reset.
Creating register for signal `\adaptive_aero_control_top.\act_cmd_data_r' using process `\adaptive_aero_control_top.$proc$fpga/handoff/rtl/adaptive_aero_control_top.v:254$27'.
  created $adff cell `$procdff$406' with positive edge clock and positive level reset.
Creating register for signal `\adaptive_aero_control_top.\irq_r' using process `\adaptive_aero_control_top.$proc$fpga/handoff/rtl/adaptive_aero_control_top.v:254$27'.
  created $adff cell `$procdff$411' with positive edge clock and positive level reset.
Creating register for signal `\adaptive_aero_control_top.\ctrl_reg' using process `\adaptive_aero_control_top.$proc$fpga/handoff/rtl/adaptive_aero_control_top.v:254$27'.
  created $adff cell `$procdff$416' with positive edge clock and positive level reset.
Creating register for signal `\adaptive_aero_control_top.\mode_seq_reg' using process `\adaptive_aero_control_top.$proc$fpga/handoff/rtl/adaptive_aero_control_top.v:254$27'.
  created $adff cell `$procdff$421' with positive edge clock and positive level reset.
Creating register for signal `\adaptive_aero_control_top.\limits_reg' using process `\adaptive_aero_control_top.$proc$fpga/handoff/rtl/adaptive_aero_control_top.v:254$27'.
  created $adff cell `$procdff$426' with positive edge clock and positive level reset.
Creating register for signal `\adaptive_aero_control_top.\bounds_reg' using process `\adaptive_aero_control_top.$proc$fpga/handoff/rtl/adaptive_aero_control_top.v:254$27'.
  created $adff cell `$procdff$431' with positive edge clock and positive level reset.
Creating register for signal `\adaptive_aero_control_top.\irq_en_reg' using process `\adaptive_aero_control_top.$proc$fpga/handoff/rtl/adaptive_aero_control_top.v:254$27'.
  created $adff cell `$procdff$436' with positive edge clock and positive level reset.
Creating register for signal `\adaptive_aero_control_top.\req_meta_reg' using process `\adaptive_aero_control_top.$proc$fpga/handoff/rtl/adaptive_aero_control_top.v:254$27'.
  created $adff cell `$procdff$441' with positive edge clock and positive level reset.
Creating register for signal `\adaptive_aero_control_top.\accepted_count_reg' using process `\adaptive_aero_control_top.$proc$fpga/handoff/rtl/adaptive_aero_control_top.v:254$27'.
  created $adff cell `$procdff$446' with positive edge clock and positive level reset.
Creating register for signal `\adaptive_aero_control_top.\rejected_count_reg' using process `\adaptive_aero_control_top.$proc$fpga/handoff/rtl/adaptive_aero_control_top.v:254$27'.
  created $adff cell `$procdff$451' with positive edge clock and positive level reset.
Creating register for signal `\adaptive_aero_control_top.\outstanding_seq_reg' using process `\adaptive_aero_control_top.$proc$fpga/handoff/rtl/adaptive_aero_control_top.v:254$27'.
  created $adff cell `$procdff$456' with positive edge clock and positive level reset.
Creating register for signal `\adaptive_aero_control_top.\outstanding_age_reg' using process `\adaptive_aero_control_top.$proc$fpga/handoff/rtl/adaptive_aero_control_top.v:254$27'.
  created $adff cell `$procdff$461' with positive edge clock and positive level reset.
Creating register for signal `\adaptive_aero_control_top.\outstanding_valid_reg' using process `\adaptive_aero_control_top.$proc$fpga/handoff/rtl/adaptive_aero_control_top.v:254$27'.
  created $adff cell `$procdff$466' with positive edge clock and positive level reset.
Creating register for signal `\adaptive_aero_control_top.\status_req_accepted_reg' using process `\adaptive_aero_control_top.$proc$fpga/handoff/rtl/adaptive_aero_control_top.v:254$27'.
  created $adff cell `$procdff$471' with positive edge clock and positive level reset.
Creating register for signal `\adaptive_aero_control_top.\status_rsp_received_reg' using process `\adaptive_aero_control_top.$proc$fpga/handoff/rtl/adaptive_aero_control_top.v:254$27'.
  created $adff cell `$procdff$476' with positive edge clock and positive level reset.
Creating register for signal `\adaptive_aero_control_top.\status_rsp_validated_reg' using process `\adaptive_aero_control_top.$proc$fpga/handoff/rtl/adaptive_aero_control_top.v:254$27'.
  created $adff cell `$procdff$481' with positive edge clock and positive level reset.
Creating register for signal `\adaptive_aero_control_top.\status_clamp_applied_reg' using process `\adaptive_aero_control_top.$proc$fpga/handoff/rtl/adaptive_aero_control_top.v:254$27'.
  created $adff cell `$procdff$486' with positive edge clock and positive level reset.
Creating register for signal `\adaptive_aero_control_top.\status_stale_reject_reg' using process `\adaptive_aero_control_top.$proc$fpga/handoff/rtl/adaptive_aero_control_top.v:254$27'.
  created $adff cell `$procdff$491' with positive edge clock and positive level reset.
Creating register for signal `\adaptive_aero_control_top.\status_timeout_reg' using process `\adaptive_aero_control_top.$proc$fpga/handoff/rtl/adaptive_aero_control_top.v:254$27'.
  created $adff cell `$procdff$496' with positive edge clock and positive level reset.
Creating register for signal `\adaptive_aero_control_top.\status_fallback_active_reg' using process `\adaptive_aero_control_top.$proc$fpga/handoff/rtl/adaptive_aero_control_top.v:254$27'.
  created $adff cell `$procdff$501' with positive edge clock and positive level reset.
Creating register for signal `\adaptive_aero_control_top.\status_fault_active_reg' using process `\adaptive_aero_control_top.$proc$fpga/handoff/rtl/adaptive_aero_control_top.v:254$27'.
  created $adff cell `$procdff$506' with positive edge clock and positive level reset.
Creating register for signal `\adaptive_aero_control_top.\busy_reg' using process `\adaptive_aero_control_top.$proc$fpga/handoff/rtl/adaptive_aero_control_top.v:254$27'.
  created $adff cell `$procdff$511' with positive edge clock and positive level reset.
Creating register for signal `\adaptive_aero_control_top.\req_hist_csb' using process `\adaptive_aero_control_top.$proc$fpga/handoff/rtl/adaptive_aero_control_top.v:254$27'.
  created $adff cell `$procdff$516' with positive edge clock and positive level reset.
Creating register for signal `\adaptive_aero_control_top.\req_hist_web' using process `\adaptive_aero_control_top.$proc$fpga/handoff/rtl/adaptive_aero_control_top.v:254$27'.
  created $adff cell `$procdff$521' with positive edge clock and positive level reset.
Creating register for signal `\adaptive_aero_control_top.\req_hist_addr' using process `\adaptive_aero_control_top.$proc$fpga/handoff/rtl/adaptive_aero_control_top.v:254$27'.
  created $adff cell `$procdff$526' with positive edge clock and positive level reset.
Creating register for signal `\adaptive_aero_control_top.\req_hist_din' using process `\adaptive_aero_control_top.$proc$fpga/handoff/rtl/adaptive_aero_control_top.v:254$27'.
  created $adff cell `$procdff$531' with positive edge clock and positive level reset.
Creating register for signal `\adaptive_aero_control_top.\state_reg' using process `\adaptive_aero_control_top.$proc$fpga/handoff/rtl/adaptive_aero_control_top.v:254$27'.
  created $adff cell `$procdff$536' with positive edge clock and positive level reset.
Creating register for signal `\adaptive_aero_control_top.\pending_launch_reg' using process `\adaptive_aero_control_top.$proc$fpga/handoff/rtl/adaptive_aero_control_top.v:254$27'.
  created $adff cell `$procdff$541' with positive edge clock and positive level reset.
Creating register for signal `\adaptive_aero_control_top.\pending_clear_fault_reg' using process `\adaptive_aero_control_top.$proc$fpga/handoff/rtl/adaptive_aero_control_top.v:254$27'.
  created $adff cell `$procdff$546' with positive edge clock and positive level reset.
Creating register for signal `\adaptive_aero_control_top.\pending_rearm_reg' using process `\adaptive_aero_control_top.$proc$fpga/handoff/rtl/adaptive_aero_control_top.v:254$27'.
  created $adff cell `$procdff$551' with positive edge clock and positive level reset.
Creating register for signal `\adaptive_aero_control_top.\hold_safe_sel_reg' using process `\adaptive_aero_control_top.$proc$fpga/handoff/rtl/adaptive_aero_control_top.v:254$27'.
  created $adff cell `$procdff$556' with positive edge clock and positive level reset.
Creating register for signal `\adaptive_aero_control_top.\req_hist_write_pending_reg' using process `\adaptive_aero_control_top.$proc$fpga/handoff/rtl/adaptive_aero_control_top.v:254$27'.
  created $adff cell `$procdff$561' with positive edge clock and positive level reset.
Creating register for signal `\adaptive_aero_control_top.\req_hist_read_pending_reg' using process `\adaptive_aero_control_top.$proc$fpga/handoff/rtl/adaptive_aero_control_top.v:254$27'.
  created $adff cell `$procdff$566' with positive edge clock and positive level reset.
Creating register for signal `\adaptive_aero_control_top.\fault_latched_reg' using process `\adaptive_aero_control_top.$proc$fpga/handoff/rtl/adaptive_aero_control_top.v:254$27'.
  created $adff cell `$procdff$571' with positive edge clock and positive level reset.

3.2.10. Executing PROC_MEMWR pass (convert process memory writes to cells).

3.2.11. Executing PROC_CLEAN pass (remove empty switches from decision trees).
Removing empty process `adaptive_aero_control_top_spi_fpga_top.$proc$fpga/handoff/rtl/adaptive_aero_control_top_spi_fpga_top.sv:0$77'.
Found and cleaned up 1 empty switch in `\adaptive_aero_control_top_spi_fpga_top.$proc$fpga/handoff/rtl/adaptive_aero_control_top_spi_fpga_top.sv:59$73'.
Removing empty process `adaptive_aero_control_top_spi_fpga_top.$proc$fpga/handoff/rtl/adaptive_aero_control_top_spi_fpga_top.sv:59$73'.
Found and cleaned up 2 empty switches in `\adaptive_aero_control_top_spi_fpga_top.$proc$fpga/handoff/rtl/adaptive_aero_control_top_spi_fpga_top.sv:50$70'.
Removing empty process `adaptive_aero_control_top_spi_fpga_top.$proc$fpga/handoff/rtl/adaptive_aero_control_top_spi_fpga_top.sv:50$70'.
Removing empty process `adaptive_aero_control_top_spi_fpga_top.$proc$fpga/handoff/rtl/adaptive_aero_control_top_spi_fpga_top.sv:46$69'.
Found and cleaned up 19 empty switches in `\adaptive_aero_control_top.$proc$fpga/handoff/rtl/adaptive_aero_control_top.v:254$27'.
Removing empty process `adaptive_aero_control_top.$proc$fpga/handoff/rtl/adaptive_aero_control_top.v:254$27'.
Found and cleaned up 14 empty switches in `\adaptive_aero_control_top.$proc$fpga/handoff/rtl/adaptive_aero_control_top.v:130$1'.
Removing empty process `adaptive_aero_control_top.$proc$fpga/handoff/rtl/adaptive_aero_control_top.v:130$1'.
Cleaned up 36 empty switches.

3.2.12. Executing OPT_EXPR pass (perform const folding).
Optimizing module adaptive_aero_control_top_spi_fpga_top.
<suppressed ~14 debug messages>
Optimizing module adaptive_aero_control_top.
<suppressed ~89 debug messages>

3.3. Executing FLATTEN pass (flatten design).
Deleting now unused module adaptive_aero_control_top.
<suppressed ~1 debug messages>

3.4. Executing FUTURE pass.

3.5. Executing OPT_EXPR pass (perform const folding).
Optimizing module adaptive_aero_control_top_spi_fpga_top.

3.6. Executing OPT_CLEAN pass (remove unused cells and wires).
Finding unused cells or wires in module \adaptive_aero_control_top_spi_fpga_top..
Removed 99 unused cells and 336 unused wires.
<suppressed ~111 debug messages>

3.7. Executing CHECK pass (checking for obvious problems).
Checking module adaptive_aero_control_top_spi_fpga_top...
Found and reported 0 problems.

3.8. Executing OPT pass (performing simple optimizations).

3.8.1. Executing OPT_EXPR pass (perform const folding).
Optimizing module adaptive_aero_control_top_spi_fpga_top.

3.8.2. Executing OPT_MERGE pass (detect identical cells).
Finding identical cells in module `\adaptive_aero_control_top_spi_fpga_top'.
<suppressed ~60 debug messages>
Removed a total of 20 cells.

3.8.3. Executing OPT_MUXTREE pass (detect dead branches in mux trees).
Running muxtree optimizer on module \adaptive_aero_control_top_spi_fpga_top..
  Creating internal representation of mux trees.
  Evaluating internal representation of mux trees.
      Replacing known input bits on port A of cell $flatten\u_core.$procmux$121: \u_core.req_hist_write_pending_reg -> 1'0
  Analyzing evaluation results.
    dead port 2/2 on $mux $flatten\u_core.$procmux$227.
    dead port 2/2 on $mux $flatten\u_core.$procmux$265.
    dead port 2/2 on $mux $flatten\u_core.$procmux$267.
    dead port 2/2 on $mux $flatten\u_core.$procmux$275.
    dead port 2/2 on $mux $flatten\u_core.$procmux$277.
    dead port 2/2 on $mux $flatten\u_core.$procmux$285.
    dead port 2/2 on $mux $flatten\u_core.$procmux$287.
    dead port 2/2 on $mux $flatten\u_core.$procmux$294.
    dead port 2/2 on $mux $flatten\u_core.$procmux$301.
    dead port 2/2 on $mux $flatten\u_core.$procmux$308.
Removed 10 multiplexer ports.
<suppressed ~33 debug messages>

3.8.4. Executing OPT_REDUCE pass (consolidate $*mux and $reduce_* inputs).
  Optimizing cells in module \adaptive_aero_control_top_spi_fpga_top.
Performed a total of 0 changes.

3.8.5. Executing OPT_MERGE pass (detect identical cells).
Finding identical cells in module `\adaptive_aero_control_top_spi_fpga_top'.
Removed a total of 0 cells.

3.8.6. Executing OPT_CLEAN pass (remove unused cells and wires).
Finding unused cells or wires in module \adaptive_aero_control_top_spi_fpga_top..
Removed 0 unused cells and 30 unused wires.
<suppressed ~1 debug messages>

3.8.7. Executing OPT_EXPR pass (perform const folding).
Optimizing module adaptive_aero_control_top_spi_fpga_top.

3.8.8. Rerunning OPT passes. (Maybe there is more to do..)

3.8.9. Executing OPT_MUXTREE pass (detect dead branches in mux trees).
Running muxtree optimizer on module \adaptive_aero_control_top_spi_fpga_top..
  Creating internal representation of mux trees.
  Evaluating internal representation of mux trees.
  Analyzing evaluation results.
Removed 0 multiplexer ports.
<suppressed ~33 debug messages>

3.8.10. Executing OPT_REDUCE pass (consolidate $*mux and $reduce_* inputs).
  Optimizing cells in module \adaptive_aero_control_top_spi_fpga_top.
Performed a total of 0 changes.

3.8.11. Executing OPT_MERGE pass (detect identical cells).
Finding identical cells in module `\adaptive_aero_control_top_spi_fpga_top'.
Removed a total of 0 cells.

3.8.12. Executing OPT_CLEAN pass (remove unused cells and wires).
Finding unused cells or wires in module \adaptive_aero_control_top_spi_fpga_top..

3.8.13. Executing OPT_EXPR pass (perform const folding).
Optimizing module adaptive_aero_control_top_spi_fpga_top.

3.8.14. Finished OPT passes. (There is nothing left to do.)

3.9. Executing WREDUCE pass (reducing word size of cells).
Removed top 1 bits (of 4) from port B of cell adaptive_aero_control_top_spi_fpga_top.$flatten\u_core.$procmux$342_CMP0 ($eq).
Removed top 15 bits (of 16) from port B of cell adaptive_aero_control_top_spi_fpga_top.$flatten\u_core.$add$fpga/handoff/rtl/adaptive_aero_control_top.v:323$49 ($add).
Removed top 1 bits (of 4) from port B of cell adaptive_aero_control_top_spi_fpga_top.$flatten\u_core.$eq$fpga/handoff/rtl/adaptive_aero_control_top.v:309$41 ($eq).
Removed top 1 bits (of 4) from port B of cell adaptive_aero_control_top_spi_fpga_top.$flatten\u_core.$eq$fpga/handoff/rtl/adaptive_aero_control_top.v:308$39 ($eq).
Removed top 1 bits (of 4) from port B of cell adaptive_aero_control_top_spi_fpga_top.$flatten\u_core.$eq$fpga/handoff/rtl/adaptive_aero_control_top.v:307$37 ($eq).
Removed top 2 bits (of 4) from port B of cell adaptive_aero_control_top_spi_fpga_top.$flatten\u_core.$eq$fpga/handoff/rtl/adaptive_aero_control_top.v:306$35 ($eq).
Removed top 2 bits (of 4) from port B of cell adaptive_aero_control_top_spi_fpga_top.$flatten\u_core.$eq$fpga/handoff/rtl/adaptive_aero_control_top.v:305$33 ($eq).
Removed top 3 bits (of 4) from port B of cell adaptive_aero_control_top_spi_fpga_top.$flatten\u_core.$eq$fpga/handoff/rtl/adaptive_aero_control_top.v:304$31 ($eq).

3.10. Executing OPT_CLEAN pass (remove unused cells and wires).
Finding unused cells or wires in module \adaptive_aero_control_top_spi_fpga_top..

3.11. Executing MEMORY_COLLECT pass (generating $mem cells).

3.12. Executing OPT pass (performing simple optimizations).

3.12.1. Executing OPT_EXPR pass (perform const folding).
Optimizing module adaptive_aero_control_top_spi_fpga_top.

3.12.2. Executing OPT_MERGE pass (detect identical cells).
Finding identical cells in module `\adaptive_aero_control_top_spi_fpga_top'.
Removed a total of 0 cells.

3.12.3. Executing OPT_CLEAN pass (remove unused cells and wires).
Finding unused cells or wires in module \adaptive_aero_control_top_spi_fpga_top..

3.12.4. Finished fast OPT passes.

3.13. Printing statistics.

=== adaptive_aero_control_top_spi_fpga_top ===

   Number of wires:                194
   Number of wire bits:           3365
   Number of public wires:         101
   Number of public wire bits:    2204
   Number of ports:                  7
   Number of port bits:              7
   Number of memories:               0
   Number of memory bits:            0
   Number of processes:              0
   Number of cells:                143
     $add                            1
     $adff                          38
     $and                            7
     $dff                            2
     $eq                             8
     $ge                             1
     $logic_and                     18
     $logic_not                      6
     $mux                           50
     $ne                             1
     $not                            1
     $or                             7
     $pmux                           1
     $reduce_bool                    1
     $scopeinfo                      1

3.14. Executing CHECK pass (checking for obvious problems).
Checking module adaptive_aero_control_top_spi_fpga_top...
Found and reported 0 problems.

4. Executing ASYNC2SYNC pass.
Replacing adaptive_aero_control_top_spi_fpga_top.$flatten\u_core.$procdff$381 ($adff): ARST=\reset_n, D=\u_core.req_valid_r, Q=\u_core.req_valid_r
Replacing adaptive_aero_control_top_spi_fpga_top.$flatten\u_core.$procdff$386 ($adff): ARST=\reset_n, D=\u_core.req_data_r, Q=\u_core.req_data_r
Replacing adaptive_aero_control_top_spi_fpga_top.$flatten\u_core.$procdff$391 ($adff): ARST=\reset_n, D=\u_core.rsp_ready_r, Q=\u_core.rsp_ready_r
Replacing adaptive_aero_control_top_spi_fpga_top.$flatten\u_core.$procdff$396 ($adff): ARST=\reset_n, D=$flatten\u_core.$0\act_cmd_valid_r[0:0], Q=\u_core.act_cmd_valid_r
Replacing adaptive_aero_control_top_spi_fpga_top.$flatten\u_core.$procdff$401 ($adff): ARST=\reset_n, D=$flatten\u_core.$0\act_cmd_fault_r[0:0], Q=\u_core.act_cmd_fault_r
Replacing adaptive_aero_control_top_spi_fpga_top.$flatten\u_core.$procdff$406 ($adff): ARST=\reset_n, D=$flatten\u_core.$0\act_cmd_data_r[31:0], Q=\u_core.act_cmd_data_r
Replacing adaptive_aero_control_top_spi_fpga_top.$flatten\u_core.$procdff$411 ($adff): ARST=\reset_n, D=$flatten\u_core.$0\irq_r[0:0], Q=\u_core.irq_r
Replacing adaptive_aero_control_top_spi_fpga_top.$flatten\u_core.$procdff$416 ($adff): ARST=\reset_n, D={ \u_core.ctrl_reg [7:5] $flatten\u_core.$0\ctrl_reg[7:0] [4] \u_core.ctrl_reg [3:1] $flatten\u_core.$0\ctrl_reg[7:0] [0] }, Q=\u_core.ctrl_reg
Replacing adaptive_aero_control_top_spi_fpga_top.$flatten\u_core.$procdff$421 ($adff): ARST=\reset_n, D=$flatten\u_core.$0\mode_seq_reg[63:0], Q=\u_core.mode_seq_reg
Replacing adaptive_aero_control_top_spi_fpga_top.$flatten\u_core.$procdff$426 ($adff): ARST=\reset_n, D=$flatten\u_core.$0\limits_reg[63:0], Q=\u_core.limits_reg
Replacing adaptive_aero_control_top_spi_fpga_top.$flatten\u_core.$procdff$431 ($adff): ARST=\reset_n, D=$flatten\u_core.$0\bounds_reg[63:0], Q=\u_core.bounds_reg
Replacing adaptive_aero_control_top_spi_fpga_top.$flatten\u_core.$procdff$436 ($adff): ARST=\reset_n, D=$flatten\u_core.$0\irq_en_reg[63:0], Q=\u_core.irq_en_reg
Replacing adaptive_aero_control_top_spi_fpga_top.$flatten\u_core.$procdff$441 ($adff): ARST=\reset_n, D=$flatten\u_core.$0\req_meta_reg[63:0], Q=\u_core.req_meta_reg
Replacing adaptive_aero_control_top_spi_fpga_top.$flatten\u_core.$procdff$446 ($adff): ARST=\reset_n, D=\u_core.accepted_count_reg, Q=\u_core.accepted_count_reg
Replacing adaptive_aero_control_top_spi_fpga_top.$flatten\u_core.$procdff$451 ($adff): ARST=\reset_n, D=\u_core.rejected_count_reg, Q=\u_core.rejected_count_reg
Replacing adaptive_aero_control_top_spi_fpga_top.$flatten\u_core.$procdff$456 ($adff): ARST=\reset_n, D=$flatten\u_core.$0\outstanding_seq_reg[15:0], Q=\u_core.outstanding_seq_reg
Replacing adaptive_aero_control_top_spi_fpga_top.$flatten\u_core.$procdff$461 ($adff): ARST=\reset_n, D=$flatten\u_core.$0\outstanding_age_reg[15:0], Q=\u_core.outstanding_age_reg
Replacing adaptive_aero_control_top_spi_fpga_top.$flatten\u_core.$procdff$466 ($adff): ARST=\reset_n, D=$flatten\u_core.$0\outstanding_valid_reg[0:0], Q=\u_core.outstanding_valid_reg
Replacing adaptive_aero_control_top_spi_fpga_top.$flatten\u_core.$procdff$471 ($adff): ARST=\reset_n, D=$flatten\u_core.$0\status_req_accepted_reg[0:0], Q=\u_core.status_req_accepted_reg
Replacing adaptive_aero_control_top_spi_fpga_top.$flatten\u_core.$procdff$476 ($adff): ARST=\reset_n, D=$flatten\u_core.$0\status_rsp_received_reg[0:0], Q=\u_core.status_rsp_received_reg
Replacing adaptive_aero_control_top_spi_fpga_top.$flatten\u_core.$procdff$481 ($adff): ARST=\reset_n, D=\u_core.status_rsp_validated_reg, Q=\u_core.status_rsp_validated_reg
Replacing adaptive_aero_control_top_spi_fpga_top.$flatten\u_core.$procdff$486 ($adff): ARST=\reset_n, D=\u_core.status_clamp_applied_reg, Q=\u_core.status_clamp_applied_reg
Replacing adaptive_aero_control_top_spi_fpga_top.$flatten\u_core.$procdff$491 ($adff): ARST=\reset_n, D=$flatten\u_core.$0\status_stale_reject_reg[0:0], Q=\u_core.status_stale_reject_reg
Replacing adaptive_aero_control_top_spi_fpga_top.$flatten\u_core.$procdff$496 ($adff): ARST=\reset_n, D=$flatten\u_core.$0\status_timeout_reg[0:0], Q=\u_core.status_timeout_reg
Replacing adaptive_aero_control_top_spi_fpga_top.$flatten\u_core.$procdff$501 ($adff): ARST=\reset_n, D=$flatten\u_core.$0\status_fallback_active_reg[0:0], Q=\u_core.status_fallback_active_reg
Replacing adaptive_aero_control_top_spi_fpga_top.$flatten\u_core.$procdff$506 ($adff): ARST=\reset_n, D=$flatten\u_core.$0\status_fault_active_reg[0:0], Q=\u_core.status_fault_active_reg
Replacing adaptive_aero_control_top_spi_fpga_top.$flatten\u_core.$procdff$511 ($adff): ARST=\reset_n, D=\u_core.busy_reg, Q=\u_core.busy_reg
Replacing adaptive_aero_control_top_spi_fpga_top.$flatten\u_core.$procdff$526 ($adff): ARST=\reset_n, D=$flatten\u_core.$0\req_hist_addr[3:0], Q=\u_core.req_hist_addr
Replacing adaptive_aero_control_top_spi_fpga_top.$flatten\u_core.$procdff$536 ($adff): ARST=\reset_n, D=\u_core.state_next, Q=\u_core.state_reg
Replacing adaptive_aero_control_top_spi_fpga_top.$flatten\u_core.$procdff$556 ($adff): ARST=\reset_n, D=\u_core.ctrl_reg [4], Q=\u_core.hold_safe_sel_reg
Replacing adaptive_aero_control_top_spi_fpga_top.$flatten\u_core.$procdff$561 ($adff): ARST=\reset_n, D=$flatten\u_core.$0\req_hist_write_pending_reg[0:0], Q=\u_core.req_hist_write_pending_reg
Replacing adaptive_aero_control_top_spi_fpga_top.$flatten\u_core.$procdff$566 ($adff): ARST=\reset_n, D=$flatten\u_core.$0\req_hist_read_pending_reg[0:0], Q=\u_core.req_hist_read_pending_reg
Replacing adaptive_aero_control_top_spi_fpga_top.$procdff$351 ($adff): ARST=\reset_n, D=$0\rx_active[135:0], Q=\rx_active
Replacing adaptive_aero_control_top_spi_fpga_top.$procdff$356 ($adff): ARST=\reset_n, D={ \core_mmio_rdata 2'10 \u_core.req_valid_r \u_core.req_data_r \u_core.rsp_ready_r \u_core.act_cmd_valid_r \u_core.act_cmd_fault_r \u_core.act_cmd_data_r \u_core.irq_r }, Q=\tx_snapshot
Replacing adaptive_aero_control_top_spi_fpga_top.$procdff$361 ($adff): ARST=\reset_n, D=\spi_cs_n, Q=\spi_cs_meta
Replacing adaptive_aero_control_top_spi_fpga_top.$procdff$366 ($adff): ARST=\reset_n, D=\spi_cs_meta, Q=\spi_cs_sync
Replacing adaptive_aero_control_top_spi_fpga_top.$procdff$371 ($adff): ARST=\reset_n, D=\spi_cs_sync, Q=\spi_cs_prev
Replacing adaptive_aero_control_top_spi_fpga_top.$procdff$376 ($adff): ARST=\spi_cs_n, D=1'1, Q=\spi_active

5. Executing MEMORY pass.

5.1. Executing OPT_MEM pass (optimize memories).
Performed a total of 0 transformations.

5.2. Executing OPT_MEM_PRIORITY pass (removing unnecessary memory write priority relations).
Performed a total of 0 transformations.

5.3. Executing OPT_MEM_FEEDBACK pass (finding memory read-to-write feedback paths).

5.4. Executing MEMORY_BMUX2ROM pass (converting muxes to ROMs).

5.5. Executing MEMORY_DFF pass (merging $dff cells to $memrd).

5.6. Executing OPT_CLEAN pass (remove unused cells and wires).
Finding unused cells or wires in module \adaptive_aero_control_top_spi_fpga_top..

5.7. Executing MEMORY_SHARE pass (consolidating $memrd/$memwr cells).

5.8. Executing OPT_MEM_WIDEN pass (optimize memories where all ports are wide).
Performed a total of 0 transformations.

5.9. Executing OPT_CLEAN pass (remove unused cells and wires).
Finding unused cells or wires in module \adaptive_aero_control_top_spi_fpga_top..

5.10. Executing MEMORY_COLLECT pass (generating $mem cells).

5.11. Executing MEMORY_MAP pass (converting memories to logic and flip-flops).

6. Executing OPT_CLEAN pass (remove unused cells and wires).
Finding unused cells or wires in module \adaptive_aero_control_top_spi_fpga_top..
Renaming module \adaptive_aero_control_top_spi_fpga_top to \gold.

7. Executing Verilog-2005 frontend: repro_generic.v
Parsing SystemVerilog input from `repro_generic.v' to AST representation.
Warning: Encountered `parallel_case' comment! Such legacy hot comments are supported by Yosys, but are not part of any formal language specification. Using the Verilog `parallel_case' attribute or the SystemVerilog `unique' or `priority' keywords is recommended!
Generating RTLIL representation for module `\adaptive_aero_control_top'.
Generating RTLIL representation for module `\adaptive_aero_control_top_spi_fpga_top'.
Successfully finished Verilog frontend.

8. Executing PREP pass.

8.1. Executing HIERARCHY pass (managing design hierarchy).

8.1.1. Analyzing design hierarchy..
Top module:  \adaptive_aero_control_top_spi_fpga_top
Used module:     \adaptive_aero_control_top

8.1.2. Analyzing design hierarchy..
Top module:  \adaptive_aero_control_top_spi_fpga_top
Used module:     \adaptive_aero_control_top
Removed 0 unused modules.

8.2. Executing PROC pass (convert processes to netlists).

8.2.1. Executing PROC_CLEAN pass (remove empty switches from decision trees).
Cleaned up 0 empty switches.

8.2.2. Executing PROC_RMDEAD pass (remove dead branches from decision trees).
Marked 1 switch rules as full_case in process $proc$repro_generic.v:390$861 in module adaptive_aero_control_top_spi_fpga_top.
Marked 1 switch rules as full_case in process $proc$repro_generic.v:387$859 in module adaptive_aero_control_top_spi_fpga_top.
Marked 1 switch rules as full_case in process $proc$repro_generic.v:384$857 in module adaptive_aero_control_top_spi_fpga_top.
Marked 1 switch rules as full_case in process $proc$repro_generic.v:381$855 in module adaptive_aero_control_top_spi_fpga_top.
Marked 1 switch rules as full_case in process $proc$repro_generic.v:378$853 in module adaptive_aero_control_top_spi_fpga_top.
Marked 1 switch rules as full_case in process $proc$repro_generic.v:369$845 in module adaptive_aero_control_top_spi_fpga_top.
Marked 1 switch rules as full_case in process $proc$repro_generic.v:0$839 in module adaptive_aero_control_top.
Marked 1 switch rules as full_case in process $proc$repro_generic.v:226$806 in module adaptive_aero_control_top.
Marked 1 switch rules as full_case in process $proc$repro_generic.v:223$804 in module adaptive_aero_control_top.
Marked 1 switch rules as full_case in process $proc$repro_generic.v:220$802 in module adaptive_aero_control_top.
Marked 1 switch rules as full_case in process $proc$repro_generic.v:217$800 in module adaptive_aero_control_top.
Marked 1 switch rules as full_case in process $proc$repro_generic.v:214$798 in module adaptive_aero_control_top.
Marked 1 switch rules as full_case in process $proc$repro_generic.v:211$796 in module adaptive_aero_control_top.
Marked 1 switch rules as full_case in process $proc$repro_generic.v:184$770 in module adaptive_aero_control_top.
Marked 1 switch rules as full_case in process $proc$repro_generic.v:181$768 in module adaptive_aero_control_top.
Marked 1 switch rules as full_case in process $proc$repro_generic.v:178$766 in module adaptive_aero_control_top.
Marked 1 switch rules as full_case in process $proc$repro_generic.v:175$764 in module adaptive_aero_control_top.
Marked 1 switch rules as full_case in process $proc$repro_generic.v:172$762 in module adaptive_aero_control_top.
Marked 1 switch rules as full_case in process $proc$repro_generic.v:169$760 in module adaptive_aero_control_top.
Marked 1 switch rules as full_case in process $proc$repro_generic.v:166$758 in module adaptive_aero_control_top.
Marked 1 switch rules as full_case in process $proc$repro_generic.v:163$756 in module adaptive_aero_control_top.
Marked 1 switch rules as full_case in process $proc$repro_generic.v:159$754 in module adaptive_aero_control_top.
Marked 1 switch rules as full_case in process $proc$repro_generic.v:154$752 in module adaptive_aero_control_top.
Marked 1 switch rules as full_case in process $proc$repro_generic.v:150$750 in module adaptive_aero_control_top.
Marked 1 switch rules as full_case in process $proc$repro_generic.v:147$748 in module adaptive_aero_control_top.
Removed a total of 0 dead cases.

8.2.3. Executing PROC_PRUNE pass (remove redundant assignments in processes).
Removed 11 redundant assignments.
Promoted 4 assignments to connections.

8.2.4. Executing PROC_INIT pass (extract init attributes).

8.2.5. Executing PROC_ARST pass (detect async resets in processes).
Found async reset \spi_cs_n in `\adaptive_aero_control_top_spi_fpga_top.$proc$repro_generic.v:390$861'.
Found async reset \reset_n in `\adaptive_aero_control_top_spi_fpga_top.$proc$repro_generic.v:387$859'.
Found async reset \reset_n in `\adaptive_aero_control_top_spi_fpga_top.$proc$repro_generic.v:384$857'.
Found async reset \reset_n in `\adaptive_aero_control_top_spi_fpga_top.$proc$repro_generic.v:381$855'.
Found async reset \reset_n in `\adaptive_aero_control_top_spi_fpga_top.$proc$repro_generic.v:378$853'.
Found async reset \reset_n in `\adaptive_aero_control_top_spi_fpga_top.$proc$repro_generic.v:369$845'.
Found async reset \reset_n in `\adaptive_aero_control_top.$proc$repro_generic.v:226$806'.
Found async reset \reset_n in `\adaptive_aero_control_top.$proc$repro_generic.v:223$804'.
Found async reset \reset_n in `\adaptive_aero_control_top.$proc$repro_generic.v:220$802'.
Found async reset \reset_n in `\adaptive_aero_control_top.$proc$repro_generic.v:217$800'.
Found async reset \reset_n in `\adaptive_aero_control_top.$proc$repro_generic.v:214$798'.
Found async reset \reset_n in `\adaptive_aero_control_top.$proc$repro_generic.v:211$796'.
Found async reset \reset_n in `\adaptive_aero_control_top.$proc$repro_generic.v:184$770'.
Found async reset \reset_n in `\adaptive_aero_control_top.$proc$repro_generic.v:181$768'.
Found async reset \reset_n in `\adaptive_aero_control_top.$proc$repro_generic.v:178$766'.
Found async reset \reset_n in `\adaptive_aero_control_top.$proc$repro_generic.v:175$764'.
Found async reset \reset_n in `\adaptive_aero_control_top.$proc$repro_generic.v:172$762'.
Found async reset \reset_n in `\adaptive_aero_control_top.$proc$repro_generic.v:169$760'.
Found async reset \reset_n in `\adaptive_aero_control_top.$proc$repro_generic.v:166$758'.
Found async reset \reset_n in `\adaptive_aero_control_top.$proc$repro_generic.v:163$756'.
Found async reset \reset_n in `\adaptive_aero_control_top.$proc$repro_generic.v:159$754'.
Found async reset \reset_n in `\adaptive_aero_control_top.$proc$repro_generic.v:154$752'.
Found async reset \reset_n in `\adaptive_aero_control_top.$proc$repro_generic.v:150$750'.
Found async reset \reset_n in `\adaptive_aero_control_top.$proc$repro_generic.v:147$748'.

8.2.6. Executing PROC_ROM pass (convert switches to ROMs).
Converted 0 switches.
<suppressed ~16 debug messages>

8.2.7. Executing PROC_MUX pass (convert decision trees to multiplexers).
Creating decoders for process `\adaptive_aero_control_top_spi_fpga_top.$proc$repro_generic.v:390$861'.
     1/1: $0\spi_active[0:0]
Creating decoders for process `\adaptive_aero_control_top_spi_fpga_top.$proc$repro_generic.v:387$859'.
     1/1: $0\spi_cs_prev[0:0]
Creating decoders for process `\adaptive_aero_control_top_spi_fpga_top.$proc$repro_generic.v:384$857'.
     1/1: $0\spi_cs_sync[0:0]
Creating decoders for process `\adaptive_aero_control_top_spi_fpga_top.$proc$repro_generic.v:381$855'.
     1/1: $0\spi_cs_meta[0:0]
Creating decoders for process `\adaptive_aero_control_top_spi_fpga_top.$proc$repro_generic.v:378$853'.
     1/1: $0\tx_snapshot[166:0]
Creating decoders for process `\adaptive_aero_control_top_spi_fpga_top.$proc$repro_generic.v:374$849'.
     1/1: $0\tx_shift[166:0]
Creating decoders for process `\adaptive_aero_control_top_spi_fpga_top.$proc$repro_generic.v:372$847'.
     1/1: $0\rx_shift[135:0]
Creating decoders for process `\adaptive_aero_control_top_spi_fpga_top.$proc$repro_generic.v:369$845'.
     1/1: $0\rx_active[135:0]
Creating decoders for process `\adaptive_aero_control_top.$proc$repro_generic.v:0$839'.
     1/1: $1\_121_$func$repro_generic.v:277$744.$result[63:0]$844
Creating decoders for process `\adaptive_aero_control_top.$proc$repro_generic.v:226$806'.
     1/1: $0\req_hist_read_pending_reg[0:0]
Creating decoders for process `\adaptive_aero_control_top.$proc$repro_generic.v:223$804'.
     1/1: $0\req_hist_write_pending_reg[0:0]
Creating decoders for process `\adaptive_aero_control_top.$proc$repro_generic.v:220$802'.
     1/1: $0\status_rsp_received_reg[0:0]
Creating decoders for process `\adaptive_aero_control_top.$proc$repro_generic.v:217$800'.
     1/1: $0\status_req_accepted_reg[0:0]
Creating decoders for process `\adaptive_aero_control_top.$proc$repro_generic.v:214$798'.
     1/1: $0\outstanding_age_reg[15:0]
Creating decoders for process `\adaptive_aero_control_top.$proc$repro_generic.v:211$796'.
     1/1: $0\irq_r[0:0]
Creating decoders for process `\adaptive_aero_control_top.$proc$repro_generic.v:184$770'.
     1/1: $0\irq_en_reg[63:0]
Creating decoders for process `\adaptive_aero_control_top.$proc$repro_generic.v:181$768'.
     1/1: $0\req_hist_addr[3:0]
Creating decoders for process `\adaptive_aero_control_top.$proc$repro_generic.v:178$766'.
     1/1: $0\bounds_reg[63:0]
Creating decoders for process `\adaptive_aero_control_top.$proc$repro_generic.v:175$764'.
     1/1: $0\act_cmd_valid_r[0:0]
Creating decoders for process `\adaptive_aero_control_top.$proc$repro_generic.v:172$762'.
     1/1: $0\req_meta_reg[63:0]
Creating decoders for process `\adaptive_aero_control_top.$proc$repro_generic.v:169$760'.
     1/1: $0\limits_reg[63:0]
Creating decoders for process `\adaptive_aero_control_top.$proc$repro_generic.v:166$758'.
     1/1: $0\mode_seq_reg[63:0]
Creating decoders for process `\adaptive_aero_control_top.$proc$repro_generic.v:163$756'.
     1/1: $0\outstanding_valid_reg[0:0]
Creating decoders for process `\adaptive_aero_control_top.$proc$repro_generic.v:159$754'.
     1/1: $0\ctrl_reg_reg[0][0:0]
Creating decoders for process `\adaptive_aero_control_top.$proc$repro_generic.v:154$752'.
     1/1: $0\ctrl_reg_reg[4][0:0]
Creating decoders for process `\adaptive_aero_control_top.$proc$repro_generic.v:150$750'.
     1/1: $0\state_reg[1:0]
Creating decoders for process `\adaptive_aero_control_top.$proc$repro_generic.v:147$748'.
     1/1: $0\outstanding_seq_reg[15:0]

8.2.8. Executing PROC_DLATCH pass (convert process syncs to latches).
No latch inferred for signal `\adaptive_aero_control_top.\_121_$func$repro_generic.v:277$744.s' from process `\adaptive_aero_control_top.$proc$repro_generic.v:0$839'.
No latch inferred for signal `\adaptive_aero_control_top.\_121_$func$repro_generic.v:277$744.b' from process `\adaptive_aero_control_top.$proc$repro_generic.v:0$839'.
No latch inferred for signal `\adaptive_aero_control_top.\_121_$func$repro_generic.v:277$744.$result' from process `\adaptive_aero_control_top.$proc$repro_generic.v:0$839'.
No latch inferred for signal `\adaptive_aero_control_top.\_121_$func$repro_generic.v:277$743.$result' from process `\adaptive_aero_control_top.$proc$repro_generic.v:0$839'.

8.2.9. Executing PROC_DFF pass (convert process syncs to FFs).
Creating register for signal `\adaptive_aero_control_top_spi_fpga_top.\spi_active' using process `\adaptive_aero_control_top_spi_fpga_top.$proc$repro_generic.v:390$861'.
  created $adff cell `$procdff$906' with positive edge clock and positive level reset.
Creating register for signal `\adaptive_aero_control_top_spi_fpga_top.\spi_cs_prev' using process `\adaptive_aero_control_top_spi_fpga_top.$proc$repro_generic.v:387$859'.
  created $adff cell `$procdff$911' with positive edge clock and positive level reset.
Creating register for signal `\adaptive_aero_control_top_spi_fpga_top.\spi_cs_sync' using process `\adaptive_aero_control_top_spi_fpga_top.$proc$repro_generic.v:384$857'.
  created $adff cell `$procdff$916' with positive edge clock and positive level reset.
Creating register for signal `\adaptive_aero_control_top_spi_fpga_top.\spi_cs_meta' using process `\adaptive_aero_control_top_spi_fpga_top.$proc$repro_generic.v:381$855'.
  created $adff cell `$procdff$921' with positive edge clock and positive level reset.
Creating register for signal `\adaptive_aero_control_top_spi_fpga_top.\tx_snapshot' using process `\adaptive_aero_control_top_spi_fpga_top.$proc$repro_generic.v:378$853'.
  created $adff cell `$procdff$926' with positive edge clock and positive level reset.
Creating register for signal `\adaptive_aero_control_top_spi_fpga_top.\tx_shift' using process `\adaptive_aero_control_top_spi_fpga_top.$proc$repro_generic.v:374$849'.
  created $dff cell `$procdff$927' with positive edge clock.
Creating register for signal `\adaptive_aero_control_top_spi_fpga_top.\rx_shift' using process `\adaptive_aero_control_top_spi_fpga_top.$proc$repro_generic.v:372$847'.
  created $dff cell `$procdff$928' with positive edge clock.
Creating register for signal `\adaptive_aero_control_top_spi_fpga_top.\rx_active' using process `\adaptive_aero_control_top_spi_fpga_top.$proc$repro_generic.v:369$845'.
  created $adff cell `$procdff$933' with positive edge clock and positive level reset.
Creating register for signal `\adaptive_aero_control_top.\req_hist_read_pending_reg' using process `\adaptive_aero_control_top.$proc$repro_generic.v:226$806'.
  created $adff cell `$procdff$938' with positive edge clock and positive level reset.
Creating register for signal `\adaptive_aero_control_top.\req_hist_write_pending_reg' using process `\adaptive_aero_control_top.$proc$repro_generic.v:223$804'.
  created $adff cell `$procdff$943' with positive edge clock and positive level reset.
Creating register for signal `\adaptive_aero_control_top.\status_rsp_received_reg' using process `\adaptive_aero_control_top.$proc$repro_generic.v:220$802'.
  created $adff cell `$procdff$948' with positive edge clock and positive level reset.
Creating register for signal `\adaptive_aero_control_top.\status_req_accepted_reg' using process `\adaptive_aero_control_top.$proc$repro_generic.v:217$800'.
  created $adff cell `$procdff$953' with positive edge clock and positive level reset.
Creating register for signal `\adaptive_aero_control_top.\outstanding_age_reg' using process `\adaptive_aero_control_top.$proc$repro_generic.v:214$798'.
  created $adff cell `$procdff$958' with positive edge clock and positive level reset.
Creating register for signal `\adaptive_aero_control_top.\irq_r' using process `\adaptive_aero_control_top.$proc$repro_generic.v:211$796'.
  created $adff cell `$procdff$963' with positive edge clock and positive level reset.
Creating register for signal `\adaptive_aero_control_top.\irq_en_reg' using process `\adaptive_aero_control_top.$proc$repro_generic.v:184$770'.
  created $adff cell `$procdff$968' with positive edge clock and positive level reset.
Creating register for signal `\adaptive_aero_control_top.\req_hist_addr' using process `\adaptive_aero_control_top.$proc$repro_generic.v:181$768'.
  created $adff cell `$procdff$973' with positive edge clock and positive level reset.
Creating register for signal `\adaptive_aero_control_top.\bounds_reg' using process `\adaptive_aero_control_top.$proc$repro_generic.v:178$766'.
  created $adff cell `$procdff$978' with positive edge clock and positive level reset.
Creating register for signal `\adaptive_aero_control_top.\act_cmd_valid_r' using process `\adaptive_aero_control_top.$proc$repro_generic.v:175$764'.
  created $adff cell `$procdff$983' with positive edge clock and positive level reset.
Creating register for signal `\adaptive_aero_control_top.\req_meta_reg' using process `\adaptive_aero_control_top.$proc$repro_generic.v:172$762'.
  created $adff cell `$procdff$988' with positive edge clock and positive level reset.
Creating register for signal `\adaptive_aero_control_top.\limits_reg' using process `\adaptive_aero_control_top.$proc$repro_generic.v:169$760'.
  created $adff cell `$procdff$993' with positive edge clock and positive level reset.
Creating register for signal `\adaptive_aero_control_top.\mode_seq_reg' using process `\adaptive_aero_control_top.$proc$repro_generic.v:166$758'.
  created $adff cell `$procdff$998' with positive edge clock and positive level reset.
Creating register for signal `\adaptive_aero_control_top.\outstanding_valid_reg' using process `\adaptive_aero_control_top.$proc$repro_generic.v:163$756'.
  created $adff cell `$procdff$1003' with positive edge clock and positive level reset.
Creating register for signal `\adaptive_aero_control_top.\ctrl_reg_reg[0]' using process `\adaptive_aero_control_top.$proc$repro_generic.v:159$754'.
  created $adff cell `$procdff$1008' with positive edge clock and positive level reset.
Creating register for signal `\adaptive_aero_control_top.\ctrl_reg_reg[4]' using process `\adaptive_aero_control_top.$proc$repro_generic.v:154$752'.
  created $adff cell `$procdff$1013' with positive edge clock and positive level reset.
Creating register for signal `\adaptive_aero_control_top.\state_reg' using process `\adaptive_aero_control_top.$proc$repro_generic.v:150$750'.
  created $adff cell `$procdff$1018' with positive edge clock and positive level reset.
Creating register for signal `\adaptive_aero_control_top.\outstanding_seq_reg' using process `\adaptive_aero_control_top.$proc$repro_generic.v:147$748'.
  created $adff cell `$procdff$1023' with positive edge clock and positive level reset.

8.2.10. Executing PROC_MEMWR pass (convert process memory writes to cells).

8.2.11. Executing PROC_CLEAN pass (remove empty switches from decision trees).
Removing empty process `adaptive_aero_control_top_spi_fpga_top.$proc$repro_generic.v:390$861'.
Removing empty process `adaptive_aero_control_top_spi_fpga_top.$proc$repro_generic.v:387$859'.
Removing empty process `adaptive_aero_control_top_spi_fpga_top.$proc$repro_generic.v:384$857'.
Removing empty process `adaptive_aero_control_top_spi_fpga_top.$proc$repro_generic.v:381$855'.
Removing empty process `adaptive_aero_control_top_spi_fpga_top.$proc$repro_generic.v:378$853'.
Found and cleaned up 1 empty switch in `\adaptive_aero_control_top_spi_fpga_top.$proc$repro_generic.v:374$849'.
Removing empty process `adaptive_aero_control_top_spi_fpga_top.$proc$repro_generic.v:374$849'.
Found and cleaned up 1 empty switch in `\adaptive_aero_control_top_spi_fpga_top.$proc$repro_generic.v:372$847'.
Removing empty process `adaptive_aero_control_top_spi_fpga_top.$proc$repro_generic.v:372$847'.
Found and cleaned up 1 empty switch in `\adaptive_aero_control_top_spi_fpga_top.$proc$repro_generic.v:369$845'.
Removing empty process `adaptive_aero_control_top_spi_fpga_top.$proc$repro_generic.v:369$845'.
Found and cleaned up 1 empty switch in `\adaptive_aero_control_top.$proc$repro_generic.v:0$839'.
Removing empty process `adaptive_aero_control_top.$proc$repro_generic.v:0$839'.
Removing empty process `adaptive_aero_control_top.$proc$repro_generic.v:226$806'.
Removing empty process `adaptive_aero_control_top.$proc$repro_generic.v:223$804'.
Removing empty process `adaptive_aero_control_top.$proc$repro_generic.v:220$802'.
Removing empty process `adaptive_aero_control_top.$proc$repro_generic.v:217$800'.
Removing empty process `adaptive_aero_control_top.$proc$repro_generic.v:214$798'.
Removing empty process `adaptive_aero_control_top.$proc$repro_generic.v:211$796'.
Found and cleaned up 1 empty switch in `\adaptive_aero_control_top.$proc$repro_generic.v:184$770'.
Removing empty process `adaptive_aero_control_top.$proc$repro_generic.v:184$770'.
Found and cleaned up 1 empty switch in `\adaptive_aero_control_top.$proc$repro_generic.v:181$768'.
Removing empty process `adaptive_aero_control_top.$proc$repro_generic.v:181$768'.
Found and cleaned up 1 empty switch in `\adaptive_aero_control_top.$proc$repro_generic.v:178$766'.
Removing empty process `adaptive_aero_control_top.$proc$repro_generic.v:178$766'.
Found and cleaned up 1 empty switch in `\adaptive_aero_control_top.$proc$repro_generic.v:175$764'.
Removing empty process `adaptive_aero_control_top.$proc$repro_generic.v:175$764'.
Found and cleaned up 1 empty switch in `\adaptive_aero_control_top.$proc$repro_generic.v:172$762'.
Removing empty process `adaptive_aero_control_top.$proc$repro_generic.v:172$762'.
Found and cleaned up 1 empty switch in `\adaptive_aero_control_top.$proc$repro_generic.v:169$760'.
Removing empty process `adaptive_aero_control_top.$proc$repro_generic.v:169$760'.
Found and cleaned up 1 empty switch in `\adaptive_aero_control_top.$proc$repro_generic.v:166$758'.
Removing empty process `adaptive_aero_control_top.$proc$repro_generic.v:166$758'.
Found and cleaned up 1 empty switch in `\adaptive_aero_control_top.$proc$repro_generic.v:163$756'.
Removing empty process `adaptive_aero_control_top.$proc$repro_generic.v:163$756'.
Found and cleaned up 1 empty switch in `\adaptive_aero_control_top.$proc$repro_generic.v:159$754'.
Removing empty process `adaptive_aero_control_top.$proc$repro_generic.v:159$754'.
Found and cleaned up 1 empty switch in `\adaptive_aero_control_top.$proc$repro_generic.v:154$752'.
Removing empty process `adaptive_aero_control_top.$proc$repro_generic.v:154$752'.
Found and cleaned up 1 empty switch in `\adaptive_aero_control_top.$proc$repro_generic.v:150$750'.
Removing empty process `adaptive_aero_control_top.$proc$repro_generic.v:150$750'.
Found and cleaned up 1 empty switch in `\adaptive_aero_control_top.$proc$repro_generic.v:147$748'.
Removing empty process `adaptive_aero_control_top.$proc$repro_generic.v:147$748'.
Cleaned up 16 empty switches.

8.2.12. Executing OPT_EXPR pass (perform const folding).
Optimizing module adaptive_aero_control_top_spi_fpga_top.
<suppressed ~13 debug messages>
Optimizing module adaptive_aero_control_top.
<suppressed ~36 debug messages>

8.3. Executing FLATTEN pass (flatten design).
Deleting now unused module adaptive_aero_control_top.
<suppressed ~1 debug messages>

8.4. Executing FUTURE pass.

8.5. Executing OPT_EXPR pass (perform const folding).
Optimizing module adaptive_aero_control_top_spi_fpga_top.

8.6. Executing OPT_CLEAN pass (remove unused cells and wires).
Finding unused cells or wires in module \adaptive_aero_control_top_spi_fpga_top..
Removed 48 unused cells and 191 unused wires.
<suppressed ~49 debug messages>

8.7. Executing CHECK pass (checking for obvious problems).
Checking module adaptive_aero_control_top_spi_fpga_top...
Found and reported 0 problems.

8.8. Executing OPT pass (performing simple optimizations).

8.8.1. Executing OPT_EXPR pass (perform const folding).
Optimizing module adaptive_aero_control_top_spi_fpga_top.

8.8.2. Executing OPT_MERGE pass (detect identical cells).
Finding identical cells in module `\adaptive_aero_control_top_spi_fpga_top'.
Removed a total of 0 cells.

8.8.3. Executing OPT_MUXTREE pass (detect dead branches in mux trees).
Running muxtree optimizer on module \adaptive_aero_control_top_spi_fpga_top..
  Creating internal representation of mux trees.
  Evaluating internal representation of mux trees.
  Analyzing evaluation results.
    dead port 2/2 on $mux $flatten\u_core.$ternary$repro_generic.v:239$818.
Removed 1 multiplexer ports.
<suppressed ~26 debug messages>

8.8.4. Executing OPT_REDUCE pass (consolidate $*mux and $reduce_* inputs).
  Optimizing cells in module \adaptive_aero_control_top_spi_fpga_top.
Performed a total of 0 changes.

8.8.5. Executing OPT_MERGE pass (detect identical cells).
Finding identical cells in module `\adaptive_aero_control_top_spi_fpga_top'.
Removed a total of 0 cells.

8.8.6. Executing OPT_CLEAN pass (remove unused cells and wires).
Finding unused cells or wires in module \adaptive_aero_control_top_spi_fpga_top..

8.8.7. Executing OPT_EXPR pass (perform const folding).
Optimizing module adaptive_aero_control_top_spi_fpga_top.

8.8.8. Rerunning OPT passes. (Maybe there is more to do..)

8.8.9. Executing OPT_MUXTREE pass (detect dead branches in mux trees).
Running muxtree optimizer on module \adaptive_aero_control_top_spi_fpga_top..
  Creating internal representation of mux trees.
  Evaluating internal representation of mux trees.
  Analyzing evaluation results.
Removed 0 multiplexer ports.
<suppressed ~26 debug messages>

8.8.10. Executing OPT_REDUCE pass (consolidate $*mux and $reduce_* inputs).
  Optimizing cells in module \adaptive_aero_control_top_spi_fpga_top.
Performed a total of 0 changes.

8.8.11. Executing OPT_MERGE pass (detect identical cells).
Finding identical cells in module `\adaptive_aero_control_top_spi_fpga_top'.
Removed a total of 0 cells.

8.8.12. Executing OPT_CLEAN pass (remove unused cells and wires).
Finding unused cells or wires in module \adaptive_aero_control_top_spi_fpga_top..

8.8.13. Executing OPT_EXPR pass (perform const folding).
Optimizing module adaptive_aero_control_top_spi_fpga_top.

8.8.14. Finished OPT passes. (There is nothing left to do.)

8.9. Executing WREDUCE pass (reducing word size of cells).
Removed top 1 bits (of 4) from port B of cell adaptive_aero_control_top_spi_fpga_top.$flatten\u_core.$eq$repro_generic.v:278$831 ($eq).
Removed top 1 bits (of 4) from port B of cell adaptive_aero_control_top_spi_fpga_top.$flatten\u_core.$eq$repro_generic.v:279$832 ($eq).
Removed top 1 bits (of 4) from port B of cell adaptive_aero_control_top_spi_fpga_top.$flatten\u_core.$eq$repro_generic.v:280$833 ($eq).
Removed top 1 bits (of 4) from port B of cell adaptive_aero_control_top_spi_fpga_top.$flatten\u_core.$eq$repro_generic.v:281$834 ($eq).
Removed top 2 bits (of 4) from port B of cell adaptive_aero_control_top_spi_fpga_top.$flatten\u_core.$eq$repro_generic.v:282$835 ($eq).
Removed top 2 bits (of 4) from port B of cell adaptive_aero_control_top_spi_fpga_top.$flatten\u_core.$eq$repro_generic.v:283$836 ($eq).
Removed top 3 bits (of 4) from port B of cell adaptive_aero_control_top_spi_fpga_top.$flatten\u_core.$eq$repro_generic.v:284$837 ($eq).
Removed top 15 bits (of 16) from port B of cell adaptive_aero_control_top_spi_fpga_top.$flatten\u_core.$add$repro_generic.v:144$745 ($add).

8.10. Executing OPT_CLEAN pass (remove unused cells and wires).
Finding unused cells or wires in module \adaptive_aero_control_top_spi_fpga_top..

8.11. Executing MEMORY_COLLECT pass (generating $mem cells).

8.12. Executing OPT pass (performing simple optimizations).

8.12.1. Executing OPT_EXPR pass (perform const folding).
Optimizing module adaptive_aero_control_top_spi_fpga_top.

8.12.2. Executing OPT_MERGE pass (detect identical cells).
Finding identical cells in module `\adaptive_aero_control_top_spi_fpga_top'.
Removed a total of 0 cells.

8.12.3. Executing OPT_CLEAN pass (remove unused cells and wires).
Finding unused cells or wires in module \adaptive_aero_control_top_spi_fpga_top..

8.12.4. Finished fast OPT passes.

8.13. Printing statistics.

=== adaptive_aero_control_top_spi_fpga_top ===

   Number of wires:                176
   Number of wire bits:           3797
   Number of public wires:         161
   Number of public wire bits:    3012
   Number of ports:                  7
   Number of port bits:              7
   Number of memories:               0
   Number of memory bits:            0
   Number of processes:              0
   Number of cells:                104
     $add                            1
     $adff                          24
     $and                            2
     $dff                            2
     $eq                             8
     $ge                             1
     $logic_and                     15
     $logic_not                      4
     $mux                           39
     $ne                             1
     $not                            1
     $or                             2
     $pmux                           1
     $reduce_or                      2
     $scopeinfo                      1

8.14. Executing CHECK pass (checking for obvious problems).
Checking module adaptive_aero_control_top_spi_fpga_top...
Found and reported 0 problems.

9. Executing ASYNC2SYNC pass.
Replacing adaptive_aero_control_top_spi_fpga_top.$flatten\u_core.$procdff$1003 ($adff): ARST=\reset_n, D=$flatten\u_core.$0\outstanding_valid_reg[0:0], Q=\u_core.outstanding_valid_reg
Replacing adaptive_aero_control_top_spi_fpga_top.$flatten\u_core.$procdff$1008 ($adff): ARST=\reset_n, D=$flatten\u_core.$0\ctrl_reg_reg[0][0:0], Q=\u_core.ctrl_reg_reg[0]
Replacing adaptive_aero_control_top_spi_fpga_top.$flatten\u_core.$procdff$1013 ($adff): ARST=\reset_n, D=$flatten\u_core.$0\ctrl_reg_reg[4][0:0], Q=\u_core.ctrl_reg_reg[4]
Replacing adaptive_aero_control_top_spi_fpga_top.$flatten\u_core.$procdff$1018 ($adff): ARST=\reset_n, D=$flatten\u_core.$0\state_reg[1:0], Q=\u_core.state_reg
Replacing adaptive_aero_control_top_spi_fpga_top.$flatten\u_core.$procdff$1023 ($adff): ARST=\reset_n, D=$flatten\u_core.$0\outstanding_seq_reg[15:0], Q=\u_core.outstanding_seq_reg
Replacing adaptive_aero_control_top_spi_fpga_top.$flatten\u_core.$procdff$938 ($adff): ARST=\reset_n, D=\u_core._003_, Q=\u_core.req_hist_read_pending_reg
Replacing adaptive_aero_control_top_spi_fpga_top.$flatten\u_core.$procdff$943 ($adff): ARST=\reset_n, D=\u_core._004_, Q=\u_core.req_hist_write_pending_reg
Replacing adaptive_aero_control_top_spi_fpga_top.$flatten\u_core.$procdff$948 ($adff): ARST=\reset_n, D=\u_core._006_, Q=\u_core.status_rsp_received_reg
Replacing adaptive_aero_control_top_spi_fpga_top.$flatten\u_core.$procdff$953 ($adff): ARST=\reset_n, D=\u_core._005_, Q=\u_core.status_req_accepted_reg
Replacing adaptive_aero_control_top_spi_fpga_top.$flatten\u_core.$procdff$958 ($adff): ARST=\reset_n, D=\u_core._002_, Q=\u_core.outstanding_age_reg
Replacing adaptive_aero_control_top_spi_fpga_top.$flatten\u_core.$procdff$963 ($adff): ARST=\reset_n, D=\u_core._001_, Q=\u_core.irq_r
Replacing adaptive_aero_control_top_spi_fpga_top.$flatten\u_core.$procdff$968 ($adff): ARST=\reset_n, D=$flatten\u_core.$0\irq_en_reg[63:0], Q=\u_core.irq_en_reg
Replacing adaptive_aero_control_top_spi_fpga_top.$flatten\u_core.$procdff$973 ($adff): ARST=\reset_n, D=$flatten\u_core.$0\req_hist_addr[3:0], Q=\u_core.req_hist_addr
Replacing adaptive_aero_control_top_spi_fpga_top.$flatten\u_core.$procdff$978 ($adff): ARST=\reset_n, D=$flatten\u_core.$0\bounds_reg[63:0], Q=\u_core.bounds_reg
Replacing adaptive_aero_control_top_spi_fpga_top.$flatten\u_core.$procdff$983 ($adff): ARST=\reset_n, D=$flatten\u_core.$0\act_cmd_valid_r[0:0], Q=\u_core.act_cmd_valid_r
Replacing adaptive_aero_control_top_spi_fpga_top.$flatten\u_core.$procdff$988 ($adff): ARST=\reset_n, D=$flatten\u_core.$0\req_meta_reg[63:0], Q=\u_core.req_meta_reg
Replacing adaptive_aero_control_top_spi_fpga_top.$flatten\u_core.$procdff$993 ($adff): ARST=\reset_n, D=$flatten\u_core.$0\limits_reg[63:0], Q=\u_core.limits_reg
Replacing adaptive_aero_control_top_spi_fpga_top.$flatten\u_core.$procdff$998 ($adff): ARST=\reset_n, D=$flatten\u_core.$0\mode_seq_reg[63:0], Q=\u_core.mode_seq_reg
Replacing adaptive_aero_control_top_spi_fpga_top.$procdff$906 ($adff): ARST=\spi_cs_n, D=1'1, Q=\spi_active
Replacing adaptive_aero_control_top_spi_fpga_top.$procdff$911 ($adff): ARST=\reset_n, D=\spi_cs_sync, Q=\spi_cs_prev
Replacing adaptive_aero_control_top_spi_fpga_top.$procdff$916 ($adff): ARST=\reset_n, D=\spi_cs_meta, Q=\spi_cs_sync
Replacing adaptive_aero_control_top_spi_fpga_top.$procdff$921 ($adff): ARST=\reset_n, D=\spi_cs_n, Q=\spi_cs_meta
Replacing adaptive_aero_control_top_spi_fpga_top.$procdff$926 ($adff): ARST=\reset_n, D={ \core_mmio_rdata 68'10000000000000000000000000000000000000000000000000000000000000000001 \u_core.act_cmd_valid_r \u_core.act_cmd_valid_r 32'00000000000000000000000000000000 \u_core.irq_r }, Q=\tx_snapshot
Replacing adaptive_aero_control_top_spi_fpga_top.$procdff$933 ($adff): ARST=\reset_n, D=$0\rx_active[135:0], Q=\rx_active

10. Executing OPT_CLEAN pass (remove unused cells and wires).
Finding unused cells or wires in module \adaptive_aero_control_top_spi_fpga_top..
Renaming module \adaptive_aero_control_top_spi_fpga_top to \gate.

11. Executing EQUIV_MAKE pass (creating equiv checking module).
Presumably equivalent wires: clk_gold (\clk_gold), clk_gate (\clk_gate) -> clk
Presumably equivalent wires: fault_indicator_gold (1'0), fault_indicator_gate (1'0) -> fault_indicator
Presumably equivalent wires: reset_n_gold (\reset_n_gold), reset_n_gate (\reset_n_gate) -> reset_n
Presumably equivalent wires: spi_cs_n_gold (\spi_cs_n_gold), spi_cs_n_gate (\spi_cs_n_gate) -> spi_cs_n
Presumably equivalent wires: spi_miso_gold (\spi_miso_gold), spi_miso_gate (\spi_miso_gate) -> spi_miso
Presumably equivalent wires: spi_mosi_gold (\spi_mosi_gold), spi_mosi_gate (\spi_mosi_gate) -> spi_mosi
Presumably equivalent wires: spi_sclk_gold (\spi_sclk_gold), spi_sclk_gate (\spi_sclk_gate) -> spi_sclk
Presumably equivalent cells: u_core_gold u_core_gate ($scopeinfo) -> u_core

12. Executing HIERARCHY pass (managing design hierarchy).

12.1. Analyzing design hierarchy..
Top module:  \equiv

12.2. Analyzing design hierarchy..
Top module:  \equiv
Removing unused module `\gate'.
Removing unused module `\gold'.
Removed 2 unused modules.

13. Executing EQUIV_STRUCT pass.
Running equiv_struct on module equiv:
  Starting iteration 1.
    Nothing to merge.

14. Executing EQUIV_SIMPLE pass.
Found 2 unproven $equiv cells (2 groups) in equiv:
  Trying to prove $equiv for \spi_miso: failed.
  Trying to prove $equiv for \fault_indicator: success!
Proved 1 previously unproven $equiv cells.

15. Executing EQUIV_INDUCT pass.
Found 1 unproven $equiv cells in module equiv:
  Undef modelling: force def on 2099 initial reg values and 5 inputs.
  Proving existence of base case for step 1. (288919 clauses over 107652 variables)
  Proving induction step 1. (684579 clauses over 251583 variables)
  Proof for induction step failed. Extending to next time step.
  Proving existence of base case for step 2. (684580 clauses over 251583 variables)
  Proving induction step 2. (1080240 clauses over 395514 variables)
  Proof for induction step failed. Extending to next time step.
  Proving existence of base case for step 3. (1080241 clauses over 395514 variables)
  Proving induction step 3. (1475901 clauses over 539445 variables)
  Proof for induction step failed. Extending to next time step.
  Proving existence of base case for step 4. (1475902 clauses over 539445 variables)
  Proving induction step 4. (1871562 clauses over 683376 variables)
  Proof for induction step failed. Extending to next time step.
  Proving existence of base case for step 5. (1871563 clauses over 683376 variables)
  Proving induction step 5. (2267223 clauses over 827307 variables)
  Proof for induction step failed. Extending to next time step.
  Proving existence of base case for step 6. (2267224 clauses over 827307 variables)
  Proving induction step 6. (2662884 clauses over 971238 variables)
  Proof for induction step failed. Extending to next time step.
  Proving existence of base case for step 7. (2662885 clauses over 971238 variables)
  Proving induction step 7. (3058545 clauses over 1115169 variables)
  Proof for induction step failed. Extending to next time step.
  Proving existence of base case for step 8. (3058546 clauses over 1115169 variables)
  Proving induction step 8. (3454206 clauses over 1259100 variables)
  Proof for induction step failed. Extending to next time step.
  Proving existence of base case for step 9. (3454207 clauses over 1259100 variables)
  Proving induction step 9. (3849867 clauses over 1403031 variables)
  Proof for induction step failed. Extending to next time step.
  Proving existence of base case for step 10. (3849868 clauses over 1403031 variables)
  Proving induction step 10. (4245528 clauses over 1546962 variables)
  Proof for induction step failed. Extending to next time step.
  Proving existence of base case for step 11. (4245529 clauses over 1546962 variables)
  Proving induction step 11. (4641189 clauses over 1690893 variables)
  Proof for induction step failed. Extending to next time step.
  Proving existence of base case for step 12. (4641190 clauses over 1690893 variables)
  Proving induction step 12. (5036850 clauses over 1834824 variables)
  Proof for induction step failed. Trying to prove individual $equiv from workset.
  Trying to prove $equiv for \spi_miso: failed.
Proved 0 previously unproven $equiv cells.

16. Executing EQUIV_STATUS pass.
Found 2 $equiv cells in equiv:
  Of those cells 1 are proven and 1 are unproven.
  Unproven $equiv $auto$equiv_make.cc:257:find_same_wires$1228: \spi_miso_gold \spi_miso_gate
Found a total of 1 unproven $equiv cells.
ERROR: Found 1 unproven $equiv cells in 'equiv_status -assert'.
