=== STDERR ===
%Error: domino_response_validator.v:72:5: syntax error, unexpected else, expecting case or casex or casez or if
   72 |     else
      |     ^~~~
        ... See the manual at https://verilator.org/verilator_doc.html?v=5.047 for more assistance.
%Error: domino_response_validator.v:90:9: syntax error, unexpected else
   90 |     end else begin
      |         ^~~~
%Error: domino_response_validator.v:99:51: syntax error, unexpected <=, expecting '('
   99 |                     accepted_response_sequence_id <= rsp_sequence_id;
      |                                                   ^~
%Error: domino_response_validator.v:109:29: syntax error, unexpected <=, expecting '('
  109 |                     timeout <= 1'b1;
      |                             ^~
%Error: domino_response_validator.v:113:30: syntax error, unexpected <=, expecting '('
  113 |                 out_of_range <= 1'b1;
      |                              ^~
%Error: domino_response_validator.v:117:26: syntax error, unexpected <=, expecting '('
  117 |             stale_reject <= 1'b1;
      |                          ^~
%Error: domino_response_validator.v:119:30: syntax error, unexpected <=, expecting '('
  119 |                 stale_reject <= 1'b1;
      |                              ^~
%Error: Cannot continue
        ... This fatal error may be caused by the earlier error(s); resolve those first.

=== RETURN CODE ===
1
