=== STDERR ===
%Error: pass3/domino_response_validator.v:72:1: syntax error, unexpected end, expecting case or casex or casez or if
   72 | end
      | ^~~
        ... See the manual at https://verilator.org/verilator_doc.html?v=5.047 for more assistance.
%Error: pass3/domino_response_validator.v:89:9: syntax error, unexpected else
   89 |     end else begin
      |         ^~~~
%Error: pass3/domino_response_validator.v:98:51: syntax error, unexpected <=, expecting '('
   98 |                     accepted_response_sequence_id <= rsp_sequence_id;
      |                                                   ^~
%Error: pass3/domino_response_validator.v:108:29: syntax error, unexpected <=, expecting '('
  108 |                     timeout <= 1'b1;
      |                             ^~
%Error: pass3/domino_response_validator.v:112:30: syntax error, unexpected <=, expecting '('
  112 |                 out_of_range <= 1'b1;
      |                              ^~
%Error: pass3/domino_response_validator.v:116:26: syntax error, unexpected <=, expecting '('
  116 |             stale_reject <= 1'b1;
      |                          ^~
%Error: Cannot continue
        ... This fatal error may be caused by the earlier error(s); resolve those first.

=== RETURN CODE ===
1
