=== STDOUT ===
- V e r i l a t i o n   R e p o r t: Verilator 5.047 devel rev v5.046-161-g24918b83b
- Verilator: Built from 0.110 MB sources in 5 modules, into 0.044 MB in 3 C++ files needing 0.000 MB
- Verilator: Walltime 0.023 s (elab=0.002, cvt=0.011, bld=0.000); cpu 0.023 s on 1 threads; allocated 32.355 MB

=== STDERR ===
%Warning-UNUSEDSIGNAL: pass4/adaptive_aero_control_top.v:63:13: Signal is not used: 'history_dout_from_u_adaptive_aero_history_wrapper'
                                                              : ... note: In instance 'adaptive_aero_control_top'
   63 | wire [63:0] history_dout_from_u_adaptive_aero_history_wrapper;
      |             ^~~~~~~~~~~~~~~~~~~~~~~~~~~~~~~~~~~~~~~~~~~~~~~~~
                       ... For warning description see https://verilator.org/warn/UNUSEDSIGNAL?v=5.047
                       ... Use "/* verilator lint_off UNUSEDSIGNAL */" and lint_on around source to disable this message.
%Warning-UNUSEDSIGNAL: pass4/adaptive_aero_controller_core.v:21:19: Bits of signal are not used: 'model_rsp_data'[63:32]
                                                                  : ... note: In instance 'adaptive_aero_control_top.u_adaptive_aero_controller_core'
   21 |     input  [63:0] model_rsp_data,
      |                   ^~~~~~~~~~~~~~
%Warning-UNUSEDSIGNAL: pass4/adaptive_aero_controller_core.v:34:19: Signal is not used: 'history_rd_data'
                                                                  : ... note: In instance 'adaptive_aero_control_top.u_adaptive_aero_controller_core'
   34 |     input  [63:0] history_rd_data
      |                   ^~~~~~~~~~~~~~~
%Warning-SYNCASYNCNET: pass4/adaptive_aero_control_top.v:3:19: Signal flopped as both synchronous and async: 'reset_n'
                       pass4/aero_mmio_csr_block.v:72:10: ... Location of async usage
   72 |     if (!reset_n) begin
      |          ^~~~~~~
                       pass4/adaptive_aero_history_wrapper.v:16:10: ... Location of sync usage
   16 |     if (!reset_n) begin
      |          ^~~~~~~
                       ... For warning description see https://verilator.org/warn/SYNCASYNCNET?v=5.047
                       ... Use "/* verilator lint_off SYNCASYNCNET */" and lint_on around source to disable this message.

=== RETURN CODE ===
0
