=== STDOUT ===
- V e r i l a t i o n   R e p o r t: Verilator 5.047 devel rev v5.046-161-g24918b83b
- Verilator: Built from 0.126 MB sources in 4 modules, into 0.133 MB in 3 C++ files needing 0.000 MB
- Verilator: Walltime 0.045 s (elab=0.005, cvt=0.024, bld=0.000); cpu 0.045 s on 1 threads; allocated 34.359 MB

=== STDERR ===
%Warning-WIDTHTRUNC: active_aero_controller_engine.v:170:29: Operator ASSIGNDLY expects 256 bits on the Assign RHS, but Assign RHS's REPLICATE generates 288 bits.
                                                           : ... note: In instance 'active_aero_controller.u_active_aero_controller_engine'
  170 |         model_req_payload_r <= {cfg_model_id, cfg_checkpoint_id, geometry_payload, flow_velocity_mps, outstanding_seq, local_cycle, 64'h0000000000000000};
      |                             ^~
                     ... For warning description see https://verilator.org/warn/WIDTHTRUNC?v=5.047
                     ... Use "/* verilator lint_off WIDTHTRUNC */" and lint_on around source to disable this message.
%Warning-UNUSEDSIGNAL: active_aero_controller.v:101:14: Signal is not used: 'active_aero_controller_cfg_cfg_reference_stream_velocity_mps'
                                                      : ... note: In instance 'active_aero_controller'
  101 | input [15:0] active_aero_controller_cfg_cfg_reference_stream_velocity_mps;
      |              ^~~~~~~~~~~~~~~~~~~~~~~~~~~~~~~~~~~~~~~~~~~~~~~~~~~~~~~~~~~~
                       ... For warning description see https://verilator.org/warn/UNUSEDSIGNAL?v=5.047
                       ... Use "/* verilator lint_off UNUSEDSIGNAL */" and lint_on around source to disable this message.
%Warning-UNUSEDSIGNAL: active_aero_controller.v:102:13: Signal is not used: 'active_aero_controller_cfg_cfg_reference_geometry_format'
                                                      : ... note: In instance 'active_aero_controller'
  102 | input [7:0] active_aero_controller_cfg_cfg_reference_geometry_format;
      |             ^~~~~~~~~~~~~~~~~~~~~~~~~~~~~~~~~~~~~~~~~~~~~~~~~~~~~~~~
%Warning-UNUSEDSIGNAL: active_aero_controller.v:103:14: Signal is not used: 'active_aero_controller_cfg_cfg_reference_geometry_source'
                                                      : ... note: In instance 'active_aero_controller'
  103 | input [31:0] active_aero_controller_cfg_cfg_reference_geometry_source;
      |              ^~~~~~~~~~~~~~~~~~~~~~~~~~~~~~~~~~~~~~~~~~~~~~~~~~~~~~~~
%Warning-UNUSEDSIGNAL: active_aero_controller.v:128:13: Signal is not used: 'active_aero_controller_cfg_cfg_checkpoint_id_from_u_active_aero_controller_cfg'
                                                      : ... note: In instance 'active_aero_controller'
  128 | wire [15:0] active_aero_controller_cfg_cfg_checkpoint_id_from_u_active_aero_controller_cfg;
      |             ^~~~~~~~~~~~~~~~~~~~~~~~~~~~~~~~~~~~~~~~~~~~~~~~~~~~~~~~~~~~~~~~~~~~~~~~~~~~~~
%Warning-UNUSEDSIGNAL: active_aero_controller.v:129:13: Signal is not used: 'active_aero_controller_cfg_cfg_cmd_rate_limit_from_u_active_aero_controller_cfg'
                                                      : ... note: In instance 'active_aero_controller'
  129 | wire [31:0] active_aero_controller_cfg_cfg_cmd_rate_limit_from_u_active_aero_controller_cfg;
      |             ^~~~~~~~~~~~~~~~~~~~~~~~~~~~~~~~~~~~~~~~~~~~~~~~~~~~~~~~~~~~~~~~~~~~~~~~~~~~~~~
%Warning-UNUSEDSIGNAL: active_aero_controller.v:130:13: Signal is not used: 'active_aero_controller_cfg_cfg_control_gain_from_u_active_aero_controller_cfg'
                                                      : ... note: In instance 'active_aero_controller'
  130 | wire [15:0] active_aero_controller_cfg_cfg_control_gain_from_u_active_aero_controller_cfg;
      |             ^~~~~~~~~~~~~~~~~~~~~~~~~~~~~~~~~~~~~~~~~~~~~~~~~~~~~~~~~~~~~~~~~~~~~~~~~~~~~
%Warning-UNUSEDSIGNAL: active_aero_controller.v:131:12: Signal is not used: 'active_aero_controller_cfg_cfg_intent_map_sel_from_u_active_aero_controller_cfg'
                                                      : ... note: In instance 'active_aero_controller'
  131 | wire [3:0] active_aero_controller_cfg_cfg_intent_map_sel_from_u_active_aero_controller_cfg;
      |            ^~~~~~~~~~~~~~~~~~~~~~~~~~~~~~~~~~~~~~~~~~~~~~~~~~~~~~~~~~~~~~~~~~~~~~~~~~~~~~~
%Warning-UNUSEDSIGNAL: active_aero_controller.v:132:14: Signal is not used: 'active_aero_controller_cfg_cfg_max_actuator_cmd_from_u_active_aero_controller_cfg'
                                                      : ... note: In instance 'active_aero_controller'
  132 | wire [127:0] active_aero_controller_cfg_cfg_max_actuator_cmd_from_u_active_aero_controller_cfg;
      |              ^~~~~~~~~~~~~~~~~~~~~~~~~~~~~~~~~~~~~~~~~~~~~~~~~~~~~~~~~~~~~~~~~~~~~~~~~~~~~~~~~
%Warning-UNUSEDSIGNAL: active_aero_controller.v:133:14: Signal is not used: 'active_aero_controller_cfg_cfg_min_actuator_cmd_from_u_active_aero_controller_cfg'
                                                      : ... note: In instance 'active_aero_controller'
  133 | wire [127:0] active_aero_controller_cfg_cfg_min_actuator_cmd_from_u_active_aero_controller_cfg;
      |              ^~~~~~~~~~~~~~~~~~~~~~~~~~~~~~~~~~~~~~~~~~~~~~~~~~~~~~~~~~~~~~~~~~~~~~~~~~~~~~~~~
%Warning-UNUSEDSIGNAL: active_aero_controller.v:134:13: Signal is not used: 'active_aero_controller_cfg_cfg_model_id_from_u_active_aero_controller_cfg'
                                                      : ... note: In instance 'active_aero_controller'
  134 | wire [15:0] active_aero_controller_cfg_cfg_model_id_from_u_active_aero_controller_cfg;
      |             ^~~~~~~~~~~~~~~~~~~~~~~~~~~~~~~~~~~~~~~~~~~~~~~~~~~~~~~~~~~~~~~~~~~~~~~~~
%Warning-UNUSEDSIGNAL: active_aero_controller.v:135:12: Signal is not used: 'active_aero_controller_cfg_cfg_reference_geometry_format_from_u_active_aero_controller_cfg'
                                                      : ... note: In instance 'active_aero_controller'
  135 | wire [7:0] active_aero_controller_cfg_cfg_reference_geometry_format_from_u_active_aero_controller_cfg;
      |            ^~~~~~~~~~~~~~~~~~~~~~~~~~~~~~~~~~~~~~~~~~~~~~~~~~~~~~~~~~~~~~~~~~~~~~~~~~~~~~~~~~~~~~~~~~
%Warning-UNUSEDSIGNAL: active_aero_controller.v:136:13: Signal is not used: 'active_aero_controller_cfg_cfg_reference_geometry_source_from_u_active_aero_controller_cfg'
                                                      : ... note: In instance 'active_aero_controller'
  136 | wire [31:0] active_aero_controller_cfg_cfg_reference_geometry_source_from_u_active_aero_controller_cfg;
      |             ^~~~~~~~~~~~~~~~~~~~~~~~~~~~~~~~~~~~~~~~~~~~~~~~~~~~~~~~~~~~~~~~~~~~~~~~~~~~~~~~~~~~~~~~~~
%Warning-UNUSEDSIGNAL: active_aero_controller.v:137:13: Signal is not used: 'active_aero_controller_cfg_cfg_reference_stream_velocity_mps_from_u_active_aero_controller_cfg'
                                                      : ... note: In instance 'active_aero_controller'
  137 | wire [15:0] active_aero_controller_cfg_cfg_reference_stream_velocity_mps_from_u_active_aero_controller_cfg;
      |             ^~~~~~~~~~~~~~~~~~~~~~~~~~~~~~~~~~~~~~~~~~~~~~~~~~~~~~~~~~~~~~~~~~~~~~~~~~~~~~~~~~~~~~~~~~~~~~
%Warning-UNUSEDSIGNAL: active_aero_controller.v:138:13: Signal is not used: 'active_aero_controller_cfg_cfg_request_timeout_cycles_from_u_active_aero_controller_cfg'
                                                      : ... note: In instance 'active_aero_controller'
  138 | wire [15:0] active_aero_controller_cfg_cfg_request_timeout_cycles_from_u_active_aero_controller_cfg;
      |             ^~~~~~~~~~~~~~~~~~~~~~~~~~~~~~~~~~~~~~~~~~~~~~~~~~~~~~~~~~~~~~~~~~~~~~~~~~~~~~~~~~~~~~~
%Warning-UNUSEDSIGNAL: active_aero_controller.v:139:13: Signal is not used: 'active_aero_controller_cfg_cfg_response_freshness_threshold_from_u_active_aero_controller_cfg'
                                                      : ... note: In instance 'active_aero_controller'
  139 | wire [15:0] active_aero_controller_cfg_cfg_response_freshness_threshold_from_u_active_aero_controller_cfg;
      |             ^~~~~~~~~~~~~~~~~~~~~~~~~~~~~~~~~~~~~~~~~~~~~~~~~~~~~~~~~~~~~~~~~~~~~~~~~~~~~~~~~~~~~~~~~~~~~
%Warning-UNUSEDSIGNAL: active_aero_controller.v:140:14: Signal is not used: 'active_aero_controller_cfg_cfg_safe_fallback_cmd_from_u_active_aero_controller_cfg'
                                                      : ... note: In instance 'active_aero_controller'
  140 | wire [127:0] active_aero_controller_cfg_cfg_safe_fallback_cmd_from_u_active_aero_controller_cfg;
      |              ^~~~~~~~~~~~~~~~~~~~~~~~~~~~~~~~~~~~~~~~~~~~~~~~~~~~~~~~~~~~~~~~~~~~~~~~~~~~~~~~~~
%Warning-UNUSEDSIGNAL: active_aero_controller.v:141:12: Signal is not used: 'active_aero_controller_cfg_cfg_supported_geometry_format_from_u_active_aero_controller_cfg'
                                                      : ... note: In instance 'active_aero_controller'
  141 | wire [7:0] active_aero_controller_cfg_cfg_supported_geometry_format_from_u_active_aero_controller_cfg;
      |            ^~~~~~~~~~~~~~~~~~~~~~~~~~~~~~~~~~~~~~~~~~~~~~~~~~~~~~~~~~~~~~~~~~~~~~~~~~~~~~~~~~~~~~~~~~
%Warning-UNUSEDSIGNAL: active_aero_controller_cfg.v:30:14: Bits of signal are not used: 'cfg_wdata'[31:8]
                                                         : ... note: In instance 'active_aero_controller.u_active_aero_controller_cfg'
   30 | input [31:0] cfg_wdata;
      |              ^~~~~~~~~
%Warning-UNUSEDSIGNAL: active_aero_controller_engine.v:43:14: Signal is not used: 'cfg_request_timeout_cycles'
                                                            : ... note: In instance 'active_aero_controller.u_active_aero_controller_engine'
   43 | input [15:0] cfg_request_timeout_cycles;
      |              ^~~~~~~~~~~~~~~~~~~~~~~~~~
%Warning-UNUSEDSIGNAL: active_aero_controller_engine.v:47:14: Signal is not used: 'cfg_cmd_rate_limit'
                                                            : ... note: In instance 'active_aero_controller.u_active_aero_controller_engine'
   47 | input [31:0] cfg_cmd_rate_limit;
      |              ^~~~~~~~~~~~~~~~~~
%Warning-UNUSEDSIGNAL: active_aero_controller_engine.v:88:12: Signal is not used: 'request_timestamp'
                                                            : ... note: In instance 'active_aero_controller.u_active_aero_controller_engine'
   88 | reg [31:0] request_timestamp;
      |            ^~~~~~~~~~~~~~~~~
%Warning-UNUSEDSIGNAL: active_aero_controller_engine.v:90:13: Signal is not used: 'last_cmd'
                                                            : ... note: In instance 'active_aero_controller.u_active_aero_controller_engine'
   90 | reg [127:0] last_cmd;
      |             ^~~~~~~~
%Warning-UNUSEDSIGNAL: active_aero_controller_engine.v:92:12: Signal is not driven, nor used: 'request_seq_next'
                                                            : ... note: In instance 'active_aero_controller.u_active_aero_controller_engine'
   92 | reg [15:0] request_seq_next;
      |            ^~~~~~~~~~~~~~~~
%Warning-UNUSEDSIGNAL: active_aero_controller_engine.v:110:14: Signal is not driven, nor used: 'req_payload_n'
                                                             : ... note: In instance 'active_aero_controller.u_active_aero_controller_engine'
  110 | wire [255:0] req_payload_n;
      |              ^~~~~~~~~~~~~

=== RETURN CODE ===
0
