=== STDERR ===
%Error-MODMISSING: pass2/adaptive_aero_control_top.v:65:5: Cannot find file containing module: 'adaptive_aero_control_csr'
   65 |     adaptive_aero_control_csr u_csr (
      |     ^~~~~~~~~~~~~~~~~~~~~~~~~
                   ... For error description see https://verilator.org/warn/MODMISSING?v=5.047
                   ... This may be because there's no search path specified with -I<dir>.
                   ... Looked in:
                        adaptive_aero_control_csr
                        adaptive_aero_control_csr.v
                        adaptive_aero_control_csr.sv
                        obj_dir/adaptive_aero_control_csr
                        obj_dir/adaptive_aero_control_csr.v
                        obj_dir/adaptive_aero_control_csr.sv
                   ... With current working directory '/root/chiploop-backend/backend/workflows/cd54ee6b-a80c-43b2-97b9-39b09f58fbcf/rtl'
%Error-MODMISSING: pass2/adaptive_aero_control_top.v:98:5: Cannot find file containing module: 'adaptive_aero_control_stream'
   98 |     adaptive_aero_control_stream u_stream (
      |     ^~~~~~~~~~~~~~~~~~~~~~~~~~~~
%Error-MODMISSING: pass2/adaptive_aero_control_top.v:127:5: Cannot find file containing module: 'adaptive_aero_control_safety'
  127 |     adaptive_aero_control_safety u_safety (
      |     ^~~~~~~~~~~~~~~~~~~~~~~~~~~~
%Error-MODMISSING: pass2/adaptive_aero_control_top.v:155:5: Cannot find file containing module: 'adaptive_aero_staging_ram'
  155 |     adaptive_aero_staging_ram u_staging_ram (
      |     ^~~~~~~~~~~~~~~~~~~~~~~~~
%Error: Exiting due to 4 error(s)

=== RETURN CODE ===
1
