[2026-08-07T01:33:25.787013Z] Digital Synthesis Agent
workflow_id=94eba140-54a6-46d6-8818-df066a3e5763
workflow_dir=/root/chiploop-backend/artifacts/3c6dfa47-ba1d-4be5-857c-c60b38fc0ff6/94eba140-54a6-46d6-8818-df066a3e5763/0ae4c836-91a4-4a16-936a-40745eab4855/digital/arch2tapeout
spec_json=/root/chiploop-backend/artifacts/3c6dfa47-ba1d-4be5-857c-c60b38fc0ff6/94eba140-54a6-46d6-8818-df066a3e5763/0ae4c836-91a4-4a16-936a-40745eab4855/digital/arch2tapeout/handoff/spec/digital_spec.json
top_module=motor_control_top
rtl_count=1
request_target_frequency_mhz=100.0
clock_period_ns=10.0
upstream_sdc=/root/chiploop-backend/artifacts/3c6dfa47-ba1d-4be5-857c-c60b38fc0ff6/94eba140-54a6-46d6-8818-df066a3e5763/0ae4c836-91a4-4a16-936a-40745eab4855/digital/arch2tapeout/digital/impl_setup/constraints/motor_control_top.sdc
sdc_basename=motor_control_top.sdc
synth_sdc_path=artifacts/3c6dfa47-ba1d-4be5-857c-c60b38fc0ff6/94eba140-54a6-46d6-8818-df066a3e5763/0ae4c836-91a4-4a16-936a-40745eab4855/digital/arch2tapeout/digital/synth/constraints/motor_control_top.sdc
state_constraints_sdc=/root/chiploop-backend/artifacts/3c6dfa47-ba1d-4be5-857c-c60b38fc0ff6/94eba140-54a6-46d6-8818-df066a3e5763/0ae4c836-91a4-4a16-936a-40745eab4855/digital/arch2tapeout/digital/impl_setup/constraints/motor_control_top.sdc
pdk_variant=sky130A
macro_lib_count=0
macro_lef_count=0
macro_gds_count=0
macro_spice_count=0
macro_verilog_count=0
pdk_sram_collateral=[]
yosys_macro_lib_script=artifacts/3c6dfa47-ba1d-4be5-857c-c60b38fc0ff6/94eba140-54a6-46d6-8818-df066a3e5763/0ae4c836-91a4-4a16-936a-40745eab4855/digital/arch2tapeout/digital/synth/yosys_macro_libs.ys
pre_synthesis_rtl_repairs={}
