[2026-08-05T05:38:16.430048Z] Digital Implementation Setup Agent
workflow_id=7ef40733-5be0-4054-8943-441591ec8735
workflow_dir=/root/chiploop-backend/artifacts/3c6dfa47-ba1d-4be5-857c-c60b38fc0ff6/7ef40733-5be0-4054-8943-441591ec8735/832e1f5a-553d-4e98-be44-98e4f24c4ae9/digital/arch2tapeout
profile_path=/root/chiploop-backend/artifacts/3c6dfa47-ba1d-4be5-857c-c60b38fc0ff6/7ef40733-5be0-4054-8943-441591ec8735/832e1f5a-553d-4e98-be44-98e4f24c4ae9/digital/arch2tapeout/digital/foundry/foundry_profile.json
spec_json=None
top_module=aero_safety_controller
rtl_count=4
clock_port=clk
reset_name=rst_n
clock_mhz=100.0
clock_period_ns=10.0
clock_intent={"type": "digital_clock_intent", "clocks": [{"name": "clk", "port": "clk", "frequency_mhz": 100.0, "period_ns": 10.0, "source": "rtl_port_inference+default_frequency", "needs_user_frequency": false}], "resets": [{"name": "rst_n", "port": "rst_n", "active_low": true, "source": "rtl_port_inference"}], "primary_clock": "clk", "primary_reset": "rst_n", "needs_user_review": false, "provenance": {"requested": true, "sdc_clocks": 0, "spec_clocks": 0, "rtl_clocks": 1, "spec_resets": 0, "rtl_resets": 1}}
request_target_frequency_mhz=100.0
request_constraints_sdc_present=False
upstream_sdc=None
sdc_source=inferred_clock_intent
sdc_basename=aero_safety_controller.sdc
canonical_sdc=/root/chiploop-backend/artifacts/3c6dfa47-ba1d-4be5-857c-c60b38fc0ff6/7ef40733-5be0-4054-8943-441591ec8735/832e1f5a-553d-4e98-be44-98e4f24c4ae9/digital/arch2tapeout/digital/impl_setup/constraints/aero_safety_controller.sdc
filelist=/root/chiploop-backend/artifacts/3c6dfa47-ba1d-4be5-857c-c60b38fc0ff6/7ef40733-5be0-4054-8943-441591ec8735/832e1f5a-553d-4e98-be44-98e4f24c4ae9/digital/arch2tapeout/digital/impl_setup/filelist.f
pdk=sky130A
pdk_root=/root/chiploop-backend/backend/pdk
openlane_cfg=/root/chiploop-backend/artifacts/3c6dfa47-ba1d-4be5-857c-c60b38fc0ff6/7ef40733-5be0-4054-8943-441591ec8735/832e1f5a-553d-4e98-be44-98e4f24c4ae9/digital/arch2tapeout/digital/impl_setup/openlane/config.json
corners=/root/chiploop-backend/artifacts/3c6dfa47-ba1d-4be5-857c-c60b38fc0ff6/7ef40733-5be0-4054-8943-441591ec8735/832e1f5a-553d-4e98-be44-98e4f24c4ae9/digital/arch2tapeout/digital/impl_setup/corners.json
