=== STDERR ===
%Warning-PINCONNECTEMPTY: pass3/motor_control_top.v:245:6: Instance pin connected by name with empty reference: 'request_checksum_ok'
  245 |     .request_checksum_ok()
      |      ^~~~~~~~~~~~~~~~~~~
                          ... For warning description see https://verilator.org/warn/PINCONNECTEMPTY?v=5.047
                          ... Use "/* verilator lint_off PINCONNECTEMPTY */" and lint_on around source to disable this message.
%Warning-WIDTHTRUNC: pass3/request_packager.v:57:26: Operator ASSIGNDLY expects 64 bits on the Assign RHS, but Assign RHS's REPLICATE generates 88 bits.
                                                   : ... note: In instance 'motor_control_top.u_request_packager'
   57 |             request_data <= {8'h00, cfg_model_id, cfg_geom_format_id, cfg_flow_velocity, cfg_geom_length, cfg_job_id, cfg_sequence_id};
      |                          ^~
                     ... For warning description see https://verilator.org/warn/WIDTHTRUNC?v=5.047
                     ... Use "/* verilator lint_off WIDTHTRUNC */" and lint_on around source to disable this message.
%Warning-UNUSEDSIGNAL: pass3/motor_control_top.v:72:7: Signal is not used: 'geom_capture_done'
                                                     : ... note: In instance 'motor_control_top'
   72 | input geom_capture_done;
      |       ^~~~~~~~~~~~~~~~~
                       ... For warning description see https://verilator.org/warn/UNUSEDSIGNAL?v=5.047
                       ... Use "/* verilator lint_off UNUSEDSIGNAL */" and lint_on around source to disable this message.
%Warning-UNUSEDSIGNAL: pass3/motor_control_top.v:111:6: Signal is not used: 'response_tag_match'
                                                      : ... note: In instance 'motor_control_top'
  111 | wire response_tag_match;
      |      ^~~~~~~~~~~~~~~~~~
%Warning-UNUSEDSIGNAL: pass3/motor_control_top.v:113:6: Signal is not used: 'response_checksum_ok'
                                                      : ... note: In instance 'motor_control_top'
  113 | wire response_checksum_ok;
      |      ^~~~~~~~~~~~~~~~~~~~
%Warning-UNUSEDSIGNAL: pass3/motor_control_top.v:114:6: Signal is not used: 'response_complete'
                                                      : ... note: In instance 'motor_control_top'
  114 | wire response_complete;
      |      ^~~~~~~~~~~~~~~~~
%Warning-UNUSEDSIGNAL: pass3/motor_control_top.v:143:6: Signal is not used: 'geom_capture_done_from_u_geometry_staging'
                                                      : ... note: In instance 'motor_control_top'
  143 | wire geom_capture_done_from_u_geometry_staging;
      |      ^~~~~~~~~~~~~~~~~~~~~~~~~~~~~~~~~~~~~~~~~
%Warning-UNUSEDSIGNAL: pass3/motor_control_top.v:144:6: Signal is not used: 'geom_capture_error_from_u_geometry_staging'
                                                      : ... note: In instance 'motor_control_top'
  144 | wire geom_capture_error_from_u_geometry_staging;
      |      ^~~~~~~~~~~~~~~~~~~~~~~~~~~~~~~~~~~~~~~~~~
%Warning-UNUSEDSIGNAL: pass3/motor_control_top.v:146:13: Signal is not used: 'worker_rsp_data_from_u_transport_manager'
                                                       : ... note: In instance 'motor_control_top'
  146 | wire [63:0] worker_rsp_data_from_u_transport_manager;
      |             ^~~~~~~~~~~~~~~~~~~~~~~~~~~~~~~~~~~~~~~~
%Warning-UNUSEDSIGNAL: pass3/motor_control_top.v:147:12: Signal is not used: 'worker_rsp_keep_from_u_transport_manager'
                                                       : ... note: In instance 'motor_control_top'
  147 | wire [7:0] worker_rsp_keep_from_u_transport_manager;
      |            ^~~~~~~~~~~~~~~~~~~~~~~~~~~~~~~~~~~~~~~~
%Warning-UNUSEDSIGNAL: pass3/motor_control_top.v:148:6: Signal is not used: 'worker_rsp_last_from_u_transport_manager'
                                                      : ... note: In instance 'motor_control_top'
  148 | wire worker_rsp_last_from_u_transport_manager;
      |      ^~~~~~~~~~~~~~~~~~~~~~~~~~~~~~~~~~~~~~~~
%Warning-UNUSEDSIGNAL: pass3/motor_control_top.v:149:6: Signal is not used: 'worker_rsp_valid_from_u_transport_manager'
                                                      : ... note: In instance 'motor_control_top'
  149 | wire worker_rsp_valid_from_u_transport_manager;
      |      ^~~~~~~~~~~~~~~~~~~~~~~~~~~~~~~~~~~~~~~~~
%Warning-UNUSEDSIGNAL: pass3/actuator_mapping.v:19:14: Bits of signal are not used: 'validated_response_data'[63:34,15:3]
                                                     : ... note: In instance 'motor_control_top.u_actuator_mapping'
   19 | input [63:0] validated_response_data;
      |              ^~~~~~~~~~~~~~~~~~~~~~~
%Warning-UNUSEDSIGNAL: pass3/csr_block.v:36:13: Bits of signal are not used: 'host_addr'[7:6]
                                              : ... note: In instance 'motor_control_top.u_csr_block'
   36 | input [7:0] host_addr;
      |             ^~~~~~~~~
%Warning-UNUSEDSIGNAL: pass3/csr_block.v:37:14: Bits of signal are not used: 'host_wdata'[63:48]
                                              : ... note: In instance 'motor_control_top.u_csr_block'
   37 | input [63:0] host_wdata;
      |              ^~~~~~~~~~
%Warning-UNUSEDSIGNAL: pass3/geometry_staging.v:21:14: Bits of signal are not used: 'geom_data'[63:32]
                                                     : ... note: In instance 'motor_control_top.u_geometry_staging'
   21 | input [63:0] geom_data;
      |              ^~~~~~~~~
%Warning-UNUSEDSIGNAL: pass3/validation_guard.v:39:7: Signal is not used: 'response_last_seen'
                                                    : ... note: In instance 'motor_control_top.u_validation_guard'
   39 | input response_last_seen;
      |       ^~~~~~~~~~~~~~~~~~
%Error-BLKANDNBLK: pass3/motor_control_top.v:127:6: Unsupported: Blocking and non-blocking assignments to potentially overlapping bits of same packed variable: 'motor_control_top.status_fallback_active_i'
  127 | wire status_fallback_active_i;
      |      ^~~~~~~~~~~~~~~~~~~~~~~~
                   pass3/motor_control_top.v:176:33: ... Location of blocking assignment (bits [0:0])
  176 | assign status_fallback_active_i = fallback_active;
      |                                 ^
                   pass3/safety_logic.v:67:13: ... Location of nonblocking assignment (bits [0:0])
   67 |             fallback_active <= 1'b1;
      |             ^~~~~~~~~~~~~~~
                   ... For error description see https://verilator.org/warn/BLKANDNBLK?v=5.047
%Error: Exiting due to 1 error(s)

=== RETURN CODE ===
1
