Info: Logic utilisation before packing:
Info:     Total LUT4s:      3977/83640     4%
Info:         logic LUTs:   3485/83640     4%
Info:         carry LUTs:    492/83640     0%
Info:           RAM LUTs:      0/10455     0%
Info:          RAMW LUTs:      0/20910     0%

Info:      Total DFFs:       799/83640     0%

Info: Packing IOs..
Info: Packing constants..
Info: Packing carries...
Info: Packing LUTs...
Info: Packing LUT5-7s...
Info: Packing FFs...
Info:     132 FFs paired with LUTs.
Info: Generating derived timing constraints...
Info: Promoting globals...
Info:     promoting clock net clk$TRELLIS_IO_IN to global network
Info: Checksum: 0x50070760

Info: Device utilisation:
Info: 	          TRELLIS_IO:    82/  365    22%
Info: 	                DCCA:     1/   56     1%
Info: 	              DP16KD:     0/  208     0%
Info: 	          MULT18X18D:     4/  156     2%
Info: 	              ALU54B:     0/   78     0%
Info: 	             EHXPLLL:     0/    4     0%
Info: 	             EXTREFB:     0/    2     0%
Info: 	                DCUA:     0/    2     0%
Info: 	           PCSCLKDIV:     0/    2     0%
Info: 	             IOLOGIC:     0/  224     0%
Info: 	            SIOLOGIC:     0/  141     0%
Info: 	                 GSR:     0/    1     0%
Info: 	               JTAGG:     0/    1     0%
Info: 	                OSCG:     0/    1     0%
Info: 	               SEDGA:     0/    1     0%
Info: 	                 DTR:     0/    1     0%
Info: 	             USRMCLK:     0/    1     0%
Info: 	             CLKDIVF:     0/    4     0%
Info: 	           ECLKSYNCB:     0/   10     0%
Info: 	             DLLDELD:     0/    8     0%
Info: 	              DDRDLL:     0/    4     0%
Info: 	             DQSBUFM:     0/   14     0%
Info: 	     TRELLIS_ECLKBUF:     0/    8     0%
Info: 	        ECLKBRIDGECS:     0/    2     0%
Info: 	                DCSC:     0/    2     0%
Info: 	          TRELLIS_FF:   799/83640     0%
Info: 	        TRELLIS_COMB:  4069/83640     4%
Info: 	        TRELLIS_RAMW:     0/10455     0%

Info: Placed 0 cells based on constraints.
Info: Creating initial analytic placement for 3105 cells, random placement wirelen = 339158.
Info:     at initial placer iter 0, wirelen = 9451
Info:     at initial placer iter 1, wirelen = 8239
Info:     at initial placer iter 2, wirelen = 8061
Info:     at initial placer iter 3, wirelen = 8044
Info: Running main analytical placer, max placement attempts per cell = 3069003.
Info:     at iteration #1, type ALL: wirelen solved = 8003, spread = 34288, legal = 40802; time = 0.23s
Info:     at iteration #2, type ALL: wirelen solved = 10471, spread = 29149, legal = 36018; time = 0.20s
Info:     at iteration #3, type ALL: wirelen solved = 12842, spread = 29108, legal = 35838; time = 0.20s
Info:     at iteration #4, type ALL: wirelen solved = 14884, spread = 28683, legal = 32657; time = 0.18s
Info:     at iteration #5, type ALL: wirelen solved = 16565, spread = 27339, legal = 30756; time = 0.18s
Info:     at iteration #6, type ALL: wirelen solved = 16956, spread = 26185, legal = 30342; time = 0.20s
Info:     at iteration #7, type ALL: wirelen solved = 17461, spread = 25669, legal = 29831; time = 0.18s
Info:     at iteration #8, type ALL: wirelen solved = 17933, spread = 26750, legal = 29985; time = 0.18s
Info:     at iteration #9, type ALL: wirelen solved = 18575, spread = 25078, legal = 28823; time = 0.19s
Info:     at iteration #10, type ALL: wirelen solved = 18617, spread = 25222, legal = 29093; time = 0.19s
Info:     at iteration #11, type ALL: wirelen solved = 19173, spread = 25755, legal = 29518; time = 0.19s
Info:     at iteration #12, type ALL: wirelen solved = 19543, spread = 25232, legal = 29190; time = 0.20s
Info:     at iteration #13, type ALL: wirelen solved = 19840, spread = 25879, legal = 29872; time = 0.18s
Info:     at iteration #14, type ALL: wirelen solved = 20844, spread = 25546, legal = 29856; time = 0.20s
Info: HeAP Placer Time: 3.74s
Info:   of which solving equations: 1.40s
Info:   of which spreading cells: 0.23s
Info:   of which strict legalisation: 1.32s

Info: Running simulated annealing placer for refinement.
Info:   at iteration #1: temp = 0.000000, timing cost = 1075, wirelen = 28823
Info:   at iteration #5: temp = 0.000000, timing cost = 773, wirelen = 24097
Info:   at iteration #10: temp = 0.000000, timing cost = 749, wirelen = 23176
Info:   at iteration #15: temp = 0.000000, timing cost = 667, wirelen = 22549
Info:   at iteration #20: temp = 0.000000, timing cost = 658, wirelen = 22350
Info:   at iteration #25: temp = 0.000000, timing cost = 652, wirelen = 22267
Info:   at iteration #26: temp = 0.000000, timing cost = 652, wirelen = 22259 
Info: SA placement time 9.58s

Info: Max frequency for clock '$glbnet$clk$TRELLIS_IO_IN': 39.88 MHz (PASS at 25.00 MHz)

Info: Max delay <async>                           -> <async>                          : 36.87 ns
Info: Max delay <async>                           -> posedge $glbnet$clk$TRELLIS_IO_IN: 28.36 ns
Info: Max delay posedge $glbnet$clk$TRELLIS_IO_IN -> <async>                          : 34.80 ns

Info: Slack histogram:
Info:  legend: * represents 2 endpoint(s)
Info:          + represents [1,2) endpoint(s)
Info: [ 14926,  16142) |*****+
Info: [ 16142,  17358) |***************************+
Info: [ 17358,  18574) |************************************************************ 
Info: [ 18574,  19790) |***************************************************+
Info: [ 19790,  21006) |****************************+
Info: [ 21006,  22222) |***+
Info: [ 22222,  23438) | 
Info: [ 23438,  24654) | 
Info: [ 24654,  25870) |****+
Info: [ 25870,  27086) |*****+
Info: [ 27086,  28302) |*************************+
Info: [ 28302,  29518) |********************************************************+
Info: [ 29518,  30734) |***********************************************+
Info: [ 30734,  31950) |*************************************+
Info: [ 31950,  33166) |************************************+
Info: [ 33166,  34382) |***************************+
Info: [ 34382,  35598) |***************+
Info: [ 35598,  36814) |*************+
Info: [ 36814,  38030) |******+
Info: [ 38030,  39246) |**+
Info: Checksum: 0xbd11faca
Info: Routing globals...
Info:     routing clock net $glbnet$clk$TRELLIS_IO_IN using global 0

Info: Routing..
Info: Setting up routing queue.
Info: Routing 13631 arcs.
Info:            |   (re-)routed arcs  |   delta    | remaining|       time spent     |
Info:    IterCnt |  w/ripup   wo/ripup |  w/r  wo/r |      arcs| batch(sec) total(sec)|
Info:       1000 |      349        650 |  349   650 |     13105|       0.55       0.55|
Info:       2000 |      691       1308 |  342   658 |     12687|       0.25       0.80|
Info:       3000 |      972       2027 |  281   719 |     12254|       0.26       1.06|
Info:       4000 |     1224       2775 |  252   748 |     11784|       0.29       1.35|
Info:       5000 |     1574       3425 |  350   650 |     11458|       0.24       1.59|
Info:       6000 |     1888       4111 |  314   686 |     10919|       0.29       1.88|
Info:       7000 |     2321       4678 |  433   567 |     10606|       0.34       2.22|
Info:       8000 |     2711       5288 |  390   610 |     10199|       0.37       2.59|
Info:       9000 |     3337       5662 |  626   374 |      9964|       0.43       3.02|
Info:      10000 |     3938       6061 |  601   399 |      9718|       0.63       3.65|
Info:      11000 |     4399       6600 |  461   539 |      9327|       0.38       4.03|
Info:      12000 |     5039       6960 |  640   360 |      9207|       0.55       4.58|
Info:      13000 |     5463       7536 |  424   576 |      8911|       0.41       4.99|
Info:      14000 |     5742       8208 |  279   672 |      8250|       0.24       5.23|
Info:      15000 |     5995       8905 |  253   697 |      7636|       0.22       5.46|
Info:      16000 |     6306       9553 |  311   648 |      7057|       0.24       5.69|
Info:      17000 |     6440      10222 |  134   669 |      6226|       0.14       5.84|
Info:      18000 |     6660      10825 |  220   603 |      5489|       0.17       6.01|
Info:      19000 |     6879      11467 |  219   642 |      4752|       0.15       6.17|
Info:      20000 |     7078      12181 |  199   714 |      3966|       0.15       6.31|
Info:      21000 |     7241      12948 |  163   767 |      3214|       0.27       6.58|
Info:      22000 |     7523      13627 |  282   679 |      2702|       0.35       6.93|
Info:      23000 |     7831      14288 |  308   661 |      2190|       0.34       7.26|
Info:      24000 |     8196      14892 |  365   604 |      1871|       0.33       7.60|
Info:      25000 |     8482      15566 |  286   674 |      1318|       0.38       7.98|
Info:      26000 |     8756      16255 |  274   689 |       807|       0.35       8.32|
Info:      27000 |     9076      16906 |  320   651 |       396|       0.36       8.69|
Info:      28000 |     9424      17539 |  348   633 |        42|       0.44       9.12|
Info:      28140 |     9486      17617 |   62    78 |         0|       0.08       9.21|
Info: Routing complete.
Info: Router1 time 9.21s
Info: Checksum: 0x75daa6b8

Info: Critical path report for clock '$glbnet$clk$TRELLIS_IO_IN' (posedge -> posedge):
Info: curr total
Info:  0.5  0.5  Source operand_a_TRELLIS_FF_Q_9.Q
Info:  2.0  2.5    Net debug_data_LUT4_Z_3_A_LUT4_Z_B_LUT4_Z_A_L6MUX21_Z_D0_PFUMX_Z_BLUT_LUT4_Z_D_LUT4_B_Z_PFUMX_BLUT_Z_LUT4_A_Z_PFUMX_Z_C0_LUT4_Z_A_LUT4_Z_D_LUT4_D_Z_L6MUX21_Z_D0_PFUMX_Z_C0_CCU2C_S0_S1_CCU2C_S1_COUT_CCU2C_COUT_3_S1_PFUMX_C0_Z_L6MUX21_D1_Z_PFUMX_Z_C0_CCU2C_S1_S0_L6MUX21_SD_Z[6] (46,47) -> (49,34)
Info:                Sink full_product_CCU2C_S0_9_A0_CCU2C_S0_B0_MULT18X18D_P0.A4
Info:                Defined in:
Info:                  /root/chiploop-backend/backend/workflows/e2dcae79-59c3-49fc-a3b2-2a9441a52240/fpga/src/rtl/review_input.sv:17.14-17.23
Info:  3.9  6.4  Source full_product_CCU2C_S0_9_A0_CCU2C_S0_B0_MULT18X18D_P0.P0
Info:  2.1  8.5    Net full_product_CCU2C_S0_9_A0_CCU2C_S0_B0[0] (49,34) -> (40,35)
Info:                Sink full_product_CCU2C_S0_9_A0_CCU2C_S0_13$CCU2_COMB0.B
Info:                Defined in:
Info:                  /root/chiploop-backend/backend/workflows/e2dcae79-59c3-49fc-a3b2-2a9441a52240/fpga/src/rtl/review_input.sv:37.30-37.51
Info:                  /usr/bin/../share/yosys/mul2dsp.v:168.6-172.5
Info:                  /usr/bin/../share/yosys/mul2dsp.v:230.32-230.125
Info:                  /usr/bin/../share/yosys/ecp5/arith_map.v:32.22-32.23
Info:  0.4  8.9  Source full_product_CCU2C_S0_9_A0_CCU2C_S0_13$CCU2_COMB0.FCO
Info:  0.0  8.9    Net full_product_CCU2C_S0_9_A0_CCU2C_S0_13$CCU2_FCI_INT (40,35) -> (40,35)
Info:                Sink full_product_CCU2C_S0_9_A0_CCU2C_S0_13$CCU2_COMB1.FCI
Info:  0.0  8.9  Source full_product_CCU2C_S0_9_A0_CCU2C_S0_13$CCU2_COMB1.FCO
Info:  0.0  8.9    Net full_product_CCU2C_S0_9_A0_CCU2C_S0_4_COUT[1] (40,35) -> (40,35)
Info:                Sink full_product_CCU2C_S0_9_A0_CCU2C_S0_3$CCU2_COMB0.FCI
Info:                Defined in:
Info:                  /root/chiploop-backend/backend/workflows/e2dcae79-59c3-49fc-a3b2-2a9441a52240/fpga/src/rtl/review_input.sv:37.30-37.51
Info:                  /usr/bin/../share/yosys/mul2dsp.v:168.6-172.5
Info:                  /usr/bin/../share/yosys/mul2dsp.v:230.32-230.125
Info:                  /usr/bin/../share/yosys/ecp5/arith_map.v:63.22-63.23
Info:  0.1  9.0  Source full_product_CCU2C_S0_9_A0_CCU2C_S0_3$CCU2_COMB0.FCO
Info:  0.0  9.0    Net full_product_CCU2C_S0_9_A0_CCU2C_S0_3$CCU2_FCI_INT (40,35) -> (40,35)
Info:                Sink full_product_CCU2C_S0_9_A0_CCU2C_S0_3$CCU2_COMB1.FCI
Info:  0.0  9.0  Source full_product_CCU2C_S0_9_A0_CCU2C_S0_3$CCU2_COMB1.FCO
Info:  0.0  9.0    Net full_product_CCU2C_S0_9_A0_CCU2C_S0_4_COUT[3] (40,35) -> (40,35)
Info:                Sink full_product_CCU2C_S0_9_A0_CCU2C_S0_2$CCU2_COMB0.FCI
Info:                Defined in:
Info:                  /root/chiploop-backend/backend/workflows/e2dcae79-59c3-49fc-a3b2-2a9441a52240/fpga/src/rtl/review_input.sv:37.30-37.51
Info:                  /usr/bin/../share/yosys/mul2dsp.v:168.6-172.5
Info:                  /usr/bin/../share/yosys/mul2dsp.v:230.32-230.125
Info:                  /usr/bin/../share/yosys/ecp5/arith_map.v:63.22-63.23
Info:  0.1  9.1  Source full_product_CCU2C_S0_9_A0_CCU2C_S0_2$CCU2_COMB0.FCO
Info:  0.0  9.1    Net full_product_CCU2C_S0_9_A0_CCU2C_S0_2$CCU2_FCI_INT (40,35) -> (40,35)
Info:                Sink full_product_CCU2C_S0_9_A0_CCU2C_S0_2$CCU2_COMB1.FCI
Info:  0.0  9.1  Source full_product_CCU2C_S0_9_A0_CCU2C_S0_2$CCU2_COMB1.FCO
Info:  0.0  9.1    Net full_product_CCU2C_S0_9_A0_CCU2C_S0_4_COUT[5] (40,35) -> (41,35)
Info:                Sink full_product_CCU2C_S0_9_A0_CCU2C_S0_1$CCU2_COMB0.FCI
Info:                Defined in:
Info:                  /root/chiploop-backend/backend/workflows/e2dcae79-59c3-49fc-a3b2-2a9441a52240/fpga/src/rtl/review_input.sv:37.30-37.51
Info:                  /usr/bin/../share/yosys/mul2dsp.v:168.6-172.5
Info:                  /usr/bin/../share/yosys/mul2dsp.v:230.32-230.125
Info:                  /usr/bin/../share/yosys/ecp5/arith_map.v:63.22-63.23
Info:  0.4  9.5  Source full_product_CCU2C_S0_9_A0_CCU2C_S0_1$CCU2_COMB0.F
Info:  1.4 10.9    Net full_product_CCU2C_S0_9_A0[6] (41,35) -> (42,33)
Info:                Sink full_product_CCU2C_S0_14$CCU2_COMB0.A
Info:                Defined in:
Info:                  /root/chiploop-backend/backend/workflows/e2dcae79-59c3-49fc-a3b2-2a9441a52240/fpga/src/rtl/review_input.sv:37.30-37.51
Info:                  /usr/bin/../share/yosys/mul2dsp.v:173.32-173.125
Info:                  /usr/bin/../share/yosys/ecp5/arith_map.v:30.22-30.23
Info:  0.4 11.4  Source full_product_CCU2C_S0_14$CCU2_COMB0.FCO
Info:  0.0 11.4    Net full_product_CCU2C_S0_14$CCU2_FCI_INT (42,33) -> (42,33)
Info:                Sink full_product_CCU2C_S0_14$CCU2_COMB1.FCI
Info:  0.0 11.4  Source full_product_CCU2C_S0_14$CCU2_COMB1.FCO
Info:  0.0 11.4    Net full_product_CCU2C_S0_3_COUT[25] (42,33) -> (42,33)
Info:                Sink full_product_CCU2C_S0_13$CCU2_COMB0.FCI
Info:                Defined in:
Info:                  /root/chiploop-backend/backend/workflows/e2dcae79-59c3-49fc-a3b2-2a9441a52240/fpga/src/rtl/review_input.sv:37.30-37.51
Info:                  /usr/bin/../share/yosys/mul2dsp.v:173.32-173.125
Info:                  /usr/bin/../share/yosys/ecp5/arith_map.v:63.22-63.23
Info:  0.1 11.4  Source full_product_CCU2C_S0_13$CCU2_COMB0.FCO
Info:  0.0 11.4    Net full_product_CCU2C_S0_13$CCU2_FCI_INT (42,33) -> (42,33)
Info:                Sink full_product_CCU2C_S0_13$CCU2_COMB1.FCI
Info:  0.0 11.4  Source full_product_CCU2C_S0_13$CCU2_COMB1.FCO
Info:  0.0 11.4    Net full_product_CCU2C_S0_3_COUT[27] (42,33) -> (42,33)
Info:                Sink full_product_CCU2C_S0_12$CCU2_COMB0.FCI
Info:                Defined in:
Info:                  /root/chiploop-backend/backend/workflows/e2dcae79-59c3-49fc-a3b2-2a9441a52240/fpga/src/rtl/review_input.sv:37.30-37.51
Info:                  /usr/bin/../share/yosys/mul2dsp.v:173.32-173.125
Info:                  /usr/bin/../share/yosys/ecp5/arith_map.v:63.22-63.23
Info:  0.1 11.5  Source full_product_CCU2C_S0_12$CCU2_COMB0.FCO
Info:  0.0 11.5    Net full_product_CCU2C_S0_12$CCU2_FCI_INT (42,33) -> (42,33)
Info:                Sink full_product_CCU2C_S0_12$CCU2_COMB1.FCI
Info:  0.0 11.5  Source full_product_CCU2C_S0_12$CCU2_COMB1.FCO
Info:  0.0 11.5    Net full_product_CCU2C_S0_3_COUT[29] (42,33) -> (43,33)
Info:                Sink full_product_CCU2C_S0_10$CCU2_COMB0.FCI
Info:                Defined in:
Info:                  /root/chiploop-backend/backend/workflows/e2dcae79-59c3-49fc-a3b2-2a9441a52240/fpga/src/rtl/review_input.sv:37.30-37.51
Info:                  /usr/bin/../share/yosys/mul2dsp.v:173.32-173.125
Info:                  /usr/bin/../share/yosys/ecp5/arith_map.v:63.22-63.23
Info:  0.1 11.6  Source full_product_CCU2C_S0_10$CCU2_COMB0.FCO
Info:  0.0 11.6    Net full_product_CCU2C_S0_10$CCU2_FCI_INT (43,33) -> (43,33)
Info:                Sink full_product_CCU2C_S0_10$CCU2_COMB1.FCI
Info:  0.0 11.6  Source full_product_CCU2C_S0_10$CCU2_COMB1.FCO
Info:  0.0 11.6    Net full_product_CCU2C_S0_3_COUT[31] (43,33) -> (43,33)
Info:                Sink full_product_CCU2C_S0_9$CCU2_COMB0.FCI
Info:                Defined in:
Info:                  /root/chiploop-backend/backend/workflows/e2dcae79-59c3-49fc-a3b2-2a9441a52240/fpga/src/rtl/review_input.sv:37.30-37.51
Info:                  /usr/bin/../share/yosys/mul2dsp.v:173.32-173.125
Info:                  /usr/bin/../share/yosys/ecp5/arith_map.v:63.22-63.23
Info:  0.1 11.7  Source full_product_CCU2C_S0_9$CCU2_COMB0.FCO
Info:  0.0 11.7    Net full_product_CCU2C_S0_9$CCU2_FCI_INT (43,33) -> (43,33)
Info:                Sink full_product_CCU2C_S0_9$CCU2_COMB1.FCI
Info:  0.0 11.7  Source full_product_CCU2C_S0_9$CCU2_COMB1.FCO
Info:  0.0 11.7    Net full_product_CCU2C_S0_3_COUT[33] (43,33) -> (43,33)
Info:                Sink full_product_CCU2C_S0_8$CCU2_COMB0.FCI
Info:                Defined in:
Info:                  /root/chiploop-backend/backend/workflows/e2dcae79-59c3-49fc-a3b2-2a9441a52240/fpga/src/rtl/review_input.sv:37.30-37.51
Info:                  /usr/bin/../share/yosys/mul2dsp.v:173.32-173.125
Info:                  /usr/bin/../share/yosys/ecp5/arith_map.v:63.22-63.23
Info:  0.1 11.7  Source full_product_CCU2C_S0_8$CCU2_COMB0.FCO
Info:  0.0 11.7    Net full_product_CCU2C_S0_8$CCU2_FCI_INT (43,33) -> (43,33)
Info:                Sink full_product_CCU2C_S0_8$CCU2_COMB1.FCI
Info:  0.0 11.7  Source full_product_CCU2C_S0_8$CCU2_COMB1.FCO
Info:  0.0 11.7    Net full_product_CCU2C_S0_3_COUT[35] (43,33) -> (43,33)
Info:                Sink full_product_CCU2C_S0_7$CCU2_COMB0.FCI
Info:                Defined in:
Info:                  /root/chiploop-backend/backend/workflows/e2dcae79-59c3-49fc-a3b2-2a9441a52240/fpga/src/rtl/review_input.sv:37.30-37.51
Info:                  /usr/bin/../share/yosys/mul2dsp.v:173.32-173.125
Info:                  /usr/bin/../share/yosys/ecp5/arith_map.v:63.22-63.23
Info:  0.4 12.2  Source full_product_CCU2C_S0_7$CCU2_COMB0.F
Info:  0.5 12.7    Net debug_data_LUT4_Z_3_A_LUT4_Z_B_LUT4_Z_A_L6MUX21_Z_D0_PFUMX_Z_BLUT_LUT4_Z_D_LUT4_B_Z_PFUMX_BLUT_Z_LUT4_A_Z_PFUMX_Z_C0_LUT4_Z_A_LUT4_Z_D_LUT4_D_Z_L6MUX21_Z_D0_PFUMX_Z_C0_CCU2C_S0_S1_CCU2C_S1_COUT_CCU2C_COUT_3_S0[2] (43,33) -> (44,32)
Info:                Sink debug_data_LUT4_Z_7_A_LUT4_Z_B_L6MUX21_Z_SD_L6MUX21_Z_2_D0_L6MUX21_Z_D1_PFUMX_Z_BLUT_LUT4_Z.C
Info:                Defined in:
Info:                  /root/chiploop-backend/backend/workflows/e2dcae79-59c3-49fc-a3b2-2a9441a52240/fpga/src/rtl/review_input.sv:37.15-37.27
Info:  0.4 13.1  Source debug_data_LUT4_Z_7_A_LUT4_Z_B_L6MUX21_Z_SD_L6MUX21_Z_2_D0_L6MUX21_Z_D1_PFUMX_Z_BLUT_LUT4_Z.OFX
Info:  0.0 13.1    Net debug_data_LUT4_Z_7_A_LUT4_Z_B_L6MUX21_Z_SD_L6MUX21_Z_2_D0_L6MUX21_Z_D1 (44,32) -> (44,32)
Info:                Sink debug_data_LUT4_Z_7_A_LUT4_Z_B_L6MUX21_Z_SD_L6MUX21_Z_2_D0_L6MUX21_Z_D1_PFUMX_Z_ALUT_LUT4_Z.FXB
Info:                Defined in:
Info:                  /usr/bin/../share/yosys/ecp5/cells_map.v:157.54-157.56
Info:  0.2 13.3  Source debug_data_LUT4_Z_7_A_LUT4_Z_B_L6MUX21_Z_SD_L6MUX21_Z_2_D0_L6MUX21_Z_D1_PFUMX_Z_ALUT_LUT4_Z.OFX
Info:  0.0 13.3    Net debug_data_LUT4_Z_7_A_LUT4_Z_B_L6MUX21_Z_SD_L6MUX21_Z_2_D0 (44,32) -> (44,32)
Info:                Sink debug_data_LUT4_Z_7_A_LUT4_Z_B_L6MUX21_Z_SD_L6MUX21_Z_2_D1_L6MUX21_Z_D0_PFUMX_Z_ALUT_LUT4_Z.FXA
Info:                Defined in:
Info:                  /usr/bin/../share/yosys/ecp5/cells_map.v:157.66-157.68
Info:  0.2 13.6  Source debug_data_LUT4_Z_7_A_LUT4_Z_B_L6MUX21_Z_SD_L6MUX21_Z_2_D1_L6MUX21_Z_D0_PFUMX_Z_ALUT_LUT4_Z.OFX
Info:  1.1 14.7    Net debug_data_LUT4_Z_7_A_LUT4_Z_B_L6MUX21_Z_SD[3] (44,32) -> (46,30)
Info:                Sink debug_data_LUT4_Z_7_A_LUT4_Z_B_L6MUX21_Z_D1_PFUMX_Z_ALUT_LUT4_Z.D
Info:                Defined in:
Info:                  /usr/bin/../share/yosys/ecp5/cells_map.v:108.23-108.24
Info:  0.2 14.9  Source debug_data_LUT4_Z_7_A_LUT4_Z_B_L6MUX21_Z_D1_PFUMX_Z_ALUT_LUT4_Z.F
Info:  0.0 14.9    Net debug_data_LUT4_Z_7_A_LUT4_Z_B_L6MUX21_Z_D1_PFUMX_Z_ALUT (46,30) -> (46,30)
Info:                Sink debug_data_LUT4_Z_7_A_LUT4_Z_B_L6MUX21_Z_D1_PFUMX_Z_BLUT_LUT4_Z.F1
Info:                Defined in:
Info:                  /usr/bin/../share/yosys/ecp5/cells_map.v:141.30-141.32
Info:  0.2 15.1  Source debug_data_LUT4_Z_7_A_LUT4_Z_B_L6MUX21_Z_D1_PFUMX_Z_BLUT_LUT4_Z.OFX
Info:  0.0 15.1    Net debug_data_LUT4_Z_7_A_LUT4_Z_B_L6MUX21_Z_D1 (46,30) -> (46,30)
Info:                Sink debug_data_LUT4_Z_7_A_LUT4_Z_B_L6MUX21_Z_D1_PFUMX_Z_ALUT_LUT4_Z.FXB
Info:                Defined in:
Info:                  /usr/bin/../share/yosys/ecp5/cells_map.v:141.38-141.40
Info:  0.2 15.4  Source debug_data_LUT4_Z_7_A_LUT4_Z_B_L6MUX21_Z_D1_PFUMX_Z_ALUT_LUT4_Z.OFX
Info:  0.6 16.0    Net debug_data_LUT4_Z_7_A_LUT4_Z_B[2] (46,30) -> (49,30)
Info:                Sink debug_data_LUT4_Z_7_A_LUT4_Z.D
Info:                Defined in:
Info:                  /usr/bin/../share/yosys/ecp5/cells_map.v:108.23-108.24
Info:  0.2 16.2  Source debug_data_LUT4_Z_7_A_LUT4_Z.F
Info:  2.0 18.2    Net debug_data_LUT4_Z_7_A[1] (49,30) -> (54,49)
Info:                Sink debug_data_LUT4_Z_7_A_LUT4_A.A
Info:                Defined in:
Info:                  /usr/bin/../share/yosys/ecp5/cells_map.v:108.23-108.24
Info:  0.2 18.4  Source debug_data_LUT4_Z_7_A_LUT4_A.F
Info:  0.9 19.4    Net debug_data_LUT4_Z_7_A_LUT4_A_Z (54,49) -> (53,48)
Info:                Sink register_bank[2]_TRELLIS_FF_Q_9.M
Info:  0.0 19.4  Setup register_bank[2]_TRELLIS_FF_Q_9.M
Info: 8.7 ns logic, 10.7 ns routing

Info: Critical path report for cross-domain path '<async>' -> '<async>':
Info: curr total
Info:  0.0  0.0  Source debug_addr_a[2]$tr_io.O
Info:  4.8  4.8    Net debug_addr_a[2]$TRELLIS_IO_IN (126,26) -> (55,26)
Info:                Sink debug_addr_a_LUT4_A_8.A
Info:                Defined in:
Info:                  /root/chiploop-backend/backend/workflows/e2dcae79-59c3-49fc-a3b2-2a9441a52240/fpga/src/rtl/review_input.sv:4.22-4.34
Info:  0.2  5.0  Source debug_addr_a_LUT4_A_8.F
Info:  4.1  9.1    Net debug_addr_a_LUT4_A_9_Z[3] (55,26) -> (33,41)
Info:                Sink debug_data_LUT4_Z_23_C_PFUMX_Z_C0_LUT4_Z_4_A_LUT4_Z.D
Info:                Defined in:
Info:                  /usr/bin/../share/yosys/ecp5/cells_map.v:108.23-108.24
Info:  0.2  9.3  Source debug_data_LUT4_Z_23_C_PFUMX_Z_C0_LUT4_Z_4_A_LUT4_Z.F
Info:  0.0  9.3    Net debug_data_LUT4_Z_23_C_PFUMX_Z_C0_LUT4_Z_4_A[3] (33,41) -> (33,41)
Info:                Sink debug_data_LUT4_Z_23_C_PFUMX_Z_C0_LUT4_Z_4.D
Info:                Defined in:
Info:                  /usr/bin/../share/yosys/ecp5/cells_map.v:108.23-108.24
Info:  0.2  9.6  Source debug_data_LUT4_Z_23_C_PFUMX_Z_C0_LUT4_Z_4.F
Info:  0.9 10.4    Net debug_data_LUT4_Z_23_C_PFUMX_Z_C0[0] (33,41) -> (32,41)
Info:                Sink debug_data_LUT4_Z_23_C_PFUMX_Z_ALUT_LUT4_Z.A
Info:                Defined in:
Info:                  /usr/bin/../share/yosys/ecp5/cells_map.v:108.23-108.24
Info:  0.2 10.7  Source debug_data_LUT4_Z_23_C_PFUMX_Z_ALUT_LUT4_Z.F
Info:  0.0 10.7    Net debug_data_LUT4_Z_23_C_PFUMX_Z_ALUT (32,41) -> (32,41)
Info:                Sink debug_data_LUT4_Z_23_C_PFUMX_Z_BLUT_LUT4_Z.F1
Info:                Defined in:
Info:                  /usr/bin/../share/yosys/ecp5/cells_map.v:133.22-133.24
Info:  0.2 10.8  Source debug_data_LUT4_Z_23_C_PFUMX_Z_BLUT_LUT4_Z.OFX
Info:  1.7 12.5    Net debug_data_LUT4_Z_23_A[2] (32,41) -> (35,36)
Info:                Sink debug_data_LUT4_Z_23.C
Info:                Defined in:
Info:                  /usr/bin/../share/yosys/ecp5/cells_map.v:108.23-108.24
Info:  0.2 12.8  Source debug_data_LUT4_Z_23.F
Info:  7.3 20.0    Net debug_data[6]$TRELLIS_IO_OUT (35,36) -> (98,95)
Info:                Sink debug_data[6]$tr_io.I
Info:                Defined in:
Info:                  /root/chiploop-backend/backend/workflows/e2dcae79-59c3-49fc-a3b2-2a9441a52240/fpga/src/rtl/review_input.sv:11.22-11.32
Info: 1.3 ns logic, 18.7 ns routing

Info: Critical path report for cross-domain path '<async>' -> 'posedge $glbnet$clk$TRELLIS_IO_IN':
Info: curr total
Info:  0.0  0.0  Source debug_addr_a[3]$tr_io.O
Info:  4.8  4.8    Net debug_addr_a[3]$TRELLIS_IO_IN (126,26) -> (54,26)
Info:                Sink debug_addr_a_LUT4_A_11.A
Info:                Defined in:
Info:                  /root/chiploop-backend/backend/workflows/e2dcae79-59c3-49fc-a3b2-2a9441a52240/fpga/src/rtl/review_input.sv:4.22-4.34
Info:  0.2  5.1  Source debug_addr_a_LUT4_A_11.F
Info:  3.5  8.6    Net debug_addr_a_LUT4_A_11_Z[0] (54,26) -> (29,41)
Info:                Sink debug_data_LUT4_Z_20_C_PFUMX_Z_C0_LUT4_Z_4_A_LUT4_Z_1.A
Info:                Defined in:
Info:                  /usr/bin/../share/yosys/ecp5/cells_map.v:108.23-108.24
Info:  0.2  8.8  Source debug_data_LUT4_Z_20_C_PFUMX_Z_C0_LUT4_Z_4_A_LUT4_Z_1.F
Info:  1.0  9.7    Net debug_data_LUT4_Z_20_C_PFUMX_Z_C0_LUT4_Z_4_A[2] (29,41) -> (29,40)
Info:                Sink debug_data_LUT4_Z_20_C_PFUMX_Z_C0_LUT4_Z_4.C
Info:                Defined in:
Info:                  /usr/bin/../share/yosys/ecp5/cells_map.v:108.23-108.24
Info:  0.2 10.0  Source debug_data_LUT4_Z_20_C_PFUMX_Z_C0_LUT4_Z_4.F
Info:  1.1 11.1    Net debug_data_LUT4_Z_20_C_PFUMX_Z_C0[0] (29,40) -> (30,41)
Info:                Sink debug_data_LUT4_Z_20_C_PFUMX_Z_ALUT_LUT4_Z.A
Info:                Defined in:
Info:                  /usr/bin/../share/yosys/ecp5/cells_map.v:108.23-108.24
Info:  0.2 11.4  Source debug_data_LUT4_Z_20_C_PFUMX_Z_ALUT_LUT4_Z.F
Info:  0.0 11.4    Net debug_data_LUT4_Z_20_C_PFUMX_Z_ALUT (30,41) -> (30,41)
Info:                Sink debug_data_LUT4_Z_20_C_PFUMX_Z_BLUT_LUT4_Z.F1
Info:                Defined in:
Info:                  /usr/bin/../share/yosys/ecp5/cells_map.v:133.22-133.24
Info:  0.2 11.5  Source debug_data_LUT4_Z_20_C_PFUMX_Z_BLUT_LUT4_Z.OFX
Info:  1.4 12.9    Net debug_data_LUT4_Z_20_C[0] (30,41) -> (38,43)
Info:                Sink debug_data_LUT4_Z_20_C_LUT4_C_1.C
Info:                Defined in:
Info:                  /usr/bin/../share/yosys/ecp5/cells_map.v:108.23-108.24
Info:  0.2 13.2  Source debug_data_LUT4_Z_20_C_LUT4_C_1.F
Info:  1.1 14.2    Net debug_data_LUT4_Z_27_C_LUT4_B_Z[9] (38,43) -> (38,44)
Info:                Sink debug_data_LUT4_Z_9_C_LUT4_C_2_Z_CCU2C_B0$CCU2_COMB1.A
Info:                Defined in:
Info:                  /usr/bin/../share/yosys/techmap.v:200.24-200.25
Info:  0.4 14.7  Source debug_data_LUT4_Z_9_C_LUT4_C_2_Z_CCU2C_B0$CCU2_COMB1.FCO
Info:  0.0 14.7    Net debug_data_LUT4_Z_9_C_LUT4_C_2_Z_CCU2C_B0_3_COUT[9] (38,44) -> (38,44)
Info:                Sink debug_data_LUT4_Z_9_C_LUT4_C_2_Z_CCU2C_B0_14$CCU2_COMB0.FCI
Info:                Defined in:
Info:                  /usr/bin/../share/yosys/ecp5/arith_map.v:63.22-63.23
Info:  0.1 14.8  Source debug_data_LUT4_Z_9_C_LUT4_C_2_Z_CCU2C_B0_14$CCU2_COMB0.FCO
Info:  0.0 14.8    Net debug_data_LUT4_Z_9_C_LUT4_C_2_Z_CCU2C_B0_14$CCU2_FCI_INT (38,44) -> (38,44)
Info:                Sink debug_data_LUT4_Z_9_C_LUT4_C_2_Z_CCU2C_B0_14$CCU2_COMB1.FCI
Info:  0.0 14.8  Source debug_data_LUT4_Z_9_C_LUT4_C_2_Z_CCU2C_B0_14$CCU2_COMB1.FCO
Info:  0.0 14.8    Net debug_data_LUT4_Z_9_C_LUT4_C_2_Z_CCU2C_B0_3_COUT[11] (38,44) -> (38,44)
Info:                Sink debug_data_LUT4_Z_9_C_LUT4_C_2_Z_CCU2C_B0_13$CCU2_COMB0.FCI
Info:                Defined in:
Info:                  /usr/bin/../share/yosys/ecp5/arith_map.v:63.22-63.23
Info:  0.1 14.8  Source debug_data_LUT4_Z_9_C_LUT4_C_2_Z_CCU2C_B0_13$CCU2_COMB0.FCO
Info:  0.0 14.8    Net debug_data_LUT4_Z_9_C_LUT4_C_2_Z_CCU2C_B0_13$CCU2_FCI_INT (38,44) -> (38,44)
Info:                Sink debug_data_LUT4_Z_9_C_LUT4_C_2_Z_CCU2C_B0_13$CCU2_COMB1.FCI
Info:  0.0 14.8  Source debug_data_LUT4_Z_9_C_LUT4_C_2_Z_CCU2C_B0_13$CCU2_COMB1.FCO
Info:  0.0 14.8    Net debug_data_LUT4_Z_9_C_LUT4_C_2_Z_CCU2C_B0_3_COUT[13] (38,44) -> (39,44)
Info:                Sink debug_data_LUT4_Z_9_C_LUT4_C_2_Z_CCU2C_B0_12$CCU2_COMB0.FCI
Info:                Defined in:
Info:                  /usr/bin/../share/yosys/ecp5/arith_map.v:63.22-63.23
Info:  0.1 14.9  Source debug_data_LUT4_Z_9_C_LUT4_C_2_Z_CCU2C_B0_12$CCU2_COMB0.FCO
Info:  0.0 14.9    Net debug_data_LUT4_Z_9_C_LUT4_C_2_Z_CCU2C_B0_12$CCU2_FCI_INT (39,44) -> (39,44)
Info:                Sink debug_data_LUT4_Z_9_C_LUT4_C_2_Z_CCU2C_B0_12$CCU2_COMB1.FCI
Info:  0.0 14.9  Source debug_data_LUT4_Z_9_C_LUT4_C_2_Z_CCU2C_B0_12$CCU2_COMB1.FCO
Info:  0.0 14.9    Net debug_data_LUT4_Z_9_C_LUT4_C_2_Z_CCU2C_B0_3_COUT[15] (39,44) -> (39,44)
Info:                Sink debug_data_LUT4_Z_9_C_LUT4_C_2_Z_CCU2C_B0_11$CCU2_COMB0.FCI
Info:                Defined in:
Info:                  /usr/bin/../share/yosys/ecp5/arith_map.v:63.22-63.23
Info:  0.1 15.0  Source debug_data_LUT4_Z_9_C_LUT4_C_2_Z_CCU2C_B0_11$CCU2_COMB0.FCO
Info:  0.0 15.0    Net debug_data_LUT4_Z_9_C_LUT4_C_2_Z_CCU2C_B0_11$CCU2_FCI_INT (39,44) -> (39,44)
Info:                Sink debug_data_LUT4_Z_9_C_LUT4_C_2_Z_CCU2C_B0_11$CCU2_COMB1.FCI
Info:  0.0 15.0  Source debug_data_LUT4_Z_9_C_LUT4_C_2_Z_CCU2C_B0_11$CCU2_COMB1.FCO
Info:  0.0 15.0    Net debug_data_LUT4_Z_9_C_LUT4_C_2_Z_CCU2C_B0_3_COUT[17] (39,44) -> (39,44)
Info:                Sink debug_data_LUT4_Z_9_C_LUT4_C_2_Z_CCU2C_B0_10$CCU2_COMB0.FCI
Info:                Defined in:
Info:                  /usr/bin/../share/yosys/ecp5/arith_map.v:63.22-63.23
Info:  0.1 15.0  Source debug_data_LUT4_Z_9_C_LUT4_C_2_Z_CCU2C_B0_10$CCU2_COMB0.FCO
Info:  0.0 15.0    Net debug_data_LUT4_Z_9_C_LUT4_C_2_Z_CCU2C_B0_10$CCU2_FCI_INT (39,44) -> (39,44)
Info:                Sink debug_data_LUT4_Z_9_C_LUT4_C_2_Z_CCU2C_B0_10$CCU2_COMB1.FCI
Info:  0.0 15.0  Source debug_data_LUT4_Z_9_C_LUT4_C_2_Z_CCU2C_B0_10$CCU2_COMB1.FCO
Info:  0.0 15.0    Net debug_data_LUT4_Z_9_C_LUT4_C_2_Z_CCU2C_B0_3_COUT[19] (39,44) -> (39,44)
Info:                Sink debug_data_LUT4_Z_9_C_LUT4_C_2_Z_CCU2C_B0_9$CCU2_COMB0.FCI
Info:                Defined in:
Info:                  /usr/bin/../share/yosys/ecp5/arith_map.v:63.22-63.23
Info:  0.1 15.1  Source debug_data_LUT4_Z_9_C_LUT4_C_2_Z_CCU2C_B0_9$CCU2_COMB0.FCO
Info:  0.0 15.1    Net debug_data_LUT4_Z_9_C_LUT4_C_2_Z_CCU2C_B0_9$CCU2_FCI_INT (39,44) -> (39,44)
Info:                Sink debug_data_LUT4_Z_9_C_LUT4_C_2_Z_CCU2C_B0_9$CCU2_COMB1.FCI
Info:  0.0 15.1  Source debug_data_LUT4_Z_9_C_LUT4_C_2_Z_CCU2C_B0_9$CCU2_COMB1.FCO
Info:  0.0 15.1    Net debug_data_LUT4_Z_9_C_LUT4_C_2_Z_CCU2C_B0_3_COUT[21] (39,44) -> (40,44)
Info:                Sink debug_data_LUT4_Z_9_C_LUT4_C_2_Z_CCU2C_B0_8$CCU2_COMB0.FCI
Info:                Defined in:
Info:                  /usr/bin/../share/yosys/ecp5/arith_map.v:63.22-63.23
Info:  0.1 15.2  Source debug_data_LUT4_Z_9_C_LUT4_C_2_Z_CCU2C_B0_8$CCU2_COMB0.FCO
Info:  0.0 15.2    Net debug_data_LUT4_Z_9_C_LUT4_C_2_Z_CCU2C_B0_8$CCU2_FCI_INT (40,44) -> (40,44)
Info:                Sink debug_data_LUT4_Z_9_C_LUT4_C_2_Z_CCU2C_B0_8$CCU2_COMB1.FCI
Info:  0.0 15.2  Source debug_data_LUT4_Z_9_C_LUT4_C_2_Z_CCU2C_B0_8$CCU2_COMB1.FCO
Info:  0.0 15.2    Net debug_data_LUT4_Z_9_C_LUT4_C_2_Z_CCU2C_B0_3_COUT[23] (40,44) -> (40,44)
Info:                Sink debug_data_LUT4_Z_9_C_LUT4_C_2_Z_CCU2C_B0_7$CCU2_COMB0.FCI
Info:                Defined in:
Info:                  /usr/bin/../share/yosys/ecp5/arith_map.v:63.22-63.23
Info:  0.1 15.2  Source debug_data_LUT4_Z_9_C_LUT4_C_2_Z_CCU2C_B0_7$CCU2_COMB0.FCO
Info:  0.0 15.2    Net debug_data_LUT4_Z_9_C_LUT4_C_2_Z_CCU2C_B0_7$CCU2_FCI_INT (40,44) -> (40,44)
Info:                Sink debug_data_LUT4_Z_9_C_LUT4_C_2_Z_CCU2C_B0_7$CCU2_COMB1.FCI
Info:  0.0 15.2  Source debug_data_LUT4_Z_9_C_LUT4_C_2_Z_CCU2C_B0_7$CCU2_COMB1.FCO
Info:  0.0 15.2    Net debug_data_LUT4_Z_9_C_LUT4_C_2_Z_CCU2C_B0_3_COUT[25] (40,44) -> (40,44)
Info:                Sink debug_data_LUT4_Z_9_C_LUT4_C_2_Z_CCU2C_B0_6$CCU2_COMB0.FCI
Info:                Defined in:
Info:                  /usr/bin/../share/yosys/ecp5/arith_map.v:63.22-63.23
Info:  0.1 15.3  Source debug_data_LUT4_Z_9_C_LUT4_C_2_Z_CCU2C_B0_6$CCU2_COMB0.FCO
Info:  0.0 15.3    Net debug_data_LUT4_Z_9_C_LUT4_C_2_Z_CCU2C_B0_6$CCU2_FCI_INT (40,44) -> (40,44)
Info:                Sink debug_data_LUT4_Z_9_C_LUT4_C_2_Z_CCU2C_B0_6$CCU2_COMB1.FCI
Info:  0.0 15.3  Source debug_data_LUT4_Z_9_C_LUT4_C_2_Z_CCU2C_B0_6$CCU2_COMB1.FCO
Info:  0.0 15.3    Net debug_data_LUT4_Z_9_C_LUT4_C_2_Z_CCU2C_B0_3_COUT[27] (40,44) -> (40,44)
Info:                Sink debug_data_LUT4_Z_9_C_LUT4_C_2_Z_CCU2C_B0_5$CCU2_COMB0.FCI
Info:                Defined in:
Info:                  /usr/bin/../share/yosys/ecp5/arith_map.v:63.22-63.23
Info:  0.1 15.4  Source debug_data_LUT4_Z_9_C_LUT4_C_2_Z_CCU2C_B0_5$CCU2_COMB0.FCO
Info:  0.0 15.4    Net debug_data_LUT4_Z_9_C_LUT4_C_2_Z_CCU2C_B0_5$CCU2_FCI_INT (40,44) -> (40,44)
Info:                Sink debug_data_LUT4_Z_9_C_LUT4_C_2_Z_CCU2C_B0_5$CCU2_COMB1.FCI
Info:  0.0 15.4  Source debug_data_LUT4_Z_9_C_LUT4_C_2_Z_CCU2C_B0_5$CCU2_COMB1.FCO
Info:  0.0 15.4    Net debug_data_LUT4_Z_9_C_LUT4_C_2_Z_CCU2C_B0_3_COUT[29] (40,44) -> (41,44)
Info:                Sink debug_data_LUT4_Z_9_C_LUT4_C_2_Z_CCU2C_B0_3$CCU2_COMB0.FCI
Info:                Defined in:
Info:                  /usr/bin/../share/yosys/ecp5/arith_map.v:63.22-63.23
Info:  0.1 15.5  Source debug_data_LUT4_Z_9_C_LUT4_C_2_Z_CCU2C_B0_3$CCU2_COMB0.FCO
Info:  0.0 15.5    Net debug_data_LUT4_Z_9_C_LUT4_C_2_Z_CCU2C_B0_3$CCU2_FCI_INT (41,44) -> (41,44)
Info:                Sink debug_data_LUT4_Z_9_C_LUT4_C_2_Z_CCU2C_B0_3$CCU2_COMB1.FCI
Info:  0.4 15.9  Source debug_data_LUT4_Z_9_C_LUT4_C_2_Z_CCU2C_B0_3$CCU2_COMB1.F
Info:  1.9 17.8    Net instruction_TRELLIS_FF_Q_DI[31] (41,44) -> (41,31)
Info:                Sink instruction_TRELLIS_FF_Q.M
Info:                Defined in:
Info:                  /usr/bin/../share/yosys/ecp5/arith_map.v:34.26-34.27
Info:  0.0 17.8  Setup instruction_TRELLIS_FF_Q.M
Info: 3.0 ns logic, 14.8 ns routing

Info: Critical path report for cross-domain path 'posedge $glbnet$clk$TRELLIS_IO_IN' -> '<async>':
Info: curr total
Info:  0.5  0.5  Source operand_a_TRELLIS_FF_Q_9.Q
Info:  2.0  2.5    Net debug_data_LUT4_Z_3_A_LUT4_Z_B_LUT4_Z_A_L6MUX21_Z_D0_PFUMX_Z_BLUT_LUT4_Z_D_LUT4_B_Z_PFUMX_BLUT_Z_LUT4_A_Z_PFUMX_Z_C0_LUT4_Z_A_LUT4_Z_D_LUT4_D_Z_L6MUX21_Z_D0_PFUMX_Z_C0_CCU2C_S0_S1_CCU2C_S1_COUT_CCU2C_COUT_3_S1_PFUMX_C0_Z_L6MUX21_D1_Z_PFUMX_Z_C0_CCU2C_S1_S0_L6MUX21_SD_Z[6] (46,47) -> (49,34)
Info:                Sink full_product_CCU2C_S0_9_A0_CCU2C_S0_B0_MULT18X18D_P0.A4
Info:                Defined in:
Info:                  /root/chiploop-backend/backend/workflows/e2dcae79-59c3-49fc-a3b2-2a9441a52240/fpga/src/rtl/review_input.sv:17.14-17.23
Info:  3.9  6.4  Source full_product_CCU2C_S0_9_A0_CCU2C_S0_B0_MULT18X18D_P0.P0
Info:  2.1  8.5    Net full_product_CCU2C_S0_9_A0_CCU2C_S0_B0[0] (49,34) -> (40,35)
Info:                Sink full_product_CCU2C_S0_9_A0_CCU2C_S0_13$CCU2_COMB0.B
Info:                Defined in:
Info:                  /root/chiploop-backend/backend/workflows/e2dcae79-59c3-49fc-a3b2-2a9441a52240/fpga/src/rtl/review_input.sv:37.30-37.51
Info:                  /usr/bin/../share/yosys/mul2dsp.v:168.6-172.5
Info:                  /usr/bin/../share/yosys/mul2dsp.v:230.32-230.125
Info:                  /usr/bin/../share/yosys/ecp5/arith_map.v:32.22-32.23
Info:  0.4  8.9  Source full_product_CCU2C_S0_9_A0_CCU2C_S0_13$CCU2_COMB0.FCO
Info:  0.0  8.9    Net full_product_CCU2C_S0_9_A0_CCU2C_S0_13$CCU2_FCI_INT (40,35) -> (40,35)
Info:                Sink full_product_CCU2C_S0_9_A0_CCU2C_S0_13$CCU2_COMB1.FCI
Info:  0.0  8.9  Source full_product_CCU2C_S0_9_A0_CCU2C_S0_13$CCU2_COMB1.FCO
Info:  0.0  8.9    Net full_product_CCU2C_S0_9_A0_CCU2C_S0_4_COUT[1] (40,35) -> (40,35)
Info:                Sink full_product_CCU2C_S0_9_A0_CCU2C_S0_3$CCU2_COMB0.FCI
Info:                Defined in:
Info:                  /root/chiploop-backend/backend/workflows/e2dcae79-59c3-49fc-a3b2-2a9441a52240/fpga/src/rtl/review_input.sv:37.30-37.51
Info:                  /usr/bin/../share/yosys/mul2dsp.v:168.6-172.5
Info:                  /usr/bin/../share/yosys/mul2dsp.v:230.32-230.125
Info:                  /usr/bin/../share/yosys/ecp5/arith_map.v:63.22-63.23
Info:  0.1  9.0  Source full_product_CCU2C_S0_9_A0_CCU2C_S0_3$CCU2_COMB0.FCO
Info:  0.0  9.0    Net full_product_CCU2C_S0_9_A0_CCU2C_S0_3$CCU2_FCI_INT (40,35) -> (40,35)
Info:                Sink full_product_CCU2C_S0_9_A0_CCU2C_S0_3$CCU2_COMB1.FCI
Info:  0.0  9.0  Source full_product_CCU2C_S0_9_A0_CCU2C_S0_3$CCU2_COMB1.FCO
Info:  0.0  9.0    Net full_product_CCU2C_S0_9_A0_CCU2C_S0_4_COUT[3] (40,35) -> (40,35)
Info:                Sink full_product_CCU2C_S0_9_A0_CCU2C_S0_2$CCU2_COMB0.FCI
Info:                Defined in:
Info:                  /root/chiploop-backend/backend/workflows/e2dcae79-59c3-49fc-a3b2-2a9441a52240/fpga/src/rtl/review_input.sv:37.30-37.51
Info:                  /usr/bin/../share/yosys/mul2dsp.v:168.6-172.5
Info:                  /usr/bin/../share/yosys/mul2dsp.v:230.32-230.125
Info:                  /usr/bin/../share/yosys/ecp5/arith_map.v:63.22-63.23
Info:  0.1  9.1  Source full_product_CCU2C_S0_9_A0_CCU2C_S0_2$CCU2_COMB0.FCO
Info:  0.0  9.1    Net full_product_CCU2C_S0_9_A0_CCU2C_S0_2$CCU2_FCI_INT (40,35) -> (40,35)
Info:                Sink full_product_CCU2C_S0_9_A0_CCU2C_S0_2$CCU2_COMB1.FCI
Info:  0.0  9.1  Source full_product_CCU2C_S0_9_A0_CCU2C_S0_2$CCU2_COMB1.FCO
Info:  0.0  9.1    Net full_product_CCU2C_S0_9_A0_CCU2C_S0_4_COUT[5] (40,35) -> (41,35)
Info:                Sink full_product_CCU2C_S0_9_A0_CCU2C_S0_1$CCU2_COMB0.FCI
Info:                Defined in:
Info:                  /root/chiploop-backend/backend/workflows/e2dcae79-59c3-49fc-a3b2-2a9441a52240/fpga/src/rtl/review_input.sv:37.30-37.51
Info:                  /usr/bin/../share/yosys/mul2dsp.v:168.6-172.5
Info:                  /usr/bin/../share/yosys/mul2dsp.v:230.32-230.125
Info:                  /usr/bin/../share/yosys/ecp5/arith_map.v:63.22-63.23
Info:  0.4  9.5  Source full_product_CCU2C_S0_9_A0_CCU2C_S0_1$CCU2_COMB0.F
Info:  1.4 10.9    Net full_product_CCU2C_S0_9_A0[6] (41,35) -> (42,33)
Info:                Sink full_product_CCU2C_S0_14$CCU2_COMB0.A
Info:                Defined in:
Info:                  /root/chiploop-backend/backend/workflows/e2dcae79-59c3-49fc-a3b2-2a9441a52240/fpga/src/rtl/review_input.sv:37.30-37.51
Info:                  /usr/bin/../share/yosys/mul2dsp.v:173.32-173.125
Info:                  /usr/bin/../share/yosys/ecp5/arith_map.v:30.22-30.23
Info:  0.4 11.4  Source full_product_CCU2C_S0_14$CCU2_COMB0.FCO
Info:  0.0 11.4    Net full_product_CCU2C_S0_14$CCU2_FCI_INT (42,33) -> (42,33)
Info:                Sink full_product_CCU2C_S0_14$CCU2_COMB1.FCI
Info:  0.0 11.4  Source full_product_CCU2C_S0_14$CCU2_COMB1.FCO
Info:  0.0 11.4    Net full_product_CCU2C_S0_3_COUT[25] (42,33) -> (42,33)
Info:                Sink full_product_CCU2C_S0_13$CCU2_COMB0.FCI
Info:                Defined in:
Info:                  /root/chiploop-backend/backend/workflows/e2dcae79-59c3-49fc-a3b2-2a9441a52240/fpga/src/rtl/review_input.sv:37.30-37.51
Info:                  /usr/bin/../share/yosys/mul2dsp.v:173.32-173.125
Info:                  /usr/bin/../share/yosys/ecp5/arith_map.v:63.22-63.23
Info:  0.1 11.4  Source full_product_CCU2C_S0_13$CCU2_COMB0.FCO
Info:  0.0 11.4    Net full_product_CCU2C_S0_13$CCU2_FCI_INT (42,33) -> (42,33)
Info:                Sink full_product_CCU2C_S0_13$CCU2_COMB1.FCI
Info:  0.0 11.4  Source full_product_CCU2C_S0_13$CCU2_COMB1.FCO
Info:  0.0 11.4    Net full_product_CCU2C_S0_3_COUT[27] (42,33) -> (42,33)
Info:                Sink full_product_CCU2C_S0_12$CCU2_COMB0.FCI
Info:                Defined in:
Info:                  /root/chiploop-backend/backend/workflows/e2dcae79-59c3-49fc-a3b2-2a9441a52240/fpga/src/rtl/review_input.sv:37.30-37.51
Info:                  /usr/bin/../share/yosys/mul2dsp.v:173.32-173.125
Info:                  /usr/bin/../share/yosys/ecp5/arith_map.v:63.22-63.23
Info:  0.1 11.5  Source full_product_CCU2C_S0_12$CCU2_COMB0.FCO
Info:  0.0 11.5    Net full_product_CCU2C_S0_12$CCU2_FCI_INT (42,33) -> (42,33)
Info:                Sink full_product_CCU2C_S0_12$CCU2_COMB1.FCI
Info:  0.0 11.5  Source full_product_CCU2C_S0_12$CCU2_COMB1.FCO
Info:  0.0 11.5    Net full_product_CCU2C_S0_3_COUT[29] (42,33) -> (43,33)
Info:                Sink full_product_CCU2C_S0_10$CCU2_COMB0.FCI
Info:                Defined in:
Info:                  /root/chiploop-backend/backend/workflows/e2dcae79-59c3-49fc-a3b2-2a9441a52240/fpga/src/rtl/review_input.sv:37.30-37.51
Info:                  /usr/bin/../share/yosys/mul2dsp.v:173.32-173.125
Info:                  /usr/bin/../share/yosys/ecp5/arith_map.v:63.22-63.23
Info:  0.1 11.6  Source full_product_CCU2C_S0_10$CCU2_COMB0.FCO
Info:  0.0 11.6    Net full_product_CCU2C_S0_10$CCU2_FCI_INT (43,33) -> (43,33)
Info:                Sink full_product_CCU2C_S0_10$CCU2_COMB1.FCI
Info:  0.0 11.6  Source full_product_CCU2C_S0_10$CCU2_COMB1.FCO
Info:  0.0 11.6    Net full_product_CCU2C_S0_3_COUT[31] (43,33) -> (43,33)
Info:                Sink full_product_CCU2C_S0_9$CCU2_COMB0.FCI
Info:                Defined in:
Info:                  /root/chiploop-backend/backend/workflows/e2dcae79-59c3-49fc-a3b2-2a9441a52240/fpga/src/rtl/review_input.sv:37.30-37.51
Info:                  /usr/bin/../share/yosys/mul2dsp.v:173.32-173.125
Info:                  /usr/bin/../share/yosys/ecp5/arith_map.v:63.22-63.23
Info:  0.1 11.7  Source full_product_CCU2C_S0_9$CCU2_COMB0.FCO
Info:  0.0 11.7    Net full_product_CCU2C_S0_9$CCU2_FCI_INT (43,33) -> (43,33)
Info:                Sink full_product_CCU2C_S0_9$CCU2_COMB1.FCI
Info:  0.0 11.7  Source full_product_CCU2C_S0_9$CCU2_COMB1.FCO
Info:  0.0 11.7    Net full_product_CCU2C_S0_3_COUT[33] (43,33) -> (43,33)
Info:                Sink full_product_CCU2C_S0_8$CCU2_COMB0.FCI
Info:                Defined in:
Info:                  /root/chiploop-backend/backend/workflows/e2dcae79-59c3-49fc-a3b2-2a9441a52240/fpga/src/rtl/review_input.sv:37.30-37.51
Info:                  /usr/bin/../share/yosys/mul2dsp.v:173.32-173.125
Info:                  /usr/bin/../share/yosys/ecp5/arith_map.v:63.22-63.23
Info:  0.1 11.7  Source full_product_CCU2C_S0_8$CCU2_COMB0.FCO
Info:  0.0 11.7    Net full_product_CCU2C_S0_8$CCU2_FCI_INT (43,33) -> (43,33)
Info:                Sink full_product_CCU2C_S0_8$CCU2_COMB1.FCI
Info:  0.0 11.7  Source full_product_CCU2C_S0_8$CCU2_COMB1.FCO
Info:  0.0 11.7    Net full_product_CCU2C_S0_3_COUT[35] (43,33) -> (43,33)
Info:                Sink full_product_CCU2C_S0_7$CCU2_COMB0.FCI
Info:                Defined in:
Info:                  /root/chiploop-backend/backend/workflows/e2dcae79-59c3-49fc-a3b2-2a9441a52240/fpga/src/rtl/review_input.sv:37.30-37.51
Info:                  /usr/bin/../share/yosys/mul2dsp.v:173.32-173.125
Info:                  /usr/bin/../share/yosys/ecp5/arith_map.v:63.22-63.23
Info:  0.1 11.8  Source full_product_CCU2C_S0_7$CCU2_COMB0.FCO
Info:  0.0 11.8    Net full_product_CCU2C_S0_7$CCU2_FCI_INT (43,33) -> (43,33)
Info:                Sink full_product_CCU2C_S0_7$CCU2_COMB1.FCI
Info:  0.0 11.8  Source full_product_CCU2C_S0_7$CCU2_COMB1.FCO
Info:  0.0 11.8    Net full_product_CCU2C_S0_3_COUT[37] (43,33) -> (44,33)
Info:                Sink full_product_CCU2C_S0_6$CCU2_COMB0.FCI
Info:                Defined in:
Info:                  /root/chiploop-backend/backend/workflows/e2dcae79-59c3-49fc-a3b2-2a9441a52240/fpga/src/rtl/review_input.sv:37.30-37.51
Info:                  /usr/bin/../share/yosys/mul2dsp.v:173.32-173.125
Info:                  /usr/bin/../share/yosys/ecp5/arith_map.v:63.22-63.23
Info:  0.1 11.9  Source full_product_CCU2C_S0_6$CCU2_COMB0.FCO
Info:  0.0 11.9    Net full_product_CCU2C_S0_6$CCU2_FCI_INT (44,33) -> (44,33)
Info:                Sink full_product_CCU2C_S0_6$CCU2_COMB1.FCI
Info:  0.0 11.9  Source full_product_CCU2C_S0_6$CCU2_COMB1.FCO
Info:  0.0 11.9    Net full_product_CCU2C_S0_3_COUT[39] (44,33) -> (44,33)
Info:                Sink full_product_CCU2C_S0_5$CCU2_COMB0.FCI
Info:                Defined in:
Info:                  /root/chiploop-backend/backend/workflows/e2dcae79-59c3-49fc-a3b2-2a9441a52240/fpga/src/rtl/review_input.sv:37.30-37.51
Info:                  /usr/bin/../share/yosys/mul2dsp.v:173.32-173.125
Info:                  /usr/bin/../share/yosys/ecp5/arith_map.v:63.22-63.23
Info:  0.1 11.9  Source full_product_CCU2C_S0_5$CCU2_COMB0.FCO
Info:  0.0 11.9    Net full_product_CCU2C_S0_5$CCU2_FCI_INT (44,33) -> (44,33)
Info:                Sink full_product_CCU2C_S0_5$CCU2_COMB1.FCI
Info:  0.0 11.9  Source full_product_CCU2C_S0_5$CCU2_COMB1.FCO
Info:  0.0 11.9    Net full_product_CCU2C_S0_3_COUT[41] (44,33) -> (44,33)
Info:                Sink full_product_CCU2C_S0_4$CCU2_COMB0.FCI
Info:                Defined in:
Info:                  /root/chiploop-backend/backend/workflows/e2dcae79-59c3-49fc-a3b2-2a9441a52240/fpga/src/rtl/review_input.sv:37.30-37.51
Info:                  /usr/bin/../share/yosys/mul2dsp.v:173.32-173.125
Info:                  /usr/bin/../share/yosys/ecp5/arith_map.v:63.22-63.23
Info:  0.1 12.0  Source full_product_CCU2C_S0_4$CCU2_COMB0.FCO
Info:  0.0 12.0    Net full_product_CCU2C_S0_4$CCU2_FCI_INT (44,33) -> (44,33)
Info:                Sink full_product_CCU2C_S0_4$CCU2_COMB1.FCI
Info:  0.4 12.4  Source full_product_CCU2C_S0_4$CCU2_COMB1.F
Info:  1.7 14.1    Net debug_data_LUT4_Z_3_A_LUT4_Z_B_LUT4_Z_A_L6MUX21_Z_D0_PFUMX_Z_BLUT_LUT4_Z_D_LUT4_B_Z_PFUMX_BLUT_Z_LUT4_A_Z_PFUMX_Z_C0_LUT4_Z_A_LUT4_Z_D_LUT4_D_Z_L6MUX21_Z_D0_PFUMX_Z_C0_CCU2C_S0_S1_CCU2C_S1_COUT_CCU2C_COUT_3_S1_PFUMX_C0_Z_L6MUX21_D1_Z_PFUMX_Z_C0_CCU2C_S1_COUT_CCU2C_COUT_3_S1_PFUMX_C0_Z_LUT4_Z_1_D[1] (44,33) -> (48,38)
Info:                Sink debug_data_LUT4_Z_3_A_LUT4_Z_B_LUT4_Z_A_L6MUX21_Z_D0_PFUMX_Z_BLUT_LUT4_Z_D_LUT4_B_Z_PFUMX_BLUT_Z_LUT4_A_Z_PFUMX_Z_C0_LUT4_Z_A_LUT4_Z_D_LUT4_D_Z_L6MUX21_Z_D0_PFUMX_Z_C0_CCU2C_S0_S1_CCU2C_S1_COUT_CCU2C_COUT_3_S1_PFUMX_C0_Z_L6MUX21_D1_Z_PFUMX_Z_C0_CCU2C_S1_COUT_CCU2C_COUT_3_S1_PFUMX_C0_Z_LUT4_Z_1.C
Info:                Defined in:
Info:                  /root/chiploop-backend/backend/workflows/e2dcae79-59c3-49fc-a3b2-2a9441a52240/fpga/src/rtl/review_input.sv:37.15-37.27
Info:  0.2 14.4  Source debug_data_LUT4_Z_3_A_LUT4_Z_B_LUT4_Z_A_L6MUX21_Z_D0_PFUMX_Z_BLUT_LUT4_Z_D_LUT4_B_Z_PFUMX_BLUT_Z_LUT4_A_Z_PFUMX_Z_C0_LUT4_Z_A_LUT4_Z_D_LUT4_D_Z_L6MUX21_Z_D0_PFUMX_Z_C0_CCU2C_S0_S1_CCU2C_S1_COUT_CCU2C_COUT_3_S1_PFUMX_C0_Z_L6MUX21_D1_Z_PFUMX_Z_C0_CCU2C_S1_COUT_CCU2C_COUT_3_S1_PFUMX_C0_Z_LUT4_Z_1.F
Info:  0.6 15.0    Net debug_data_LUT4_Z_3_A_LUT4_Z_B_LUT4_Z_A_L6MUX21_Z_D0_PFUMX_Z_BLUT_LUT4_Z_D_LUT4_B_Z_PFUMX_BLUT_Z_LUT4_A_Z_PFUMX_Z_C0_LUT4_Z_A_LUT4_Z_D_LUT4_D_Z_L6MUX21_Z_D0_PFUMX_Z_C0_CCU2C_S0_S1_CCU2C_S1_COUT_CCU2C_COUT_3_S1_PFUMX_C0_Z_L6MUX21_D1_Z_PFUMX_Z_C0_CCU2C_S1_COUT_CCU2C_COUT_3_S1_PFUMX_C0_Z[1] (48,38) -> (48,38)
Info:                Sink debug_data_LUT4_Z_1_A_LUT4_Z_B_L6MUX21_Z_D1_PFUMX_Z_ALUT_LUT4_Z.B
Info:                Defined in:
Info:                  /usr/bin/../share/yosys/ecp5/cells_map.v:108.23-108.24
Info:  0.2 15.2  Source debug_data_LUT4_Z_1_A_LUT4_Z_B_L6MUX21_Z_D1_PFUMX_Z_ALUT_LUT4_Z.F
Info:  0.0 15.2    Net debug_data_LUT4_Z_1_A_LUT4_Z_B_L6MUX21_Z_D1_PFUMX_Z_ALUT (48,38) -> (48,38)
Info:                Sink debug_data_LUT4_Z_1_A_LUT4_Z_B_L6MUX21_Z_D1_PFUMX_Z_BLUT_LUT4_Z.F1
Info:                Defined in:
Info:                  /usr/bin/../share/yosys/ecp5/cells_map.v:141.30-141.32
Info:  0.2 15.4  Source debug_data_LUT4_Z_1_A_LUT4_Z_B_L6MUX21_Z_D1_PFUMX_Z_BLUT_LUT4_Z.OFX
Info:  0.0 15.4    Net debug_data_LUT4_Z_1_A_LUT4_Z_B_L6MUX21_Z_D1 (48,38) -> (48,38)
Info:                Sink debug_data_LUT4_Z_1_A_LUT4_Z_B_L6MUX21_Z_D1_PFUMX_Z_ALUT_LUT4_Z.FXB
Info:                Defined in:
Info:                  /usr/bin/../share/yosys/ecp5/cells_map.v:141.38-141.40
Info:  0.2 15.6  Source debug_data_LUT4_Z_1_A_LUT4_Z_B_L6MUX21_Z_D1_PFUMX_Z_ALUT_LUT4_Z.OFX
Info:  0.7 16.4    Net debug_data_LUT4_Z_1_A_LUT4_Z_B[2] (48,38) -> (50,40)
Info:                Sink debug_data_LUT4_Z_1_A_LUT4_Z.D
Info:                Defined in:
Info:                  /usr/bin/../share/yosys/ecp5/cells_map.v:108.23-108.24
Info:  0.2 16.6  Source debug_data_LUT4_Z_1_A_LUT4_Z.F
Info:  0.9 17.5    Net debug_data_LUT4_Z_1_A[0] (50,40) -> (50,41)
Info:                Sink debug_data_LUT4_Z_1.A
Info:                Defined in:
Info:                  /usr/bin/../share/yosys/ecp5/cells_map.v:108.23-108.24
Info:  0.2 17.7  Source debug_data_LUT4_Z_1.F
Info:  6.2 23.9    Net debug_data[29]$TRELLIS_IO_OUT (50,41) -> (101,95)
Info:                Sink debug_data[29]$tr_io.I
Info:                Defined in:
Info:                  /root/chiploop-backend/backend/workflows/e2dcae79-59c3-49fc-a3b2-2a9441a52240/fpga/src/rtl/review_input.sv:11.22-11.32
Info: 8.3 ns logic, 15.6 ns routing

Info: Max frequency for clock '$glbnet$clk$TRELLIS_IO_IN': 51.58 MHz (PASS at 25.00 MHz)

Info: Max delay <async>                           -> <async>                          : 20.03 ns
Info: Max delay <async>                           -> posedge $glbnet$clk$TRELLIS_IO_IN: 17.80 ns
Info: Max delay posedge $glbnet$clk$TRELLIS_IO_IN -> <async>                          : 23.90 ns

Info: Slack histogram:
Info:  legend: * represents 3 endpoint(s)
Info:          + represents [1,3) endpoint(s)
Info: [ 20612,  21508) |*********+
Info: [ 21508,  22404) |********************************************************+
Info: [ 22404,  23300) |*******************************************************+
Info: [ 23300,  24196) |*******************+
Info: [ 24196,  25092) |***+
Info: [ 25092,  25988) | 
Info: [ 25988,  26884) | 
Info: [ 26884,  27780) |+
Info: [ 27780,  28676) |***+
Info: [ 28676,  29572) |***+
Info: [ 29572,  30468) |***+
Info: [ 30468,  31364) |*****+
Info: [ 31364,  32260) |*************+
Info: [ 32260,  33156) |***************************************************+
Info: [ 33156,  34052) |************************************************************ 
Info: [ 34052,  34948) |*****************************************+
Info: [ 34948,  35844) |*****************+
Info: [ 35844,  36740) |**********************+
Info: [ 36740,  37636) |****+
Info: [ 37636,  38532) |*+

Info: Program finished normally.