=== STDOUT ===
- V e r i l a t i o n   R e p o r t: Verilator 5.047 devel rev v5.046-161-g24918b83b
- Verilator: Built from 0.091 MB sources in 5 modules, into 0.052 MB in 3 C++ files needing 0.000 MB
- Verilator: Walltime 0.028 s (elab=0.004, cvt=0.013, bld=0.000); cpu 0.028 s on 1 threads; allocated 31.352 MB

=== STDERR ===
%Warning-PINCONNECTEMPTY: pass2/demo_sram_32x256_wrapper.v:27:10: Instance pin connected by name with empty reference: 'dout1'
   27 |         .dout1()
      |          ^~~~~
                          ... For warning description see https://verilator.org/warn/PINCONNECTEMPTY?v=5.047
                          ... Use "/* verilator lint_off PINCONNECTEMPTY */" and lint_on around source to disable this message.
%Warning-BLKSEQ: _external_rtl_models_pass2/sky130_sram_1kbyte_1rw1r_32x256_8.v:52:14: Blocking assignment '=' in sequential logic process
                                                                                     : ... note: In instance 'sram_mbist_demo_controller.u_sram.u_sram'
                                                                                     : ... Suggest using delayed assignment '<='
   52 |     csb0_reg = csb0;
      |              ^
                 ... For warning description see https://verilator.org/warn/BLKSEQ?v=5.047
                 ... Use "/* verilator lint_off BLKSEQ */" and lint_on around source to disable this message.
%Warning-BLKSEQ: _external_rtl_models_pass2/sky130_sram_1kbyte_1rw1r_32x256_8.v:53:14: Blocking assignment '=' in sequential logic process
                                                                                     : ... note: In instance 'sram_mbist_demo_controller.u_sram.u_sram'
                                                                                     : ... Suggest using delayed assignment '<='
   53 |     web0_reg = web0;
      |              ^
%Warning-BLKSEQ: _external_rtl_models_pass2/sky130_sram_1kbyte_1rw1r_32x256_8.v:54:16: Blocking assignment '=' in sequential logic process
                                                                                     : ... note: In instance 'sram_mbist_demo_controller.u_sram.u_sram'
                                                                                     : ... Suggest using delayed assignment '<='
   54 |     wmask0_reg = wmask0;
      |                ^
%Warning-BLKSEQ: _external_rtl_models_pass2/sky130_sram_1kbyte_1rw1r_32x256_8.v:55:15: Blocking assignment '=' in sequential logic process
                                                                                     : ... note: In instance 'sram_mbist_demo_controller.u_sram.u_sram'
                                                                                     : ... Suggest using delayed assignment '<='
   55 |     addr0_reg = addr0;
      |               ^
%Warning-BLKSEQ: _external_rtl_models_pass2/sky130_sram_1kbyte_1rw1r_32x256_8.v:56:14: Blocking assignment '=' in sequential logic process
                                                                                     : ... note: In instance 'sram_mbist_demo_controller.u_sram.u_sram'
                                                                                     : ... Suggest using delayed assignment '<='
   56 |     din0_reg = din0;
      |              ^
%Warning-BLKSEQ: _external_rtl_models_pass2/sky130_sram_1kbyte_1rw1r_32x256_8.v:57:21: Blocking assignment '=' in sequential logic process
                                                                                     : ... note: In instance 'sram_mbist_demo_controller.u_sram.u_sram'
                                                                                     : ... Suggest using delayed assignment '<='
   57 |     #(T_HOLD) dout0 = 32'bx;
      |                     ^
%Warning-BLKSEQ: _external_rtl_models_pass2/sky130_sram_1kbyte_1rw1r_32x256_8.v:71:14: Blocking assignment '=' in sequential logic process
                                                                                     : ... note: In instance 'sram_mbist_demo_controller.u_sram.u_sram'
                                                                                     : ... Suggest using delayed assignment '<='
   71 |     csb1_reg = csb1;
      |              ^
%Warning-BLKSEQ: _external_rtl_models_pass2/sky130_sram_1kbyte_1rw1r_32x256_8.v:72:15: Blocking assignment '=' in sequential logic process
                                                                                     : ... note: In instance 'sram_mbist_demo_controller.u_sram.u_sram'
                                                                                     : ... Suggest using delayed assignment '<='
   72 |     addr1_reg = addr1;
      |               ^
%Warning-BLKSEQ: _external_rtl_models_pass2/sky130_sram_1kbyte_1rw1r_32x256_8.v:75:21: Blocking assignment '=' in sequential logic process
                                                                                     : ... note: In instance 'sram_mbist_demo_controller.u_sram.u_sram'
                                                                                     : ... Suggest using delayed assignment '<='
   75 |     #(T_HOLD) dout1 = 32'bx;
      |                     ^
%Warning-BLKSEQ: _external_rtl_models_pass2/sky130_sram_1kbyte_1rw1r_32x256_8.v:88:37: Blocking assignment '=' in sequential logic process
                                                                                     : ... note: In instance 'sram_mbist_demo_controller.u_sram.u_sram'
                                                                                     : ... Suggest using delayed assignment '<='
   88 |                 mem[addr0_reg][7:0] = din0_reg[7:0];
      |                                     ^
%Warning-BLKSEQ: _external_rtl_models_pass2/sky130_sram_1kbyte_1rw1r_32x256_8.v:90:38: Blocking assignment '=' in sequential logic process
                                                                                     : ... note: In instance 'sram_mbist_demo_controller.u_sram.u_sram'
                                                                                     : ... Suggest using delayed assignment '<='
   90 |                 mem[addr0_reg][15:8] = din0_reg[15:8];
      |                                      ^
%Warning-BLKSEQ: _external_rtl_models_pass2/sky130_sram_1kbyte_1rw1r_32x256_8.v:92:39: Blocking assignment '=' in sequential logic process
                                                                                     : ... note: In instance 'sram_mbist_demo_controller.u_sram.u_sram'
                                                                                     : ... Suggest using delayed assignment '<='
   92 |                 mem[addr0_reg][23:16] = din0_reg[23:16];
      |                                       ^
%Warning-BLKSEQ: _external_rtl_models_pass2/sky130_sram_1kbyte_1rw1r_32x256_8.v:94:39: Blocking assignment '=' in sequential logic process
                                                                                     : ... note: In instance 'sram_mbist_demo_controller.u_sram.u_sram'
                                                                                     : ... Suggest using delayed assignment '<='
   94 |                 mem[addr0_reg][31:24] = din0_reg[31:24];
      |                                       ^
%Warning-UNUSEDSIGNAL: pass2/sram_mbist_demo_controller.v:21:11: Signal is not used: 'rd_en'
                                                               : ... note: In instance 'sram_mbist_demo_controller'
   21 |     input rd_en;
      |           ^~~~~
                       ... For warning description see https://verilator.org/warn/UNUSEDSIGNAL?v=5.047
                       ... Use "/* verilator lint_off UNUSEDSIGNAL */" and lint_on around source to disable this message.
%Warning-UNUSEDSIGNAL: pass2/sram_mbist_demo_controller.v:22:17: Signal is not used: 'rd_addr'
                                                               : ... note: In instance 'sram_mbist_demo_controller'
   22 |     input [7:0] rd_addr;
      |                 ^~~~~~~
%Warning-UNUSEDSIGNAL: pass2/sram_mbist_demo_controller.v:36:15: Bits of signal are not used: 'control_reg'[1]
                                                               : ... note: In instance 'sram_mbist_demo_controller'
   36 |     reg [2:0] control_reg;
      |               ^~~~~~~~~~~
%Warning-UNUSEDSIGNAL: pass2/sram_mbist_demo_controller.v:37:16: Signal is not used: 'status_reg'
                                                               : ... note: In instance 'sram_mbist_demo_controller'
   37 |     reg [31:0] status_reg;
      |                ^~~~~~~~~~
%Warning-UNUSEDSIGNAL: pass2/sram_mbist_demo_controller.v:40:16: Signal is not used: 'mem_rdata_reg'
                                                               : ... note: In instance 'sram_mbist_demo_controller'
   40 |     reg [31:0] mem_rdata_reg;
      |                ^~~~~~~~~~~~~
%Warning-UNUSEDSIGNAL: pass2/sram_mbist_demo_controller.v:41:15: Signal is not used: 'mem_control_reg'
                                                               : ... note: In instance 'sram_mbist_demo_controller'
   41 |     reg [1:0] mem_control_reg;
      |               ^~~~~~~~~~~~~~~
%Warning-UNUSEDSIGNAL: pass2/sram_mbist_demo_controller.v:42:15: Bits of signal are not used: 'bist_control_reg'[0]
                                                               : ... note: In instance 'sram_mbist_demo_controller'
   42 |     reg [1:0] bist_control_reg;
      |               ^~~~~~~~~~~~~~~~
%Warning-UNUSEDSIGNAL: pass2/sram_mbist_demo_controller.v:43:16: Signal is not used: 'bist_status_reg'
                                                               : ... note: In instance 'sram_mbist_demo_controller'
   43 |     reg [10:0] bist_status_reg;
      |                ^~~~~~~~~~~~~~~
%Warning-UNUSEDSIGNAL: pass2/sram_mbist_demo_controller.v:62:6: Signal is not driven, nor used: 'sram_csb'
                                                              : ... note: In instance 'sram_mbist_demo_controller'
   62 | wire sram_csb;
      |      ^~~~~~~~
%Warning-UNUSEDSIGNAL: pass2/sram_mbist_demo_controller.v:63:6: Signal is not driven, nor used: 'sram_web'
                                                              : ... note: In instance 'sram_mbist_demo_controller'
   63 | wire sram_web;
      |      ^~~~~~~~
%Warning-UNUSEDSIGNAL: pass2/sram_mbist_demo_controller.v:64:12: Signal is not driven, nor used: 'sram_addr'
                                                               : ... note: In instance 'sram_mbist_demo_controller'
   64 | wire [7:0] sram_addr;
      |            ^~~~~~~~~
%Warning-UNUSEDSIGNAL: pass2/sram_mbist_demo_controller.v:65:13: Signal is not driven, nor used: 'sram_din'
                                                               : ... note: In instance 'sram_mbist_demo_controller'
   65 | wire [31:0] sram_din;
      |             ^~~~~~~~

=== RETURN CODE ===
0
