=== STDOUT ===
- V e r i l a t i o n   R e p o r t: Verilator 5.047 devel rev v5.046-161-g24918b83b
- Verilator: Built from 0.120 MB sources in 5 modules, into 0.065 MB in 3 C++ files needing 0.000 MB
- Verilator: Walltime 0.025 s (elab=0.003, cvt=0.012, bld=0.000); cpu 0.025 s on 1 threads; allocated 32.355 MB

=== STDERR ===
%Warning-UNUSEDSIGNAL: pass3/smart_sensor_hub_mcu.v:28:18: Signal is not used: 'sensor_temp_raw'
                                                         : ... note: In instance 'smart_sensor_hub_mcu'
   28 |     input [15:0] sensor_temp_raw;
      |                  ^~~~~~~~~~~~~~~
                       ... For warning description see https://verilator.org/warn/UNUSEDSIGNAL?v=5.047
                       ... Use "/* verilator lint_off UNUSEDSIGNAL */" and lint_on around source to disable this message.
%Warning-UNUSEDSIGNAL: pass3/smart_sensor_hub_mcu.v:29:18: Signal is not used: 'sensor_humidity_raw'
                                                         : ... note: In instance 'smart_sensor_hub_mcu'
   29 |     input [15:0] sensor_humidity_raw;
      |                  ^~~~~~~~~~~~~~~~~~~
%Warning-UNUSEDSIGNAL: pass3/smart_sensor_hub_mcu.v:30:18: Signal is not used: 'sensor_air_raw'
                                                         : ... note: In instance 'smart_sensor_hub_mcu'
   30 |     input [15:0] sensor_air_raw;
      |                  ^~~~~~~~~~~~~~
%Warning-UNDRIVEN: pass3/smart_sensor_hub_mcu.v:59:17: Signal is not driven: 'latest_temp_i'
                                                     : ... note: In instance 'smart_sensor_hub_mcu'
   59 |     wire [15:0] latest_temp_i;
      |                 ^~~~~~~~~~~~~
                   ... For warning description see https://verilator.org/warn/UNDRIVEN?v=5.047
                   ... Use "/* verilator lint_off UNDRIVEN */" and lint_on around source to disable this message.
%Warning-UNDRIVEN: pass3/smart_sensor_hub_mcu.v:60:17: Signal is not driven: 'latest_humidity_i'
                                                     : ... note: In instance 'smart_sensor_hub_mcu'
   60 |     wire [15:0] latest_humidity_i;
      |                 ^~~~~~~~~~~~~~~~~
%Warning-UNDRIVEN: pass3/smart_sensor_hub_mcu.v:61:17: Signal is not driven: 'latest_air_i'
                                                     : ... note: In instance 'smart_sensor_hub_mcu'
   61 |     wire [15:0] latest_air_i;
      |                 ^~~~~~~~~~~~
%Warning-UNUSEDSIGNAL: pass3/smart_sensor_hub_mcu.v:72:17: Signal is not driven, nor used: 'fifo_rdata_o'
                                                         : ... note: In instance 'smart_sensor_hub_mcu'
   72 |     wire [31:0] fifo_rdata_o;
      |                 ^~~~~~~~~~~~
%Warning-UNDRIVEN: pass3/smart_sensor_hub_mcu.v:73:16: Signal is not driven: 'fifo_level_o'
                                                     : ... note: In instance 'smart_sensor_hub_mcu'
   73 |     wire [5:0] fifo_level_o;
      |                ^~~~~~~~~~~~
%Warning-UNUSEDSIGNAL: pass3/smart_sensor_hub_mcu.v:74:10: Signal is not driven, nor used: 'fifo_empty_o'
                                                         : ... note: In instance 'smart_sensor_hub_mcu'
   74 |     wire fifo_empty_o;
      |          ^~~~~~~~~~~~
%Warning-UNDRIVEN: pass3/smart_sensor_hub_mcu.v:75:10: Signal is not driven: 'fifo_full_o'
                                                     : ... note: In instance 'smart_sensor_hub_mcu'
   75 |     wire fifo_full_o;
      |          ^~~~~~~~~~~
%Warning-UNDRIVEN: pass3/smart_sensor_hub_mcu.v:76:16: Signal is not driven: 'alert_status_o'
                                                     : ... note: In instance 'smart_sensor_hub_mcu'
   76 |     wire [7:0] alert_status_o;
      |                ^~~~~~~~~~~~~~
%Warning-UNUSEDSIGNAL: pass3/smart_sensor_hub_mcu.v:77:10: Signal is not used: 'alert_pending_o'
                                                         : ... note: In instance 'smart_sensor_hub_mcu'
   77 |     wire alert_pending_o;
      |          ^~~~~~~~~~~~~~~
%Warning-UNUSEDSIGNAL: pass3/smart_sensor_hub_mcu.v:79:10: Signal is not used: 'fifo_overflow_o'
                                                         : ... note: In instance 'smart_sensor_hub_mcu'
   79 |     wire fifo_overflow_o;
      |          ^~~~~~~~~~~~~~~
%Warning-UNUSEDSIGNAL: pass3/smart_sensor_hub_mcu.v:81:6: Signal is not driven, nor used: 'reg_control_enable'
                                                        : ... note: In instance 'smart_sensor_hub_mcu'
   81 | wire reg_control_enable;
      |      ^~~~~~~~~~~~~~~~~~
%Warning-UNUSEDSIGNAL: pass3/smart_sensor_hub_mcu.v:82:6: Signal is not driven, nor used: 'reg_control_sample_start'
                                                        : ... note: In instance 'smart_sensor_hub_mcu'
   82 | wire reg_control_sample_start;
      |      ^~~~~~~~~~~~~~~~~~~~~~~~
%Warning-UNUSEDSIGNAL: pass3/smart_sensor_hub_mcu.v:83:6: Signal is not driven, nor used: 'reg_control_low_power_en'
                                                        : ... note: In instance 'smart_sensor_hub_mcu'
   83 | wire reg_control_low_power_en;
      |      ^~~~~~~~~~~~~~~~~~~~~~~~
%Warning-UNUSEDSIGNAL: pass3/smart_sensor_hub_mcu.v:84:6: Signal is not driven, nor used: 'reg_control_irq_enable'
                                                        : ... note: In instance 'smart_sensor_hub_mcu'
   84 | wire reg_control_irq_enable;
      |      ^~~~~~~~~~~~~~~~~~~~~~
%Warning-UNUSEDSIGNAL: pass3/smart_sensor_hub_mcu.v:85:6: Signal is not driven, nor used: 'reg_control_fifo_clear'
                                                        : ... note: In instance 'smart_sensor_hub_mcu'
   85 | wire reg_control_fifo_clear;
      |      ^~~~~~~~~~~~~~~~~~~~~~
%Warning-UNUSEDSIGNAL: pass3/smart_sensor_hub_mcu.v:86:13: Signal is not driven, nor used: 'reg_sample_period'
                                                         : ... note: In instance 'smart_sensor_hub_mcu'
   86 | wire [31:0] reg_sample_period;
      |             ^~~~~~~~~~~~~~~~~
%Warning-UNUSEDSIGNAL: pass3/smart_sensor_hub_mcu.v:87:12: Signal is not driven, nor used: 'reg_sensor_select'
                                                         : ... note: In instance 'smart_sensor_hub_mcu'
   87 | wire [2:0] reg_sensor_select;
      |            ^~~~~~~~~~~~~~~~~
%Warning-UNUSEDSIGNAL: pass3/smart_sensor_hub_mcu.v:88:13: Signal is not driven, nor used: 'reg_temp_threshold'
                                                         : ... note: In instance 'smart_sensor_hub_mcu'
   88 | wire [15:0] reg_temp_threshold;
      |             ^~~~~~~~~~~~~~~~~~
%Warning-UNUSEDSIGNAL: pass3/smart_sensor_hub_mcu.v:89:13: Signal is not driven, nor used: 'reg_humidity_threshold'
                                                         : ... note: In instance 'smart_sensor_hub_mcu'
   89 | wire [15:0] reg_humidity_threshold;
      |             ^~~~~~~~~~~~~~~~~~~~~~
%Warning-UNUSEDSIGNAL: pass3/smart_sensor_hub_mcu.v:90:13: Signal is not driven, nor used: 'reg_air_threshold'
                                                         : ... note: In instance 'smart_sensor_hub_mcu'
   90 | wire [15:0] reg_air_threshold;
      |             ^~~~~~~~~~~~~~~~~
%Warning-UNUSEDSIGNAL: pass3/smart_sensor_hub_mcu.v:91:12: Signal is not driven, nor used: 'reg_alert_clear'
                                                         : ... note: In instance 'smart_sensor_hub_mcu'
   91 | wire [7:0] reg_alert_clear;
      |            ^~~~~~~~~~~~~~~
%Warning-UNUSEDSIGNAL: pass3/smart_sensor_hub_mcu.v:92:6: Signal is not driven, nor used: 'ctrl_busy'
                                                        : ... note: In instance 'smart_sensor_hub_mcu'
   92 | wire ctrl_busy;
      |      ^~~~~~~~~
%Warning-UNUSEDSIGNAL: pass3/smart_sensor_hub_mcu.v:93:6: Signal is not driven, nor used: 'ctrl_sample_done'
                                                        : ... note: In instance 'smart_sensor_hub_mcu'
   93 | wire ctrl_sample_done;
      |      ^~~~~~~~~~~~~~~~
%Warning-UNUSEDSIGNAL: pass3/smart_sensor_hub_mcu.v:94:6: Signal is not driven, nor used: 'ctrl_low_power_active'
                                                        : ... note: In instance 'smart_sensor_hub_mcu'
   94 | wire ctrl_low_power_active;
      |      ^~~~~~~~~~~~~~~~~~~~~
%Warning-UNUSEDSIGNAL: pass3/smart_sensor_hub_mcu.v:95:13: Signal is not driven, nor used: 'ctrl_sample_count'
                                                         : ... note: In instance 'smart_sensor_hub_mcu'
   95 | wire [31:0] ctrl_sample_count;
      |             ^~~~~~~~~~~~~~~~~
%Warning-UNUSEDSIGNAL: pass3/smart_sensor_hub_mcu.v:96:6: Signal is not driven, nor used: 'ctrl_fifo_push'
                                                        : ... note: In instance 'smart_sensor_hub_mcu'
   96 | wire ctrl_fifo_push;
      |      ^~~~~~~~~~~~~~
%Warning-UNUSEDSIGNAL: pass3/smart_sensor_hub_mcu.v:97:13: Signal is not driven, nor used: 'ctrl_fifo_push_data'
                                                         : ... note: In instance 'smart_sensor_hub_mcu'
   97 | wire [31:0] ctrl_fifo_push_data;
      |             ^~~~~~~~~~~~~~~~~~~
%Warning-UNUSEDSIGNAL: pass3/smart_sensor_hub_mcu.v:98:12: Signal is not driven, nor used: 'fifo_level_status'
                                                         : ... note: In instance 'smart_sensor_hub_mcu'
   98 | wire [5:0] fifo_level_status;
      |            ^~~~~~~~~~~~~~~~~
%Warning-UNUSEDSIGNAL: pass3/smart_sensor_hub_mcu.v:99:6: Signal is not driven, nor used: 'fifo_empty_status'
                                                        : ... note: In instance 'smart_sensor_hub_mcu'
   99 | wire fifo_empty_status;
      |      ^~~~~~~~~~~~~~~~~
%Warning-UNUSEDSIGNAL: pass3/smart_sensor_hub_mcu.v:100:6: Signal is not driven, nor used: 'fifo_full_status'
                                                         : ... note: In instance 'smart_sensor_hub_mcu'
  100 | wire fifo_full_status;
      |      ^~~~~~~~~~~~~~~~
%Warning-UNUSEDSIGNAL: pass3/smart_sensor_hub_mcu.v:101:12: Signal is not driven, nor used: 'alert_status_vec'
                                                          : ... note: In instance 'smart_sensor_hub_mcu'
  101 | wire [7:0] alert_status_vec;
      |            ^~~~~~~~~~~~~~~~
%Warning-UNUSEDSIGNAL: pass3/smart_sensor_hub_mcu.v:102:13: Signal is not driven, nor used: 'fifo_read_data'
                                                          : ... note: In instance 'smart_sensor_hub_mcu'
  102 | wire [31:0] fifo_read_data;
      |             ^~~~~~~~~~~~~~
%Warning-UNUSEDSIGNAL: pass3/sensor_hub_fifo_alert.v:37:17: Bits of signal are not used: 'alert_clear_i'[7:5]
                                                          : ... note: In instance 'smart_sensor_hub_mcu.u_sensor_hub_fifo_alert'
   37 |     input [7:0] alert_clear_i;
      |                 ^~~~~~~~~~~~~

=== RETURN CODE ===
0
