Info: Logic utilisation before packing:
Info:     Total LUT4s:      4099/24288    16%
Info:         logic LUTs:   3607/24288    14%
Info:         carry LUTs:    492/24288     2%
Info:           RAM LUTs:      0/ 3036     0%
Info:          RAMW LUTs:      0/ 6072     0%

Info:      Total DFFs:       962/24288     3%

Info: Packing IOs..
Info: Packing constants..
Info: Packing carries...
Info: Packing LUTs...
Info: Packing LUT5-7s...
Info: Packing FFs...
Info:     199 FFs paired with LUTs.
Info: Generating derived timing constraints...
Info: Promoting globals...
Info:     promoting clock net clk$TRELLIS_IO_IN to global network
Info:     promoting clock net spi_sclk$TRELLIS_IO_IN to global network
Info: Checksum: 0x96264b3c

Info: Device utilisation:
Info: 	          TRELLIS_IO:     7/  197     3%
Info: 	                DCCA:     2/   56     3%
Info: 	              DP16KD:     0/   56     0%
Info: 	          MULT18X18D:     4/   28    14%
Info: 	              ALU54B:     0/   14     0%
Info: 	             EHXPLLL:     0/    2     0%
Info: 	             EXTREFB:     0/    1     0%
Info: 	                DCUA:     0/    1     0%
Info: 	           PCSCLKDIV:     0/    2     0%
Info: 	             IOLOGIC:     0/  128     0%
Info: 	            SIOLOGIC:     0/   69     0%
Info: 	                 GSR:     0/    1     0%
Info: 	               JTAGG:     0/    1     0%
Info: 	                OSCG:     0/    1     0%
Info: 	               SEDGA:     0/    1     0%
Info: 	                 DTR:     0/    1     0%
Info: 	             USRMCLK:     0/    1     0%
Info: 	             CLKDIVF:     0/    4     0%
Info: 	           ECLKSYNCB:     0/   10     0%
Info: 	             DLLDELD:     0/    8     0%
Info: 	              DDRDLL:     0/    4     0%
Info: 	             DQSBUFM:     0/    8     0%
Info: 	     TRELLIS_ECLKBUF:     0/    8     0%
Info: 	        ECLKBRIDGECS:     0/    2     0%
Info: 	                DCSC:     0/    2     0%
Info: 	          TRELLIS_FF:   962/24288     3%
Info: 	        TRELLIS_COMB:  4191/24288    17%
Info: 	        TRELLIS_RAMW:     0/ 3036     0%

Info: Placed 0 cells based on constraints.
Info: Creating initial analytic placement for 3323 cells, random placement wirelen = 190349.
Info:     at initial placer iter 0, wirelen = 1603
Info:     at initial placer iter 1, wirelen = 1274
Info:     at initial placer iter 2, wirelen = 1305
Info:     at initial placer iter 3, wirelen = 1310
Info: Running main analytical placer, max placement attempts per cell = 3335944.
Info:     at iteration #1, type ALL: wirelen solved = 1316, spread = 40963, legal = 49578; time = 0.41s
Info:     at iteration #2, type ALL: wirelen solved = 2561, spread = 26528, legal = 33703; time = 0.23s
Info:     at iteration #3, type ALL: wirelen solved = 4755, spread = 23002, legal = 29984; time = 0.26s
Info:     at iteration #4, type ALL: wirelen solved = 6858, spread = 20371, legal = 30207; time = 0.31s
Info:     at iteration #5, type ALL: wirelen solved = 7656, spread = 22526, legal = 29199; time = 0.25s
Info:     at iteration #6, type ALL: wirelen solved = 10042, spread = 22374, legal = 28465; time = 0.24s
Info:     at iteration #7, type ALL: wirelen solved = 11435, spread = 19174, legal = 28374; time = 0.29s
Info:     at iteration #8, type ALL: wirelen solved = 10478, spread = 20188, legal = 29400; time = 0.26s
Info:     at iteration #9, type ALL: wirelen solved = 11454, spread = 18976, legal = 28164; time = 0.29s
Info:     at iteration #10, type ALL: wirelen solved = 11732, spread = 19691, legal = 28932; time = 0.26s
Info:     at iteration #11, type ALL: wirelen solved = 12452, spread = 18779, legal = 28383; time = 0.27s
Info:     at iteration #12, type ALL: wirelen solved = 12534, spread = 19110, legal = 28116; time = 0.26s
Info:     at iteration #13, type ALL: wirelen solved = 13036, spread = 18796, legal = 28415; time = 0.25s
Info:     at iteration #14, type ALL: wirelen solved = 13358, spread = 19367, legal = 27029; time = 0.24s
Info:     at iteration #15, type ALL: wirelen solved = 14294, spread = 19150, legal = 26842; time = 0.26s
Info:     at iteration #16, type ALL: wirelen solved = 14308, spread = 19393, legal = 26707; time = 0.23s
Info:     at iteration #17, type ALL: wirelen solved = 14835, spread = 19674, legal = 27025; time = 0.22s
Info:     at iteration #18, type ALL: wirelen solved = 14832, spread = 19458, legal = 26391; time = 0.22s
Info:     at iteration #19, type ALL: wirelen solved = 15330, spread = 19957, legal = 25866; time = 0.21s
Info:     at iteration #20, type ALL: wirelen solved = 15693, spread = 20208, legal = 25853; time = 0.21s
Info:     at iteration #21, type ALL: wirelen solved = 16138, spread = 19936, legal = 25792; time = 0.21s
Info:     at iteration #22, type ALL: wirelen solved = 16334, spread = 19650, legal = 25697; time = 0.20s
Info:     at iteration #23, type ALL: wirelen solved = 16200, spread = 19503, legal = 25336; time = 0.20s
Info:     at iteration #24, type ALL: wirelen solved = 16331, spread = 19582, legal = 26002; time = 0.21s
Info:     at iteration #25, type ALL: wirelen solved = 16529, spread = 19171, legal = 26880; time = 0.21s
Info:     at iteration #26, type ALL: wirelen solved = 16475, spread = 19708, legal = 28333; time = 0.25s
Info:     at iteration #27, type ALL: wirelen solved = 16841, spread = 19172, legal = 29958; time = 0.26s
Info:     at iteration #28, type ALL: wirelen solved = 16874, spread = 19753, legal = 31147; time = 0.30s
Info: HeAP Placer Time: 8.47s
Info:   of which solving equations: 2.46s
Info:   of which spreading cells: 0.49s
Info:   of which strict legalisation: 4.19s

Info: Running simulated annealing placer for refinement.
Info:   at iteration #1: temp = 0.000000, timing cost = 1484, wirelen = 25336
Info:   at iteration #5: temp = 0.000000, timing cost = 1177, wirelen = 20886
Info:   at iteration #10: temp = 0.000000, timing cost = 1316, wirelen = 19884
Info:   at iteration #15: temp = 0.000000, timing cost = 1213, wirelen = 19429
Info:   at iteration #20: temp = 0.000000, timing cost = 1167, wirelen = 19084
Info:   at iteration #25: temp = 0.000000, timing cost = 1146, wirelen = 19021
Info:   at iteration #30: temp = 0.000000, timing cost = 1144, wirelen = 18974
Info:   at iteration #32: temp = 0.000000, timing cost = 1144, wirelen = 18970 
Info: SA placement time 10.91s

Info: Max frequency for clock '$glbnet$spi_sclk$TRELLIS_IO_IN': 187.93 MHz (PASS at 75.00 MHz)
Info: Max frequency for clock      '$glbnet$clk$TRELLIS_IO_IN': 41.27 MHz (FAIL at 75.00 MHz)

Info: Max delay <async>                                -> posedge $glbnet$clk$TRELLIS_IO_IN     : 12.42 ns
Info: Max delay <async>                                -> posedge $glbnet$spi_sclk$TRELLIS_IO_IN: 10.56 ns
Info: Max delay posedge $glbnet$clk$TRELLIS_IO_IN      -> <async>                               : 10.96 ns
Info: Max delay posedge $glbnet$clk$TRELLIS_IO_IN      -> posedge $glbnet$spi_sclk$TRELLIS_IO_IN: 2.08 ns
Info: Max delay posedge $glbnet$spi_sclk$TRELLIS_IO_IN -> <async>                               : 11.56 ns
Info: Max delay posedge $glbnet$spi_sclk$TRELLIS_IO_IN -> posedge $glbnet$clk$TRELLIS_IO_IN     : 2.33 ns

Info: Slack histogram:
Info:  legend: * represents 3 endpoint(s)
Info:          + represents [1,3) endpoint(s)
Info: [-10900,  -9726) |********+
Info: [ -9726,  -8552) |*****************************+
Info: [ -8552,  -7378) |************************************************************ 
Info: [ -7378,  -6204) |********************************+
Info: [ -6204,  -5030) |*********************+
Info: [ -5030,  -3856) |*****+
Info: [ -3856,  -2682) |******+
Info: [ -2682,  -1508) |***************************+
Info: [ -1508,   -334) |*****************************************+
Info: [  -334,    840) |********************************+
Info: [   840,   2014) |*************************************+
Info: [  2014,   3188) |*************************+
Info: [  3188,   4362) |********+
Info: [  4362,   5536) |*************+
Info: [  5536,   6710) |********+
Info: [  6710,   7884) |***********+
Info: [  7884,   9058) |*****************+
Info: [  9058,  10232) |***************************+
Info: [ 10232,  11406) |*************+
Info: [ 11406,  12580) |***************+
Info: Checksum: 0x4919e4fa
Info: Routing globals...
Info:     routing clock net $glbnet$spi_sclk$TRELLIS_IO_IN using global 0
Info:     routing clock net $glbnet$clk$TRELLIS_IO_IN using global 1

Info: Routing..
Info: Setting up routing queue.
Info: Routing 14150 arcs.
Info:            |   (re-)routed arcs  |   delta    | remaining|       time spent     |
Info:    IterCnt |  w/ripup   wo/ripup |  w/r  wo/r |      arcs| batch(sec) total(sec)|
Info:       1000 |      460        539 |  460   539 |     13795|       0.47       0.47|
Info:       2000 |      828       1171 |  368   632 |     13500|       0.24       0.70|
Info:       3000 |     1173       1826 |  345   655 |     13299|       0.23       0.93|
Info:       4000 |     1573       2426 |  400   600 |     13233|       0.25       1.18|
Info:       5000 |     1860       3139 |  287   713 |     12966|       0.24       1.42|
Info:       6000 |     2193       3806 |  333   667 |     12789|       0.27       1.69|
Info:       7000 |     2446       4553 |  253   747 |     12375|       0.28       1.97|
Info:       8000 |     2797       5202 |  351   649 |     12051|       0.25       2.22|
Info:       9000 |     3101       5898 |  304   696 |     11703|       0.24       2.46|
Info:      10000 |     3455       6544 |  354   646 |     11444|       0.29       2.75|
Info:      11000 |     3828       7171 |  373   627 |     11091|       0.23       2.98|
Info:      12000 |     4235       7764 |  407   593 |     10770|       0.34       3.32|
Info:      13000 |     4639       8360 |  404   596 |     10514|       0.30       3.61|
Info:      14000 |     4988       9011 |  349   651 |     10365|       0.28       3.89|
Info:      15000 |     5363       9636 |  375   625 |     10011|       0.30       4.19|
Info:      16000 |     5697      10302 |  334   666 |      9629|       0.30       4.48|
Info:      17000 |     6395      10604 |  698   302 |      9601|       0.42       4.91|
Info:      18000 |     7066      10933 |  671   329 |      9467|       0.38       5.29|
Info:      19000 |     7824      11175 |  758   242 |      9362|       0.41       5.70|
Info:      20000 |     8439      11560 |  615   385 |      9381|       0.46       6.16|
Info:      21000 |     8769      12230 |  330   670 |      8909|       0.27       6.43|
Info:      22000 |     9127      12872 |  358   642 |      8457|       0.28       6.71|
Info:      23000 |     9748      13251 |  621   379 |      8319|       0.50       7.21|
Info:      24000 |    10287      13712 |  539   461 |      8296|       0.45       7.66|
Info:      25000 |    10907      14092 |  620   380 |      8230|       0.48       8.14|
Info:      26000 |    11650      14349 |  743   257 |      8156|       0.67       8.81|
Info:      27000 |    12046      14953 |  396   604 |      8133|       0.32       9.13|
Info:      28000 |    12398      15601 |  352   648 |      7685|       0.31       9.44|
Info:      29000 |    12765      16234 |  367   633 |      7235|       0.28       9.72|
Info:      30000 |    13127      16806 |  362   572 |      6705|       0.26       9.98|
Info:      31000 |    13459      17442 |  332   636 |      6360|       0.30      10.27|
Info:      32000 |    13790      18092 |  331   650 |      5846|       0.25      10.52|
Info:      33000 |    14153      18643 |  363   551 |      5291|       0.24      10.76|
Info:      34000 |    14507      19144 |  354   501 |      4785|       0.25      11.01|
Info:      35000 |    14853      19667 |  346   523 |      4223|       0.32      11.34|
Info:      36000 |    15222      20202 |  369   535 |      3756|       0.31      11.64|
Info:      37000 |    15656      20684 |  434   482 |      3441|       0.32      11.96|
Info:      38000 |    16028      21262 |  372   578 |      2955|       0.39      12.35|
Info:      39000 |    16265      21939 |  237   677 |      2244|       0.34      12.70|
Info:      40000 |    16544      22590 |  279   651 |      1741|       0.52      13.22|
Info:      41000 |    16787      23307 |  243   717 |      1282|       0.46      13.68|
Info:      42000 |    17013      24027 |  226   720 |       795|       0.54      14.22|
Info:      43000 |    17260      24719 |  247   692 |       187|       0.52      14.74|
Info:      43427 |    17349      25041 |   89   322 |         0|       0.26      15.00|
Info: Routing complete.
Info: Router1 time 15.00s
Info: Checksum: 0x010696cd

Info: Critical path report for clock '$glbnet$spi_sclk$TRELLIS_IO_IN' (posedge -> posedge):
Info: curr total
Info:  0.5  0.5  Source spi_active_TRELLIS_FF_Q.Q
Info:  2.2  2.7    Net spi_active (18,15) -> (35,23)
Info:                Sink tx_shift_TRELLIS_FF_Q_6_DI_LUT4_Z.D
Info:                Defined in:
Info:                  /root/chiploop-backend/backend/workflows/b0d5d878-2439-4037-8b8d-844b7f66f3cc/fpga/target_explorer/interface_adapter/minirv_edge_controller_spi_fpga_top.sv:16.9-16.19
Info:  0.2  2.9  Source tx_shift_TRELLIS_FF_Q_6_DI_LUT4_Z.F
Info:  0.1  3.0    Net tx_shift_TRELLIS_FF_Q_6_DI (35,23) -> (35,23)
Info:                Sink tx_shift_TRELLIS_FF_Q_6.DI
Info:  0.0  3.0  Setup tx_shift_TRELLIS_FF_Q_6.DI
Info: 0.8 ns logic, 2.3 ns routing

Info: Critical path report for clock '$glbnet$clk$TRELLIS_IO_IN' (posedge -> posedge):
Info: curr total
Info:  0.5  0.5  Source u_core.operand_a_TRELLIS_FF_Q_15.Q
Info:  2.0  2.5    Net u_core.operand_a[16] (34,6) -> (22,13)
Info:                Sink u_core.full_product_MULT18X18D_P0.A16
Info:                Defined in:
Info:                  /root/chiploop-backend/backend/workflows/b0d5d878-2439-4037-8b8d-844b7f66f3cc/fpga/src/rtl/review_input.sv:17.14-17.23
Info:  3.9  6.4  Source u_core.full_product_MULT18X18D_P0.P18
Info:  1.6  8.1    Net u_core.full_product_MULT18X18D_P0_P18[0] (22,13) -> (21,12)
Info:                Sink u_core.full_product_MULT18X18D_P0_P18_CCU2C_A0_8$CCU2_COMB0.A
Info:                Defined in:
Info:                  /root/chiploop-backend/backend/workflows/b0d5d878-2439-4037-8b8d-844b7f66f3cc/fpga/src/rtl/review_input.sv:37.30-37.51
Info:                  /usr/bin/../share/yosys/mul2dsp.v:148.7-152.6
Info:                  /usr/bin/../share/yosys/mul2dsp.v:230.32-230.125
Info:                  /usr/bin/../share/yosys/ecp5/arith_map.v:30.22-30.23
Info:  0.4  8.5  Source u_core.full_product_MULT18X18D_P0_P18_CCU2C_A0_8$CCU2_COMB0.FCO
Info:  0.0  8.5    Net u_core.full_product_MULT18X18D_P0_P18_CCU2C_A0_8$CCU2_FCI_INT (21,12) -> (21,12)
Info:                Sink u_core.full_product_MULT18X18D_P0_P18_CCU2C_A0_8$CCU2_COMB1.FCI
Info:  0.0  8.5  Source u_core.full_product_MULT18X18D_P0_P18_CCU2C_A0_8$CCU2_COMB1.FCO
Info:  0.0  8.5    Net u_core.full_product_CCU2C_S0_B0_CCU2C_S0_6_COUT[2] (21,12) -> (21,12)
Info:                Sink u_core.full_product_MULT18X18D_P0_P18_CCU2C_A0_3$CCU2_COMB0.FCI
Info:                Defined in:
Info:                  /root/chiploop-backend/backend/workflows/b0d5d878-2439-4037-8b8d-844b7f66f3cc/fpga/src/rtl/review_input.sv:37.30-37.51
Info:                  /usr/bin/../share/yosys/mul2dsp.v:148.7-152.6
Info:                  /usr/bin/../share/yosys/mul2dsp.v:230.32-230.125
Info:                  /usr/bin/../share/yosys/ecp5/arith_map.v:38.23-38.25
Info:  0.1  8.6  Source u_core.full_product_MULT18X18D_P0_P18_CCU2C_A0_3$CCU2_COMB0.FCO
Info:  0.0  8.6    Net u_core.full_product_MULT18X18D_P0_P18_CCU2C_A0_3$CCU2_FCI_INT (21,12) -> (21,12)
Info:                Sink u_core.full_product_MULT18X18D_P0_P18_CCU2C_A0_3$CCU2_COMB1.FCI
Info:  0.0  8.6  Source u_core.full_product_MULT18X18D_P0_P18_CCU2C_A0_3$CCU2_COMB1.FCO
Info:  0.0  8.6    Net u_core.full_product_CCU2C_S0_B0_CCU2C_S0_6_COUT[4] (21,12) -> (21,12)
Info:                Sink u_core.full_product_MULT18X18D_P0_P18_CCU2C_A0_2$CCU2_COMB0.FCI
Info:                Defined in:
Info:                  /root/chiploop-backend/backend/workflows/b0d5d878-2439-4037-8b8d-844b7f66f3cc/fpga/src/rtl/review_input.sv:37.30-37.51
Info:                  /usr/bin/../share/yosys/mul2dsp.v:148.7-152.6
Info:                  /usr/bin/../share/yosys/mul2dsp.v:230.32-230.125
Info:                  /usr/bin/../share/yosys/ecp5/arith_map.v:38.23-38.25
Info:  0.1  8.7  Source u_core.full_product_MULT18X18D_P0_P18_CCU2C_A0_2$CCU2_COMB0.FCO
Info:  0.0  8.7    Net u_core.full_product_MULT18X18D_P0_P18_CCU2C_A0_2$CCU2_FCI_INT (21,12) -> (21,12)
Info:                Sink u_core.full_product_MULT18X18D_P0_P18_CCU2C_A0_2$CCU2_COMB1.FCI
Info:  0.0  8.7  Source u_core.full_product_MULT18X18D_P0_P18_CCU2C_A0_2$CCU2_COMB1.FCO
Info:  0.0  8.7    Net u_core.full_product_CCU2C_S0_B0_CCU2C_S0_6_COUT[6] (21,12) -> (22,12)
Info:                Sink u_core.full_product_MULT18X18D_P0_P18_CCU2C_A0_1$CCU2_COMB0.FCI
Info:                Defined in:
Info:                  /root/chiploop-backend/backend/workflows/b0d5d878-2439-4037-8b8d-844b7f66f3cc/fpga/src/rtl/review_input.sv:37.30-37.51
Info:                  /usr/bin/../share/yosys/mul2dsp.v:148.7-152.6
Info:                  /usr/bin/../share/yosys/mul2dsp.v:230.32-230.125
Info:                  /usr/bin/../share/yosys/ecp5/arith_map.v:38.23-38.25
Info:  0.1  8.7  Source u_core.full_product_MULT18X18D_P0_P18_CCU2C_A0_1$CCU2_COMB0.FCO
Info:  0.0  8.7    Net u_core.full_product_MULT18X18D_P0_P18_CCU2C_A0_1$CCU2_FCI_INT (22,12) -> (22,12)
Info:                Sink u_core.full_product_MULT18X18D_P0_P18_CCU2C_A0_1$CCU2_COMB1.FCI
Info:  0.0  8.7  Source u_core.full_product_MULT18X18D_P0_P18_CCU2C_A0_1$CCU2_COMB1.FCO
Info:  0.0  8.7    Net u_core.full_product_CCU2C_S0_B0_CCU2C_S0_6_COUT[8] (22,12) -> (22,12)
Info:                Sink u_core.full_product_MULT18X18D_P0_P18_CCU2C_A0$CCU2_COMB0.FCI
Info:                Defined in:
Info:                  /root/chiploop-backend/backend/workflows/b0d5d878-2439-4037-8b8d-844b7f66f3cc/fpga/src/rtl/review_input.sv:37.30-37.51
Info:                  /usr/bin/../share/yosys/mul2dsp.v:148.7-152.6
Info:                  /usr/bin/../share/yosys/mul2dsp.v:230.32-230.125
Info:                  /usr/bin/../share/yosys/ecp5/arith_map.v:38.23-38.25
Info:  0.1  8.8  Source u_core.full_product_MULT18X18D_P0_P18_CCU2C_A0$CCU2_COMB0.FCO
Info:  0.0  8.8    Net u_core.full_product_MULT18X18D_P0_P18_CCU2C_A0$CCU2_FCI_INT (22,12) -> (22,12)
Info:                Sink u_core.full_product_MULT18X18D_P0_P18_CCU2C_A0$CCU2_COMB1.FCI
Info:  0.0  8.8  Source u_core.full_product_MULT18X18D_P0_P18_CCU2C_A0$CCU2_COMB1.FCO
Info:  0.0  8.8    Net u_core.full_product_CCU2C_S0_B0_CCU2C_S0_6_COUT[10] (22,12) -> (22,12)
Info:                Sink u_core.full_product_MULT18X18D_P0_P18_CCU2C_A0_7$CCU2_COMB0.FCI
Info:                Defined in:
Info:                  /root/chiploop-backend/backend/workflows/b0d5d878-2439-4037-8b8d-844b7f66f3cc/fpga/src/rtl/review_input.sv:37.30-37.51
Info:                  /usr/bin/../share/yosys/mul2dsp.v:148.7-152.6
Info:                  /usr/bin/../share/yosys/mul2dsp.v:230.32-230.125
Info:                  /usr/bin/../share/yosys/ecp5/arith_map.v:38.23-38.25
Info:  0.1  8.9  Source u_core.full_product_MULT18X18D_P0_P18_CCU2C_A0_7$CCU2_COMB0.FCO
Info:  0.0  8.9    Net u_core.full_product_MULT18X18D_P0_P18_CCU2C_A0_7$CCU2_FCI_INT (22,12) -> (22,12)
Info:                Sink u_core.full_product_MULT18X18D_P0_P18_CCU2C_A0_7$CCU2_COMB1.FCI
Info:  0.0  8.9  Source u_core.full_product_MULT18X18D_P0_P18_CCU2C_A0_7$CCU2_COMB1.FCO
Info:  0.0  8.9    Net u_core.full_product_CCU2C_S0_B0_CCU2C_S0_6_COUT[12] (22,12) -> (22,12)
Info:                Sink u_core.full_product_MULT18X18D_P0_P18_CCU2C_A0_6$CCU2_COMB0.FCI
Info:                Defined in:
Info:                  /root/chiploop-backend/backend/workflows/b0d5d878-2439-4037-8b8d-844b7f66f3cc/fpga/src/rtl/review_input.sv:37.30-37.51
Info:                  /usr/bin/../share/yosys/mul2dsp.v:148.7-152.6
Info:                  /usr/bin/../share/yosys/mul2dsp.v:230.32-230.125
Info:                  /usr/bin/../share/yosys/ecp5/arith_map.v:38.23-38.25
Info:  0.1  8.9  Source u_core.full_product_MULT18X18D_P0_P18_CCU2C_A0_6$CCU2_COMB0.FCO
Info:  0.0  8.9    Net u_core.full_product_MULT18X18D_P0_P18_CCU2C_A0_6$CCU2_FCI_INT (22,12) -> (22,12)
Info:                Sink u_core.full_product_MULT18X18D_P0_P18_CCU2C_A0_6$CCU2_COMB1.FCI
Info:  0.0  8.9  Source u_core.full_product_MULT18X18D_P0_P18_CCU2C_A0_6$CCU2_COMB1.FCO
Info:  0.0  8.9    Net u_core.full_product_CCU2C_S0_B0_CCU2C_S0_6_COUT[14] (22,12) -> (23,12)
Info:                Sink u_core.full_product_MULT18X18D_P0_P18_CCU2C_A0_5$CCU2_COMB0.FCI
Info:                Defined in:
Info:                  /root/chiploop-backend/backend/workflows/b0d5d878-2439-4037-8b8d-844b7f66f3cc/fpga/src/rtl/review_input.sv:37.30-37.51
Info:                  /usr/bin/../share/yosys/mul2dsp.v:148.7-152.6
Info:                  /usr/bin/../share/yosys/mul2dsp.v:230.32-230.125
Info:                  /usr/bin/../share/yosys/ecp5/arith_map.v:38.23-38.25
Info:  0.1  9.0  Source u_core.full_product_MULT18X18D_P0_P18_CCU2C_A0_5$CCU2_COMB0.FCO
Info:  0.0  9.0    Net u_core.full_product_MULT18X18D_P0_P18_CCU2C_A0_5$CCU2_FCI_INT (23,12) -> (23,12)
Info:                Sink u_core.full_product_MULT18X18D_P0_P18_CCU2C_A0_5$CCU2_COMB1.FCI
Info:  0.0  9.0  Source u_core.full_product_MULT18X18D_P0_P18_CCU2C_A0_5$CCU2_COMB1.FCO
Info:  0.0  9.0    Net u_core.full_product_CCU2C_S0_B0_CCU2C_S0_6_COUT[16] (23,12) -> (23,12)
Info:                Sink u_core.full_product_MULT18X18D_P0_P18_CCU2C_A0_4$CCU2_COMB0.FCI
Info:                Defined in:
Info:                  /root/chiploop-backend/backend/workflows/b0d5d878-2439-4037-8b8d-844b7f66f3cc/fpga/src/rtl/review_input.sv:37.30-37.51
Info:                  /usr/bin/../share/yosys/mul2dsp.v:148.7-152.6
Info:                  /usr/bin/../share/yosys/mul2dsp.v:230.32-230.125
Info:                  /usr/bin/../share/yosys/ecp5/arith_map.v:38.23-38.25
Info:  0.1  9.1  Source u_core.full_product_MULT18X18D_P0_P18_CCU2C_A0_4$CCU2_COMB0.FCO
Info:  0.0  9.1    Net u_core.full_product_MULT18X18D_P0_P18_CCU2C_A0_4$CCU2_FCI_INT (23,12) -> (23,12)
Info:                Sink u_core.full_product_MULT18X18D_P0_P18_CCU2C_A0_4$CCU2_COMB1.FCI
Info:  0.0  9.1  Source u_core.full_product_MULT18X18D_P0_P18_CCU2C_A0_4$CCU2_COMB1.FCO
Info:  0.0  9.1    Net u_core.full_product_CCU2C_S0_B0_CCU2C_S0_6_COUT[18] (23,12) -> (23,12)
Info:                Sink u_core.full_product_CCU2C_S0_B0_CCU2C_S0_6$CCU2_COMB0.FCI
Info:                Defined in:
Info:                  /root/chiploop-backend/backend/workflows/b0d5d878-2439-4037-8b8d-844b7f66f3cc/fpga/src/rtl/review_input.sv:37.30-37.51
Info:                  /usr/bin/../share/yosys/mul2dsp.v:148.7-152.6
Info:                  /usr/bin/../share/yosys/mul2dsp.v:230.32-230.125
Info:                  /usr/bin/../share/yosys/ecp5/arith_map.v:38.23-38.25
Info:  0.1  9.2  Source u_core.full_product_CCU2C_S0_B0_CCU2C_S0_6$CCU2_COMB0.FCO
Info:  0.0  9.2    Net u_core.full_product_CCU2C_S0_B0_CCU2C_S0_6$CCU2_FCI_INT (23,12) -> (23,12)
Info:                Sink u_core.full_product_CCU2C_S0_B0_CCU2C_S0_6$CCU2_COMB1.FCI
Info:  0.0  9.2  Source u_core.full_product_CCU2C_S0_B0_CCU2C_S0_6$CCU2_COMB1.FCO
Info:  0.0  9.2    Net u_core.full_product_CCU2C_S0_B0_CCU2C_S0_6_COUT[20] (23,12) -> (23,12)
Info:                Sink u_core.full_product_CCU2C_S0_B0_CCU2C_S0_5$CCU2_COMB0.FCI
Info:                Defined in:
Info:                  /root/chiploop-backend/backend/workflows/b0d5d878-2439-4037-8b8d-844b7f66f3cc/fpga/src/rtl/review_input.sv:37.30-37.51
Info:                  /usr/bin/../share/yosys/mul2dsp.v:148.7-152.6
Info:                  /usr/bin/../share/yosys/mul2dsp.v:230.32-230.125
Info:                  /usr/bin/../share/yosys/ecp5/arith_map.v:38.23-38.25
Info:  0.1  9.2  Source u_core.full_product_CCU2C_S0_B0_CCU2C_S0_5$CCU2_COMB0.FCO
Info:  0.0  9.2    Net u_core.full_product_CCU2C_S0_B0_CCU2C_S0_5$CCU2_FCI_INT (23,12) -> (23,12)
Info:                Sink u_core.full_product_CCU2C_S0_B0_CCU2C_S0_5$CCU2_COMB1.FCI
Info:  0.0  9.2  Source u_core.full_product_CCU2C_S0_B0_CCU2C_S0_5$CCU2_COMB1.FCO
Info:  0.0  9.2    Net u_core.full_product_CCU2C_S0_B0_CCU2C_S0_6_COUT[22] (23,12) -> (24,12)
Info:                Sink u_core.full_product_CCU2C_S0_B0_CCU2C_S0_4$CCU2_COMB0.FCI
Info:                Defined in:
Info:                  /root/chiploop-backend/backend/workflows/b0d5d878-2439-4037-8b8d-844b7f66f3cc/fpga/src/rtl/review_input.sv:37.30-37.51
Info:                  /usr/bin/../share/yosys/mul2dsp.v:148.7-152.6
Info:                  /usr/bin/../share/yosys/mul2dsp.v:230.32-230.125
Info:                  /usr/bin/../share/yosys/ecp5/arith_map.v:38.23-38.25
Info:  0.1  9.3  Source u_core.full_product_CCU2C_S0_B0_CCU2C_S0_4$CCU2_COMB0.FCO
Info:  0.0  9.3    Net u_core.full_product_CCU2C_S0_B0_CCU2C_S0_4$CCU2_FCI_INT (24,12) -> (24,12)
Info:                Sink u_core.full_product_CCU2C_S0_B0_CCU2C_S0_4$CCU2_COMB1.FCI
Info:  0.0  9.3  Source u_core.full_product_CCU2C_S0_B0_CCU2C_S0_4$CCU2_COMB1.FCO
Info:  0.0  9.3    Net u_core.full_product_CCU2C_S0_B0_CCU2C_S0_6_COUT[24] (24,12) -> (24,12)
Info:                Sink u_core.full_product_CCU2C_S0_B0_CCU2C_S0_3$CCU2_COMB0.FCI
Info:                Defined in:
Info:                  /root/chiploop-backend/backend/workflows/b0d5d878-2439-4037-8b8d-844b7f66f3cc/fpga/src/rtl/review_input.sv:37.30-37.51
Info:                  /usr/bin/../share/yosys/mul2dsp.v:148.7-152.6
Info:                  /usr/bin/../share/yosys/mul2dsp.v:230.32-230.125
Info:                  /usr/bin/../share/yosys/ecp5/arith_map.v:38.23-38.25
Info:  0.1  9.4  Source u_core.full_product_CCU2C_S0_B0_CCU2C_S0_3$CCU2_COMB0.FCO
Info:  0.0  9.4    Net u_core.full_product_CCU2C_S0_B0_CCU2C_S0_3$CCU2_FCI_INT (24,12) -> (24,12)
Info:                Sink u_core.full_product_CCU2C_S0_B0_CCU2C_S0_3$CCU2_COMB1.FCI
Info:  0.0  9.4  Source u_core.full_product_CCU2C_S0_B0_CCU2C_S0_3$CCU2_COMB1.FCO
Info:  0.0  9.4    Net u_core.full_product_CCU2C_S0_B0_CCU2C_S0_6_COUT[26] (24,12) -> (24,12)
Info:                Sink u_core.full_product_CCU2C_S0_B0_CCU2C_S0_2$CCU2_COMB0.FCI
Info:                Defined in:
Info:                  /root/chiploop-backend/backend/workflows/b0d5d878-2439-4037-8b8d-844b7f66f3cc/fpga/src/rtl/review_input.sv:37.30-37.51
Info:                  /usr/bin/../share/yosys/mul2dsp.v:148.7-152.6
Info:                  /usr/bin/../share/yosys/mul2dsp.v:230.32-230.125
Info:                  /usr/bin/../share/yosys/ecp5/arith_map.v:38.23-38.25
Info:  0.1  9.4  Source u_core.full_product_CCU2C_S0_B0_CCU2C_S0_2$CCU2_COMB0.FCO
Info:  0.0  9.4    Net u_core.full_product_CCU2C_S0_B0_CCU2C_S0_2$CCU2_FCI_INT (24,12) -> (24,12)
Info:                Sink u_core.full_product_CCU2C_S0_B0_CCU2C_S0_2$CCU2_COMB1.FCI
Info:  0.0  9.4  Source u_core.full_product_CCU2C_S0_B0_CCU2C_S0_2$CCU2_COMB1.FCO
Info:  0.0  9.4    Net u_core.full_product_CCU2C_S0_B0_CCU2C_S0_6_COUT[28] (24,12) -> (24,12)
Info:                Sink u_core.full_product_CCU2C_S0_B0_CCU2C_S0_1$CCU2_COMB0.FCI
Info:                Defined in:
Info:                  /root/chiploop-backend/backend/workflows/b0d5d878-2439-4037-8b8d-844b7f66f3cc/fpga/src/rtl/review_input.sv:37.30-37.51
Info:                  /usr/bin/../share/yosys/mul2dsp.v:148.7-152.6
Info:                  /usr/bin/../share/yosys/mul2dsp.v:230.32-230.125
Info:                  /usr/bin/../share/yosys/ecp5/arith_map.v:38.23-38.25
Info:  0.4  9.9  Source u_core.full_product_CCU2C_S0_B0_CCU2C_S0_1$CCU2_COMB0.F
Info:  1.4 11.2    Net u_core.full_product_CCU2C_S0_B0[28] (24,12) -> (25,11)
Info:                Sink u_core.full_product_CCU2C_S0_12$CCU2_COMB0.B
Info:                Defined in:
Info:                  /root/chiploop-backend/backend/workflows/b0d5d878-2439-4037-8b8d-844b7f66f3cc/fpga/src/rtl/review_input.sv:37.30-37.51
Info:                  /usr/bin/../share/yosys/mul2dsp.v:148.7-152.6
Info:                  /usr/bin/../share/yosys/mul2dsp.v:230.32-230.125
Info:                  /usr/bin/../share/yosys/ecp5/arith_map.v:34.26-34.27
Info:  0.4 11.7  Source u_core.full_product_CCU2C_S0_12$CCU2_COMB0.FCO
Info:  0.0 11.7    Net u_core.full_product_CCU2C_S0_12$CCU2_FCI_INT (25,11) -> (25,11)
Info:                Sink u_core.full_product_CCU2C_S0_12$CCU2_COMB1.FCI
Info:  0.0 11.7  Source u_core.full_product_CCU2C_S0_12$CCU2_COMB1.FCO
Info:  0.0 11.7    Net u_core.full_product_CCU2C_S0_3_COUT[29] (25,11) -> (26,11)
Info:                Sink u_core.full_product_CCU2C_S0_10$CCU2_COMB0.FCI
Info:                Defined in:
Info:                  /root/chiploop-backend/backend/workflows/b0d5d878-2439-4037-8b8d-844b7f66f3cc/fpga/src/rtl/review_input.sv:37.30-37.51
Info:                  /usr/bin/../share/yosys/mul2dsp.v:173.32-173.125
Info:                  /usr/bin/../share/yosys/ecp5/arith_map.v:63.22-63.23
Info:  0.1 11.8  Source u_core.full_product_CCU2C_S0_10$CCU2_COMB0.FCO
Info:  0.0 11.8    Net u_core.full_product_CCU2C_S0_10$CCU2_FCI_INT (26,11) -> (26,11)
Info:                Sink u_core.full_product_CCU2C_S0_10$CCU2_COMB1.FCI
Info:  0.0 11.8  Source u_core.full_product_CCU2C_S0_10$CCU2_COMB1.FCO
Info:  0.0 11.8    Net u_core.full_product_CCU2C_S0_3_COUT[31] (26,11) -> (26,11)
Info:                Sink u_core.full_product_CCU2C_S0_9$CCU2_COMB0.FCI
Info:                Defined in:
Info:                  /root/chiploop-backend/backend/workflows/b0d5d878-2439-4037-8b8d-844b7f66f3cc/fpga/src/rtl/review_input.sv:37.30-37.51
Info:                  /usr/bin/../share/yosys/mul2dsp.v:173.32-173.125
Info:                  /usr/bin/../share/yosys/ecp5/arith_map.v:63.22-63.23
Info:  0.4 12.2  Source u_core.full_product_CCU2C_S0_9$CCU2_COMB0.F
Info:  0.8 13.0    Net u_core.debug_data_LUT4_Z_3_A_LUT4_Z_B_LUT4_Z_A_L6MUX21_Z_D0_PFUMX_Z_BLUT_LUT4_Z_D_LUT4_B_Z_PFUMX_BLUT_Z_LUT4_A_Z_PFUMX_Z_C0_LUT4_Z_A_LUT4_Z_D_LUT4_D_Z_L6MUX21_Z_D0_PFUMX_Z_C0_CCU2C_S0_S1_CCU2C_S1_COUT_CCU2C_COUT_5_S0[2] (26,11) -> (30,11)
Info:                Sink u_core.debug_data_LUT4_Z_11_A_LUT4_Z_A_L6MUX21_Z_SD_L6MUX21_Z_2_D0_L6MUX21_Z_D1_PFUMX_Z_BLUT_LUT4_Z.C
Info:                Defined in:
Info:                  /root/chiploop-backend/backend/workflows/b0d5d878-2439-4037-8b8d-844b7f66f3cc/fpga/src/rtl/review_input.sv:37.15-37.27
Info:  0.4 13.4  Source u_core.debug_data_LUT4_Z_11_A_LUT4_Z_A_L6MUX21_Z_SD_L6MUX21_Z_2_D0_L6MUX21_Z_D1_PFUMX_Z_BLUT_LUT4_Z.OFX
Info:  0.0 13.4    Net u_core.debug_data_LUT4_Z_11_A_LUT4_Z_A_L6MUX21_Z_SD_L6MUX21_Z_2_D0_L6MUX21_Z_D1 (30,11) -> (30,11)
Info:                Sink u_core.debug_data_LUT4_Z_11_A_LUT4_Z_A_L6MUX21_Z_SD_L6MUX21_Z_2_D0_L6MUX21_Z_D1_PFUMX_Z_ALUT_LUT4_Z.FXB
Info:                Defined in:
Info:                  /usr/bin/../share/yosys/ecp5/cells_map.v:157.54-157.56
Info:  0.2 13.7  Source u_core.debug_data_LUT4_Z_11_A_LUT4_Z_A_L6MUX21_Z_SD_L6MUX21_Z_2_D0_L6MUX21_Z_D1_PFUMX_Z_ALUT_LUT4_Z.OFX
Info:  0.0 13.7    Net u_core.debug_data_LUT4_Z_11_A_LUT4_Z_A_L6MUX21_Z_SD_L6MUX21_Z_2_D0 (30,11) -> (30,11)
Info:                Sink u_core.debug_data_LUT4_Z_11_A_LUT4_Z_A_L6MUX21_Z_SD_L6MUX21_Z_2_D1_L6MUX21_Z_D0_PFUMX_Z_ALUT_LUT4_Z.FXA
Info:                Defined in:
Info:                  /usr/bin/../share/yosys/ecp5/cells_map.v:157.66-157.68
Info:  0.2 13.9  Source u_core.debug_data_LUT4_Z_11_A_LUT4_Z_A_L6MUX21_Z_SD_L6MUX21_Z_2_D1_L6MUX21_Z_D0_PFUMX_Z_ALUT_LUT4_Z.OFX
Info:  0.7 14.6    Net u_core.debug_data_LUT4_Z_11_A_LUT4_Z_A_L6MUX21_Z_SD[3] (30,11) -> (30,14)
Info:                Sink u_core.debug_data_LUT4_Z_11_A_LUT4_Z_A_L6MUX21_Z_D1_PFUMX_Z_ALUT_LUT4_Z.D
Info:                Defined in:
Info:                  /usr/bin/../share/yosys/ecp5/cells_map.v:108.23-108.24
Info:  0.2 14.8  Source u_core.debug_data_LUT4_Z_11_A_LUT4_Z_A_L6MUX21_Z_D1_PFUMX_Z_ALUT_LUT4_Z.F
Info:  0.0 14.8    Net u_core.debug_data_LUT4_Z_11_A_LUT4_Z_A_L6MUX21_Z_D1_PFUMX_Z_ALUT (30,14) -> (30,14)
Info:                Sink u_core.debug_data_LUT4_Z_11_A_LUT4_Z_A_L6MUX21_Z_D1_PFUMX_Z_BLUT_LUT4_Z.F1
Info:                Defined in:
Info:                  /usr/bin/../share/yosys/ecp5/cells_map.v:141.30-141.32
Info:  0.2 15.0  Source u_core.debug_data_LUT4_Z_11_A_LUT4_Z_A_L6MUX21_Z_D1_PFUMX_Z_BLUT_LUT4_Z.OFX
Info:  0.0 15.0    Net u_core.debug_data_LUT4_Z_11_A_LUT4_Z_A_L6MUX21_Z_D1 (30,14) -> (30,14)
Info:                Sink u_core.debug_data_LUT4_Z_11_A_LUT4_Z_A_L6MUX21_Z_D1_PFUMX_Z_ALUT_LUT4_Z.FXB
Info:                Defined in:
Info:                  /usr/bin/../share/yosys/ecp5/cells_map.v:141.38-141.40
Info:  0.2 15.2  Source u_core.debug_data_LUT4_Z_11_A_LUT4_Z_A_L6MUX21_Z_D1_PFUMX_Z_ALUT_LUT4_Z.OFX
Info:  1.2 16.4    Net u_core.debug_data_LUT4_Z_11_A_LUT4_Z_A[3] (30,14) -> (36,14)
Info:                Sink u_core.debug_data_LUT4_Z_11_A_LUT4_Z.D
Info:                Defined in:
Info:                  /usr/bin/../share/yosys/ecp5/cells_map.v:108.23-108.24
Info:  0.2 16.7  Source u_core.debug_data_LUT4_Z_11_A_LUT4_Z.F
Info:  1.1 17.7    Net u_core.debug_data_LUT4_Z_11_A[1] (36,14) -> (39,10)
Info:                Sink u_core.debug_data_LUT4_Z_11_A_LUT4_A.A
Info:                Defined in:
Info:                  /usr/bin/../share/yosys/ecp5/cells_map.v:108.23-108.24
Info:  0.2 18.0  Source u_core.debug_data_LUT4_Z_11_A_LUT4_A.F
Info:  1.3 19.3    Net u_core.debug_data_LUT4_Z_11_A_LUT4_A_Z (39,10) -> (38,14)
Info:                Sink u_core.register_bank[9]_TRELLIS_FF_Q_13.M
Info:  0.0 19.3  Setup u_core.register_bank[9]_TRELLIS_FF_Q_13.M
Info: 9.2 ns logic, 10.1 ns routing

Info: Critical path report for cross-domain path '<async>' -> 'posedge $glbnet$clk$TRELLIS_IO_IN':
Info: curr total
Info:  0.0  0.0  Source reset_n$tr_io.O
Info:  5.3  5.3    Net reset_n$TRELLIS_IO_IN (72,17) -> (8,4)
Info:                Sink u_core.register_bank[11]_TRELLIS_FF_Q_28_LSR_LUT4_Z.D
Info:                Defined in:
Info:                  /root/chiploop-backend/backend/workflows/b0d5d878-2439-4037-8b8d-844b7f66f3cc/fpga/target_explorer/interface_adapter/minirv_edge_controller_spi_fpga_top.sv:5.16-5.23
Info:  0.2  5.5  Source u_core.register_bank[11]_TRELLIS_FF_Q_28_LSR_LUT4_Z.F
Info:  0.3  5.8    Net u_core.register_bank[11]_TRELLIS_FF_Q_28_LSR (8,4) -> (8,4)
Info:                Sink u_core.register_bank[11]_TRELLIS_FF_Q_28.LSR
Info:  0.4  6.3  Setup u_core.register_bank[11]_TRELLIS_FF_Q_28.LSR
Info: 0.7 ns logic, 5.6 ns routing

Info: Critical path report for cross-domain path '<async>' -> 'posedge $glbnet$spi_sclk$TRELLIS_IO_IN':
Info: curr total
Info:  0.0  0.0  Source spi_cs_n$tr_io.O
Info:  4.3  4.3    Net spi_cs_n$TRELLIS_IO_IN (72,14) -> (18,26)
Info:                Sink tx_shift_TRELLIS_FF_Q_LSR_LUT4_Z.C
Info:                Defined in:
Info:                  /root/chiploop-backend/backend/workflows/b0d5d878-2439-4037-8b8d-844b7f66f3cc/fpga/target_explorer/interface_adapter/minirv_edge_controller_spi_fpga_top.sv:7.16-7.24
Info:  0.2  4.5  Source tx_shift_TRELLIS_FF_Q_LSR_LUT4_Z.F
Info:  0.3  4.8    Net tx_shift_TRELLIS_FF_Q_LSR (18,26) -> (18,26)
Info:                Sink tx_shift_TRELLIS_FF_Q.LSR
Info:  0.4  5.3  Setup tx_shift_TRELLIS_FF_Q.LSR
Info: 0.7 ns logic, 4.6 ns routing

Info: Critical path report for cross-domain path 'posedge $glbnet$clk$TRELLIS_IO_IN' -> '<async>':
Info: curr total
Info:  0.5  0.5  Source tx_snapshot_TRELLIS_FF_Q.Q
Info:  1.1  1.6    Net tx_snapshot[37] (5,24) -> (15,24)
Info:                Sink spi_miso_LUT4_Z.C
Info:                Defined in:
Info:                  /root/chiploop-backend/backend/workflows/b0d5d878-2439-4037-8b8d-844b7f66f3cc/fpga/target_explorer/interface_adapter/minirv_edge_controller_spi_fpga_top.sv:15.37-15.48
Info:  0.2  1.8  Source spi_miso_LUT4_Z.F
Info:  3.5  5.3    Net spi_miso$TRELLIS_IO_OUT (15,24) -> (72,23)
Info:                Sink spi_miso$tr_io.I
Info:                Defined in:
Info:                  /root/chiploop-backend/backend/workflows/b0d5d878-2439-4037-8b8d-844b7f66f3cc/fpga/target_explorer/interface_adapter/minirv_edge_controller_spi_fpga_top.sv:9.16-9.24
Info: 0.8 ns logic, 4.6 ns routing

Info: Critical path report for cross-domain path 'posedge $glbnet$clk$TRELLIS_IO_IN' -> 'posedge $glbnet$spi_sclk$TRELLIS_IO_IN':
Info: curr total
Info:  0.5  0.5  Source tx_snapshot_TRELLIS_FF_Q_16.Q
Info:  1.2  1.7    Net tx_snapshot[21] (38,8) -> (38,11)
Info:                Sink tx_shift_TRELLIS_FF_Q_16_DI_LUT4_Z.C
Info:                Defined in:
Info:                  /root/chiploop-backend/backend/workflows/b0d5d878-2439-4037-8b8d-844b7f66f3cc/fpga/target_explorer/interface_adapter/minirv_edge_controller_spi_fpga_top.sv:15.37-15.48
Info:  0.2  1.9  Source tx_shift_TRELLIS_FF_Q_16_DI_LUT4_Z.F
Info:  0.1  2.0    Net tx_shift_TRELLIS_FF_Q_16_DI (38,11) -> (38,11)
Info:                Sink tx_shift_TRELLIS_FF_Q_16.DI
Info:  0.0  2.0  Setup tx_shift_TRELLIS_FF_Q_16.DI
Info: 0.8 ns logic, 1.3 ns routing

Info: Critical path report for cross-domain path 'posedge $glbnet$spi_sclk$TRELLIS_IO_IN' -> '<async>':
Info: curr total
Info:  0.5  0.5  Source spi_active_TRELLIS_FF_Q.Q
Info:  2.0  2.5    Net spi_active (18,15) -> (15,24)
Info:                Sink spi_miso_LUT4_Z.D
Info:                Defined in:
Info:                  /root/chiploop-backend/backend/workflows/b0d5d878-2439-4037-8b8d-844b7f66f3cc/fpga/target_explorer/interface_adapter/minirv_edge_controller_spi_fpga_top.sv:16.9-16.19
Info:  0.2  2.7  Source spi_miso_LUT4_Z.F
Info:  3.5  6.2    Net spi_miso$TRELLIS_IO_OUT (15,24) -> (72,23)
Info:                Sink spi_miso$tr_io.I
Info:                Defined in:
Info:                  /root/chiploop-backend/backend/workflows/b0d5d878-2439-4037-8b8d-844b7f66f3cc/fpga/target_explorer/interface_adapter/minirv_edge_controller_spi_fpga_top.sv:9.16-9.24
Info: 0.8 ns logic, 5.5 ns routing

Info: Critical path report for cross-domain path 'posedge $glbnet$spi_sclk$TRELLIS_IO_IN' -> 'posedge $glbnet$clk$TRELLIS_IO_IN':
Info: curr total
Info:  0.5  0.5  Source rx_shift_TRELLIS_FF_Q_32.Q
Info:  1.3  1.8    Net rx_shift[9] (13,21) -> (13,27)
Info:                Sink rx_active_TRELLIS_FF_Q_30.M
Info:                Defined in:
Info:                  /root/chiploop-backend/backend/workflows/b0d5d878-2439-4037-8b8d-844b7f66f3cc/fpga/target_explorer/interface_adapter/minirv_edge_controller_spi_fpga_top.sv:14.26-14.34
Info:  0.0  1.8  Setup rx_active_TRELLIS_FF_Q_30.M
Info: 0.5 ns logic, 1.3 ns routing

Info: Max frequency for clock '$glbnet$spi_sclk$TRELLIS_IO_IN': 327.87 MHz (PASS at 75.00 MHz)
Warning: Max frequency for clock      '$glbnet$clk$TRELLIS_IO_IN': 51.88 MHz (FAIL at 75.00 MHz)

Info: Max delay <async>                                -> posedge $glbnet$clk$TRELLIS_IO_IN     : 6.26 ns
Info: Max delay <async>                                -> posedge $glbnet$spi_sclk$TRELLIS_IO_IN: 5.27 ns
Info: Max delay posedge $glbnet$clk$TRELLIS_IO_IN      -> <async>                               : 5.33 ns
Info: Max delay posedge $glbnet$clk$TRELLIS_IO_IN      -> posedge $glbnet$spi_sclk$TRELLIS_IO_IN: 2.04 ns
Info: Max delay posedge $glbnet$spi_sclk$TRELLIS_IO_IN -> <async>                               : 6.24 ns
Info: Max delay posedge $glbnet$spi_sclk$TRELLIS_IO_IN -> posedge $glbnet$clk$TRELLIS_IO_IN     : 1.78 ns

Info: Slack histogram:
Info:  legend: * represents 4 endpoint(s)
Info:          + represents [1,4) endpoint(s)
Info: [ -5941,  -5024) |***************+
Info: [ -5024,  -4107) |************************************************************ 
Info: [ -4107,  -3190) |****************************+
Info: [ -3190,  -2273) |*****+
Info: [ -2273,  -1356) |+
Info: [ -1356,   -439) | 
Info: [  -439,    478) |**+
Info: [   478,   1395) |******+
Info: [  1395,   2312) |***+
Info: [  2312,   3229) |**+
Info: [  3229,   4146) |***+
Info: [  4146,   5063) |**************************+
Info: [  5063,   5980) |******************************************+
Info: [  5980,   6897) |**************************************+
Info: [  6897,   7814) |*****+
Info: [  7814,   8731) |********+
Info: [  8731,   9648) |****************+
Info: [  9648,  10565) |**************+
Info: [ 10565,  11482) |********************+
Info: [ 11482,  12399) |*************+
1 warning, 0 errors

Info: Program finished normally.