[2026-08-12T20:20:46.891297Z] Digital Synthesis Agent
workflow_id=dd095a60-e45f-44c3-beb0-943e030b19e3
workflow_dir=/root/chiploop-backend/artifacts/3c6dfa47-ba1d-4be5-857c-c60b38fc0ff6/dd095a60-e45f-44c3-beb0-943e030b19e3/ff5167b1-75d5-4b82-8bf2-b2321c18cdb9/digital/arch2tapeout
spec_json=/root/chiploop-backend/artifacts/3c6dfa47-ba1d-4be5-857c-c60b38fc0ff6/dd095a60-e45f-44c3-beb0-943e030b19e3/ff5167b1-75d5-4b82-8bf2-b2321c18cdb9/digital/arch2tapeout/handoff/spec/digital_spec.json
top_module=safety_fault_watchdog
rtl_count=3
request_target_frequency_mhz=100
clock_period_ns=10.0
upstream_sdc=/root/chiploop-backend/artifacts/3c6dfa47-ba1d-4be5-857c-c60b38fc0ff6/dd095a60-e45f-44c3-beb0-943e030b19e3/ff5167b1-75d5-4b82-8bf2-b2321c18cdb9/digital/arch2tapeout/digital/impl_setup/constraints/safety_fault_watchdog.sdc
sdc_basename=safety_fault_watchdog.sdc
synth_sdc_path=artifacts/3c6dfa47-ba1d-4be5-857c-c60b38fc0ff6/dd095a60-e45f-44c3-beb0-943e030b19e3/ff5167b1-75d5-4b82-8bf2-b2321c18cdb9/digital/arch2tapeout/digital/synth/constraints/safety_fault_watchdog.sdc
state_constraints_sdc=/root/chiploop-backend/artifacts/3c6dfa47-ba1d-4be5-857c-c60b38fc0ff6/dd095a60-e45f-44c3-beb0-943e030b19e3/ff5167b1-75d5-4b82-8bf2-b2321c18cdb9/digital/arch2tapeout/digital/impl_setup/constraints/safety_fault_watchdog.sdc
pdk_variant=sky130A
macro_lib_count=0
macro_lef_count=0
macro_gds_count=0
macro_spice_count=0
macro_verilog_count=0
pdk_sram_collateral=[]
yosys_macro_lib_script=artifacts/3c6dfa47-ba1d-4be5-857c-c60b38fc0ff6/dd095a60-e45f-44c3-beb0-943e030b19e3/ff5167b1-75d5-4b82-8bf2-b2321c18cdb9/digital/arch2tapeout/digital/synth/yosys_macro_libs.ys
pre_synthesis_rtl_repairs={}
