Info: Logic utilisation before packing:
Info:     Total LUT4s:      2441/43848     5%
Info:         logic LUTs:   2305/43848     5%
Info:         carry LUTs:    136/43848     0%
Info:           RAM LUTs:      0/ 5481     0%
Info:          RAMW LUTs:      0/10962     0%

Info:      Total DFFs:      1728/43848     3%

Info: Packing IOs..
Info: Packing constants..
Info: Packing carries...
Info: Packing LUTs...
Info: Packing LUT5-7s...
Info: Packing FFs...
Info:     358 FFs paired with LUTs.
Info: Generating derived timing constraints...
Info: Promoting globals...
Info:     promoting clock net clk$TRELLIS_IO_IN to global network
Info:     promoting clock net core_spi_sclk to global network
Info:     promoting clock net spi_sclk$TRELLIS_IO_IN to global network
Info: Checksum: 0x4e355008

Info: Device utilisation:
Info: 	          TRELLIS_IO:     7/  245     2%
Info: 	                DCCA:     3/   56     5%
Info: 	              DP16KD:     0/  108     0%
Info: 	          MULT18X18D:     0/   72     0%
Info: 	              ALU54B:     0/   36     0%
Info: 	             EHXPLLL:     0/    4     0%
Info: 	             EXTREFB:     0/    2     0%
Info: 	                DCUA:     0/    2     0%
Info: 	           PCSCLKDIV:     0/    2     0%
Info: 	             IOLOGIC:     0/  160     0%
Info: 	            SIOLOGIC:     0/   85     0%
Info: 	                 GSR:     0/    1     0%
Info: 	               JTAGG:     0/    1     0%
Info: 	                OSCG:     0/    1     0%
Info: 	               SEDGA:     0/    1     0%
Info: 	                 DTR:     0/    1     0%
Info: 	             USRMCLK:     0/    1     0%
Info: 	             CLKDIVF:     0/    4     0%
Info: 	           ECLKSYNCB:     0/   10     0%
Info: 	             DLLDELD:     0/    8     0%
Info: 	              DDRDLL:     0/    4     0%
Info: 	             DQSBUFM:     0/   10     0%
Info: 	     TRELLIS_ECLKBUF:     0/    8     0%
Info: 	        ECLKBRIDGECS:     0/    2     0%
Info: 	                DCSC:     0/    2     0%
Info: 	          TRELLIS_FF:  1728/43848     3%
Info: 	        TRELLIS_COMB:  2476/43848     5%
Info: 	        TRELLIS_RAMW:     0/ 5481     0%

ERROR: cell type '$_TBUF_' is unsupported (instantiated as 'u_core.spi_miso_$_TBUF__Y')
0 warnings, 1 error