=== STDOUT ===
- V e r i l a t i o n   R e p o r t: Verilator 5.047 devel rev v5.046-161-g24918b83b
- Verilator: Built from 0.202 MB sources in 8 modules, into 0.038 MB in 3 C++ files needing 0.000 MB
- Verilator: Walltime 0.022 s (elab=0.003, cvt=0.009, bld=0.000); cpu 0.022 s on 1 threads; allocated 32.355 MB

=== STDERR ===
%Warning-PINCONNECTEMPTY: pass2/domino_active_aero_controller.v:164:6: Instance pin connected by name with empty reference: 'model_req_id'
  164 |     .model_req_id(),
      |      ^~~~~~~~~~~~
                          ... For warning description see https://verilator.org/warn/PINCONNECTEMPTY?v=5.047
                          ... Use "/* verilator lint_off PINCONNECTEMPTY */" and lint_on around source to disable this message.
%Warning-PINCONNECTEMPTY: pass2/domino_active_aero_controller.v:165:6: Instance pin connected by name with empty reference: 'model_req_timestamp'
  165 |     .model_req_timestamp(),
      |      ^~~~~~~~~~~~~~~~~~~
%Warning-PINCONNECTEMPTY: pass2/domino_active_aero_controller.v:169:6: Instance pin connected by name with empty reference: 'outstanding_valid'
  169 |     .outstanding_valid(),
      |      ^~~~~~~~~~~~~~~~~
%Warning-PINCONNECTEMPTY: pass2/domino_active_aero_controller.v:262:6: Instance pin connected by name with empty reference: 'actuator_cmd_valid'
  262 |     .actuator_cmd_valid(),
      |      ^~~~~~~~~~~~~~~~~~
%Warning-PINCONNECTEMPTY: pass2/domino_active_aero_controller.v:263:6: Instance pin connected by name with empty reference: 'actuator_cmd'
  263 |     .actuator_cmd(),
      |      ^~~~~~~~~~~~
%Warning-PINCONNECTEMPTY: pass2/domino_active_aero_controller.v:264:6: Instance pin connected by name with empty reference: 'fault_valid'
  264 |     .fault_valid(),
      |      ^~~~~~~~~~~
%Warning-PINCONNECTEMPTY: pass2/domino_active_aero_controller.v:265:6: Instance pin connected by name with empty reference: 'fault_code'
  265 |     .fault_code(),
      |      ^~~~~~~~~~
%Warning-PINCONNECTEMPTY: pass2/domino_active_aero_controller.v:266:6: Instance pin connected by name with empty reference: 'source_select'
  266 |     .source_select(),
      |      ^~~~~~~~~~~~~
%Warning-PINCONNECTEMPTY: pass2/domino_active_aero_controller.v:267:6: Instance pin connected by name with empty reference: 'sticky_fault_latched'
  267 |     .sticky_fault_latched()
      |      ^~~~~~~~~~~~~~~~~~~~
%Warning-UNUSEDSIGNAL: pass2/domino_active_aero_controller.v:60:7: Signal is not used: 'model_req_ready'
                                                                 : ... note: In instance 'domino_active_aero_controller'
   60 | input model_req_ready;
      |       ^~~~~~~~~~~~~~~
                       ... For warning description see https://verilator.org/warn/UNUSEDSIGNAL?v=5.047
                       ... Use "/* verilator lint_off UNUSEDSIGNAL */" and lint_on around source to disable this message.
%Warning-UNUSEDSIGNAL: pass2/domino_active_aero_controller.v:75:7: Signal is not used: 'actuator_cmd_ready'
                                                                 : ... note: In instance 'domino_active_aero_controller'
   75 | input actuator_cmd_ready;
      |       ^~~~~~~~~~~~~~~~~~
%Warning-UNUSEDSIGNAL: pass2/domino_active_aero_controller.v:88:14: Signal is not used: 'cfg_freshness_threshold'
                                                                  : ... note: In instance 'domino_active_aero_controller'
   88 | input [15:0] cfg_freshness_threshold;
      |              ^~~~~~~~~~~~~~~~~~~~~~~
%Warning-UNUSEDSIGNAL: pass2/domino_active_aero_controller.v:126:6: Signal is not used: 'cfg_load_done_from_u_request_orchestrator'
                                                                  : ... note: In instance 'domino_active_aero_controller'
  126 | wire cfg_load_done_from_u_request_orchestrator;
      |      ^~~~~~~~~~~~~~~~~~~~~~~~~~~~~~~~~~~~~~~~~
%Warning-UNUSEDSIGNAL: pass2/command_synthesis_engine.v:19:14: Bits of signal are not used: 'response_drag_force'[7:0]
                                                             : ... note: In instance 'domino_active_aero_controller.u_command_synthesis_engine'
   19 | input [23:0] response_drag_force;
      |              ^~~~~~~~~~~~~~~~~~~
%Warning-UNUSEDSIGNAL: pass2/command_synthesis_engine.v:20:14: Bits of signal are not used: 'response_lift_force'[7:0]
                                                             : ... note: In instance 'domino_active_aero_controller.u_command_synthesis_engine'
   20 | input [23:0] response_lift_force;
      |              ^~~~~~~~~~~~~~~~~~~
%Warning-UNUSEDSIGNAL: pass2/domino_runtime_interface.v:31:7: Signal is not used: 'model_req_valid'
                                                            : ... note: In instance 'domino_active_aero_controller.u_domino_runtime_interface'
   31 | input model_req_valid;
      |       ^~~~~~~~~~~~~~~
%Warning-UNUSEDSIGNAL: pass2/domino_runtime_interface.v:35:14: Signal is not used: 'model_req_geometry'
                                                             : ... note: In instance 'domino_active_aero_controller.u_domino_runtime_interface'
   35 | input [63:0] model_req_geometry;
      |              ^~~~~~~~~~~~~~~~~~
%Warning-UNUSEDSIGNAL: pass2/domino_runtime_interface.v:36:14: Signal is not used: 'model_req_stream_velocity_mps'
                                                             : ... note: In instance 'domino_active_aero_controller.u_domino_runtime_interface'
   36 | input [15:0] model_req_stream_velocity_mps;
      |              ^~~~~~~~~~~~~~~~~~~~~~~~~~~~~
%Warning-UNUSEDSIGNAL: pass2/domino_runtime_interface.v:37:13: Signal is not used: 'model_req_geometry_tag'
                                                             : ... note: In instance 'domino_active_aero_controller.u_domino_runtime_interface'
   37 | input [7:0] model_req_geometry_tag;
      |             ^~~~~~~~~~~~~~~~~~~~~~
%Warning-UNUSEDSIGNAL: pass2/request_orchestrator.v:34:14: Signal is not used: 'flow_conditions'
                                                         : ... note: In instance 'domino_active_aero_controller.u_request_orchestrator'
   34 | input [31:0] flow_conditions;
      |              ^~~~~~~~~~~~~~~
%Warning-UNDRIVEN: pass2/request_orchestrator.v:35:8: Signal is not driven: 'cfg_load_done'
                                                    : ... note: In instance 'domino_active_aero_controller.u_request_orchestrator'
   35 | output cfg_load_done;
      |        ^~~~~~~~~~~~~
                   ... For warning description see https://verilator.org/warn/UNDRIVEN?v=5.047
                   ... Use "/* verilator lint_off UNDRIVEN */" and lint_on around source to disable this message.

=== RETURN CODE ===
0
