=== STDOUT ===
- V e r i l a t i o n   R e p o r t: Verilator 5.047 devel rev v5.046-161-g24918b83b
- Verilator: Built from 0.178 MB sources in 7 modules, into 0.079 MB in 3 C++ files needing 0.000 MB
- Verilator: Walltime 0.026 s (elab=0.003, cvt=0.013, bld=0.000); cpu 0.026 s on 1 threads; allocated 32.352 MB

=== STDERR ===
%Warning-WIDTHEXPAND: request_formatter.v:26:37: Operator XOR expects 40 bits on the LHS, but LHS's VARREF 'vehicle_meta_in' generates 32 bits.
                                               : ... note: In instance 'adaptive_aero_control_top.u_request_formatter'
   26 | assign checksum_w = vehicle_meta_in ^ flow_meta_in ^ cmd_hint_in ^ {16'h0000, seq_latched, len_latched};
      |                                     ^
                      ... For warning description see https://verilator.org/warn/WIDTHEXPAND?v=5.047
                      ... Use "/* verilator lint_off WIDTHEXPAND */" and lint_on around source to disable this message.
%Warning-WIDTHEXPAND: request_formatter.v:26:37: Operator XOR expects 40 bits on the RHS, but RHS's VARREF 'flow_meta_in' generates 32 bits.
                                               : ... note: In instance 'adaptive_aero_control_top.u_request_formatter'
   26 | assign checksum_w = vehicle_meta_in ^ flow_meta_in ^ cmd_hint_in ^ {16'h0000, seq_latched, len_latched};
      |                                     ^
%Warning-WIDTHEXPAND: request_formatter.v:26:52: Operator XOR expects 40 bits on the RHS, but RHS's VARREF 'cmd_hint_in' generates 32 bits.
                                               : ... note: In instance 'adaptive_aero_control_top.u_request_formatter'
   26 | assign checksum_w = vehicle_meta_in ^ flow_meta_in ^ cmd_hint_in ^ {16'h0000, seq_latched, len_latched};
      |                                                    ^
%Warning-WIDTHTRUNC: request_formatter.v:26:19: Operator ASSIGNW expects 32 bits on the Assign RHS, but Assign RHS's XOR generates 40 bits.
                                              : ... note: In instance 'adaptive_aero_control_top.u_request_formatter'
   26 | assign checksum_w = vehicle_meta_in ^ flow_meta_in ^ cmd_hint_in ^ {16'h0000, seq_latched, len_latched};
      |                   ^
                     ... For warning description see https://verilator.org/warn/WIDTHTRUNC?v=5.047
                     ... Use "/* verilator lint_off WIDTHTRUNC */" and lint_on around source to disable this message.
%Warning-WIDTHTRUNC: request_formatter.v:43:24: Operator ASSIGNDLY expects 128 bits on the Assign RHS, but Assign RHS's REPLICATE generates 168 bits.
                                              : ... note: In instance 'adaptive_aero_control_top.u_request_formatter'
   43 |             packet_reg <= {
      |                        ^~
%Warning-UNUSEDSIGNAL: adaptive_aero_control_top.v:43:6: Signal is not used: 'control_clear_faults'
                                                       : ... note: In instance 'adaptive_aero_control_top'
   43 | wire control_clear_faults;
      |      ^~~~~~~~~~~~~~~~~~~~
                       ... For warning description see https://verilator.org/warn/UNUSEDSIGNAL?v=5.047
                       ... Use "/* verilator lint_off UNUSEDSIGNAL */" and lint_on around source to disable this message.
%Warning-UNUSEDSIGNAL: adaptive_aero_control_top.v:50:13: Signal is not driven, nor used: 'last_request_tag_w'
                                                        : ... note: In instance 'adaptive_aero_control_top'
   50 | wire [15:0] last_request_tag_w;
      |             ^~~~~~~~~~~~~~~~~~
%Warning-UNDRIVEN: adaptive_aero_control_top.v:52:12: Signal is not driven: 'fault_code_w'
                                                    : ... note: In instance 'adaptive_aero_control_top'
   52 | wire [7:0] fault_code_w;
      |            ^~~~~~~~~~~~
                   ... For warning description see https://verilator.org/warn/UNDRIVEN?v=5.047
                   ... Use "/* verilator lint_off UNDRIVEN */" and lint_on around source to disable this message.
%Warning-UNUSEDSIGNAL: adaptive_aero_control_top.v:62:6: Signal is not driven, nor used: 'stale_monitor_busy_w'
                                                       : ... note: In instance 'adaptive_aero_control_top'
   62 | wire stale_monitor_busy_w;
      |      ^~~~~~~~~~~~~~~~~~~~
%Warning-UNUSEDSIGNAL: adaptive_aero_control_top.v:66:6: Signal is not driven, nor used: 'request_accepted'
                                                       : ... note: In instance 'adaptive_aero_control_top'
   66 | wire request_accepted;
      |      ^~~~~~~~~~~~~~~~
%Warning-UNUSEDSIGNAL: adaptive_aero_control_top.v:67:13: Signal is not driven, nor used: 'expected_sequence_tag_out'
                                                        : ... note: In instance 'adaptive_aero_control_top'
   67 | wire [15:0] expected_sequence_tag_out;
      |             ^~~~~~~~~~~~~~~~~~~~~~~~~
%Warning-UNUSEDSIGNAL: adaptive_aero_control_top.v:68:6: Signal is not driven, nor used: 'timeout_expired_out'
                                                       : ... note: In instance 'adaptive_aero_control_top'
   68 | wire timeout_expired_out;
      |      ^~~~~~~~~~~~~~~~~~~
%Warning-UNUSEDSIGNAL: adaptive_aero_control_top.v:69:6: Signal is not driven, nor used: 'busy_out'
                                                       : ... note: In instance 'adaptive_aero_control_top'
   69 | wire busy_out;
      |      ^~~~~~~~
%Warning-UNUSEDSIGNAL: adaptive_aero_control_top.v:70:6: Signal is not driven, nor used: 'response_valid_out'
                                                       : ... note: In instance 'adaptive_aero_control_top'
   70 | wire response_valid_out;
      |      ^~~~~~~~~~~~~~~~~~
%Warning-UNUSEDSIGNAL: adaptive_aero_control_top.v:71:6: Signal is not driven, nor used: 'response_stale_out'
                                                       : ... note: In instance 'adaptive_aero_control_top'
   71 | wire response_stale_out;
      |      ^~~~~~~~~~~~~~~~~~
%Warning-UNUSEDSIGNAL: adaptive_aero_control_top.v:72:6: Signal is not driven, nor used: 'malformed_response_out'
                                                       : ... note: In instance 'adaptive_aero_control_top'
   72 | wire malformed_response_out;
      |      ^~~~~~~~~~~~~~~~~~~~~~
%Warning-UNUSEDSIGNAL: adaptive_aero_control_top.v:73:6: Signal is not driven, nor used: 'sequence_error_out'
                                                       : ... note: In instance 'adaptive_aero_control_top'
   73 | wire sequence_error_out;
      |      ^~~~~~~~~~~~~~~~~~
%Warning-UNUSEDSIGNAL: adaptive_aero_control_top.v:74:13: Signal is not driven, nor used: 'validated_command_out'
                                                        : ... note: In instance 'adaptive_aero_control_top'
   74 | wire [31:0] validated_command_out;
      |             ^~~~~~~~~~~~~~~~~~~~~
%Warning-UNUSEDSIGNAL: adaptive_aero_control_top.v:75:6: Signal is not driven, nor used: 'limit_enable_in'
                                                       : ... note: In instance 'adaptive_aero_control_top'
   75 | wire limit_enable_in;
      |      ^~~~~~~~~~~~~~~
%Warning-UNUSEDSIGNAL: adaptive_aero_control_top.v:76:6: Signal is not driven, nor used: 'apply_in'
                                                       : ... note: In instance 'adaptive_aero_control_top'
   76 | wire apply_in;
      |      ^~~~~~~~
%Warning-UNUSEDSIGNAL: adaptive_aero_control_top.v:77:6: Signal is not driven, nor used: 'command_clamped_out'
                                                       : ... note: In instance 'adaptive_aero_control_top'
   77 | wire command_clamped_out;
      |      ^~~~~~~~~~~~~~~~~~~
%Warning-UNUSEDSIGNAL: adaptive_aero_control_top.v:78:13: Signal is not driven, nor used: 'last_request_tag_out'
                                                        : ... note: In instance 'adaptive_aero_control_top'
   78 | wire [15:0] last_request_tag_out;
      |             ^~~~~~~~~~~~~~~~~~~~
%Warning-UNUSEDSIGNAL: adaptive_aero_control_top.v:79:13: Signal is not driven, nor used: 'last_response_tag_out'
                                                        : ... note: In instance 'adaptive_aero_control_top'
   79 | wire [15:0] last_response_tag_out;
      |             ^~~~~~~~~~~~~~~~~~~~~
%Warning-UNUSEDSIGNAL: adaptive_aero_control_top.v:80:12: Signal is not driven, nor used: 'fault_code_out'
                                                        : ... note: In instance 'adaptive_aero_control_top'
   80 | wire [7:0] fault_code_out;
      |            ^~~~~~~~~~~~~~
%Warning-UNUSEDSIGNAL: adaptive_aero_control_top.v:81:6: Signal is not driven, nor used: 'fallback_active_out'
                                                       : ... note: In instance 'adaptive_aero_control_top'
   81 | wire fallback_active_out;
      |      ^~~~~~~~~~~~~~~~~~~
%Warning-UNUSEDSIGNAL: adaptive_aero_control_top.v:82:13: Signal is not driven, nor used: 'accepted_response_count_sig'
                                                        : ... note: In instance 'adaptive_aero_control_top'
   82 | wire [15:0] accepted_response_count_sig;
      |             ^~~~~~~~~~~~~~~~~~~~~~~~~~~
%Warning-UNUSEDSIGNAL: adaptive_aero_control_top.v:83:13: Signal is not driven, nor used: 'rejected_response_count_sig'
                                                        : ... note: In instance 'adaptive_aero_control_top'
   83 | wire [15:0] rejected_response_count_sig;
      |             ^~~~~~~~~~~~~~~~~~~~~~~~~~~
%Warning-UNUSEDSIGNAL: adaptive_aero_control_top.v:84:13: Signal is not driven, nor used: 'timeout_count_sig'
                                                        : ... note: In instance 'adaptive_aero_control_top'
   84 | wire [15:0] timeout_count_sig;
      |             ^~~~~~~~~~~~~~~~~
%Warning-UNUSEDSIGNAL: adaptive_aero_control_top.v:85:13: Signal is not driven, nor used: 'fallback_entry_count_sig'
                                                        : ... note: In instance 'adaptive_aero_control_top'
   85 | wire [15:0] fallback_entry_count_sig;
      |             ^~~~~~~~~~~~~~~~~~~~~~~~
%Warning-UNUSEDSIGNAL: adaptive_aero_control_top.v:86:13: Signal is not driven, nor used: 'clamp_event_count_sig'
                                                        : ... note: In instance 'adaptive_aero_control_top'
   86 | wire [15:0] clamp_event_count_sig;
      |             ^~~~~~~~~~~~~~~~~~~~~
%Warning-UNUSEDSIGNAL: actuator_command_limiter.v:23:6: Signal is not used: 'clamp_need_w'
                                                      : ... note: In instance 'adaptive_aero_control_top.u_actuator_command_limiter'
   23 | wire clamp_need_w;
      |      ^~~~~~~~~~~~
%Warning-UNUSEDSIGNAL: mmio_register_block.v:67:12: Signal is not driven, nor used: 'next_reg'
                                                  : ... note: In instance 'adaptive_aero_control_top.u_mmio_register_block'
   67 | reg [63:0] next_reg;
      |            ^~~~~~~~
%Warning-UNUSEDSIGNAL: request_formatter.v:23:13: Signal is not used: 'header_w'
                                                : ... note: In instance 'adaptive_aero_control_top.u_request_formatter'
   23 | wire [31:0] header_w;
      |             ^~~~~~~~
%Warning-UNUSEDSIGNAL: response_validator.v:27:6: Signal is not used: 'valid_w'
                                                : ... note: In instance 'adaptive_aero_control_top.u_response_validator'
   27 | wire valid_w;
      |      ^~~~~~~
%Warning-UNUSEDSIGNAL: stale_data_monitor.v:18:5: Signal is not used: 'active_reg'
                                                : ... note: In instance 'adaptive_aero_control_top.u_stale_data_monitor'
   18 | reg active_reg;
      |     ^~~~~~~~~~
%Warning-MULTIDRIVEN: adaptive_aero_control_top.v:18:12: Bit [0] of signal 'rsp_ready' have multiple combinational drivers. This can cause performance degradation.
                                                       : ... note: In instance 'adaptive_aero_control_top'
                      adaptive_aero_control_top.v:87:18: ... Location of offending driver
   87 | assign rsp_ready = busy_w & control_enable & ~timeout_expired_w & ~request_busy_in;
      |                  ^
                      adaptive_aero_control_top.v:204:18: ... Location of offending driver
  204 | assign rsp_ready = busy_w & control_enable & ~timeout_expired_w & ~request_busy_in;
      |                  ^
                      ... For warning description see https://verilator.org/warn/MULTIDRIVEN?v=5.047
                      ... Use "/* verilator lint_off MULTIDRIVEN */" and lint_on around source to disable this message.

=== RETURN CODE ===
0
