=== STDOUT ===
- V e r i l a t i o n   R e p o r t: Verilator 5.047 devel rev v5.046-161-g24918b83b
- Verilator: Built from 0.261 MB sources in 9 modules, into 0.090 MB in 3 C++ files needing 0.000 MB
- Verilator: Walltime 0.025 s (elab=0.003, cvt=0.012, bld=0.000); cpu 0.025 s on 1 threads; allocated 32.363 MB

=== STDERR ===
%Warning-WIDTHTRUNC: pass3/aero_safety_supervisor.v:48:31: Operator ASSIGNDLY expects 1 bits on the Assign RHS, but Assign RHS's VARREF 'cfg_safe_fallback_select' generates 2 bits.
                                                         : ... note: In instance 'adaptive_aero_control_top.u_aero_safety_supervisor'
   48 |             fallback_active_r <= cfg_safe_fallback_select;
      |                               ^~
                     ... For warning description see https://verilator.org/warn/WIDTHTRUNC?v=5.047
                     ... Use "/* verilator lint_off WIDTHTRUNC */" and lint_on around source to disable this message.
%Warning-WIDTHEXPAND: pass3/aero_safety_supervisor.v:50:42: Operator EQ expects 2 bits on the RHS, but RHS's CONST '1'h0' generates 1 bits.
                                                          : ... note: In instance 'adaptive_aero_control_top.u_aero_safety_supervisor'
   50 |             if (cfg_safe_fallback_select == 1'b0) begin
      |                                          ^~
                      ... For warning description see https://verilator.org/warn/WIDTHEXPAND?v=5.047
                      ... Use "/* verilator lint_off WIDTHEXPAND */" and lint_on around source to disable this message.
%Warning-WIDTHTRUNC: pass3/aero_request_packetizer.v:41:24: Operator ASSIGNDLY expects 128 bits on the Assign RHS, but Assign RHS's REPLICATE generates 129 bits.
                                                          : ... note: In instance 'adaptive_aero_control_top.u_aero_request_packetizer'
   41 |             req_data_r <= {cfg_req_seq_seed + seq_counter + 16'h0001, cfg_mode_select, cfg_safe_fallback_select, cfg_stream_velocity_mps, 92'h0000000000000000000000000};
      |                        ^~
%Warning-WIDTHEXPAND: pass3/adaptive_aero_control_top.v:185:6: Input port connection 'cfg_safe_fallback_select' expects 2 bits on the pin connection, but pin connection's SEL generates 1 bits.
                                                             : ... note: In instance 'adaptive_aero_control_top'
  185 |     .cfg_safe_fallback_select(cfg_safe_fallback_select[0]),
      |      ^~~~~~~~~~~~~~~~~~~~~~~~
%Warning-UNUSEDSIGNAL: pass3/adaptive_aero_control_top.v:25:13: Signal is not used: 'cfg_soft_reset'
                                                              : ... note: In instance 'adaptive_aero_control_top'
   25 | wire        cfg_soft_reset;
      |             ^~~~~~~~~~~~~~
                       ... For warning description see https://verilator.org/warn/UNUSEDSIGNAL?v=5.047
                       ... Use "/* verilator lint_off UNUSEDSIGNAL */" and lint_on around source to disable this message.
%Warning-UNDRIVEN: pass3/adaptive_aero_control_top.v:28:13: Signal is not driven: 'status_last_accepted_seq'
                                                          : ... note: In instance 'adaptive_aero_control_top'
   28 | wire [15:0] status_last_accepted_seq;
      |             ^~~~~~~~~~~~~~~~~~~~~~~~
                   ... For warning description see https://verilator.org/warn/UNDRIVEN?v=5.047
                   ... Use "/* verilator lint_off UNDRIVEN */" and lint_on around source to disable this message.
%Warning-UNDRIVEN: pass3/adaptive_aero_control_top.v:35:13: Signal is not driven: 'status_fault_flags'
                                                          : ... note: In instance 'adaptive_aero_control_top'
   35 | wire [15:0] status_fault_flags;
      |             ^~~~~~~~~~~~~~~~~~
%Warning-UNUSEDSIGNAL: pass3/adaptive_aero_control_top.v:53:13: Signal is not used: 'duplicate_response_fault'
                                                              : ... note: In instance 'adaptive_aero_control_top'
   53 | wire        duplicate_response_fault;
      |             ^~~~~~~~~~~~~~~~~~~~~~~~
%Warning-UNUSEDSIGNAL: pass3/adaptive_aero_control_top.v:54:13: Signal is not used: 'replay_response_fault'
                                                              : ... note: In instance 'adaptive_aero_control_top'
   54 | wire        replay_response_fault;
      |             ^~~~~~~~~~~~~~~~~~~~~
%Warning-UNUSEDSIGNAL: pass3/adaptive_aero_control_top.v:55:13: Signal is not used: 'sequence_mismatch_fault'
                                                              : ... note: In instance 'adaptive_aero_control_top'
   55 | wire        sequence_mismatch_fault;
      |             ^~~~~~~~~~~~~~~~~~~~~~~
%Warning-UNUSEDSIGNAL: pass3/adaptive_aero_control_top.v:57:13: Signal is not used: 'response_age'
                                                              : ... note: In instance 'adaptive_aero_control_top'
   57 | wire [15:0] response_age;
      |             ^~~~~~~~~~~~
%Warning-UNUSEDSIGNAL: pass3/adaptive_aero_control_top.v:69:13: Signal is not used: 'freshness_meta'
                                                              : ... note: In instance 'adaptive_aero_control_top'
   69 | wire [7:0]  freshness_meta;
      |             ^~~~~~~~~~~~~~
%Warning-UNUSEDSIGNAL: pass3/adaptive_aero_control_top.v:71:13: Signal is not used: 'last_safe_cmd'
                                                              : ... note: In instance 'adaptive_aero_control_top'
   71 | wire [15:0] last_safe_cmd;
      |             ^~~~~~~~~~~~~
%Warning-UNUSEDSIGNAL: pass3/adaptive_aero_control_top.v:72:13: Signal is not used: 'slew_limited'
                                                              : ... note: In instance 'adaptive_aero_control_top'
   72 | wire        slew_limited;
      |             ^~~~~~~~~~~~
%Warning-UNUSEDSIGNAL: pass3/adaptive_aero_control_top.v:73:13: Signal is not used: 'clamped_cmd'
                                                              : ... note: In instance 'adaptive_aero_control_top'
   73 | wire [15:0] clamped_cmd;
      |             ^~~~~~~~~~~
%Warning-UNUSEDSIGNAL: pass3/adaptive_aero_control_top.v:74:13: Signal is not used: 'sticky_fault_summary'
                                                              : ... note: In instance 'adaptive_aero_control_top'
   74 | wire        sticky_fault_summary;
      |             ^~~~~~~~~~~~~~~~~~~~
%Warning-UNUSEDSIGNAL: pass3/adaptive_aero_control_top.v:77:13: Signal is not driven, nor used: 'aero_sequence_watchdog_accepted_seq'
                                                              : ... note: In instance 'adaptive_aero_control_top'
   77 | wire [15:0] aero_sequence_watchdog_accepted_seq;
      |             ^~~~~~~~~~~~~~~~~~~~~~~~~~~~~~~~~~~
%Warning-UNUSEDSIGNAL: pass3/adaptive_aero_control_top.v:78:6: Signal is not driven, nor used: 'aero_sequence_watchdog_blocking_fault'
                                                             : ... note: In instance 'adaptive_aero_control_top'
   78 | wire aero_sequence_watchdog_blocking_fault;
      |      ^~~~~~~~~~~~~~~~~~~~~~~~~~~~~~~~~~~~~
%Warning-UNUSEDSIGNAL: pass3/adaptive_aero_control_top.v:79:13: Signal is not driven, nor used: 'aero_regfile_mmio_cfg_actuator_max'
                                                              : ... note: In instance 'adaptive_aero_control_top'
   79 | wire [15:0] aero_regfile_mmio_cfg_actuator_max;
      |             ^~~~~~~~~~~~~~~~~~~~~~~~~~~~~~~~~~
%Warning-UNUSEDSIGNAL: pass3/adaptive_aero_control_top.v:80:13: Signal is not driven, nor used: 'aero_regfile_mmio_cfg_actuator_min'
                                                              : ... note: In instance 'adaptive_aero_control_top'
   80 | wire [15:0] aero_regfile_mmio_cfg_actuator_min;
      |             ^~~~~~~~~~~~~~~~~~~~~~~~~~~~~~~~~~
%Warning-UNUSEDSIGNAL: pass3/adaptive_aero_control_top.v:81:6: Signal is not driven, nor used: 'aero_regfile_mmio_cfg_enable'
                                                             : ... note: In instance 'adaptive_aero_control_top'
   81 | wire aero_regfile_mmio_cfg_enable;
      |      ^~~~~~~~~~~~~~~~~~~~~~~~~~~~
%Warning-UNUSEDSIGNAL: pass3/adaptive_aero_control_top.v:82:12: Signal is not driven, nor used: 'aero_regfile_mmio_cfg_mode_select'
                                                              : ... note: In instance 'adaptive_aero_control_top'
   82 | wire [2:0] aero_regfile_mmio_cfg_mode_select;
      |            ^~~~~~~~~~~~~~~~~~~~~~~~~~~~~~~~~
%Warning-UNUSEDSIGNAL: pass3/adaptive_aero_control_top.v:83:13: Signal is not driven, nor used: 'aero_regfile_mmio_cfg_req_seq_seed'
                                                              : ... note: In instance 'adaptive_aero_control_top'
   83 | wire [15:0] aero_regfile_mmio_cfg_req_seq_seed;
      |             ^~~~~~~~~~~~~~~~~~~~~~~~~~~~~~~~~~
%Warning-UNUSEDSIGNAL: pass3/adaptive_aero_control_top.v:84:12: Signal is not driven, nor used: 'aero_regfile_mmio_cfg_safe_fallback_select'
                                                              : ... note: In instance 'adaptive_aero_control_top'
   84 | wire [1:0] aero_regfile_mmio_cfg_safe_fallback_select;
      |            ^~~~~~~~~~~~~~~~~~~~~~~~~~~~~~~~~~~~~~~~~~
%Warning-UNUSEDSIGNAL: pass3/adaptive_aero_control_top.v:85:13: Signal is not driven, nor used: 'aero_regfile_mmio_cfg_stream_velocity_mps'
                                                              : ... note: In instance 'adaptive_aero_control_top'
   85 | wire [15:0] aero_regfile_mmio_cfg_stream_velocity_mps;
      |             ^~~~~~~~~~~~~~~~~~~~~~~~~~~~~~~~~~~~~~~~~
%Warning-UNUSEDSIGNAL: pass3/adaptive_aero_control_top.v:86:13: Signal is not driven, nor used: 'aero_regfile_mmio_cfg_timeout_threshold'
                                                              : ... note: In instance 'adaptive_aero_control_top'
   86 | wire [15:0] aero_regfile_mmio_cfg_timeout_threshold;
      |             ^~~~~~~~~~~~~~~~~~~~~~~~~~~~~~~~~~~~~~~
%Warning-UNUSEDSIGNAL: pass3/adaptive_aero_control_top.v:87:6: Signal is not driven, nor used: 'aero_safety_supervisor_clamp_event'
                                                             : ... note: In instance 'adaptive_aero_control_top'
   87 | wire aero_safety_supervisor_clamp_event;
      |      ^~~~~~~~~~~~~~~~~~~~~~~~~~~~~~~~~~
%Warning-UNUSEDSIGNAL: pass3/adaptive_aero_control_top.v:88:6: Signal is not driven, nor used: 'aero_safety_supervisor_disable_state'
                                                             : ... note: In instance 'adaptive_aero_control_top'
   88 | wire aero_safety_supervisor_disable_state;
      |      ^~~~~~~~~~~~~~~~~~~~~~~~~~~~~~~~~~~~
%Warning-UNUSEDSIGNAL: pass3/adaptive_aero_control_top.v:89:13: Signal is not driven, nor used: 'aero_response_depacketizer_drag_estimate'
                                                              : ... note: In instance 'adaptive_aero_control_top'
   89 | wire [15:0] aero_response_depacketizer_drag_estimate;
      |             ^~~~~~~~~~~~~~~~~~~~~~~~~~~~~~~~~~~~~~~~
%Warning-UNUSEDSIGNAL: pass3/adaptive_aero_control_top.v:90:6: Signal is not driven, nor used: 'aero_safety_supervisor_fallback_active'
                                                             : ... note: In instance 'adaptive_aero_control_top'
   90 | wire aero_safety_supervisor_fallback_active;
      |      ^~~~~~~~~~~~~~~~~~~~~~~~~~~~~~~~~~~~~~
%Warning-UNUSEDSIGNAL: pass3/adaptive_aero_control_top.v:91:6: Signal is not driven, nor used: 'aero_safety_supervisor_invalid_payload_fault'
                                                             : ... note: In instance 'adaptive_aero_control_top'
   91 | wire aero_safety_supervisor_invalid_payload_fault;
      |      ^~~~~~~~~~~~~~~~~~~~~~~~~~~~~~~~~~~~~~~~~~~~
%Warning-UNUSEDSIGNAL: pass3/adaptive_aero_control_top.v:92:13: Signal is not driven, nor used: 'aero_response_depacketizer_lift_estimate'
                                                              : ... note: In instance 'adaptive_aero_control_top'
   92 | wire [15:0] aero_response_depacketizer_lift_estimate;
      |             ^~~~~~~~~~~~~~~~~~~~~~~~~~~~~~~~~~~~~~~~
%Warning-UNUSEDSIGNAL: pass3/adaptive_aero_control_top.v:93:13: Signal is not driven, nor used: 'aero_request_packetizer_outstanding_seq'
                                                              : ... note: In instance 'adaptive_aero_control_top'
   93 | wire [15:0] aero_request_packetizer_outstanding_seq;
      |             ^~~~~~~~~~~~~~~~~~~~~~~~~~~~~~~~~~~~~~~
%Warning-UNUSEDSIGNAL: pass3/adaptive_aero_control_top.v:94:6: Signal is not driven, nor used: 'aero_response_depacketizer_payload_fresh'
                                                             : ... note: In instance 'adaptive_aero_control_top'
   94 | wire aero_response_depacketizer_payload_fresh;
      |      ^~~~~~~~~~~~~~~~~~~~~~~~~~~~~~~~~~~~~~~~
%Warning-UNUSEDSIGNAL: pass3/adaptive_aero_control_top.v:95:6: Signal is not driven, nor used: 'aero_response_depacketizer_payload_malformed'
                                                             : ... note: In instance 'adaptive_aero_control_top'
   95 | wire aero_response_depacketizer_payload_malformed;
      |      ^~~~~~~~~~~~~~~~~~~~~~~~~~~~~~~~~~~~~~~~~~~~
%Warning-UNUSEDSIGNAL: pass3/adaptive_aero_control_top.v:96:6: Signal is not driven, nor used: 'aero_request_packetizer_request_issued'
                                                             : ... note: In instance 'adaptive_aero_control_top'
   96 | wire aero_request_packetizer_request_issued;
      |      ^~~~~~~~~~~~~~~~~~~~~~~~~~~~~~~~~~~~~~
%Warning-UNUSEDSIGNAL: pass3/adaptive_aero_control_top.v:97:13: Signal is not driven, nor used: 'aero_response_depacketizer_response_seq'
                                                              : ... note: In instance 'adaptive_aero_control_top'
   97 | wire [15:0] aero_response_depacketizer_response_seq;
      |             ^~~~~~~~~~~~~~~~~~~~~~~~~~~~~~~~~~~~~~~
%Warning-UNUSEDSIGNAL: pass3/adaptive_aero_control_top.v:98:6: Signal is not driven, nor used: 'aero_response_depacketizer_response_valid'
                                                             : ... note: In instance 'adaptive_aero_control_top'
   98 | wire aero_response_depacketizer_response_valid;
      |      ^~~~~~~~~~~~~~~~~~~~~~~~~~~~~~~~~~~~~~~~~
%Warning-UNUSEDSIGNAL: pass3/adaptive_aero_control_top.v:99:13: Signal is not driven, nor used: 'aero_safety_supervisor_safe_intent'
                                                              : ... note: In instance 'adaptive_aero_control_top'
   99 | wire [15:0] aero_safety_supervisor_safe_intent;
      |             ^~~~~~~~~~~~~~~~~~~~~~~~~~~~~~~~~~
%Warning-UNUSEDSIGNAL: pass3/adaptive_aero_control_top.v:100:6: Signal is not driven, nor used: 'aero_sequence_watchdog_stale_response_fault'
                                                              : ... note: In instance 'adaptive_aero_control_top'
  100 | wire aero_sequence_watchdog_stale_response_fault;
      |      ^~~~~~~~~~~~~~~~~~~~~~~~~~~~~~~~~~~~~~~~~~~
%Warning-UNUSEDSIGNAL: pass3/adaptive_aero_control_top.v:101:13: Signal is not driven, nor used: 'aero_status_telemetry_status_word'
                                                               : ... note: In instance 'adaptive_aero_control_top'
  101 | wire [31:0] aero_status_telemetry_status_word;
      |             ^~~~~~~~~~~~~~~~~~~~~~~~~~~~~~~~~
%Warning-UNUSEDSIGNAL: pass3/adaptive_aero_control_top.v:102:6: Signal is not driven, nor used: 'aero_sequence_watchdog_timeout_fault'
                                                              : ... note: In instance 'adaptive_aero_control_top'
  102 | wire aero_sequence_watchdog_timeout_fault;
      |      ^~~~~~~~~~~~~~~~~~~~~~~~~~~~~~~~~~~~
%Warning-UNUSEDSIGNAL: pass3/adaptive_aero_control_top.v:103:6: Signal is not driven, nor used: 'aero_safety_supervisor_valid_intent'
                                                              : ... note: In instance 'adaptive_aero_control_top'
  103 | wire aero_safety_supervisor_valid_intent;
      |      ^~~~~~~~~~~~~~~~~~~~~~~~~~~~~~~~~~~
%Warning-UNUSEDSIGNAL: pass3/aero_regfile_mmio.v:7:19: Bits of signal are not used: 'reg_addr'[31:8]
                                                     : ... note: In instance 'adaptive_aero_control_top.u_aero_regfile_mmio'
    7 |     input  [31:0] reg_addr,
      |                   ^~~~~~~~
%Warning-UNUSEDSIGNAL: pass3/aero_regfile_mmio.v:8:19: Bits of signal are not used: 'reg_wdata'[31:8]
                                                     : ... note: In instance 'adaptive_aero_control_top.u_aero_regfile_mmio'
    8 |     input  [31:0] reg_wdata,
      |                   ^~~~~~~~~
%Warning-UNUSEDSIGNAL: pass3/aero_response_depacketizer.v:6:20: Bits of signal are not used: 'rsp_data'[63:0]
                                                              : ... note: In instance 'adaptive_aero_control_top.u_aero_response_depacketizer'
    6 |     input  [127:0] rsp_data,
      |                    ^~~~~~~~
%Warning-UNUSEDSIGNAL: pass3/aero_response_depacketizer.v:7:19: Bits of signal are not used: 'expected_seq'[15:8]
                                                              : ... note: In instance 'adaptive_aero_control_top.u_aero_response_depacketizer'
    7 |     input  [15:0] expected_seq,
      |                   ^~~~~~~~~~~~

=== RETURN CODE ===
0
