=== STDERR ===
%Error: aero_status_telemetry.v:42:44: Illegal bit or array select; type does not have a bit range, or bad dimension: data type is 'logic'
                                     : ... note: In instance 'adaptive_aero_control_top.u_aero_status_telemetry'
   42 |         fault_flags_r[4] <= fallback_active[0];
      |                                            ^
        ... See the manual at https://verilator.org/verilator_doc.html?v=5.047 for more assistance.
%Error: aero_status_telemetry.v:45:118: Illegal bit or array select; type does not have a bit range, or bad dimension: data type is 'logic'
                                      : ... note: In instance 'adaptive_aero_control_top.u_aero_status_telemetry'
   45 |         fault_valid_r <= stale_response_fault | timeout_fault | invalid_payload_fault | clamp_event | fallback_active[0] | disable_state;
      |                                                                                                                      ^
%Error: aero_status_telemetry.v:47:121: Illegal bit or array select; type does not have a bit range, or bad dimension: data type is 'logic'
                                      : ... note: In instance 'adaptive_aero_control_top.u_aero_status_telemetry'
   47 |         fault_code_r <= {2'b00, stale_response_fault, timeout_fault, invalid_payload_fault, clamp_event, fallback_active[0], disable_state};
      |                                                                                                                         ^
%Warning-WIDTHTRUNC: aero_request_packetizer.v:41:24: Operator ASSIGNDLY expects 128 bits on the Assign RHS, but Assign RHS's REPLICATE generates 133 bits.
                                                    : ... note: In instance 'adaptive_aero_control_top.u_aero_request_packetizer'
   41 |             req_data_r <= {cfg_req_seq_seed + seq_counter + 16'h0001, cfg_mode_select, cfg_safe_fallback_select, cfg_stream_velocity_mps, 96'h000000000000000000000000};
      |                        ^~
                     ... For warning description see https://verilator.org/warn/WIDTHTRUNC?v=5.047
                     ... Use "/* verilator lint_off WIDTHTRUNC */" and lint_on around source to disable this message.
%Warning-WIDTHTRUNC: aero_regfile_mmio.v:118:26: Operator ASSIGN expects 32 bits on the Assign RHS, but Assign RHS's REPLICATE generates 36 bits.
                                               : ... note: In instance 'adaptive_aero_control_top.u_aero_regfile_mmio'
  118 |         8'h0B: read_data = {24'h000000, 1'b0, 1'b0, 1'b0, 1'b0, status_fault_flags_shadow[0], status_fault_flags_shadow[1], status_fault_flags_shadow[2], status_fault_flags_shadow[3], status_fault_flags_shadow[4], status_fault_flags_shadow[5], status_fault_flags_shadow[6], status_fault_flags_shadow[7]};
      |                          ^
%Warning-WIDTHTRUNC: aero_regfile_mmio.v:119:26: Operator ASSIGN expects 32 bits on the Assign RHS, but Assign RHS's REPLICATE generates 35 bits.
                                               : ... note: In instance 'adaptive_aero_control_top.u_aero_regfile_mmio'
  119 |         8'h0C: read_data = {24'h000000, 1'b0, 1'b0, 1'b0, status_fault_flags_shadow[8], status_fault_flags_shadow[9], status_fault_flags_shadow[10], status_fault_flags_shadow[11], status_fault_flags_shadow[12], status_fault_flags_shadow[13], status_fault_flags_shadow[14], status_fault_flags_shadow[15]};
      |                          ^
%Warning-WIDTHEXPAND: aero_regfile_mmio.v:122:26: Operator ASSIGN expects 32 bits on the Assign RHS, but Assign RHS's SEL generates 8 bits.
                                                : ... note: In instance 'adaptive_aero_control_top.u_aero_regfile_mmio'
  122 |         8'h0F: read_data = status_word_shadow[7:0];
      |                          ^
                      ... For warning description see https://verilator.org/warn/WIDTHEXPAND?v=5.047
                      ... Use "/* verilator lint_off WIDTHEXPAND */" and lint_on around source to disable this message.
%Warning-WIDTHEXPAND: aero_actuator_command_shaper.v:37:25: Operator NEQ expects 2 bits on the LHS, but LHS's VARREF 'fallback_active' generates 1 bits.
                                                          : ... note: In instance 'adaptive_aero_control_top.u_aero_actuator_command_shaper'
   37 |     if (fallback_active != 2'b00 || !valid_intent) begin
      |                         ^~
%Warning-WIDTHEXPAND: aero_actuator_command_shaper.v:59:61: Operator EQ expects 2 bits on the LHS, but LHS's VARREF 'fallback_active' generates 1 bits.
                                                          : ... note: In instance 'adaptive_aero_control_top.u_aero_actuator_command_shaper'
   59 |         act_cmd_valid_r <= valid_intent && (fallback_active == 2'b00);
      |                                                             ^~
%Warning-WIDTHTRUNC: adaptive_aero_control_top.v:204:6: Input port connection 'fallback_active' expects 1 bits on the pin connection, but pin connection's VARREF 'fallback_active' generates 2 bits.
                                                      : ... note: In instance 'adaptive_aero_control_top'
  204 |     .fallback_active(fallback_active),
      |      ^~~~~~~~~~~~~~~
%Warning-WIDTHTRUNC: adaptive_aero_control_top.v:221:6: Input port connection 'fallback_active' expects 1 bits on the pin connection, but pin connection's VARREF 'fallback_active' generates 2 bits.
                                                      : ... note: In instance 'adaptive_aero_control_top'
  221 |     .fallback_active(fallback_active),
      |      ^~~~~~~~~~~~~~~
%Error: Exiting due to 3 error(s)

=== RETURN CODE ===
1
