[2026-08-12T23:58:41.486242Z] Digital Placement Agent
workflow_id=2abe0c5d-7ac4-43fe-8031-ae931b35b29f
workflow_dir=/root/chiploop-backend/artifacts/3c6dfa47-ba1d-4be5-857c-c60b38fc0ff6/2abe0c5d-7ac4-43fe-8031-ae931b35b29f/b4a2d3ee-d6f5-41d7-8ee3-2683e506f826/digital/arch2tapeout
upstream_sdc=/root/chiploop-backend/artifacts/3c6dfa47-ba1d-4be5-857c-c60b38fc0ff6/2abe0c5d-7ac4-43fe-8031-ae931b35b29f/b4a2d3ee-d6f5-41d7-8ee3-2683e506f826/digital/arch2tapeout/digital/floorplan/constraints/smart_sensor_hub_mcu.sdc
sdc_basename=smart_sensor_hub_mcu.sdc
stage_sdc=/root/chiploop-backend/artifacts/3c6dfa47-ba1d-4be5-857c-c60b38fc0ff6/2abe0c5d-7ac4-43fe-8031-ae931b35b29f/b4a2d3ee-d6f5-41d7-8ee3-2683e506f826/digital/arch2tapeout/digital/place/constraints/smart_sensor_hub_mcu.sdc
base_cfg_path=/root/chiploop-backend/artifacts/3c6dfa47-ba1d-4be5-857c-c60b38fc0ff6/2abe0c5d-7ac4-43fe-8031-ae931b35b29f/b4a2d3ee-d6f5-41d7-8ee3-2683e506f826/digital/arch2tapeout/digital/floorplan/config.json
run_work_dir=/root/chiploop-backend/artifacts/3c6dfa47-ba1d-4be5-857c-c60b38fc0ff6/2abe0c5d-7ac4-43fe-8031-ae931b35b29f/b4a2d3ee-d6f5-41d7-8ee3-2683e506f826/digital/arch2tapeout/digital/run_work
run_tag=Digital_Arch2Tapeout_2abe0c5d-7ac4-43fe-8031-ae931b35b29f
top_module=smart_sensor_hub_mcu
netlist_count=1
macro_lef_count=0
macro_lib_count=0
macro_gds_count=0
fp_def_template=None
pl_skip_initial_placement=None
macro_placement_cfg=None
macro_placement_cfg_path=None
closure_overrides={}
capacity_calibration={"adjusted": false, "measured_instance_utilization": 0.00442655, "requested_density": 0.25, "source": "digital/floorplan/metrics.json"}
