[2026-08-13T00:03:37.555860Z] Digital LVS Agent
workflow_id=2abe0c5d-7ac4-43fe-8031-ae931b35b29f
workflow_dir=/root/chiploop-backend/artifacts/3c6dfa47-ba1d-4be5-857c-c60b38fc0ff6/2abe0c5d-7ac4-43fe-8031-ae931b35b29f/b4a2d3ee-d6f5-41d7-8ee3-2683e506f826/digital/arch2tapeout
upstream_sdc=/root/chiploop-backend/artifacts/3c6dfa47-ba1d-4be5-857c-c60b38fc0ff6/2abe0c5d-7ac4-43fe-8031-ae931b35b29f/b4a2d3ee-d6f5-41d7-8ee3-2683e506f826/digital/arch2tapeout/digital/drc/constraints/smart_sensor_hub_mcu.sdc
sdc_basename=smart_sensor_hub_mcu.sdc
stage_sdc=/root/chiploop-backend/artifacts/3c6dfa47-ba1d-4be5-857c-c60b38fc0ff6/2abe0c5d-7ac4-43fe-8031-ae931b35b29f/b4a2d3ee-d6f5-41d7-8ee3-2683e506f826/digital/arch2tapeout/digital/lvs/constraints/smart_sensor_hub_mcu.sdc
base_cfg_path=/root/chiploop-backend/artifacts/3c6dfa47-ba1d-4be5-857c-c60b38fc0ff6/2abe0c5d-7ac4-43fe-8031-ae931b35b29f/b4a2d3ee-d6f5-41d7-8ee3-2683e506f826/digital/arch2tapeout/digital/fill/config.json
run_work_dir=/root/chiploop-backend/artifacts/3c6dfa47-ba1d-4be5-857c-c60b38fc0ff6/2abe0c5d-7ac4-43fe-8031-ae931b35b29f/b4a2d3ee-d6f5-41d7-8ee3-2683e506f826/digital/arch2tapeout/digital/run_work
run_tag=Digital_Arch2Tapeout_2abe0c5d-7ac4-43fe-8031-ae931b35b29f
top_module=smart_sensor_hub_mcu
resolved_physical_netlist=/root/chiploop-backend/artifacts/3c6dfa47-ba1d-4be5-857c-c60b38fc0ff6/2abe0c5d-7ac4-43fe-8031-ae931b35b29f/b4a2d3ee-d6f5-41d7-8ee3-2683e506f826/digital/arch2tapeout/digital/fill/netlist/smart_sensor_hub_mcu_synth.v
selected_verilog_files=['inputs/netlist/smart_sensor_hub_mcu_synth_lvs.v']
netlist_count=1
lvs_netlist_repairs=0
physical_stdcell_stub_count=0
macro_placement_cfg=None
macro_placement_cfg_path=None
cell_spice_count=7
extra_spice_count=0
closure_overrides={}
