[2026-08-12T20:20:44.657196Z] Digital Implementation Setup Agent
workflow_id=dd095a60-e45f-44c3-beb0-943e030b19e3
workflow_dir=/root/chiploop-backend/artifacts/3c6dfa47-ba1d-4be5-857c-c60b38fc0ff6/dd095a60-e45f-44c3-beb0-943e030b19e3/ff5167b1-75d5-4b82-8bf2-b2321c18cdb9/digital/arch2tapeout
profile_path=/root/chiploop-backend/artifacts/3c6dfa47-ba1d-4be5-857c-c60b38fc0ff6/dd095a60-e45f-44c3-beb0-943e030b19e3/ff5167b1-75d5-4b82-8bf2-b2321c18cdb9/digital/arch2tapeout/digital/foundry/foundry_profile.json
spec_json=None
top_module=safety_fault_watchdog
top_level_io_bits=115
die_area=0 0 200 200
rtl_count=3
clock_port=clk
reset_name=reset_n
clock_mhz=100.0
clock_period_ns=10.0
clock_intent={"type": "digital_clock_intent", "clocks": [{"name": "clk", "port": "clk", "frequency_mhz": 100.0, "period_ns": 10.0, "source": "rtl_port_inference+default_frequency", "needs_user_frequency": false}], "resets": [{"name": "reset_n", "port": "reset_n", "active_low": true, "source": "rtl_port_inference"}, {"name": "external_reset_done", "port": "external_reset_done", "active_low": false, "source": "rtl_port_inference"}, {"name": "reset_count_value", "port": "reset_count_value", "active_low": false, "source": "rtl_port_inference"}, {"name": "status_reset_requested", "port": "status_reset_requested", "active_low": false, "source": "rtl_port_inference"}, {"name": "reset_requested_latched", "port": "reset_requested_latched", "active_low": false, "source": "rtl_port_inference"}], "primary_clock": "clk", "primary_reset": "reset_n", "needs_user_review": false, "provenance": {"requested": true, "sdc_clocks": 0, "spec_clocks": 0, "rtl_clocks": 1, "spec_resets": 0, "rtl_resets": 5}}
request_target_frequency_mhz=100
request_constraints_sdc_present=False
upstream_sdc=None
sdc_source=inferred_clock_intent
sdc_basename=safety_fault_watchdog.sdc
canonical_sdc=/root/chiploop-backend/artifacts/3c6dfa47-ba1d-4be5-857c-c60b38fc0ff6/dd095a60-e45f-44c3-beb0-943e030b19e3/ff5167b1-75d5-4b82-8bf2-b2321c18cdb9/digital/arch2tapeout/digital/impl_setup/constraints/safety_fault_watchdog.sdc
filelist=/root/chiploop-backend/artifacts/3c6dfa47-ba1d-4be5-857c-c60b38fc0ff6/dd095a60-e45f-44c3-beb0-943e030b19e3/ff5167b1-75d5-4b82-8bf2-b2321c18cdb9/digital/arch2tapeout/digital/impl_setup/filelist.f
pdk=sky130A
pdk_root=/root/chiploop-backend/backend/pdk
openlane_cfg=/root/chiploop-backend/artifacts/3c6dfa47-ba1d-4be5-857c-c60b38fc0ff6/dd095a60-e45f-44c3-beb0-943e030b19e3/ff5167b1-75d5-4b82-8bf2-b2321c18cdb9/digital/arch2tapeout/digital/impl_setup/openlane/config.json
corners=/root/chiploop-backend/artifacts/3c6dfa47-ba1d-4be5-857c-c60b38fc0ff6/dd095a60-e45f-44c3-beb0-943e030b19e3/ff5167b1-75d5-4b82-8bf2-b2321c18cdb9/digital/arch2tapeout/digital/impl_setup/corners.json
