[2026-08-13T00:02:05.954978Z] Digital STA PostFill Agent
workflow_id=2abe0c5d-7ac4-43fe-8031-ae931b35b29f
workflow_dir=/root/chiploop-backend/artifacts/3c6dfa47-ba1d-4be5-857c-c60b38fc0ff6/2abe0c5d-7ac4-43fe-8031-ae931b35b29f/b4a2d3ee-d6f5-41d7-8ee3-2683e506f826/digital/arch2tapeout
upstream_sdc=/root/chiploop-backend/artifacts/3c6dfa47-ba1d-4be5-857c-c60b38fc0ff6/2abe0c5d-7ac4-43fe-8031-ae931b35b29f/b4a2d3ee-d6f5-41d7-8ee3-2683e506f826/digital/arch2tapeout/digital/fill/constraints/smart_sensor_hub_mcu.sdc
sdc_basename=smart_sensor_hub_mcu.sdc
stage_sdc=/root/chiploop-backend/artifacts/3c6dfa47-ba1d-4be5-857c-c60b38fc0ff6/2abe0c5d-7ac4-43fe-8031-ae931b35b29f/b4a2d3ee-d6f5-41d7-8ee3-2683e506f826/digital/arch2tapeout/digital/run_work/inputs/constraints/smart_sensor_hub_mcu.sdc
base_cfg_path=/root/chiploop-backend/artifacts/3c6dfa47-ba1d-4be5-857c-c60b38fc0ff6/2abe0c5d-7ac4-43fe-8031-ae931b35b29f/b4a2d3ee-d6f5-41d7-8ee3-2683e506f826/digital/arch2tapeout/digital/fill/config.json
run_work_dir=/root/chiploop-backend/artifacts/3c6dfa47-ba1d-4be5-857c-c60b38fc0ff6/2abe0c5d-7ac4-43fe-8031-ae931b35b29f/b4a2d3ee-d6f5-41d7-8ee3-2683e506f826/digital/arch2tapeout/digital/run_work
run_tag=Digital_Arch2Tapeout_2abe0c5d-7ac4-43fe-8031-ae931b35b29f
top_module=smart_sensor_hub_mcu
verilog_files_mode=inherited_from_base_config
verilog_files=inputs/netlist/smart_sensor_hub_mcu_synth.v
resolved_postfill_netlist=None
staged_postfill_netlist=None
resolved_postfill_spef=None
staged_postfill_spef=None
macro_lef_count=0
macro_lib_count=0
macro_gds_count=0
macro_placement_cfg=None
macro_placement_cfg_path=None
closure_overrides={}
