%Warning-PINCONNECTEMPTY: /root/chiploop-backend/backend/workflows/35e2e78d-d764-4a04-be6c-e0d174aa908a/digital/mbist_rtl_insertion/integrated_rtl/functional_rtl/demo_sram_32x256_wrapper.v:27:10: Instance pin connected by name with empty reference: 'dout1'
   27 |         .dout1()
      |          ^~~~~
                          ... For warning description see https://verilator.org/warn/PINCONNECTEMPTY?v=5.047
                          ... Use "/* verilator lint_off PINCONNECTEMPTY */" and lint_on around source to disable this message.
%Warning-PINMISSING: /root/chiploop-backend/backend/workflows/35e2e78d-d764-4a04-be6c-e0d174aa908a/digital/mbist_rtl_insertion/integrated_rtl/sky130_sram_1kbyte_1rw1r_32x256_8_saboteur.v:41:7: Instance has missing pin: 'wmask0'
   41 |     ) u_sram (
      |       ^~~~~~
                     /root/chiploop-backend/backend/workflows/35e2e78d-d764-4a04-be6c-e0d174aa908a/digital/mbist_rtl_insertion/integrated_rtl/sky130_sram_1kbyte_1rw1r_32x256_8.v:12:20: ... Location of port declaration
   12 |     clk0,csb0,web0,wmask0,addr0,din0,dout0,
      |                    ^~~~~~
                     ... For warning description see https://verilator.org/warn/PINMISSING?v=5.047
                     ... Use "/* verilator lint_off PINMISSING */" and lint_on around source to disable this message.
%Warning-PINMISSING: /root/chiploop-backend/backend/workflows/35e2e78d-d764-4a04-be6c-e0d174aa908a/digital/mbist_rtl_insertion/integrated_rtl/sky130_sram_1kbyte_1rw1r_32x256_8_saboteur.v:41:7: Instance has missing pin: 'clk1'
   41 |     ) u_sram (
      |       ^~~~~~
                     /root/chiploop-backend/backend/workflows/35e2e78d-d764-4a04-be6c-e0d174aa908a/digital/mbist_rtl_insertion/integrated_rtl/sky130_sram_1kbyte_1rw1r_32x256_8.v:14:5: ... Location of port declaration
   14 |     clk1,csb1,addr1,dout1
      |     ^~~~
%Warning-PINMISSING: /root/chiploop-backend/backend/workflows/35e2e78d-d764-4a04-be6c-e0d174aa908a/digital/mbist_rtl_insertion/integrated_rtl/sky130_sram_1kbyte_1rw1r_32x256_8_saboteur.v:41:7: Instance has missing pin: 'csb1'
   41 |     ) u_sram (
      |       ^~~~~~
                     /root/chiploop-backend/backend/workflows/35e2e78d-d764-4a04-be6c-e0d174aa908a/digital/mbist_rtl_insertion/integrated_rtl/sky130_sram_1kbyte_1rw1r_32x256_8.v:14:10: ... Location of port declaration
   14 |     clk1,csb1,addr1,dout1
      |          ^~~~
%Warning-PINMISSING: /root/chiploop-backend/backend/workflows/35e2e78d-d764-4a04-be6c-e0d174aa908a/digital/mbist_rtl_insertion/integrated_rtl/sky130_sram_1kbyte_1rw1r_32x256_8_saboteur.v:41:7: Instance has missing pin: 'addr1'
   41 |     ) u_sram (
      |       ^~~~~~
                     /root/chiploop-backend/backend/workflows/35e2e78d-d764-4a04-be6c-e0d174aa908a/digital/mbist_rtl_insertion/integrated_rtl/sky130_sram_1kbyte_1rw1r_32x256_8.v:14:15: ... Location of port declaration
   14 |     clk1,csb1,addr1,dout1
      |               ^~~~~
%Warning-PINMISSING: /root/chiploop-backend/backend/workflows/35e2e78d-d764-4a04-be6c-e0d174aa908a/digital/mbist_rtl_insertion/integrated_rtl/sky130_sram_1kbyte_1rw1r_32x256_8_saboteur.v:41:7: Instance has missing pin: 'dout1'
   41 |     ) u_sram (
      |       ^~~~~~
                     /root/chiploop-backend/backend/workflows/35e2e78d-d764-4a04-be6c-e0d174aa908a/digital/mbist_rtl_insertion/integrated_rtl/sky130_sram_1kbyte_1rw1r_32x256_8.v:14:21: ... Location of port declaration
   14 |     clk1,csb1,addr1,dout1
      |                     ^~~~~
%Warning-MULTITOP: /root/chiploop-backend/backend/workflows/35e2e78d-d764-4a04-be6c-e0d174aa908a/digital/mbist_rtl_insertion/integrated_rtl/functional_rtl/demo_sram_32x256_wrapper.v:1:8: Multiple top level modules
                                                                                                                                                                                         : ... Suggest see manual; fix the duplicates, or use --top-module to select top.
                   ... For warning description see https://verilator.org/warn/MULTITOP?v=5.047
                   ... Use "/* verilator lint_off MULTITOP */" and lint_on around source to disable this message.
                                                                                                                                                                                         : ... Top module 'demo_sram_32x256_model'
    1 | module demo_sram_32x256_model (
      |        ^~~~~~~~~~~~~~~~~~~~~~
                                                                                                                                                                                         : ... Top module 'demo_sram_32x256_wrapper'
    1 | module demo_sram_32x256_wrapper (
      |        ^~~~~~~~~~~~~~~~~~~~~~~~
                                                                                                                                                                                         : ... Top module 'sram_mbist_demo_controller'
    1 | module sram_mbist_demo_controller (
      |        ^~~~~~~~~~~~~~~~~~~~~~~~~~
                                                                                                                                                                                         : ... Top module 'input_demo_8x16_scn4m'
    5 | module input_demo_8x16_scn4m(
      |        ^~~~~~~~~~~~~~~~~~~~~
                                                                                                                                                                                         : ... Top module 'march_raw_top'
    3 | module march_raw_top #(
      |        ^~~~~~~~~~~~~
                                                                                                                                                                                         : ... Top module 'sram_model'
    3 | module sram_model #(
      |        ^~~~~~~~~~
%Warning-TIMESCALEMOD: /root/chiploop-backend/backend/workflows/35e2e78d-d764-4a04-be6c-e0d174aa908a/digital/mbist_rtl_insertion/integrated_rtl/functional_rtl/demo_sram_32x256_model.v:1:8: Timescale missing on this module as other modules have it (IEEE 1800-2023 3.14.2.3)
    1 | module demo_sram_32x256_model (
      |        ^~~~~~~~~~~~~~~~~~~~~~
                       /root/chiploop-backend/backend/workflows/35e2e78d-d764-4a04-be6c-e0d174aa908a/digital/mbist_rtl_insertion/integrated_rtl/march_c_algo.sv:3:8: ... Location of module with timescale
    3 | module march_c_algo #(
      |        ^~~~~~~~~~~~
                       ... For warning description see https://verilator.org/warn/TIMESCALEMOD?v=5.047
                       ... Use "/* verilator lint_off TIMESCALEMOD */" and lint_on around source to disable this message.
%Warning-TIMESCALEMOD: /root/chiploop-backend/backend/workflows/35e2e78d-d764-4a04-be6c-e0d174aa908a/digital/mbist_rtl_insertion/integrated_rtl/functional_rtl/demo_sram_32x256_wrapper.v:1:8: Timescale missing on this module as other modules have it (IEEE 1800-2023 3.14.2.3)
    1 | module demo_sram_32x256_wrapper (
      |        ^~~~~~~~~~~~~~~~~~~~~~~~
                       /root/chiploop-backend/backend/workflows/35e2e78d-d764-4a04-be6c-e0d174aa908a/digital/mbist_rtl_insertion/integrated_rtl/march_c_algo.sv:3:8: ... Location of module with timescale
    3 | module march_c_algo #(
      |        ^~~~~~~~~~~~
%Warning-TIMESCALEMOD: /root/chiploop-backend/backend/workflows/35e2e78d-d764-4a04-be6c-e0d174aa908a/digital/mbist_rtl_insertion/integrated_rtl/functional_rtl/sram_mbist_demo_controller.v:1:8: Timescale missing on this module as other modules have it (IEEE 1800-2023 3.14.2.3)
    1 | module sram_mbist_demo_controller (
      |        ^~~~~~~~~~~~~~~~~~~~~~~~~~
                       /root/chiploop-backend/backend/workflows/35e2e78d-d764-4a04-be6c-e0d174aa908a/digital/mbist_rtl_insertion/integrated_rtl/march_c_algo.sv:3:8: ... Location of module with timescale
    3 | module march_c_algo #(
      |        ^~~~~~~~~~~~
%Warning-TIMESCALEMOD: /root/chiploop-backend/backend/workflows/35e2e78d-d764-4a04-be6c-e0d174aa908a/digital/mbist_rtl_insertion/integrated_rtl/input_demo_8x16_scn4m.v:5:8: Timescale missing on this module as other modules have it (IEEE 1800-2023 3.14.2.3)
    5 | module input_demo_8x16_scn4m(
      |        ^~~~~~~~~~~~~~~~~~~~~
                       /root/chiploop-backend/backend/workflows/35e2e78d-d764-4a04-be6c-e0d174aa908a/digital/mbist_rtl_insertion/integrated_rtl/march_c_algo.sv:3:8: ... Location of module with timescale
    3 | module march_c_algo #(
      |        ^~~~~~~~~~~~
%Warning-WIDTHTRUNC: /root/chiploop-backend/backend/workflows/35e2e78d-d764-4a04-be6c-e0d174aa908a/digital/mbist_rtl_insertion/integrated_rtl/march_c_fsm.sv:107:40: Operator ASSIGNDLY expects 1 bits on the Assign RHS, but Assign RHS's SUB generates 32 bits.
                                                                                                                                                                   : ... note: In instance 'sram_mbist_demo_controller.u_sram.u_algo_top.u_march_c_fsm'
  107 |                             wait_cnt_q <= READ_LATENCY - 1;
      |                                        ^~
                     ... For warning description see https://verilator.org/warn/WIDTHTRUNC?v=5.047
                     ... Use "/* verilator lint_off WIDTHTRUNC */" and lint_on around source to disable this message.
%Warning-WIDTHTRUNC: /root/chiploop-backend/backend/workflows/35e2e78d-d764-4a04-be6c-e0d174aa908a/digital/mbist_rtl_insertion/integrated_rtl/march_raw_fsm.sv:107:40: Operator ASSIGNDLY expects 1 bits on the Assign RHS, but Assign RHS's SUB generates 32 bits.
                                                                                                                                                                     : ... note: In instance 'march_raw_top.u_march_raw_fsm'
  107 |                             wait_cnt_q <= READ_LATENCY - 1;
      |                                        ^~
%Warning-BLKSEQ: /root/chiploop-backend/backend/workflows/35e2e78d-d764-4a04-be6c-e0d174aa908a/digital/mbist_rtl_insertion/integrated_rtl/input_demo_8x16_scn4m.v:44:14: Blocking assignment '=' in sequential logic process
                                                                                                                                                                       : ... note: In instance 'input_demo_8x16_scn4m'
                                                                                                                                                                       : ... Suggest using delayed assignment '<='
   44 |     csb0_reg = csb0;
      |              ^
                 ... For warning description see https://verilator.org/warn/BLKSEQ?v=5.047
                 ... Use "/* verilator lint_off BLKSEQ */" and lint_on around source to disable this message.
%Warning-BLKSEQ: /root/chiploop-backend/backend/workflows/35e2e78d-d764-4a04-be6c-e0d174aa908a/digital/mbist_rtl_insertion/integrated_rtl/input_demo_8x16_scn4m.v:45:14: Blocking assignment '=' in sequential logic process
                                                                                                                                                                       : ... note: In instance 'input_demo_8x16_scn4m'
                                                                                                                                                                       : ... Suggest using delayed assignment '<='
   45 |     web0_reg = web0;
      |              ^
%Warning-BLKSEQ: /root/chiploop-backend/backend/workflows/35e2e78d-d764-4a04-be6c-e0d174aa908a/digital/mbist_rtl_insertion/integrated_rtl/input_demo_8x16_scn4m.v:46:15: Blocking assignment '=' in sequential logic process
                                                                                                                                                                       : ... note: In instance 'input_demo_8x16_scn4m'
                                                                                                                                                                       : ... Suggest using delayed assignment '<='
   46 |     addr0_reg = addr0;
      |               ^
%Warning-BLKSEQ: /root/chiploop-backend/backend/workflows/35e2e78d-d764-4a04-be6c-e0d174aa908a/digital/mbist_rtl_insertion/integrated_rtl/input_demo_8x16_scn4m.v:47:14: Blocking assignment '=' in sequential logic process
                                                                                                                                                                       : ... note: In instance 'input_demo_8x16_scn4m'
                                                                                                                                                                       : ... Suggest using delayed assignment '<='
   47 |     din0_reg = din0;
      |              ^
%Warning-BLKSEQ: /root/chiploop-backend/backend/workflows/35e2e78d-d764-4a04-be6c-e0d174aa908a/digital/mbist_rtl_insertion/integrated_rtl/input_demo_8x16_scn4m.v:48:21: Blocking assignment '=' in sequential logic process
                                                                                                                                                                       : ... note: In instance 'input_demo_8x16_scn4m'
                                                                                                                                                                       : ... Suggest using delayed assignment '<='
   48 |     #(T_HOLD) dout0 = 8'bx;
      |                     ^
%Warning-BLKSEQ: /root/chiploop-backend/backend/workflows/35e2e78d-d764-4a04-be6c-e0d174aa908a/digital/mbist_rtl_insertion/integrated_rtl/input_demo_8x16_scn4m.v:61:29: Blocking assignment '=' in sequential logic process
                                                                                                                                                                       : ... note: In instance 'input_demo_8x16_scn4m'
                                                                                                                                                                       : ... Suggest using delayed assignment '<='
   61 |         mem[addr0_reg][7:0] = din0_reg[7:0];
      |                             ^
%Warning-BLKSEQ: /root/chiploop-backend/backend/workflows/35e2e78d-d764-4a04-be6c-e0d174aa908a/digital/mbist_rtl_insertion/integrated_rtl/sky130_sram_1kbyte_1rw1r_32x256_8.v:52:14: Blocking assignment '=' in sequential logic process
                                                                                                                                                                                   : ... note: In instance 'sram_mbist_demo_controller.u_sram.u_sram.u_sram'
                                                                                                                                                                                   : ... Suggest using delayed assignment '<='
   52 |     csb0_reg = csb0;
      |              ^
%Warning-BLKSEQ: /root/chiploop-backend/backend/workflows/35e2e78d-d764-4a04-be6c-e0d174aa908a/digital/mbist_rtl_insertion/integrated_rtl/sky130_sram_1kbyte_1rw1r_32x256_8.v:53:14: Blocking assignment '=' in sequential logic process
                                                                                                                                                                                   : ... note: In instance 'sram_mbist_demo_controller.u_sram.u_sram.u_sram'
                                                                                                                                                                                   : ... Suggest using delayed assignment '<='
   53 |     web0_reg = web0;
      |              ^
%Warning-BLKSEQ: /root/chiploop-backend/backend/workflows/35e2e78d-d764-4a04-be6c-e0d174aa908a/digital/mbist_rtl_insertion/integrated_rtl/sky130_sram_1kbyte_1rw1r_32x256_8.v:54:16: Blocking assignment '=' in sequential logic process
                                                                                                                                                                                   : ... note: In instance 'sram_mbist_demo_controller.u_sram.u_sram.u_sram'
                                                                                                                                                                                   : ... Suggest using delayed assignment '<='
   54 |     wmask0_reg = wmask0;
      |                ^
%Warning-BLKSEQ: /root/chiploop-backend/backend/workflows/35e2e78d-d764-4a04-be6c-e0d174aa908a/digital/mbist_rtl_insertion/integrated_rtl/sky130_sram_1kbyte_1rw1r_32x256_8.v:55:15: Blocking assignment '=' in sequential logic process
                                                                                                                                                                                   : ... note: In instance 'sram_mbist_demo_controller.u_sram.u_sram.u_sram'
                                                                                                                                                                                   : ... Suggest using delayed assignment '<='
   55 |     addr0_reg = addr0;
      |               ^
%Warning-BLKSEQ: /root/chiploop-backend/backend/workflows/35e2e78d-d764-4a04-be6c-e0d174aa908a/digital/mbist_rtl_insertion/integrated_rtl/sky130_sram_1kbyte_1rw1r_32x256_8.v:56:14: Blocking assignment '=' in sequential logic process
                                                                                                                                                                                   : ... note: In instance 'sram_mbist_demo_controller.u_sram.u_sram.u_sram'
                                                                                                                                                                                   : ... Suggest using delayed assignment '<='
   56 |     din0_reg = din0;
      |              ^
%Warning-BLKSEQ: /root/chiploop-backend/backend/workflows/35e2e78d-d764-4a04-be6c-e0d174aa908a/digital/mbist_rtl_insertion/integrated_rtl/sky130_sram_1kbyte_1rw1r_32x256_8.v:57:21: Blocking assignment '=' in sequential logic process
                                                                                                                                                                                   : ... note: In instance 'sram_mbist_demo_controller.u_sram.u_sram.u_sram'
                                                                                                                                                                                   : ... Suggest using delayed assignment '<='
   57 |     #(T_HOLD) dout0 = 32'bx;
      |                     ^
%Warning-BLKSEQ: /root/chiploop-backend/backend/workflows/35e2e78d-d764-4a04-be6c-e0d174aa908a/digital/mbist_rtl_insertion/integrated_rtl/sky130_sram_1kbyte_1rw1r_32x256_8.v:71:14: Blocking assignment '=' in sequential logic process
                                                                                                                                                                                   : ... note: In instance 'sram_mbist_demo_controller.u_sram.u_sram.u_sram'
                                                                                                                                                                                   : ... Suggest using delayed assignment '<='
   71 |     csb1_reg = csb1;
      |              ^
%Warning-BLKSEQ: /root/chiploop-backend/backend/workflows/35e2e78d-d764-4a04-be6c-e0d174aa908a/digital/mbist_rtl_insertion/integrated_rtl/sky130_sram_1kbyte_1rw1r_32x256_8.v:72:15: Blocking assignment '=' in sequential logic process
                                                                                                                                                                                   : ... note: In instance 'sram_mbist_demo_controller.u_sram.u_sram.u_sram'
                                                                                                                                                                                   : ... Suggest using delayed assignment '<='
   72 |     addr1_reg = addr1;
      |               ^
%Warning-BLKSEQ: /root/chiploop-backend/backend/workflows/35e2e78d-d764-4a04-be6c-e0d174aa908a/digital/mbist_rtl_insertion/integrated_rtl/sky130_sram_1kbyte_1rw1r_32x256_8.v:75:21: Blocking assignment '=' in sequential logic process
                                                                                                                                                                                   : ... note: In instance 'sram_mbist_demo_controller.u_sram.u_sram.u_sram'
                                                                                                                                                                                   : ... Suggest using delayed assignment '<='
   75 |     #(T_HOLD) dout1 = 32'bx;
      |                     ^
%Warning-BLKSEQ: /root/chiploop-backend/backend/workflows/35e2e78d-d764-4a04-be6c-e0d174aa908a/digital/mbist_rtl_insertion/integrated_rtl/sky130_sram_1kbyte_1rw1r_32x256_8.v:88:37: Blocking assignment '=' in sequential logic process
                                                                                                                                                                                   : ... note: In instance 'sram_mbist_demo_controller.u_sram.u_sram.u_sram'
                                                                                                                                                                                   : ... Suggest using delayed assignment '<='
   88 |                 mem[addr0_reg][7:0] = din0_reg[7:0];
      |                                     ^
%Warning-BLKSEQ: /root/chiploop-backend/backend/workflows/35e2e78d-d764-4a04-be6c-e0d174aa908a/digital/mbist_rtl_insertion/integrated_rtl/sky130_sram_1kbyte_1rw1r_32x256_8.v:90:38: Blocking assignment '=' in sequential logic process
                                                                                                                                                                                   : ... note: In instance 'sram_mbist_demo_controller.u_sram.u_sram.u_sram'
                                                                                                                                                                                   : ... Suggest using delayed assignment '<='
   90 |                 mem[addr0_reg][15:8] = din0_reg[15:8];
      |                                      ^
%Warning-BLKSEQ: /root/chiploop-backend/backend/workflows/35e2e78d-d764-4a04-be6c-e0d174aa908a/digital/mbist_rtl_insertion/integrated_rtl/sky130_sram_1kbyte_1rw1r_32x256_8.v:92:39: Blocking assignment '=' in sequential logic process
                                                                                                                                                                                   : ... note: In instance 'sram_mbist_demo_controller.u_sram.u_sram.u_sram'
                                                                                                                                                                                   : ... Suggest using delayed assignment '<='
   92 |                 mem[addr0_reg][23:16] = din0_reg[23:16];
      |                                       ^
%Warning-BLKSEQ: /root/chiploop-backend/backend/workflows/35e2e78d-d764-4a04-be6c-e0d174aa908a/digital/mbist_rtl_insertion/integrated_rtl/sky130_sram_1kbyte_1rw1r_32x256_8.v:94:39: Blocking assignment '=' in sequential logic process
                                                                                                                                                                                   : ... note: In instance 'sram_mbist_demo_controller.u_sram.u_sram.u_sram'
                                                                                                                                                                                   : ... Suggest using delayed assignment '<='
   94 |                 mem[addr0_reg][31:24] = din0_reg[31:24];
      |                                       ^
%Warning-UNUSEDSIGNAL: /root/chiploop-backend/backend/workflows/35e2e78d-d764-4a04-be6c-e0d174aa908a/digital/mbist_rtl_insertion/integrated_rtl/functional_rtl/demo_sram_32x256_model.v:17:16: Signal is not used: 'read_data'
                                                                                                                                                                                             : ... note: In instance 'demo_sram_32x256_model'
   17 |     reg [31:0] read_data;
      |                ^~~~~~~~~
                       ... For warning description see https://verilator.org/warn/UNUSEDSIGNAL?v=5.047
                       ... Use "/* verilator lint_off UNUSEDSIGNAL */" and lint_on around source to disable this message.
%Warning-UNUSEDSIGNAL: /root/chiploop-backend/backend/workflows/35e2e78d-d764-4a04-be6c-e0d174aa908a/digital/mbist_rtl_insertion/integrated_rtl/functional_rtl/sram_mbist_demo_controller.v:21:11: Signal is not used: 'rd_en'
                                                                                                                                                                                                 : ... note: In instance 'sram_mbist_demo_controller'
   21 |     input rd_en;
      |           ^~~~~
%Warning-UNUSEDSIGNAL: /root/chiploop-backend/backend/workflows/35e2e78d-d764-4a04-be6c-e0d174aa908a/digital/mbist_rtl_insertion/integrated_rtl/functional_rtl/sram_mbist_demo_controller.v:22:17: Signal is not used: 'rd_addr'
                                                                                                                                                                                                 : ... note: In instance 'sram_mbist_demo_controller'
   22 |     input [7:0] rd_addr;
      |                 ^~~~~~~
%Warning-UNUSEDSIGNAL: /root/chiploop-backend/backend/workflows/35e2e78d-d764-4a04-be6c-e0d174aa908a/digital/mbist_rtl_insertion/integrated_rtl/functional_rtl/sram_mbist_demo_controller.v:36:15: Bits of signal are not used: 'control_reg'[1]
                                                                                                                                                                                                 : ... note: In instance 'sram_mbist_demo_controller'
   36 |     reg [2:0] control_reg;
      |               ^~~~~~~~~~~
%Warning-UNUSEDSIGNAL: /root/chiploop-backend/backend/workflows/35e2e78d-d764-4a04-be6c-e0d174aa908a/digital/mbist_rtl_insertion/integrated_rtl/functional_rtl/sram_mbist_demo_controller.v:37:16: Signal is not used: 'status_reg'
                                                                                                                                                                                                 : ... note: In instance 'sram_mbist_demo_controller'
   37 |     reg [31:0] status_reg;
      |                ^~~~~~~~~~
%Warning-UNUSEDSIGNAL: /root/chiploop-backend/backend/workflows/35e2e78d-d764-4a04-be6c-e0d174aa908a/digital/mbist_rtl_insertion/integrated_rtl/functional_rtl/sram_mbist_demo_controller.v:40:16: Signal is not used: 'mem_rdata_reg'
                                                                                                                                                                                                 : ... note: In instance 'sram_mbist_demo_controller'
   40 |     reg [31:0] mem_rdata_reg;
      |                ^~~~~~~~~~~~~
%Warning-UNUSEDSIGNAL: /root/chiploop-backend/backend/workflows/35e2e78d-d764-4a04-be6c-e0d174aa908a/digital/mbist_rtl_insertion/integrated_rtl/functional_rtl/sram_mbist_demo_controller.v:41:15: Signal is not used: 'mem_control_reg'
                                                                                                                                                                                                 : ... note: In instance 'sram_mbist_demo_controller'
   41 |     reg [1:0] mem_control_reg;
      |               ^~~~~~~~~~~~~~~
%Warning-UNUSEDSIGNAL: /root/chiploop-backend/backend/workflows/35e2e78d-d764-4a04-be6c-e0d174aa908a/digital/mbist_rtl_insertion/integrated_rtl/functional_rtl/sram_mbist_demo_controller.v:42:15: Bits of signal are not used: 'bist_control_reg'[0]
                                                                                                                                                                                                 : ... note: In instance 'sram_mbist_demo_controller'
   42 |     reg [1:0] bist_control_reg;
      |               ^~~~~~~~~~~~~~~~
%Warning-UNUSEDSIGNAL: /root/chiploop-backend/backend/workflows/35e2e78d-d764-4a04-be6c-e0d174aa908a/digital/mbist_rtl_insertion/integrated_rtl/functional_rtl/sram_mbist_demo_controller.v:43:16: Signal is not used: 'bist_status_reg'
                                                                                                                                                                                                 : ... note: In instance 'sram_mbist_demo_controller'
   43 |     reg [10:0] bist_status_reg;
      |                ^~~~~~~~~~~~~~~
%Warning-UNUSEDSIGNAL: /root/chiploop-backend/backend/workflows/35e2e78d-d764-4a04-be6c-e0d174aa908a/digital/mbist_rtl_insertion/integrated_rtl/functional_rtl/sram_mbist_demo_controller.v:62:6: Signal is not driven, nor used: 'sram_csb'
                                                                                                                                                                                                : ... note: In instance 'sram_mbist_demo_controller'
   62 | wire sram_csb;
      |      ^~~~~~~~
%Warning-UNUSEDSIGNAL: /root/chiploop-backend/backend/workflows/35e2e78d-d764-4a04-be6c-e0d174aa908a/digital/mbist_rtl_insertion/integrated_rtl/functional_rtl/sram_mbist_demo_controller.v:63:6: Signal is not driven, nor used: 'sram_web'
                                                                                                                                                                                                : ... note: In instance 'sram_mbist_demo_controller'
   63 | wire sram_web;
      |      ^~~~~~~~
%Warning-UNUSEDSIGNAL: /root/chiploop-backend/backend/workflows/35e2e78d-d764-4a04-be6c-e0d174aa908a/digital/mbist_rtl_insertion/integrated_rtl/functional_rtl/sram_mbist_demo_controller.v:64:12: Signal is not driven, nor used: 'sram_addr'
                                                                                                                                                                                                 : ... note: In instance 'sram_mbist_demo_controller'
   64 | wire [7:0] sram_addr;
      |            ^~~~~~~~~
%Warning-UNUSEDSIGNAL: /root/chiploop-backend/backend/workflows/35e2e78d-d764-4a04-be6c-e0d174aa908a/digital/mbist_rtl_insertion/integrated_rtl/functional_rtl/sram_mbist_demo_controller.v:65:13: Signal is not driven, nor used: 'sram_din'
                                                                                                                                                                                                 : ... note: In instance 'sram_mbist_demo_controller'
   65 | wire [31:0] sram_din;
      |             ^~~~~~~~
%Warning-UNUSEDSIGNAL: /root/chiploop-backend/backend/workflows/35e2e78d-d764-4a04-be6c-e0d174aa908a/digital/mbist_rtl_insertion/integrated_rtl/functional_rtl/sram_mbist_demo_controller.v:79:10: Signal is not used: 'mbist_u_sram_bist_done'
                                                                                                                                                                                                 : ... note: In instance 'sram_mbist_demo_controller'
   79 |     wire mbist_u_sram_bist_done;
      |          ^~~~~~~~~~~~~~~~~~~~~~
%Warning-UNUSEDSIGNAL: /root/chiploop-backend/backend/workflows/35e2e78d-d764-4a04-be6c-e0d174aa908a/digital/mbist_rtl_insertion/integrated_rtl/functional_rtl/sram_mbist_demo_controller.v:80:6: Signal is not used: 'mbist_u_sram_bist_fail'
                                                                                                                                                                                                : ... note: In instance 'sram_mbist_demo_controller'
   80 | wire mbist_u_sram_bist_fail;
      |      ^~~~~~~~~~~~~~~~~~~~~~
%Warning-UNUSEDSIGNAL: /root/chiploop-backend/backend/workflows/35e2e78d-d764-4a04-be6c-e0d174aa908a/digital/mbist_rtl_insertion/integrated_rtl/sky130_sram_1kbyte_1rw1r_32x256_8_mbist.v:22:28: Signal is not used: 'mbist_busy'
                                                                                                                                                                                               : ... note: In instance 'sram_mbist_demo_controller.u_sram'
   22 |     logic                  mbist_busy;
      |                            ^~~~~~~~~~
%Warning-UNUSEDSIGNAL: /root/chiploop-backend/backend/workflows/35e2e78d-d764-4a04-be6c-e0d174aa908a/digital/mbist_rtl_insertion/integrated_rtl/sky130_sram_1kbyte_1rw1r_32x256_8_mbist.v:32:28: Signal is not used: 'sram_dbg_actual_word'
                                                                                                                                                                                               : ... note: In instance 'sram_mbist_demo_controller.u_sram'
   32 |     logic [DATA_WIDTH-1:0] sram_dbg_actual_word;
      |                            ^~~~~~~~~~~~~~~~~~~~
%Warning-UNUSEDSIGNAL: /root/chiploop-backend/backend/workflows/35e2e78d-d764-4a04-be6c-e0d174aa908a/digital/mbist_rtl_insertion/integrated_rtl/sky130_sram_1kbyte_1rw1r_32x256_8_mbist.v:33:28: Signal is not used: 'sram_dbg_fault_word'
                                                                                                                                                                                               : ... note: In instance 'sram_mbist_demo_controller.u_sram'
   33 |     logic [DATA_WIDTH-1:0] sram_dbg_fault_word;
      |                            ^~~~~~~~~~~~~~~~~~~
%Warning-UNUSEDSIGNAL: /root/chiploop-backend/backend/workflows/35e2e78d-d764-4a04-be6c-e0d174aa908a/digital/mbist_rtl_insertion/integrated_rtl/sky130_sram_1kbyte_1rw1r_32x256_8_mbist.v:34:28: Signal is not used: 'sram_dbg_intended_word'
                                                                                                                                                                                               : ... note: In instance 'sram_mbist_demo_controller.u_sram'
   34 |     logic [DATA_WIDTH-1:0] sram_dbg_intended_word;
      |                            ^~~~~~~~~~~~~~~~~~~~~~
%Warning-UNUSEDSIGNAL: /root/chiploop-backend/backend/workflows/35e2e78d-d764-4a04-be6c-e0d174aa908a/digital/mbist_rtl_insertion/integrated_rtl/sky130_sram_1kbyte_1rw1r_32x256_8_mbist.v:35:28: Signal is not used: 'sram_dbg_prior_value'
                                                                                                                                                                                               : ... note: In instance 'sram_mbist_demo_controller.u_sram'
   35 |     logic [DATA_WIDTH-1:0] sram_dbg_prior_value;
      |                            ^~~~~~~~~~~~~~~~~~~~
%Warning-UNUSEDSIGNAL: /root/chiploop-backend/backend/workflows/35e2e78d-d764-4a04-be6c-e0d174aa908a/digital/mbist_rtl_insertion/integrated_rtl/sky130_sram_1kbyte_1rw1r_32x256_8_mbist.v:36:28: Signal is not used: 'sram_dbg_attempted_write'
                                                                                                                                                                                               : ... note: In instance 'sram_mbist_demo_controller.u_sram'
   36 |     logic [DATA_WIDTH-1:0] sram_dbg_attempted_write;
      |                            ^~~~~~~~~~~~~~~~~~~~~~~~
%Warning-UNUSEDSIGNAL: /root/chiploop-backend/backend/workflows/35e2e78d-d764-4a04-be6c-e0d174aa908a/digital/mbist_rtl_insertion/integrated_rtl/sky130_sram_1kbyte_1rw1r_32x256_8_mbist.v:37:28: Signal is not used: 'sram_dbg_actual_read'
                                                                                                                                                                                               : ... note: In instance 'sram_mbist_demo_controller.u_sram'
   37 |     logic [DATA_WIDTH-1:0] sram_dbg_actual_read;
      |                            ^~~~~~~~~~~~~~~~~~~~
%Warning-UNUSEDSIGNAL: /root/chiploop-backend/backend/workflows/35e2e78d-d764-4a04-be6c-e0d174aa908a/digital/mbist_rtl_insertion/integrated_rtl/sky130_sram_1kbyte_1rw1r_32x256_8_mbist.v:38:28: Signal is not used: 'sram_dbg_blocked_bits'
                                                                                                                                                                                               : ... note: In instance 'sram_mbist_demo_controller.u_sram'
   38 |     logic [DATA_WIDTH-1:0] sram_dbg_blocked_bits;
      |                            ^~~~~~~~~~~~~~~~~~~~~
%Warning-UNUSEDSIGNAL: /root/chiploop-backend/backend/workflows/35e2e78d-d764-4a04-be6c-e0d174aa908a/digital/mbist_rtl_insertion/integrated_rtl/sky130_sram_1kbyte_1rw1r_32x256_8_saboteur.v:24:11: Signal is not used: 'write_cycle'
                                                                                                                                                                                                  : ... note: In instance 'sram_mbist_demo_controller.u_sram.u_sram'
   24 |     logic write_cycle;
      |           ^~~~~~~~~~~
%Warning-UNUSEDSIGNAL: /root/chiploop-backend/backend/workflows/35e2e78d-d764-4a04-be6c-e0d174aa908a/digital/mbist_rtl_insertion/integrated_rtl/sky130_sram_1kbyte_1rw1r_32x256_8_saboteur.v:25:11: Signal is not used: 'read_cycle'
                                                                                                                                                                                                  : ... note: In instance 'sram_mbist_demo_controller.u_sram.u_sram'
   25 |     logic read_cycle;
      |           ^~~~~~~~~~
- V e r i l a t i o n   R e p o r t: Verilator 5.047 devel rev v5.046-161-g24918b83b
- Verilator: Built from 0.677 MB sources in 15 modules, into 0.133 MB in 3 C++ files needing 0.000 MB
- Verilator: Walltime 0.046 s (elab=0.007, cvt=0.021, bld=0.000); cpu 0.045 s on 1 threads; allocated 33.355 MB
