=== STDOUT ===
- V e r i l a t i o n   R e p o r t: Verilator 5.047 devel rev v5.046-161-g24918b83b
- Verilator: Built from 0.270 MB sources in 9 modules, into 0.037 MB in 3 C++ files needing 0.000 MB
- Verilator: Walltime 0.027 s (elab=0.003, cvt=0.014, bld=0.000); cpu 0.027 s on 1 threads; allocated 32.355 MB

=== STDERR ===
%Warning-WIDTHEXPAND: pass2/request_fsm.v:46:41: Operator ASSIGNDLY expects 16 bits on the Assign RHS, but Assign RHS's REPLICATE generates 11 bits.
                                               : ... note: In instance 'motor_control_top.u_request_fsm'
   46 |                         req_geom_handle <= {8'hA5, cfg_mode};
      |                                         ^~
                      ... For warning description see https://verilator.org/warn/WIDTHEXPAND?v=5.047
                      ... Use "/* verilator lint_off WIDTHEXPAND */" and lint_on around source to disable this message.
%Warning-WIDTHEXPAND: pass2/request_fsm.v:49:34: Operator ASSIGNDLY expects 64 bits on the Assign RHS, but Assign RHS's REPLICATE generates 56 bits.
                                               : ... note: In instance 'motor_control_top.u_request_fsm'
   49 |                         req_data <= {cfg_safe_fallback[31:0], cfg_seq_seed, cfg_mode, 13'd0};
      |                                  ^~
%Warning-WIDTHTRUNC: pass2/register_file_64b.v:79:36: Operator ASSIGNDLY expects 64 bits on the Assign RHS, but Assign RHS's REPLICATE generates 66 bits.
                                                    : ... note: In instance 'motor_control_top.u_register_file_64b'
   79 |             8'h00: cfg_bus_rdata_r <= {56'd0, 1'b0, fault_in, 1'b0, 1'b0, 3'b000, cfg_mode};
      |                                    ^~
                     ... For warning description see https://verilator.org/warn/WIDTHTRUNC?v=5.047
                     ... Use "/* verilator lint_off WIDTHTRUNC */" and lint_on around source to disable this message.
%Warning-UNUSEDSIGNAL: pass2/motor_control_top.v:29:11: Signal is not used: 'register_file_64b_cfg_status_clear'
                                                      : ... note: In instance 'motor_control_top'
   29 |     input register_file_64b_cfg_status_clear,
      |           ^~~~~~~~~~~~~~~~~~~~~~~~~~~~~~~~~~
                       ... For warning description see https://verilator.org/warn/UNUSEDSIGNAL?v=5.047
                       ... Use "/* verilator lint_off UNUSEDSIGNAL */" and lint_on around source to disable this message.
%Warning-UNDRIVEN: pass2/motor_control_top.v:31:19: Signal is not driven: 'register_file_64b_status_flags_in'
                                                  : ... note: In instance 'motor_control_top'
   31 |     output [31:0] register_file_64b_status_flags_in,
      |                   ^~~~~~~~~~~~~~~~~~~~~~~~~~~~~~~~~
                   ... For warning description see https://verilator.org/warn/UNDRIVEN?v=5.047
                   ... Use "/* verilator lint_off UNDRIVEN */" and lint_on around source to disable this message.
%Warning-UNDRIVEN: pass2/motor_control_top.v:32:12: Signal is not driven: 'register_file_64b_fault_in'
                                                  : ... note: In instance 'motor_control_top'
   32 |     output register_file_64b_fault_in,
      |            ^~~~~~~~~~~~~~~~~~~~~~~~~~
%Warning-UNUSEDSIGNAL: pass2/motor_control_top.v:41:18: Signal is not used: 'request_fsm_req_geom_handle'
                                                      : ... note: In instance 'motor_control_top'
   41 |     input [15:0] request_fsm_req_geom_handle,
      |                  ^~~~~~~~~~~~~~~~~~~~~~~~~~~
%Warning-UNUSEDSIGNAL: pass2/motor_control_top.v:42:18: Signal is not used: 'request_fsm_req_flow_id'
                                                      : ... note: In instance 'motor_control_top'
   42 |     input [15:0] request_fsm_req_flow_id,
      |                  ^~~~~~~~~~~~~~~~~~~~~~~
%Warning-UNUSEDSIGNAL: pass2/motor_control_top.v:43:17: Signal is not used: 'request_fsm_req_ctrl_flags'
                                                      : ... note: In instance 'motor_control_top'
   43 |     input [7:0] request_fsm_req_ctrl_flags,
      |                 ^~~~~~~~~~~~~~~~~~~~~~~~~~
%Warning-UNUSEDSIGNAL: pass2/motor_control_top.v:69:18: Signal is not used: 'clamp_unit_cmd_raw'
                                                      : ... note: In instance 'motor_control_top'
   69 |     input [31:0] clamp_unit_cmd_raw,
      |                  ^~~~~~~~~~~~~~~~~~
%Warning-UNUSEDSIGNAL: pass2/motor_control_top.v:81:11: Signal is not used: 'fallback_controller_cmd_select_safe'
                                                      : ... note: In instance 'motor_control_top'
   81 |     input fallback_controller_cmd_select_safe,
      |           ^~~~~~~~~~~~~~~~~~~~~~~~~~~~~~~~~~~
%Warning-UNUSEDSIGNAL: pass2/motor_control_top.v:99:18: Signal is not used: 'status_aggregator_status_flags_out'
                                                      : ... note: In instance 'motor_control_top'
   99 |     input [31:0] status_aggregator_status_flags_out
      |                  ^~~~~~~~~~~~~~~~~~~~~~~~~~~~~~~~~~
%Warning-UNUSEDSIGNAL: pass2/motor_control_top.v:112:6: Signal is not used: 'clamp_unit_clamp_violation_from_u_clamp_unit'
                                                      : ... note: In instance 'motor_control_top'
  112 | wire clamp_unit_clamp_violation_from_u_clamp_unit;
      |      ^~~~~~~~~~~~~~~~~~~~~~~~~~~~~~~~~~~~~~~~~~~~
%Warning-UNUSEDSIGNAL: pass2/motor_control_top.v:113:13: Signal is not used: 'clamp_unit_cmd_clamped_from_u_clamp_unit'
                                                       : ... note: In instance 'motor_control_top'
  113 | wire [31:0] clamp_unit_cmd_clamped_from_u_clamp_unit;
      |             ^~~~~~~~~~~~~~~~~~~~~~~~~~~~~~~~~~~~~~~~
%Warning-UNUSEDSIGNAL: pass2/motor_control_top.v:114:13: Signal is not used: 'clamp_unit_cmd_raw_from_u_clamp_unit'
                                                       : ... note: In instance 'motor_control_top'
  114 | wire [31:0] clamp_unit_cmd_raw_from_u_clamp_unit;
      |             ^~~~~~~~~~~~~~~~~~~~~~~~~~~~~~~~~~~~
%Warning-UNUSEDSIGNAL: pass2/motor_control_top.v:115:13: Signal is not used: 'clamp_unit_safe_cmd_from_u_clamp_unit'
                                                       : ... note: In instance 'motor_control_top'
  115 | wire [31:0] clamp_unit_safe_cmd_from_u_clamp_unit;
      |             ^~~~~~~~~~~~~~~~~~~~~~~~~~~~~~~~~~~~~
%Warning-UNUSEDSIGNAL: pass2/motor_control_top.v:116:6: Signal is not used: 'fallback_controller_cmd_force_valid_from_u_fallback_controller'
                                                      : ... note: In instance 'motor_control_top'
  116 | wire fallback_controller_cmd_force_valid_from_u_fallback_controller;
      |      ^~~~~~~~~~~~~~~~~~~~~~~~~~~~~~~~~~~~~~~~~~~~~~~~~~~~~~~~~~~~~~
%Warning-UNUSEDSIGNAL: pass2/motor_control_top.v:117:6: Signal is not used: 'fallback_controller_cmd_select_safe_from_u_fallback_controller'
                                                      : ... note: In instance 'motor_control_top'
  117 | wire fallback_controller_cmd_select_safe_from_u_fallback_controller;
      |      ^~~~~~~~~~~~~~~~~~~~~~~~~~~~~~~~~~~~~~~~~~~~~~~~~~~~~~~~~~~~~~
%Warning-UNUSEDSIGNAL: pass2/motor_control_top.v:118:6: Signal is not used: 'fallback_controller_fallback_active_from_u_fallback_controller'
                                                      : ... note: In instance 'motor_control_top'
  118 | wire fallback_controller_fallback_active_from_u_fallback_controller;
      |      ^~~~~~~~~~~~~~~~~~~~~~~~~~~~~~~~~~~~~~~~~~~~~~~~~~~~~~~~~~~~~~
%Warning-UNUSEDSIGNAL: pass2/motor_control_top.v:119:13: Signal is not used: 'register_file_64b_cfg_act_max_from_u_register_file_64b'
                                                       : ... note: In instance 'motor_control_top'
  119 | wire [31:0] register_file_64b_cfg_act_max_from_u_register_file_64b;
      |             ^~~~~~~~~~~~~~~~~~~~~~~~~~~~~~~~~~~~~~~~~~~~~~~~~~~~~~
%Warning-UNUSEDSIGNAL: pass2/motor_control_top.v:120:13: Signal is not used: 'register_file_64b_cfg_act_min_from_u_register_file_64b'
                                                       : ... note: In instance 'motor_control_top'
  120 | wire [31:0] register_file_64b_cfg_act_min_from_u_register_file_64b;
      |             ^~~~~~~~~~~~~~~~~~~~~~~~~~~~~~~~~~~~~~~~~~~~~~~~~~~~~~
%Warning-UNUSEDSIGNAL: pass2/motor_control_top.v:121:6: Signal is not used: 'register_file_64b_cfg_enable_from_u_register_file_64b'
                                                      : ... note: In instance 'motor_control_top'
  121 | wire register_file_64b_cfg_enable_from_u_register_file_64b;
      |      ^~~~~~~~~~~~~~~~~~~~~~~~~~~~~~~~~~~~~~~~~~~~~~~~~~~~~
%Warning-UNUSEDSIGNAL: pass2/motor_control_top.v:122:6: Signal is not used: 'register_file_64b_cfg_fault_write_from_u_register_file_64b'
                                                      : ... note: In instance 'motor_control_top'
  122 | wire register_file_64b_cfg_fault_write_from_u_register_file_64b;
      |      ^~~~~~~~~~~~~~~~~~~~~~~~~~~~~~~~~~~~~~~~~~~~~~~~~~~~~~~~~~
%Warning-UNUSEDSIGNAL: pass2/motor_control_top.v:123:13: Signal is not used: 'register_file_64b_cfg_freshness_threshold_from_u_register_file_64b'
                                                       : ... note: In instance 'motor_control_top'
  123 | wire [15:0] register_file_64b_cfg_freshness_threshold_from_u_register_file_64b;
      |             ^~~~~~~~~~~~~~~~~~~~~~~~~~~~~~~~~~~~~~~~~~~~~~~~~~~~~~~~~~~~~~~~~~
%Warning-UNUSEDSIGNAL: pass2/motor_control_top.v:124:12: Signal is not used: 'register_file_64b_cfg_mode_from_u_register_file_64b'
                                                       : ... note: In instance 'motor_control_top'
  124 | wire [2:0] register_file_64b_cfg_mode_from_u_register_file_64b;
      |            ^~~~~~~~~~~~~~~~~~~~~~~~~~~~~~~~~~~~~~~~~~~~~~~~~~~
%Warning-UNUSEDSIGNAL: pass2/motor_control_top.v:125:13: Signal is not used: 'register_file_64b_cfg_safe_fallback_from_u_register_file_64b'
                                                       : ... note: In instance 'motor_control_top'
  125 | wire [31:0] register_file_64b_cfg_safe_fallback_from_u_register_file_64b;
      |             ^~~~~~~~~~~~~~~~~~~~~~~~~~~~~~~~~~~~~~~~~~~~~~~~~~~~~~~~~~~~
%Warning-UNUSEDSIGNAL: pass2/motor_control_top.v:126:12: Signal is not used: 'register_file_64b_cfg_seq_seed_from_u_register_file_64b'
                                                       : ... note: In instance 'motor_control_top'
  126 | wire [7:0] register_file_64b_cfg_seq_seed_from_u_register_file_64b;
      |            ^~~~~~~~~~~~~~~~~~~~~~~~~~~~~~~~~~~~~~~~~~~~~~~~~~~~~~~
%Warning-UNUSEDSIGNAL: pass2/motor_control_top.v:127:6: Signal is not used: 'register_file_64b_cfg_soft_reset_from_u_register_file_64b'
                                                      : ... note: In instance 'motor_control_top'
  127 | wire register_file_64b_cfg_soft_reset_from_u_register_file_64b;
      |      ^~~~~~~~~~~~~~~~~~~~~~~~~~~~~~~~~~~~~~~~~~~~~~~~~~~~~~~~~
%Warning-UNUSEDSIGNAL: pass2/motor_control_top.v:128:6: Signal is not used: 'register_file_64b_cfg_status_clear_from_u_register_file_64b'
                                                      : ... note: In instance 'motor_control_top'
  128 | wire register_file_64b_cfg_status_clear_from_u_register_file_64b;
      |      ^~~~~~~~~~~~~~~~~~~~~~~~~~~~~~~~~~~~~~~~~~~~~~~~~~~~~~~~~~~
%Warning-UNUSEDSIGNAL: pass2/motor_control_top.v:129:13: Signal is not used: 'register_file_64b_cfg_timeout_threshold_from_u_register_file_64b'
                                                       : ... note: In instance 'motor_control_top'
  129 | wire [15:0] register_file_64b_cfg_timeout_threshold_from_u_register_file_64b;
      |             ^~~~~~~~~~~~~~~~~~~~~~~~~~~~~~~~~~~~~~~~~~~~~~~~~~~~~~~~~~~~~~~~
%Warning-UNUSEDSIGNAL: pass2/motor_control_top.v:130:12: Signal is not used: 'request_fsm_req_ctrl_flags_from_u_request_fsm'
                                                       : ... note: In instance 'motor_control_top'
  130 | wire [7:0] request_fsm_req_ctrl_flags_from_u_request_fsm;
      |            ^~~~~~~~~~~~~~~~~~~~~~~~~~~~~~~~~~~~~~~~~~~~~
%Warning-UNUSEDSIGNAL: pass2/motor_control_top.v:131:13: Signal is not used: 'request_fsm_req_flow_id_from_u_request_fsm'
                                                       : ... note: In instance 'motor_control_top'
  131 | wire [15:0] request_fsm_req_flow_id_from_u_request_fsm;
      |             ^~~~~~~~~~~~~~~~~~~~~~~~~~~~~~~~~~~~~~~~~~
%Warning-UNUSEDSIGNAL: pass2/motor_control_top.v:132:13: Signal is not used: 'request_fsm_req_geom_handle_from_u_request_fsm'
                                                       : ... note: In instance 'motor_control_top'
  132 | wire [15:0] request_fsm_req_geom_handle_from_u_request_fsm;
      |             ^~~~~~~~~~~~~~~~~~~~~~~~~~~~~~~~~~~~~~~~~~~~~~
%Warning-UNUSEDSIGNAL: pass2/motor_control_top.v:133:6: Signal is not used: 'request_fsm_req_launch_from_u_request_fsm'
                                                      : ... note: In instance 'motor_control_top'
  133 | wire request_fsm_req_launch_from_u_request_fsm;
      |      ^~~~~~~~~~~~~~~~~~~~~~~~~~~~~~~~~~~~~~~~~
%Warning-UNUSEDSIGNAL: pass2/motor_control_top.v:134:12: Signal is not used: 'request_fsm_req_seq_out_from_u_request_fsm'
                                                       : ... note: In instance 'motor_control_top'
  134 | wire [7:0] request_fsm_req_seq_out_from_u_request_fsm;
      |            ^~~~~~~~~~~~~~~~~~~~~~~~~~~~~~~~~~~~~~~~~~
%Warning-UNUSEDSIGNAL: pass2/motor_control_top.v:135:6: Signal is not used: 'response_validator_reject_fault_from_u_response_validator'
                                                      : ... note: In instance 'motor_control_top'
  135 | wire response_validator_reject_fault_from_u_response_validator;
      |      ^~~~~~~~~~~~~~~~~~~~~~~~~~~~~~~~~~~~~~~~~~~~~~~~~~~~~~~~~
%Warning-UNUSEDSIGNAL: pass2/motor_control_top.v:136:6: Signal is not used: 'response_validator_reject_stale_from_u_response_validator'
                                                      : ... note: In instance 'motor_control_top'
  136 | wire response_validator_reject_stale_from_u_response_validator;
      |      ^~~~~~~~~~~~~~~~~~~~~~~~~~~~~~~~~~~~~~~~~~~~~~~~~~~~~~~~~
%Warning-UNUSEDSIGNAL: pass2/motor_control_top.v:137:12: Signal is not used: 'response_validator_validated_flags_from_u_response_validator'
                                                       : ... note: In instance 'motor_control_top'
  137 | wire [7:0] response_validator_validated_flags_from_u_response_validator;
      |            ^~~~~~~~~~~~~~~~~~~~~~~~~~~~~~~~~~~~~~~~~~~~~~~~~~~~~~~~~~~~
%Warning-UNUSEDSIGNAL: pass2/motor_control_top.v:138:6: Signal is not used: 'response_validator_validated_seq_match_from_u_response_validator'
                                                      : ... note: In instance 'motor_control_top'
  138 | wire response_validator_validated_seq_match_from_u_response_validator;
      |      ^~~~~~~~~~~~~~~~~~~~~~~~~~~~~~~~~~~~~~~~~~~~~~~~~~~~~~~~~~~~~~~~
%Warning-UNUSEDSIGNAL: pass2/motor_control_top.v:139:13: Signal is not used: 'response_validator_validated_summary_from_u_response_validator'
                                                       : ... note: In instance 'motor_control_top'
  139 | wire [31:0] response_validator_validated_summary_from_u_response_validator;
      |             ^~~~~~~~~~~~~~~~~~~~~~~~~~~~~~~~~~~~~~~~~~~~~~~~~~~~~~~~~~~~~~
%Warning-UNUSEDSIGNAL: pass2/motor_control_top.v:140:6: Signal is not used: 'response_validator_validated_valid_from_u_response_validator'
                                                      : ... note: In instance 'motor_control_top'
  140 | wire response_validator_validated_valid_from_u_response_validator;
      |      ^~~~~~~~~~~~~~~~~~~~~~~~~~~~~~~~~~~~~~~~~~~~~~~~~~~~~~~~~~~~
%Warning-UNUSEDSIGNAL: pass2/motor_control_top.v:141:13: Signal is not used: 'timeout_counter_elapsed_age_from_u_timeout_counter'
                                                       : ... note: In instance 'motor_control_top'
  141 | wire [15:0] timeout_counter_elapsed_age_from_u_timeout_counter;
      |             ^~~~~~~~~~~~~~~~~~~~~~~~~~~~~~~~~~~~~~~~~~~~~~~~~~
%Warning-UNUSEDSIGNAL: pass2/motor_control_top.v:142:6: Signal is not used: 'timeout_counter_stale_expired_from_u_timeout_counter'
                                                      : ... note: In instance 'motor_control_top'
  142 | wire timeout_counter_stale_expired_from_u_timeout_counter;
      |      ^~~~~~~~~~~~~~~~~~~~~~~~~~~~~~~~~~~~~~~~~~~~~~~~~~~~
%Warning-UNUSEDSIGNAL: pass2/motor_control_top.v:143:6: Signal is not used: 'timeout_counter_timeout_expired_from_u_timeout_counter'
                                                      : ... note: In instance 'motor_control_top'
  143 | wire timeout_counter_timeout_expired_from_u_timeout_counter;
      |      ^~~~~~~~~~~~~~~~~~~~~~~~~~~~~~~~~~~~~~~~~~~~~~~~~~~~~~
%Warning-UNUSEDSIGNAL: pass2/fallback_controller.v:10:18: Signal is not used: 'safe_cmd_in'
                                                        : ... note: In instance 'motor_control_top.u_fallback_controller'
   10 |     input [31:0] safe_cmd_in,
      |                  ^~~~~~~~~~~
%Warning-UNUSEDSIGNAL: pass2/register_file_64b.v:5:18: Bits of signal are not used: 'cfg_bus_wdata'[63:8]
                                                     : ... note: In instance 'motor_control_top.u_register_file_64b'
    5 |     input [63:0] cfg_bus_wdata,
      |                  ^~~~~~~~~~~~~
%Warning-UNUSEDSIGNAL: pass2/request_fsm.v:9:17: Signal is not used: 'outstanding_seq'
                                               : ... note: In instance 'motor_control_top.u_request_fsm'
    9 |     input [7:0] outstanding_seq,
      |                 ^~~~~~~~~~~~~~~
%Warning-UNUSEDSIGNAL: pass2/request_fsm.v:20:11: Signal is not used: 'seq_reg'
                                                : ... note: In instance 'motor_control_top.u_request_fsm'
   20 | reg [7:0] seq_reg;
      |           ^~~~~~~
%Warning-UNUSEDSIGNAL: pass2/response_validator.v:4:18: Bits of signal are not used: 'resp_data'[31:16]
                                                      : ... note: In instance 'motor_control_top.u_response_validator'
    4 |     input [63:0] resp_data,
      |                  ^~~~~~~~~
%Warning-UNUSEDSIGNAL: pass2/status_aggregator.v:5:18: Bits of signal are not used: 'cfg_timeout_threshold'[15:8]
                                                     : ... note: In instance 'motor_control_top.u_status_aggregator'
    5 |     input [15:0] cfg_timeout_threshold,
      |                  ^~~~~~~~~~~~~~~~~~~~~
%Warning-UNUSEDSIGNAL: pass2/status_aggregator.v:6:18: Bits of signal are not used: 'cfg_freshness_threshold'[15:8]
                                                     : ... note: In instance 'motor_control_top.u_status_aggregator'
    6 |     input [15:0] cfg_freshness_threshold,
      |                  ^~~~~~~~~~~~~~~~~~~~~~~
%Warning-UNUSEDSIGNAL: pass2/status_aggregator.v:7:18: Bits of signal are not used: 'cfg_act_min'[31:16]
                                                     : ... note: In instance 'motor_control_top.u_status_aggregator'
    7 |     input [31:0] cfg_act_min,
      |                  ^~~~~~~~~~~
%Warning-UNUSEDSIGNAL: pass2/status_aggregator.v:8:18: Bits of signal are not used: 'cfg_act_max'[31:16]
                                                     : ... note: In instance 'motor_control_top.u_status_aggregator'
    8 |     input [31:0] cfg_act_max,
      |                  ^~~~~~~~~~~
%Warning-UNUSEDSIGNAL: pass2/status_aggregator.v:9:17: Bits of signal are not used: 'outstanding_seq'[7:4]
                                                     : ... note: In instance 'motor_control_top.u_status_aggregator'
    9 |     input [7:0] outstanding_seq,
      |                 ^~~~~~~~~~~~~~~

=== RETURN CODE ===
0
