[2026-08-07T02:22:33.033813Z] Digital Synthesis Agent
workflow_id=55d732dd-e74d-4573-942e-f57f4022a30a
workflow_dir=/root/chiploop-backend/artifacts/3c6dfa47-ba1d-4be5-857c-c60b38fc0ff6/55d732dd-e74d-4573-942e-f57f4022a30a/4eff7828-b199-475d-b369-869bb7f9364b/digital/arch2tapeout
spec_json=/root/chiploop-backend/artifacts/3c6dfa47-ba1d-4be5-857c-c60b38fc0ff6/55d732dd-e74d-4573-942e-f57f4022a30a/4eff7828-b199-475d-b369-869bb7f9364b/digital/arch2tapeout/handoff/spec/digital_spec.json
top_module=motor_control_top
rtl_count=6
request_target_frequency_mhz=100.0
clock_period_ns=10.0
upstream_sdc=/root/chiploop-backend/artifacts/3c6dfa47-ba1d-4be5-857c-c60b38fc0ff6/55d732dd-e74d-4573-942e-f57f4022a30a/4eff7828-b199-475d-b369-869bb7f9364b/digital/arch2tapeout/digital/impl_setup/constraints/motor_control_top.sdc
sdc_basename=motor_control_top.sdc
synth_sdc_path=artifacts/3c6dfa47-ba1d-4be5-857c-c60b38fc0ff6/55d732dd-e74d-4573-942e-f57f4022a30a/4eff7828-b199-475d-b369-869bb7f9364b/digital/arch2tapeout/digital/synth/constraints/motor_control_top.sdc
state_constraints_sdc=/root/chiploop-backend/artifacts/3c6dfa47-ba1d-4be5-857c-c60b38fc0ff6/55d732dd-e74d-4573-942e-f57f4022a30a/4eff7828-b199-475d-b369-869bb7f9364b/digital/arch2tapeout/digital/impl_setup/constraints/motor_control_top.sdc
pdk_variant=sky130A
macro_lib_count=0
macro_lef_count=0
macro_gds_count=0
macro_spice_count=0
macro_verilog_count=0
pdk_sram_collateral=[]
yosys_macro_lib_script=artifacts/3c6dfa47-ba1d-4be5-857c-c60b38fc0ff6/55d732dd-e74d-4573-942e-f57f4022a30a/4eff7828-b199-475d-b369-869bb7f9364b/digital/arch2tapeout/digital/synth/yosys_macro_libs.ys
pre_synthesis_rtl_repairs={"transport_dispatch_fsm.v": ["normalized_nonconstant_async_reset_to_synchronous:state_r"]}
