Warning: No PCF file specified; IO pins will be placed automatically

Info: Packing constants..
Info: Packing IOs..
Info: Packing LUT-FFs..
Info:     4701 LCs used as LUT4 only
Info:      222 LCs used as LUT4 and DFF
Info: Packing non-LUT FFs..
Info:      577 LCs used as DFF only
Info: Packing carries..
Info:       99 LCs used as CARRY only
Info: Packing indirect carry+LUT pairs...
Info:       40 LUTs merged into carry LCs
Info: Packing RAMs..
Info: Placing PLLs..
Info: Packing special functions..
Info: Packing PLLs..
Info: Promoting globals..
Info: promoting clk$SB_IO_IN (fanout 799)
Info: promoting reset_n_SB_LUT4_I3_O [reset] (fanout 795)
Info: promoting sensor_valid$SB_IO_IN [cen] (fanout 48)
Info: promoting register_bank[0]_SB_DFFES_Q_E [cen] (fanout 32)
Info: promoting register_bank[10]_SB_DFFES_Q_E [cen] (fanout 32)
Info: promoting register_bank[11]_SB_DFFES_Q_E [cen] (fanout 32)
Info: Constraining chains...
Info:       11 LCs used to legalise carry chains.
Info: Checksum: 0x0e3e962e

Info: Device utilisation:
Info: 	         ICESTORM_LC:  5572/ 7680    72%
Info: 	        ICESTORM_RAM:     0/   32     0%
Info: 	               SB_IO:    82/  256    32%
Info: 	               SB_GB:     6/    8    75%
Info: 	        ICESTORM_PLL:     0/    2     0%
Info: 	         SB_WARMBOOT:     0/    1     0%

Info: Placed 0 cells based on constraints.
Info: Creating initial analytic placement for 5145 cells, random placement wirelen = 163993.
Info:     at initial placer iter 0, wirelen = 3128
Info:     at initial placer iter 1, wirelen = 3344
Info:     at initial placer iter 2, wirelen = 3149
Info:     at initial placer iter 3, wirelen = 3062
Info: Running main analytical placer, max placement attempts per cell = 4004450.
Info:     at iteration #1, type ALL: wirelen solved = 3080, spread = 38191, legal = 40009; time = 0.19s
Info:     at iteration #2, type ALL: wirelen solved = 4002, spread = 31202, legal = 32843; time = 0.22s
Info:     at iteration #3, type ALL: wirelen solved = 5889, spread = 28230, legal = 29822; time = 0.21s
Info:     at iteration #4, type ALL: wirelen solved = 7773, spread = 27481, legal = 28830; time = 0.20s
Info:     at iteration #5, type ALL: wirelen solved = 9392, spread = 26423, legal = 28342; time = 0.19s
Info:     at iteration #6, type ALL: wirelen solved = 10382, spread = 26682, legal = 28495; time = 0.18s
Info:     at iteration #7, type ALL: wirelen solved = 11353, spread = 25495, legal = 27107; time = 0.19s
Info:     at iteration #8, type ALL: wirelen solved = 12341, spread = 24847, legal = 26653; time = 0.18s
Info:     at iteration #9, type ALL: wirelen solved = 13186, spread = 24769, legal = 26500; time = 0.20s
Info:     at iteration #10, type ALL: wirelen solved = 14314, spread = 24736, legal = 26208; time = 0.19s
Info:     at iteration #11, type ALL: wirelen solved = 14717, spread = 23985, legal = 25473; time = 0.18s
Info:     at iteration #12, type ALL: wirelen solved = 15213, spread = 23526, legal = 25508; time = 0.18s
Info:     at iteration #13, type ALL: wirelen solved = 15638, spread = 23017, legal = 24945; time = 0.18s
Info:     at iteration #14, type ALL: wirelen solved = 15938, spread = 22947, legal = 24872; time = 0.18s
Info:     at iteration #15, type ALL: wirelen solved = 16290, spread = 22904, legal = 24815; time = 0.19s
Info:     at iteration #16, type ALL: wirelen solved = 16407, spread = 23151, legal = 24684; time = 0.17s
Info:     at iteration #17, type ALL: wirelen solved = 17121, spread = 22472, legal = 24306; time = 0.18s
Info:     at iteration #18, type ALL: wirelen solved = 17325, spread = 22264, legal = 24256; time = 0.18s
Info:     at iteration #19, type ALL: wirelen solved = 17453, spread = 22163, legal = 24037; time = 0.17s
Info:     at iteration #20, type ALL: wirelen solved = 17480, spread = 22655, legal = 24255; time = 0.18s
Info:     at iteration #21, type ALL: wirelen solved = 18236, spread = 22365, legal = 24085; time = 0.19s
Info:     at iteration #22, type ALL: wirelen solved = 18420, spread = 22502, legal = 24254; time = 0.20s
Info:     at iteration #23, type ALL: wirelen solved = 18428, spread = 22393, legal = 23840; time = 0.23s
Info:     at iteration #24, type ALL: wirelen solved = 18725, spread = 22213, legal = 23917; time = 0.24s
Info:     at iteration #25, type ALL: wirelen solved = 18432, spread = 21973, legal = 24076; time = 0.20s
Info:     at iteration #26, type ALL: wirelen solved = 18615, spread = 22306, legal = 23956; time = 0.22s
Info:     at iteration #27, type ALL: wirelen solved = 18833, spread = 22411, legal = 24275; time = 0.25s
Info:     at iteration #28, type ALL: wirelen solved = 18844, spread = 22424, legal = 24352; time = 0.25s
Info: HeAP Placer Time: 8.39s
Info:   of which solving equations: 4.61s
Info:   of which spreading cells: 0.74s
Info:   of which strict legalisation: 0.60s

Info: Running simulated annealing placer for refinement.
Info:   at iteration #1: temp = 0.000000, timing cost = 4348, wirelen = 23840
Info:   at iteration #5: temp = 0.000000, timing cost = 4394, wirelen = 21561
Info:   at iteration #10: temp = 0.000000, timing cost = 4687, wirelen = 20769
Info:   at iteration #15: temp = 0.000000, timing cost = 4565, wirelen = 20395
Info:   at iteration #20: temp = 0.000000, timing cost = 4540, wirelen = 20256
Info:   at iteration #25: temp = 0.000000, timing cost = 4520, wirelen = 20173
Info:   at iteration #28: temp = 0.000000, timing cost = 4515, wirelen = 20159 
Info: SA placement time 15.88s

Info: Max frequency for clock 'clk$SB_IO_IN_$glb_clk': 31.97 MHz (PASS at 30.00 MHz)

Info: Max delay <async>                       -> <async>                      : 15.49 ns
Info: Max delay <async>                       -> posedge clk$SB_IO_IN_$glb_clk: 18.68 ns
Info: Max delay posedge clk$SB_IO_IN_$glb_clk -> <async>                      : 30.46 ns

Info: Slack histogram:
Info:  legend: * represents 3 endpoint(s)
Info:          + represents [1,3) endpoint(s)
Info: [  2057,   3548) |**************************************************+
Info: [  3548,   5039) |*********************+
Info: [  5039,   6530) |***********************************+
Info: [  6530,   8021) |*************************+
Info: [  8021,   9512) |*+
Info: [  9512,  11003) |+
Info: [ 11003,  12494) | 
Info: [ 12494,  13985) | 
Info: [ 13985,  15476) |+
Info: [ 15476,  16967) |**+
Info: [ 16967,  18458) |**+
Info: [ 18458,  19949) |**+
Info: [ 19949,  21440) |**************+
Info: [ 21440,  22931) |**********************+
Info: [ 22931,  24422) |*****************************************+
Info: [ 24422,  25913) |************************************************************ 
Info: [ 25913,  27404) |**********************************************************+
Info: [ 27404,  28895) |****************+
Info: [ 28895,  30386) |****************************+
Info: [ 30386,  31877) |**************************************** 
Info: Checksum: 0x9251666c

Info: Routing..
Info: Setting up routing queue.
Info: Routing 18785 arcs.
Info:            |   (re-)routed arcs  |   delta    | remaining|       time spent     |
Info:    IterCnt |  w/ripup   wo/ripup |  w/r  wo/r |      arcs| batch(sec) total(sec)|
Info:       1000 |       78        921 |   78   921 |     18017|       1.81       1.81|
Info:       2000 |      218       1781 |  140   860 |     17284|       0.98       2.78|
Info:       3000 |      398       2601 |  180   820 |     16679|       0.88       3.66|
Info:       4000 |      648       3351 |  250   750 |     16245|       0.79       4.45|
Info:       5000 |      949       4050 |  301   699 |     15885|       0.88       5.33|
Info:       6000 |     1231       4768 |  282   718 |     15624|       0.72       6.05|
Info:       7000 |     1509       5490 |  278   722 |     15381|       0.86       6.91|
Info:       8000 |     1792       6207 |  283   717 |     15057|       0.76       7.66|
Info:       9000 |     2064       6935 |  272   728 |     14735|       0.72       8.39|
Info:      10000 |     2342       7657 |  278   722 |     14348|       0.74       9.12|
Info:      11000 |     2640       8359 |  298   702 |     14101|       0.83       9.95|
Info:      12000 |     2860       9139 |  220   780 |     13656|       0.85      10.80|
Info:      13000 |     3103       9896 |  243   757 |     13116|       0.76      11.56|
Info:      14000 |     3375      10624 |  272   728 |     12703|       0.79      12.35|
Info:      15000 |     3749      11250 |  374   626 |     12498|       0.82      13.18|
Info:      16000 |     4051      11948 |  302   698 |     12288|       1.24      14.41|
Info:      17000 |     4394      12560 |  343   612 |     11899|       0.58      14.99|
Info:      18000 |     4644      13307 |  250   747 |     11227|       0.27      15.26|
Info:      19000 |     5023      13928 |  379   621 |     10932|       0.61      15.88|
Info:      20000 |     5316      14635 |  293   707 |     10458|       0.56      16.44|
Info:      21000 |     5771      15180 |  455   545 |     10145|       0.41      16.85|
Info:      22000 |     6193      15758 |  422   578 |      9930|       0.78      17.64|
Info:      23000 |     6659      16292 |  466   534 |      9685|       0.49      18.12|
Info:      24000 |     7054      16897 |  395   605 |      9369|       0.60      18.72|
Info:      25000 |     7481      17470 |  427   573 |      9164|       0.99      19.71|
Info:      26000 |     7877      18074 |  396   604 |      8834|       0.75      20.46|
Info:      27000 |     8228      18723 |  351   649 |      8363|       0.64      21.10|
Info:      28000 |     8650      19301 |  422   578 |      8133|       0.72      21.82|
Info:      29000 |     9100      19851 |  450   550 |      7755|       0.60      22.42|
Info:      30000 |     9488      20463 |  388   612 |      7379|       0.60      23.02|
Info:      31000 |     9859      21092 |  371   629 |      7062|       0.72      23.74|
Info:      32000 |    10256      21695 |  397   603 |      6748|       0.70      24.45|
Info:      33000 |    10618      22333 |  362   638 |      6430|       0.68      25.13|
Info:      34000 |    11023      22903 |  405   570 |      6063|       0.79      25.92|
Info:      35000 |    11294      23545 |  271   642 |      5465|       0.48      26.40|
Info:      36000 |    11706      24121 |  412   576 |      5134|       0.53      26.93|
Info:      37000 |    12195      24607 |  489   486 |      4858|       0.67      27.59|
Info:      38000 |    12652      25122 |  457   515 |      4597|       0.82      28.42|
Info:      39000 |    12965      25780 |  313   658 |      4067|       0.46      28.88|
Info:      40000 |    13309      26409 |  344   629 |      3534|       0.46      29.34|
Info:      41000 |    13547      27146 |  238   737 |      2885|       0.42      29.75|
Info:      42000 |    13834      27794 |  287   648 |      2334|       0.55      30.31|
Info:      43000 |    14241      28387 |  407   593 |      2186|       1.31      31.62|
Info:      44000 |    14572      29056 |  331   669 |      1763|       1.46      33.07|
Info:      45000 |    14912      29716 |  340   660 |      1246|       1.44      34.52|
Info:      46000 |    15341      30287 |  429   571 |      1075|       1.44      35.96|
Info:      47000 |    15788      30840 |  447   553 |       793|       1.27      37.23|
Info:      48000 |    16242      31386 |  454   546 |       485|       1.34      38.57|
Info:      49000 |    16753      31875 |  511   489 |       343|       1.17      39.74|
Info:      50000 |    17197      32431 |  444   556 |       181|       1.11      40.85|
Info:      50757 |    17574      32812 |  377   381 |         0|       1.22      42.08|
Info: Routing complete.
Info: Router1 time 42.08s
Info: Checksum: 0x8e563e2d

Info: Critical path report for clock 'clk$SB_IO_IN_$glb_clk' (posedge -> posedge):
Info: curr total
Info:  0.5  0.5  Source operand_b_SB_DFFS_Q_D_SB_LUT4_O_18_LC.O
Info:  2.0  2.6    Net debug_data_SB_LUT4_O_10_I2_SB_LUT4_O_I0_SB_LUT4_O_1_I2_SB_LUT4_O_I2_SB_LUT4_O_I0[2] (12,12) -> (9,3)
Info:                Sink debug_data_SB_LUT4_O_12_I0_SB_LUT4_O_I2_SB_LUT4_O_I0_SB_LUT4_O_2_I0_SB_LUT4_I0_O_SB_LUT4_O_1_I0_SB_LUT4_O_1_I0_SB_LUT4_I0_O_SB_LUT4_O_1_I3_SB_LUT4_I1_O_SB_LUT4_O_1_I3_SB_LUT4_I1_O_SB_LUT4_O_1_I3_SB_LUT4_I1_O_SB_LUT4_O_1_I3_SB_LUT4_I1_O_SB_LUT4_O_1_I3_SB_LUT4_O_1_LC.I1
Info:                Defined in:
Info:                  /root/chiploop-backend/backend/workflows/348dfdf9-8c11-400f-8e25-503b3373a6d9/fpga/src/rtl/review_input.sv:18.14-18.23
Info:  0.4  3.0  Source debug_data_SB_LUT4_O_12_I0_SB_LUT4_O_I2_SB_LUT4_O_I0_SB_LUT4_O_2_I0_SB_LUT4_I0_O_SB_LUT4_O_1_I0_SB_LUT4_O_1_I0_SB_LUT4_I0_O_SB_LUT4_O_1_I3_SB_LUT4_I1_O_SB_LUT4_O_1_I3_SB_LUT4_I1_O_SB_LUT4_O_1_I3_SB_LUT4_I1_O_SB_LUT4_O_1_I3_SB_LUT4_I1_O_SB_LUT4_O_1_I3_SB_LUT4_O_1_LC.O
Info:  0.6  3.5    Net debug_data_SB_LUT4_O_12_I0_SB_LUT4_O_I2_SB_LUT4_O_I0_SB_LUT4_O_2_I0_SB_LUT4_I0_O_SB_LUT4_O_1_I0_SB_LUT4_O_1_I0_SB_LUT4_I0_O_SB_LUT4_O_1_I3_SB_LUT4_I1_O_SB_LUT4_O_1_I3_SB_LUT4_I1_O_SB_LUT4_O_1_I3_SB_LUT4_I1_O_SB_LUT4_O_1_I3_SB_LUT4_I1_O_SB_LUT4_O_1_I3[1] (9,3) -> (10,2)
Info:                Sink debug_data_SB_LUT4_O_12_I0_SB_LUT4_O_I2_SB_LUT4_O_I0_SB_LUT4_O_2_I0_SB_LUT4_I0_O_SB_LUT4_O_1_I0_SB_LUT4_O_1_I0_SB_LUT4_I0_O_SB_LUT4_O_1_I3_SB_LUT4_I1_O_SB_LUT4_O_1_I3_SB_LUT4_I1_O_SB_LUT4_O_1_I3_SB_LUT4_I1_O_SB_LUT4_O_1_I3_SB_LUT4_I1_O_SB_LUT4_O_1_LC.I3
Info:                Defined in:
Info:                  /usr/bin/../share/yosys/ice40/cells_map.v:6.21-6.22
Info:  0.3  3.9  Source debug_data_SB_LUT4_O_12_I0_SB_LUT4_O_I2_SB_LUT4_O_I0_SB_LUT4_O_2_I0_SB_LUT4_I0_O_SB_LUT4_O_1_I0_SB_LUT4_O_1_I0_SB_LUT4_I0_O_SB_LUT4_O_1_I3_SB_LUT4_I1_O_SB_LUT4_O_1_I3_SB_LUT4_I1_O_SB_LUT4_O_1_I3_SB_LUT4_I1_O_SB_LUT4_O_1_I3_SB_LUT4_I1_O_SB_LUT4_O_1_LC.O
Info:  0.9  4.8    Net debug_data_SB_LUT4_O_12_I0_SB_LUT4_O_I2_SB_LUT4_O_I0_SB_LUT4_O_2_I0_SB_LUT4_I0_O_SB_LUT4_O_1_I0_SB_LUT4_O_1_I0_SB_LUT4_I0_O_SB_LUT4_O_1_I3_SB_LUT4_I1_O_SB_LUT4_O_1_I3_SB_LUT4_I1_O_SB_LUT4_O_1_I3_SB_LUT4_I1_O_SB_LUT4_O_1_I3_SB_LUT4_I1_O[1] (10,2) -> (11,2)
Info:                Sink debug_data_SB_LUT4_O_12_I0_SB_LUT4_O_I2_SB_LUT4_O_I0_SB_LUT4_O_2_I0_SB_LUT4_I0_O_SB_LUT4_O_1_I0_SB_LUT4_O_1_I0_SB_LUT4_I0_O_SB_LUT4_O_1_I3_SB_LUT4_I1_O_SB_LUT4_O_1_I3_SB_LUT4_I1_O_SB_LUT4_O_1_I3_SB_LUT4_I1_O_SB_LUT4_O_1_I3_SB_LUT4_I1_O_SB_LUT4_I1_LC.I2
Info:                Defined in:
Info:                  /usr/bin/../share/yosys/ice40/cells_map.v:6.21-6.22
Info:  0.4  5.1  Source debug_data_SB_LUT4_O_12_I0_SB_LUT4_O_I2_SB_LUT4_O_I0_SB_LUT4_O_2_I0_SB_LUT4_I0_O_SB_LUT4_O_1_I0_SB_LUT4_O_1_I0_SB_LUT4_I0_O_SB_LUT4_O_1_I3_SB_LUT4_I1_O_SB_LUT4_O_1_I3_SB_LUT4_I1_O_SB_LUT4_O_1_I3_SB_LUT4_I1_O_SB_LUT4_O_1_I3_SB_LUT4_I1_O_SB_LUT4_I1_LC.O
Info:  0.6  5.7    Net debug_data_SB_LUT4_O_12_I0_SB_LUT4_O_I2_SB_LUT4_O_I0_SB_LUT4_O_2_I0_SB_LUT4_I0_O_SB_LUT4_O_1_I0_SB_LUT4_O_1_I0_SB_LUT4_I0_O_SB_LUT4_O_1_I3_SB_LUT4_I1_O_SB_LUT4_O_1_I3_SB_LUT4_I1_O_SB_LUT4_O_1_I3_SB_LUT4_I1_O_SB_LUT4_O_1_I3_SB_LUT4_I1_O_SB_LUT4_I1_O[0] (11,2) -> (11,3)
Info:                Sink full_product_SB_LUT4_O_2_I0_SB_LUT4_I3_O_SB_LUT4_O_16_I2_SB_LUT4_O_I2_SB_LUT4_O_I1_SB_LUT4_O_1_I1_SB_LUT4_O_2_LC.I1
Info:                Defined in:
Info:                  /usr/bin/../share/yosys/ice40/cells_map.v:6.21-6.22
Info:  0.4  6.1  Source full_product_SB_LUT4_O_2_I0_SB_LUT4_I3_O_SB_LUT4_O_16_I2_SB_LUT4_O_I2_SB_LUT4_O_I1_SB_LUT4_O_1_I1_SB_LUT4_O_2_LC.O
Info:  1.0  7.1    Net full_product_SB_LUT4_O_2_I0_SB_LUT4_I3_O_SB_LUT4_O_16_I2_SB_LUT4_O_I2_SB_LUT4_O_I1_SB_LUT4_O_1_I1[0] (11,3) -> (11,5)
Info:                Sink full_product_SB_LUT4_O_2_I0_SB_LUT4_I3_O_SB_LUT4_O_16_I2_SB_LUT4_O_I2_SB_LUT4_O_I1_SB_LUT4_O_1_LC.I1
Info:                Defined in:
Info:                  /usr/bin/../share/yosys/ice40/cells_map.v:6.21-6.22
Info:  0.4  7.5  Source full_product_SB_LUT4_O_2_I0_SB_LUT4_I3_O_SB_LUT4_O_16_I2_SB_LUT4_O_I2_SB_LUT4_O_I1_SB_LUT4_O_1_LC.O
Info:  1.0  8.4    Net full_product_SB_LUT4_O_2_I0_SB_LUT4_I3_O_SB_LUT4_O_16_I2_SB_LUT4_O_I2_SB_LUT4_O_I1[1] (11,5) -> (12,7)
Info:                Sink full_product_SB_LUT4_O_2_I0_SB_LUT4_I3_O_SB_LUT4_O_16_I2_SB_LUT4_O_I2_SB_LUT4_O_LC.I2
Info:                Defined in:
Info:                  /usr/bin/../share/yosys/ice40/cells_map.v:6.21-6.22
Info:  0.4  8.8  Source full_product_SB_LUT4_O_2_I0_SB_LUT4_I3_O_SB_LUT4_O_16_I2_SB_LUT4_O_I2_SB_LUT4_O_LC.O
Info:  0.6  9.4    Net full_product_SB_LUT4_O_2_I0_SB_LUT4_I3_O_SB_LUT4_O_16_I2_SB_LUT4_O_I2[1] (12,7) -> (13,8)
Info:                Sink full_product_SB_LUT4_O_2_I0_SB_LUT4_I3_O_SB_LUT4_O_17_I2_SB_LUT4_O_LC.I3
Info:                Defined in:
Info:                  /usr/bin/../share/yosys/ice40/cells_map.v:6.21-6.22
Info:  0.3  9.7  Source full_product_SB_LUT4_O_2_I0_SB_LUT4_I3_O_SB_LUT4_O_17_I2_SB_LUT4_O_LC.O
Info:  0.6 10.3    Net full_product_SB_LUT4_O_2_I0_SB_LUT4_I3_O_SB_LUT4_O_17_I1[0] (13,8) -> (14,8)
Info:                Sink full_product_SB_LUT4_O_2_I0_SB_LUT4_I3_O_SB_LUT4_O_16_I1_SB_LUT4_O_1_LC.I3
Info:                Defined in:
Info:                  /usr/bin/../share/yosys/ice40/cells_map.v:6.21-6.22
Info:  0.3 10.6  Source full_product_SB_LUT4_O_2_I0_SB_LUT4_I3_O_SB_LUT4_O_16_I1_SB_LUT4_O_1_LC.O
Info:  0.6 11.2    Net full_product_SB_LUT4_O_2_I0_SB_LUT4_I3_O_SB_LUT4_O_16_I1[1] (14,8) -> (13,9)
Info:                Sink full_product_SB_LUT4_O_2_I0_SB_LUT4_I3_O_SB_LUT4_O_16_LC.I1
Info:                Defined in:
Info:                  /usr/bin/../share/yosys/ice40/cells_map.v:6.21-6.22
Info:  0.4 11.6  Source full_product_SB_LUT4_O_2_I0_SB_LUT4_I3_O_SB_LUT4_O_16_LC.O
Info:  1.6 13.3    Net full_product_SB_LUT4_O_2_I0_SB_LUT4_I3_O[14] (13,9) -> (15,14)
Info:                Sink full_product_SB_LUT4_O_48_LC.I1
Info:                Defined in:
Info:                  /usr/bin/../share/yosys/techmap.v:200.24-200.25
Info:  0.3 13.5  Source full_product_SB_LUT4_O_48_LC.COUT
Info:  0.0 13.5    Net full_product_SB_LUT4_O_I3[15] (15,14) -> (15,14)
Info:                Sink full_product_SB_LUT4_O_47_LC.CIN
Info:                Defined in:
Info:                  /usr/bin/../share/yosys/ice40/arith_map.v:51.21-51.22
Info:  0.1 13.6  Source full_product_SB_LUT4_O_47_LC.COUT
Info:  0.2 13.8    Net full_product_SB_LUT4_O_I3[16] (15,14) -> (15,15)
Info:                Sink full_product_SB_LUT4_O_46_LC.CIN
Info:                Defined in:
Info:                  /usr/bin/../share/yosys/ice40/arith_map.v:51.21-51.22
Info:  0.1 14.0  Source full_product_SB_LUT4_O_46_LC.COUT
Info:  0.0 14.0    Net full_product_SB_LUT4_O_I3[17] (15,15) -> (15,15)
Info:                Sink full_product_SB_LUT4_O_45_LC.CIN
Info:                Defined in:
Info:                  /usr/bin/../share/yosys/ice40/arith_map.v:51.21-51.22
Info:  0.1 14.1  Source full_product_SB_LUT4_O_45_LC.COUT
Info:  0.0 14.1    Net full_product_SB_LUT4_O_I3[18] (15,15) -> (15,15)
Info:                Sink full_product_SB_LUT4_O_44_LC.CIN
Info:                Defined in:
Info:                  /usr/bin/../share/yosys/ice40/arith_map.v:51.21-51.22
Info:  0.1 14.2  Source full_product_SB_LUT4_O_44_LC.COUT
Info:  0.0 14.2    Net full_product_SB_LUT4_O_I3[19] (15,15) -> (15,15)
Info:                Sink full_product_SB_LUT4_O_43_LC.CIN
Info:                Defined in:
Info:                  /usr/bin/../share/yosys/ice40/arith_map.v:51.21-51.22
Info:  0.1 14.3  Source full_product_SB_LUT4_O_43_LC.COUT
Info:  0.0 14.3    Net full_product_SB_LUT4_O_I3[20] (15,15) -> (15,15)
Info:                Sink full_product_SB_LUT4_O_42_LC.CIN
Info:                Defined in:
Info:                  /usr/bin/../share/yosys/ice40/arith_map.v:51.21-51.22
Info:  0.1 14.5  Source full_product_SB_LUT4_O_42_LC.COUT
Info:  0.0 14.5    Net full_product_SB_LUT4_O_I3[21] (15,15) -> (15,15)
Info:                Sink full_product_SB_LUT4_O_41_LC.CIN
Info:                Defined in:
Info:                  /usr/bin/../share/yosys/ice40/arith_map.v:51.21-51.22
Info:  0.1 14.6  Source full_product_SB_LUT4_O_41_LC.COUT
Info:  0.0 14.6    Net full_product_SB_LUT4_O_I3[22] (15,15) -> (15,15)
Info:                Sink full_product_SB_LUT4_O_40_LC.CIN
Info:                Defined in:
Info:                  /usr/bin/../share/yosys/ice40/arith_map.v:51.21-51.22
Info:  0.1 14.7  Source full_product_SB_LUT4_O_40_LC.COUT
Info:  0.0 14.7    Net full_product_SB_LUT4_O_I3[23] (15,15) -> (15,15)
Info:                Sink full_product_SB_LUT4_O_39_LC.CIN
Info:                Defined in:
Info:                  /usr/bin/../share/yosys/ice40/arith_map.v:51.21-51.22
Info:  0.1 14.8  Source full_product_SB_LUT4_O_39_LC.COUT
Info:  0.2 15.0    Net full_product_SB_LUT4_O_I3[24] (15,15) -> (15,16)
Info:                Sink full_product_SB_LUT4_O_38_LC.CIN
Info:                Defined in:
Info:                  /usr/bin/../share/yosys/ice40/arith_map.v:51.21-51.22
Info:  0.1 15.2  Source full_product_SB_LUT4_O_38_LC.COUT
Info:  0.0 15.2    Net full_product_SB_LUT4_O_I3[25] (15,16) -> (15,16)
Info:                Sink full_product_SB_LUT4_O_37_LC.CIN
Info:                Defined in:
Info:                  /usr/bin/../share/yosys/ice40/arith_map.v:51.21-51.22
Info:  0.1 15.3  Source full_product_SB_LUT4_O_37_LC.COUT
Info:  0.0 15.3    Net full_product_SB_LUT4_O_I3[26] (15,16) -> (15,16)
Info:                Sink full_product_SB_LUT4_O_36_LC.CIN
Info:                Defined in:
Info:                  /usr/bin/../share/yosys/ice40/arith_map.v:51.21-51.22
Info:  0.1 15.4  Source full_product_SB_LUT4_O_36_LC.COUT
Info:  0.0 15.4    Net full_product_SB_LUT4_O_I3[27] (15,16) -> (15,16)
Info:                Sink full_product_SB_LUT4_O_35_LC.CIN
Info:                Defined in:
Info:                  /usr/bin/../share/yosys/ice40/arith_map.v:51.21-51.22
Info:  0.1 15.5  Source full_product_SB_LUT4_O_35_LC.COUT
Info:  0.0 15.5    Net full_product_SB_LUT4_O_I3[28] (15,16) -> (15,16)
Info:                Sink full_product_SB_LUT4_O_34_LC.CIN
Info:                Defined in:
Info:                  /usr/bin/../share/yosys/ice40/arith_map.v:51.21-51.22
Info:  0.1 15.7  Source full_product_SB_LUT4_O_34_LC.COUT
Info:  0.0 15.7    Net full_product_SB_LUT4_O_I3[29] (15,16) -> (15,16)
Info:                Sink full_product_SB_LUT4_O_33_LC.CIN
Info:                Defined in:
Info:                  /usr/bin/../share/yosys/ice40/arith_map.v:51.21-51.22
Info:  0.1 15.8  Source full_product_SB_LUT4_O_33_LC.COUT
Info:  0.0 15.8    Net full_product_SB_LUT4_O_I3[30] (15,16) -> (15,16)
Info:                Sink full_product_SB_LUT4_O_32_LC.CIN
Info:                Defined in:
Info:                  /usr/bin/../share/yosys/ice40/arith_map.v:51.21-51.22
Info:  0.1 15.9  Source full_product_SB_LUT4_O_32_LC.COUT
Info:  0.0 15.9    Net full_product_SB_LUT4_O_I3[31] (15,16) -> (15,16)
Info:                Sink full_product_SB_LUT4_O_31_LC.CIN
Info:                Defined in:
Info:                  /usr/bin/../share/yosys/ice40/arith_map.v:51.21-51.22
Info:  0.1 16.1  Source full_product_SB_LUT4_O_31_LC.COUT
Info:  0.2 16.2    Net full_product_SB_LUT4_O_I3[32] (15,16) -> (15,17)
Info:                Sink full_product_SB_LUT4_O_30_LC.CIN
Info:                Defined in:
Info:                  /usr/bin/../share/yosys/ice40/arith_map.v:51.21-51.22
Info:  0.1 16.4  Source full_product_SB_LUT4_O_30_LC.COUT
Info:  0.0 16.4    Net full_product_SB_LUT4_O_I3[33] (15,17) -> (15,17)
Info:                Sink full_product_SB_LUT4_O_29_LC.CIN
Info:                Defined in:
Info:                  /usr/bin/../share/yosys/ice40/arith_map.v:51.21-51.22
Info:  0.1 16.5  Source full_product_SB_LUT4_O_29_LC.COUT
Info:  0.0 16.5    Net full_product_SB_LUT4_O_I3[34] (15,17) -> (15,17)
Info:                Sink full_product_SB_LUT4_O_28_LC.CIN
Info:                Defined in:
Info:                  /usr/bin/../share/yosys/ice40/arith_map.v:51.21-51.22
Info:  0.1 16.6  Source full_product_SB_LUT4_O_28_LC.COUT
Info:  0.0 16.6    Net full_product_SB_LUT4_O_I3[35] (15,17) -> (15,17)
Info:                Sink full_product_SB_LUT4_O_27_LC.CIN
Info:                Defined in:
Info:                  /usr/bin/../share/yosys/ice40/arith_map.v:51.21-51.22
Info:  0.1 16.8  Source full_product_SB_LUT4_O_27_LC.COUT
Info:  0.0 16.8    Net full_product_SB_LUT4_O_I3[36] (15,17) -> (15,17)
Info:                Sink full_product_SB_LUT4_O_26_LC.CIN
Info:                Defined in:
Info:                  /usr/bin/../share/yosys/ice40/arith_map.v:51.21-51.22
Info:  0.1 16.9  Source full_product_SB_LUT4_O_26_LC.COUT
Info:  0.0 16.9    Net full_product_SB_LUT4_O_I3[37] (15,17) -> (15,17)
Info:                Sink full_product_SB_LUT4_O_25_LC.CIN
Info:                Defined in:
Info:                  /usr/bin/../share/yosys/ice40/arith_map.v:51.21-51.22
Info:  0.1 17.0  Source full_product_SB_LUT4_O_25_LC.COUT
Info:  0.0 17.0    Net full_product_SB_LUT4_O_I3[38] (15,17) -> (15,17)
Info:                Sink full_product_SB_LUT4_O_24_LC.CIN
Info:                Defined in:
Info:                  /usr/bin/../share/yosys/ice40/arith_map.v:51.21-51.22
Info:  0.1 17.1  Source full_product_SB_LUT4_O_24_LC.COUT
Info:  0.0 17.1    Net full_product_SB_LUT4_O_I3[39] (15,17) -> (15,17)
Info:                Sink full_product_SB_LUT4_O_23_LC.CIN
Info:                Defined in:
Info:                  /usr/bin/../share/yosys/ice40/arith_map.v:51.21-51.22
Info:  0.1 17.3  Source full_product_SB_LUT4_O_23_LC.COUT
Info:  0.2 17.5    Net full_product_SB_LUT4_O_I3[40] (15,17) -> (15,18)
Info:                Sink full_product_SB_LUT4_O_22_LC.CIN
Info:                Defined in:
Info:                  /usr/bin/../share/yosys/ice40/arith_map.v:51.21-51.22
Info:  0.1 17.6  Source full_product_SB_LUT4_O_22_LC.COUT
Info:  0.0 17.6    Net full_product_SB_LUT4_O_I3[41] (15,18) -> (15,18)
Info:                Sink full_product_SB_LUT4_O_21_LC.CIN
Info:                Defined in:
Info:                  /usr/bin/../share/yosys/ice40/arith_map.v:51.21-51.22
Info:  0.1 17.7  Source full_product_SB_LUT4_O_21_LC.COUT
Info:  0.0 17.7    Net full_product_SB_LUT4_O_I3[42] (15,18) -> (15,18)
Info:                Sink full_product_SB_LUT4_O_20_LC.CIN
Info:                Defined in:
Info:                  /usr/bin/../share/yosys/ice40/arith_map.v:51.21-51.22
Info:  0.1 17.8  Source full_product_SB_LUT4_O_20_LC.COUT
Info:  0.0 17.8    Net full_product_SB_LUT4_O_I3[43] (15,18) -> (15,18)
Info:                Sink full_product_SB_LUT4_O_19_LC.CIN
Info:                Defined in:
Info:                  /usr/bin/../share/yosys/ice40/arith_map.v:51.21-51.22
Info:  0.1 18.0  Source full_product_SB_LUT4_O_19_LC.COUT
Info:  0.0 18.0    Net full_product_SB_LUT4_O_I3[44] (15,18) -> (15,18)
Info:                Sink full_product_SB_LUT4_O_18_LC.CIN
Info:                Defined in:
Info:                  /usr/bin/../share/yosys/ice40/arith_map.v:51.21-51.22
Info:  0.1 18.1  Source full_product_SB_LUT4_O_18_LC.COUT
Info:  0.0 18.1    Net full_product_SB_LUT4_O_I3[45] (15,18) -> (15,18)
Info:                Sink full_product_SB_LUT4_O_17_LC.CIN
Info:                Defined in:
Info:                  /usr/bin/../share/yosys/ice40/arith_map.v:51.21-51.22
Info:  0.1 18.2  Source full_product_SB_LUT4_O_17_LC.COUT
Info:  0.0 18.2    Net full_product_SB_LUT4_O_I3[46] (15,18) -> (15,18)
Info:                Sink full_product_SB_LUT4_O_16_LC.CIN
Info:                Defined in:
Info:                  /usr/bin/../share/yosys/ice40/arith_map.v:51.21-51.22
Info:  0.1 18.3  Source full_product_SB_LUT4_O_16_LC.COUT
Info:  0.0 18.3    Net full_product_SB_LUT4_O_I3[47] (15,18) -> (15,18)
Info:                Sink full_product_SB_LUT4_O_15_LC.CIN
Info:                Defined in:
Info:                  /usr/bin/../share/yosys/ice40/arith_map.v:51.21-51.22
Info:  0.1 18.5  Source full_product_SB_LUT4_O_15_LC.COUT
Info:  0.2 18.7    Net full_product_SB_LUT4_O_I3[48] (15,18) -> (15,19)
Info:                Sink full_product_SB_LUT4_O_14_LC.CIN
Info:                Defined in:
Info:                  /usr/bin/../share/yosys/ice40/arith_map.v:51.21-51.22
Info:  0.1 18.8  Source full_product_SB_LUT4_O_14_LC.COUT
Info:  0.0 18.8    Net full_product_SB_LUT4_O_I3[49] (15,19) -> (15,19)
Info:                Sink full_product_SB_LUT4_O_13_LC.CIN
Info:                Defined in:
Info:                  /usr/bin/../share/yosys/ice40/arith_map.v:51.21-51.22
Info:  0.1 18.9  Source full_product_SB_LUT4_O_13_LC.COUT
Info:  0.0 18.9    Net full_product_SB_LUT4_O_I3[50] (15,19) -> (15,19)
Info:                Sink full_product_SB_LUT4_O_12_LC.CIN
Info:                Defined in:
Info:                  /usr/bin/../share/yosys/ice40/arith_map.v:51.21-51.22
Info:  0.1 19.0  Source full_product_SB_LUT4_O_12_LC.COUT
Info:  0.0 19.0    Net full_product_SB_LUT4_O_I3[51] (15,19) -> (15,19)
Info:                Sink full_product_SB_LUT4_O_11_LC.CIN
Info:                Defined in:
Info:                  /usr/bin/../share/yosys/ice40/arith_map.v:51.21-51.22
Info:  0.1 19.2  Source full_product_SB_LUT4_O_11_LC.COUT
Info:  0.0 19.2    Net full_product_SB_LUT4_O_I3[52] (15,19) -> (15,19)
Info:                Sink full_product_SB_LUT4_O_10_LC.CIN
Info:                Defined in:
Info:                  /usr/bin/../share/yosys/ice40/arith_map.v:51.21-51.22
Info:  0.1 19.3  Source full_product_SB_LUT4_O_10_LC.COUT
Info:  0.0 19.3    Net full_product_SB_LUT4_O_I3[53] (15,19) -> (15,19)
Info:                Sink full_product_SB_LUT4_O_9_LC.CIN
Info:                Defined in:
Info:                  /usr/bin/../share/yosys/ice40/arith_map.v:51.21-51.22
Info:  0.1 19.4  Source full_product_SB_LUT4_O_9_LC.COUT
Info:  0.0 19.4    Net full_product_SB_LUT4_O_I3[54] (15,19) -> (15,19)
Info:                Sink full_product_SB_LUT4_O_8_LC.CIN
Info:                Defined in:
Info:                  /usr/bin/../share/yosys/ice40/arith_map.v:51.21-51.22
Info:  0.1 19.5  Source full_product_SB_LUT4_O_8_LC.COUT
Info:  0.0 19.5    Net full_product_SB_LUT4_O_I3[55] (15,19) -> (15,19)
Info:                Sink full_product_SB_LUT4_O_7_LC.CIN
Info:                Defined in:
Info:                  /usr/bin/../share/yosys/ice40/arith_map.v:51.21-51.22
Info:  0.1 19.7  Source full_product_SB_LUT4_O_7_LC.COUT
Info:  0.2 19.9    Net full_product_SB_LUT4_O_I3[56] (15,19) -> (15,20)
Info:                Sink full_product_SB_LUT4_O_6_LC.CIN
Info:                Defined in:
Info:                  /usr/bin/../share/yosys/ice40/arith_map.v:51.21-51.22
Info:  0.1 20.0  Source full_product_SB_LUT4_O_6_LC.COUT
Info:  0.3 20.2    Net full_product_SB_LUT4_O_I3[57] (15,20) -> (15,20)
Info:                Sink debug_data_SB_LUT4_O_30_I0_SB_LUT4_O_I1_SB_LUT4_O_2_I2_SB_LUT4_O_I1_SB_LUT4_O_I1_SB_LUT4_I2_O_SB_LUT4_O_I0_SB_LUT4_O_1_LC.I3
Info:                Defined in:
Info:                  /usr/bin/../share/yosys/ice40/arith_map.v:51.21-51.22
Info:  0.3 20.6  Source debug_data_SB_LUT4_O_30_I0_SB_LUT4_O_I1_SB_LUT4_O_2_I2_SB_LUT4_O_I1_SB_LUT4_O_I1_SB_LUT4_I2_O_SB_LUT4_O_I0_SB_LUT4_O_1_LC.O
Info:  1.3 21.8    Net debug_data_SB_LUT4_O_30_I0_SB_LUT4_O_I1_SB_LUT4_O_2_I2_SB_LUT4_O_I1_SB_LUT4_O_I1_SB_LUT4_I2_O_SB_LUT4_O_I0[0] (15,20) -> (17,19)
Info:                Sink debug_data_SB_LUT4_O_30_I0_SB_LUT4_O_I1_SB_LUT4_O_2_I2_SB_LUT4_O_I1_SB_LUT4_O_I1_SB_LUT4_I2_O_SB_LUT4_O_LC.I0
Info:                Defined in:
Info:                  /usr/bin/../share/yosys/ice40/cells_map.v:6.21-6.22
Info:  0.4 22.3  Source debug_data_SB_LUT4_O_30_I0_SB_LUT4_O_I1_SB_LUT4_O_2_I2_SB_LUT4_O_I1_SB_LUT4_O_I1_SB_LUT4_I2_O_SB_LUT4_O_LC.O
Info:  0.6 22.9    Net debug_data_SB_LUT4_O_30_I0_SB_LUT4_O_I1_SB_LUT4_O_2_I2_SB_LUT4_O_I1_SB_LUT4_O_I1_SB_LUT4_I2_O[2] (17,19) -> (17,18)
Info:                Sink debug_data_SB_LUT4_O_6_I0_SB_LUT4_O_1_I0_SB_LUT4_O_I3_SB_LUT4_O_LC.I2
Info:                Defined in:
Info:                  /usr/bin/../share/yosys/ice40/cells_map.v:6.21-6.22
Info:  0.4 23.2  Source debug_data_SB_LUT4_O_6_I0_SB_LUT4_O_1_I0_SB_LUT4_O_I3_SB_LUT4_O_LC.O
Info:  0.6 23.8    Net debug_data_SB_LUT4_O_6_I0_SB_LUT4_O_1_I0_SB_LUT4_O_I3[2] (17,18) -> (16,17)
Info:                Sink debug_data_SB_LUT4_O_6_I0_SB_LUT4_O_1_I0_SB_LUT4_O_LC.I3
Info:                Defined in:
Info:                  /usr/bin/../share/yosys/ice40/cells_map.v:6.21-6.22
Info:  0.3 24.2  Source debug_data_SB_LUT4_O_6_I0_SB_LUT4_O_1_I0_SB_LUT4_O_LC.O
Info:  0.6 24.7    Net debug_data_SB_LUT4_O_6_I0_SB_LUT4_O_1_I0[3] (16,17) -> (16,16)
Info:                Sink debug_data_SB_LUT4_O_6_I0_SB_LUT4_O_1_LC.I3
Info:                Defined in:
Info:                  /usr/bin/../share/yosys/ice40/cells_map.v:6.21-6.22
Info:  0.3 25.1  Source debug_data_SB_LUT4_O_6_I0_SB_LUT4_O_1_LC.O
Info:  1.2 26.3    Net debug_data_SB_LUT4_O_6_I0[0] (16,16) -> (22,16)
Info:                Sink debug_data_SB_LUT4_O_I0_SB_LUT4_I2_O_SB_LUT4_I1_O_SB_LUT4_O_1_I1_SB_LUT4_O_LC.I2
Info:                Defined in:
Info:                  /usr/bin/../share/yosys/ice40/cells_map.v:6.21-6.22
Info:  0.4 26.6  Source debug_data_SB_LUT4_O_I0_SB_LUT4_I2_O_SB_LUT4_I1_O_SB_LUT4_O_1_I1_SB_LUT4_O_LC.O
Info:  2.1 28.8    Net debug_data_SB_LUT4_O_I0_SB_LUT4_I2_O_SB_LUT4_I1_O_SB_LUT4_O_1_I1[1] (22,16) -> (31,21)
Info:                Sink debug_data_SB_LUT4_O_I0_SB_LUT4_I2_O_SB_LUT4_I1_O_SB_LUT4_O_1_I1_SB_LUT4_I2_LC.I2
Info:                Defined in:
Info:                  /usr/bin/../share/yosys/ice40/cells_map.v:6.21-6.22
Info:  0.4 29.1  Source debug_data_SB_LUT4_O_I0_SB_LUT4_I2_O_SB_LUT4_I1_O_SB_LUT4_O_1_I1_SB_LUT4_I2_LC.O
Info:  1.3 30.4    Net debug_data_SB_LUT4_O_I0_SB_LUT4_I2_O_SB_LUT4_I1_O_SB_LUT4_O_1_I1_SB_LUT4_I2_O (31,21) -> (29,20)
Info:                Sink register_bank[7]_SB_DFFES_Q_1_DFFLC.I0
Info:  0.5 30.9  Setup register_bank[7]_SB_DFFES_Q_1_DFFLC.I0
Info: 12.4 ns logic, 18.5 ns routing

Info: Critical path report for cross-domain path '<async>' -> '<async>':
Info: curr total
Info:  0.0  0.0  Source debug_addr_b[1]$sb_io.D_IN_0
Info:  2.8  2.8    Net debug_addr_b[1]$SB_IO_IN (0,5) -> (3,25)
Info:                Sink debug_addr_b_SB_LUT4_I0_6_LC.I3
Info:                Defined in:
Info:                  /root/chiploop-backend/backend/workflows/348dfdf9-8c11-400f-8e25-503b3373a6d9/fpga/src/rtl/review_input.sv:5.22-5.34
Info:  0.3  3.1  Source debug_addr_b_SB_LUT4_I0_6_LC.O
Info:  5.6  8.6    Net read_b_SB_LUT4_O_I0_SB_LUT4_O_3_I0_SB_LUT4_O_I0[0] (3,25) -> (28,6)
Info:                Sink read_b_SB_LUT4_O_26_I0_SB_LUT4_O_3_I0_SB_LUT4_O_LC.I0
Info:                Defined in:
Info:                  /usr/bin/../share/yosys/ice40/cells_map.v:6.21-6.22
Info:  0.4  9.1  Source read_b_SB_LUT4_O_26_I0_SB_LUT4_O_3_I0_SB_LUT4_O_LC.O
Info:  0.6  9.7    Net read_b_SB_LUT4_O_26_I0_SB_LUT4_O_3_I0[3] (28,6) -> (28,7)
Info:                Sink read_b_SB_LUT4_O_26_I0_SB_LUT4_O_3_LC.I3
Info:                Defined in:
Info:                  /usr/bin/../share/yosys/ice40/cells_map.v:6.21-6.22
Info:  0.3 10.0  Source read_b_SB_LUT4_O_26_I0_SB_LUT4_O_3_LC.O
Info:  0.6 10.6    Net read_b_SB_LUT4_O_26_I0[0] (28,7) -> (28,7)
Info:                Sink read_b_SB_LUT4_O_26_LC.I0
Info:                Defined in:
Info:                  /usr/bin/../share/yosys/ice40/cells_map.v:6.21-6.22
Info:  0.4 11.0  Source read_b_SB_LUT4_O_26_LC.O
Info:  1.5 12.6    Net read_b[5] (28,7) -> (19,7)
Info:                Sink debug_data_SB_LUT4_O_26_LC.I1
Info:                Defined in:
Info:                  /root/chiploop-backend/backend/workflows/348dfdf9-8c11-400f-8e25-503b3373a6d9/fpga/src/rtl/review_input.sv:35.15-35.21
Info:  0.4 12.9  Source debug_data_SB_LUT4_O_26_LC.O
Info:  2.7 15.7    Net debug_data[5]$SB_IO_OUT (19,7) -> (19,33)
Info:                Sink debug_data[5]$sb_io.D_OUT_0
Info:                Defined in:
Info:                  /root/chiploop-backend/backend/workflows/348dfdf9-8c11-400f-8e25-503b3373a6d9/fpga/src/rtl/review_input.sv:11.22-11.32
Info: 1.9 ns logic, 13.8 ns routing

Info: Critical path report for cross-domain path '<async>' -> 'posedge clk$SB_IO_IN_$glb_clk':
Info: curr total
Info:  0.0  0.0  Source debug_addr_a[3]$sb_io.D_IN_0
Info:  3.1  3.1    Net debug_addr_a[3]$SB_IO_IN (33,27) -> (3,26)
Info:                Sink debug_addr_a_SB_LUT4_I0_10_LC.I2
Info:                Defined in:
Info:                  /root/chiploop-backend/backend/workflows/348dfdf9-8c11-400f-8e25-503b3373a6d9/fpga/src/rtl/review_input.sv:4.22-4.34
Info:  0.4  3.5  Source debug_addr_a_SB_LUT4_I0_10_LC.O
Info:  5.0  8.5    Net debug_data_SB_LUT4_O_I2_SB_LUT4_O_I0_SB_LUT4_O_3_I0_SB_LUT4_O_1_I1[1] (3,26) -> (29,5)
Info:                Sink debug_data_SB_LUT4_O_15_I0_SB_LUT4_O_I3_SB_LUT4_O_I0_SB_LUT4_O_2_I1_SB_LUT4_I1_O_SB_LUT4_I0_O_SB_LUT4_O_I0_SB_LUT4_O_3_I0_SB_LUT4_O_1_LC.I1
Info:                Defined in:
Info:                  /usr/bin/../share/yosys/ice40/cells_map.v:6.21-6.22
Info:  0.4  8.9  Source debug_data_SB_LUT4_O_15_I0_SB_LUT4_O_I3_SB_LUT4_O_I0_SB_LUT4_O_2_I1_SB_LUT4_I1_O_SB_LUT4_I0_O_SB_LUT4_O_I0_SB_LUT4_O_3_I0_SB_LUT4_O_1_LC.O
Info:  0.6  9.5    Net debug_data_SB_LUT4_O_15_I0_SB_LUT4_O_I3_SB_LUT4_O_I0_SB_LUT4_O_2_I1_SB_LUT4_I1_O_SB_LUT4_I0_O_SB_LUT4_O_I0_SB_LUT4_O_3_I0[2] (29,5) -> (28,5)
Info:                Sink debug_data_SB_LUT4_O_15_I0_SB_LUT4_O_I3_SB_LUT4_O_I0_SB_LUT4_O_2_I1_SB_LUT4_I1_O_SB_LUT4_I0_O_SB_LUT4_O_I0_SB_LUT4_O_3_LC.I2
Info:                Defined in:
Info:                  /usr/bin/../share/yosys/ice40/cells_map.v:6.21-6.22
Info:  0.4  9.9  Source debug_data_SB_LUT4_O_15_I0_SB_LUT4_O_I3_SB_LUT4_O_I0_SB_LUT4_O_2_I1_SB_LUT4_I1_O_SB_LUT4_I0_O_SB_LUT4_O_I0_SB_LUT4_O_3_LC.O
Info:  0.6 10.5    Net debug_data_SB_LUT4_O_15_I0_SB_LUT4_O_I3_SB_LUT4_O_I0_SB_LUT4_O_2_I1_SB_LUT4_I1_O_SB_LUT4_I0_O_SB_LUT4_O_I0[0] (28,5) -> (28,5)
Info:                Sink debug_data_SB_LUT4_O_15_I0_SB_LUT4_O_I3_SB_LUT4_O_I0_SB_LUT4_O_2_I1_SB_LUT4_I1_O_SB_LUT4_I0_O_SB_LUT4_O_LC.I0
Info:                Defined in:
Info:                  /usr/bin/../share/yosys/ice40/cells_map.v:6.21-6.22
Info:  0.4 10.9  Source debug_data_SB_LUT4_O_15_I0_SB_LUT4_O_I3_SB_LUT4_O_I0_SB_LUT4_O_2_I1_SB_LUT4_I1_O_SB_LUT4_I0_O_SB_LUT4_O_LC.O
Info:  1.5 12.4    Net debug_data_SB_LUT4_O_15_I0_SB_LUT4_O_I3_SB_LUT4_O_I0_SB_LUT4_O_2_I1_SB_LUT4_I1_O_SB_LUT4_I0_O[3] (28,5) -> (18,5)
Info:                Sink debug_data_SB_LUT4_O_8_I2_SB_LUT4_I2_1_O_SB_LUT4_O_8_LC.I2
Info:                Defined in:
Info:                  /usr/bin/../share/yosys/ice40/cells_map.v:6.21-6.22
Info:  0.4 12.8  Source debug_data_SB_LUT4_O_8_I2_SB_LUT4_I2_1_O_SB_LUT4_O_8_LC.O
Info:  1.3 14.1    Net debug_data_SB_LUT4_O_8_I2_SB_LUT4_I2_1_O[0] (18,5) -> (18,2)
Info:                Sink debug_data_SB_LUT4_O_I2_SB_LUT4_I0_O_SB_LUT4_O_19_LC.I2
Info:                Defined in:
Info:                  /usr/bin/../share/yosys/techmap.v:200.21-200.22
Info:  0.2 14.4  Source debug_data_SB_LUT4_O_I2_SB_LUT4_I0_O_SB_LUT4_O_19_LC.COUT
Info:  0.0 14.4    Net debug_data_SB_LUT4_O_I2_SB_LUT4_I0_I3[2] (18,2) -> (18,2)
Info:                Sink debug_data_SB_LUT4_O_I2_SB_LUT4_I0_O_SB_LUT4_O_8_LC.CIN
Info:                Defined in:
Info:                  /usr/bin/../share/yosys/ice40/arith_map.v:51.21-51.22
Info:  0.1 14.5  Source debug_data_SB_LUT4_O_I2_SB_LUT4_I0_O_SB_LUT4_O_8_LC.COUT
Info:  0.0 14.5    Net debug_data_SB_LUT4_O_I2_SB_LUT4_I0_I3[3] (18,2) -> (18,2)
Info:                Sink debug_data_SB_LUT4_O_I2_SB_LUT4_I0_O_SB_LUT4_O_6_LC.CIN
Info:                Defined in:
Info:                  /usr/bin/../share/yosys/ice40/arith_map.v:51.21-51.22
Info:  0.1 14.6  Source debug_data_SB_LUT4_O_I2_SB_LUT4_I0_O_SB_LUT4_O_6_LC.COUT
Info:  0.0 14.6    Net debug_data_SB_LUT4_O_I2_SB_LUT4_I0_I3[4] (18,2) -> (18,2)
Info:                Sink debug_data_SB_LUT4_O_I2_SB_LUT4_I0_O_SB_LUT4_O_5_LC.CIN
Info:                Defined in:
Info:                  /usr/bin/../share/yosys/ice40/arith_map.v:51.21-51.22
Info:  0.1 14.8  Source debug_data_SB_LUT4_O_I2_SB_LUT4_I0_O_SB_LUT4_O_5_LC.COUT
Info:  0.0 14.8    Net debug_data_SB_LUT4_O_I2_SB_LUT4_I0_I3[5] (18,2) -> (18,2)
Info:                Sink debug_data_SB_LUT4_O_I2_SB_LUT4_I0_O_SB_LUT4_O_4_LC.CIN
Info:                Defined in:
Info:                  /usr/bin/../share/yosys/ice40/arith_map.v:51.21-51.22
Info:  0.1 14.9  Source debug_data_SB_LUT4_O_I2_SB_LUT4_I0_O_SB_LUT4_O_4_LC.COUT
Info:  0.0 14.9    Net debug_data_SB_LUT4_O_I2_SB_LUT4_I0_I3[6] (18,2) -> (18,2)
Info:                Sink debug_data_SB_LUT4_O_I2_SB_LUT4_I0_O_SB_LUT4_O_3_LC.CIN
Info:                Defined in:
Info:                  /usr/bin/../share/yosys/ice40/arith_map.v:51.21-51.22
Info:  0.1 15.0  Source debug_data_SB_LUT4_O_I2_SB_LUT4_I0_O_SB_LUT4_O_3_LC.COUT
Info:  0.0 15.0    Net debug_data_SB_LUT4_O_I2_SB_LUT4_I0_I3[7] (18,2) -> (18,2)
Info:                Sink debug_data_SB_LUT4_O_I2_SB_LUT4_I0_O_SB_LUT4_O_2_LC.CIN
Info:                Defined in:
Info:                  /usr/bin/../share/yosys/ice40/arith_map.v:51.21-51.22
Info:  0.1 15.1  Source debug_data_SB_LUT4_O_I2_SB_LUT4_I0_O_SB_LUT4_O_2_LC.COUT
Info:  0.0 15.1    Net debug_data_SB_LUT4_O_I2_SB_LUT4_I0_I3[8] (18,2) -> (18,2)
Info:                Sink debug_data_SB_LUT4_O_I2_SB_LUT4_I0_O_SB_LUT4_O_1_LC.CIN
Info:                Defined in:
Info:                  /usr/bin/../share/yosys/ice40/arith_map.v:51.21-51.22
Info:  0.1 15.3  Source debug_data_SB_LUT4_O_I2_SB_LUT4_I0_O_SB_LUT4_O_1_LC.COUT
Info:  0.2 15.5    Net debug_data_SB_LUT4_O_I2_SB_LUT4_I0_I3[9] (18,2) -> (18,3)
Info:                Sink debug_data_SB_LUT4_O_I2_SB_LUT4_I0_O_SB_LUT4_O_LC.CIN
Info:                Defined in:
Info:                  /usr/bin/../share/yosys/ice40/arith_map.v:51.21-51.22
Info:  0.1 15.6  Source debug_data_SB_LUT4_O_I2_SB_LUT4_I0_O_SB_LUT4_O_LC.COUT
Info:  0.0 15.6    Net debug_data_SB_LUT4_O_I2_SB_LUT4_I0_I3[10] (18,3) -> (18,3)
Info:                Sink debug_data_SB_LUT4_O_I2_SB_LUT4_I0_O_SB_LUT4_O_29_LC.CIN
Info:                Defined in:
Info:                  /usr/bin/../share/yosys/ice40/arith_map.v:51.21-51.22
Info:  0.1 15.7  Source debug_data_SB_LUT4_O_I2_SB_LUT4_I0_O_SB_LUT4_O_29_LC.COUT
Info:  0.0 15.7    Net debug_data_SB_LUT4_O_I2_SB_LUT4_I0_I3[11] (18,3) -> (18,3)
Info:                Sink debug_data_SB_LUT4_O_I2_SB_LUT4_I0_O_SB_LUT4_O_28_LC.CIN
Info:                Defined in:
Info:                  /usr/bin/../share/yosys/ice40/arith_map.v:51.21-51.22
Info:  0.1 15.8  Source debug_data_SB_LUT4_O_I2_SB_LUT4_I0_O_SB_LUT4_O_28_LC.COUT
Info:  0.0 15.8    Net debug_data_SB_LUT4_O_I2_SB_LUT4_I0_I3[12] (18,3) -> (18,3)
Info:                Sink debug_data_SB_LUT4_O_I2_SB_LUT4_I0_O_SB_LUT4_O_27_LC.CIN
Info:                Defined in:
Info:                  /usr/bin/../share/yosys/ice40/arith_map.v:51.21-51.22
Info:  0.1 16.0  Source debug_data_SB_LUT4_O_I2_SB_LUT4_I0_O_SB_LUT4_O_27_LC.COUT
Info:  0.0 16.0    Net debug_data_SB_LUT4_O_I2_SB_LUT4_I0_I3[13] (18,3) -> (18,3)
Info:                Sink debug_data_SB_LUT4_O_I2_SB_LUT4_I0_O_SB_LUT4_O_26_LC.CIN
Info:                Defined in:
Info:                  /usr/bin/../share/yosys/ice40/arith_map.v:51.21-51.22
Info:  0.1 16.1  Source debug_data_SB_LUT4_O_I2_SB_LUT4_I0_O_SB_LUT4_O_26_LC.COUT
Info:  0.0 16.1    Net debug_data_SB_LUT4_O_I2_SB_LUT4_I0_I3[14] (18,3) -> (18,3)
Info:                Sink debug_data_SB_LUT4_O_I2_SB_LUT4_I0_O_SB_LUT4_O_25_LC.CIN
Info:                Defined in:
Info:                  /usr/bin/../share/yosys/ice40/arith_map.v:51.21-51.22
Info:  0.1 16.2  Source debug_data_SB_LUT4_O_I2_SB_LUT4_I0_O_SB_LUT4_O_25_LC.COUT
Info:  0.0 16.2    Net debug_data_SB_LUT4_O_I2_SB_LUT4_I0_I3[15] (18,3) -> (18,3)
Info:                Sink debug_data_SB_LUT4_O_I2_SB_LUT4_I0_O_SB_LUT4_O_24_LC.CIN
Info:                Defined in:
Info:                  /usr/bin/../share/yosys/ice40/arith_map.v:51.21-51.22
Info:  0.1 16.3  Source debug_data_SB_LUT4_O_I2_SB_LUT4_I0_O_SB_LUT4_O_24_LC.COUT
Info:  0.0 16.3    Net debug_data_SB_LUT4_O_I2_SB_LUT4_I0_I3[16] (18,3) -> (18,3)
Info:                Sink debug_data_SB_LUT4_O_I2_SB_LUT4_I0_O_SB_LUT4_O_23_LC.CIN
Info:                Defined in:
Info:                  /usr/bin/../share/yosys/ice40/arith_map.v:51.21-51.22
Info:  0.1 16.5  Source debug_data_SB_LUT4_O_I2_SB_LUT4_I0_O_SB_LUT4_O_23_LC.COUT
Info:  0.2 16.7    Net debug_data_SB_LUT4_O_I2_SB_LUT4_I0_I3[17] (18,3) -> (18,4)
Info:                Sink debug_data_SB_LUT4_O_I2_SB_LUT4_I0_O_SB_LUT4_O_22_LC.CIN
Info:                Defined in:
Info:                  /usr/bin/../share/yosys/ice40/arith_map.v:51.21-51.22
Info:  0.1 16.8  Source debug_data_SB_LUT4_O_I2_SB_LUT4_I0_O_SB_LUT4_O_22_LC.COUT
Info:  0.0 16.8    Net debug_data_SB_LUT4_O_I2_SB_LUT4_I0_I3[18] (18,4) -> (18,4)
Info:                Sink debug_data_SB_LUT4_O_I2_SB_LUT4_I0_O_SB_LUT4_O_21_LC.CIN
Info:                Defined in:
Info:                  /usr/bin/../share/yosys/ice40/arith_map.v:51.21-51.22
Info:  0.1 16.9  Source debug_data_SB_LUT4_O_I2_SB_LUT4_I0_O_SB_LUT4_O_21_LC.COUT
Info:  0.0 16.9    Net debug_data_SB_LUT4_O_I2_SB_LUT4_I0_I3[19] (18,4) -> (18,4)
Info:                Sink debug_data_SB_LUT4_O_I2_SB_LUT4_I0_O_SB_LUT4_O_20_LC.CIN
Info:                Defined in:
Info:                  /usr/bin/../share/yosys/ice40/arith_map.v:51.21-51.22
Info:  0.1 17.0  Source debug_data_SB_LUT4_O_I2_SB_LUT4_I0_O_SB_LUT4_O_20_LC.COUT
Info:  0.0 17.0    Net debug_data_SB_LUT4_O_I2_SB_LUT4_I0_I3[20] (18,4) -> (18,4)
Info:                Sink debug_data_SB_LUT4_O_I2_SB_LUT4_I0_O_SB_LUT4_O_18_LC.CIN
Info:                Defined in:
Info:                  /usr/bin/../share/yosys/ice40/arith_map.v:51.21-51.22
Info:  0.1 17.2  Source debug_data_SB_LUT4_O_I2_SB_LUT4_I0_O_SB_LUT4_O_18_LC.COUT
Info:  0.0 17.2    Net debug_data_SB_LUT4_O_I2_SB_LUT4_I0_I3[21] (18,4) -> (18,4)
Info:                Sink debug_data_SB_LUT4_O_I2_SB_LUT4_I0_O_SB_LUT4_O_17_LC.CIN
Info:                Defined in:
Info:                  /usr/bin/../share/yosys/ice40/arith_map.v:51.21-51.22
Info:  0.1 17.3  Source debug_data_SB_LUT4_O_I2_SB_LUT4_I0_O_SB_LUT4_O_17_LC.COUT
Info:  0.0 17.3    Net debug_data_SB_LUT4_O_I2_SB_LUT4_I0_I3[22] (18,4) -> (18,4)
Info:                Sink debug_data_SB_LUT4_O_I2_SB_LUT4_I0_O_SB_LUT4_O_16_LC.CIN
Info:                Defined in:
Info:                  /usr/bin/../share/yosys/ice40/arith_map.v:51.21-51.22
Info:  0.1 17.4  Source debug_data_SB_LUT4_O_I2_SB_LUT4_I0_O_SB_LUT4_O_16_LC.COUT
Info:  0.0 17.4    Net debug_data_SB_LUT4_O_I2_SB_LUT4_I0_I3[23] (18,4) -> (18,4)
Info:                Sink debug_data_SB_LUT4_O_I2_SB_LUT4_I0_O_SB_LUT4_O_15_LC.CIN
Info:                Defined in:
Info:                  /usr/bin/../share/yosys/ice40/arith_map.v:51.21-51.22
Info:  0.1 17.5  Source debug_data_SB_LUT4_O_I2_SB_LUT4_I0_O_SB_LUT4_O_15_LC.COUT
Info:  0.0 17.5    Net debug_data_SB_LUT4_O_I2_SB_LUT4_I0_I3[24] (18,4) -> (18,4)
Info:                Sink debug_data_SB_LUT4_O_I2_SB_LUT4_I0_O_SB_LUT4_O_14_LC.CIN
Info:                Defined in:
Info:                  /usr/bin/../share/yosys/ice40/arith_map.v:51.21-51.22
Info:  0.1 17.7  Source debug_data_SB_LUT4_O_I2_SB_LUT4_I0_O_SB_LUT4_O_14_LC.COUT
Info:  0.2 17.9    Net debug_data_SB_LUT4_O_I2_SB_LUT4_I0_I3[25] (18,4) -> (18,5)
Info:                Sink debug_data_SB_LUT4_O_I2_SB_LUT4_I0_O_SB_LUT4_O_13_LC.CIN
Info:                Defined in:
Info:                  /usr/bin/../share/yosys/ice40/arith_map.v:51.21-51.22
Info:  0.1 18.0  Source debug_data_SB_LUT4_O_I2_SB_LUT4_I0_O_SB_LUT4_O_13_LC.COUT
Info:  0.0 18.0    Net debug_data_SB_LUT4_O_I2_SB_LUT4_I0_I3[26] (18,5) -> (18,5)
Info:                Sink debug_data_SB_LUT4_O_I2_SB_LUT4_I0_O_SB_LUT4_O_12_LC.CIN
Info:                Defined in:
Info:                  /usr/bin/../share/yosys/ice40/arith_map.v:51.21-51.22
Info:  0.1 18.1  Source debug_data_SB_LUT4_O_I2_SB_LUT4_I0_O_SB_LUT4_O_12_LC.COUT
Info:  0.0 18.1    Net debug_data_SB_LUT4_O_I2_SB_LUT4_I0_I3[27] (18,5) -> (18,5)
Info:                Sink debug_data_SB_LUT4_O_I2_SB_LUT4_I0_O_SB_LUT4_O_11_LC.CIN
Info:                Defined in:
Info:                  /usr/bin/../share/yosys/ice40/arith_map.v:51.21-51.22
Info:  0.1 18.2  Source debug_data_SB_LUT4_O_I2_SB_LUT4_I0_O_SB_LUT4_O_11_LC.COUT
Info:  0.0 18.2    Net debug_data_SB_LUT4_O_I2_SB_LUT4_I0_I3[28] (18,5) -> (18,5)
Info:                Sink debug_data_SB_LUT4_O_I2_SB_LUT4_I0_O_SB_LUT4_O_10_LC.CIN
Info:                Defined in:
Info:                  /usr/bin/../share/yosys/ice40/arith_map.v:51.21-51.22
Info:  0.1 18.4  Source debug_data_SB_LUT4_O_I2_SB_LUT4_I0_O_SB_LUT4_O_10_LC.COUT
Info:  0.0 18.4    Net debug_data_SB_LUT4_O_I2_SB_LUT4_I0_I3[29] (18,5) -> (18,5)
Info:                Sink debug_data_SB_LUT4_O_I2_SB_LUT4_I0_O_SB_LUT4_O_9_LC.CIN
Info:                Defined in:
Info:                  /usr/bin/../share/yosys/ice40/arith_map.v:51.21-51.22
Info:  0.1 18.5  Source debug_data_SB_LUT4_O_I2_SB_LUT4_I0_O_SB_LUT4_O_9_LC.COUT
Info:  0.0 18.5    Net debug_data_SB_LUT4_O_I2_SB_LUT4_I0_I3[30] (18,5) -> (18,5)
Info:                Sink debug_data_SB_LUT4_O_I2_SB_LUT4_I0_O_SB_LUT4_O_7_LC.CIN
Info:                Defined in:
Info:                  /usr/bin/../share/yosys/ice40/arith_map.v:51.21-51.22
Info:  0.1 18.6  Source debug_data_SB_LUT4_O_I2_SB_LUT4_I0_O_SB_LUT4_O_7_LC.COUT
Info:  0.3 18.9    Net debug_data_SB_LUT4_O_I2_SB_LUT4_I0_I3[31] (18,5) -> (18,5)
Info:                Sink debug_data_SB_LUT4_O_I2_SB_LUT4_I0_LC.I3
Info:                Defined in:
Info:                  /usr/bin/../share/yosys/ice40/arith_map.v:51.21-51.22
Info:  0.3 19.2  Setup debug_data_SB_LUT4_O_I2_SB_LUT4_I0_LC.I3
Info: 6.2 ns logic, 13.0 ns routing

Info: Critical path report for cross-domain path 'posedge clk$SB_IO_IN_$glb_clk' -> '<async>':
Info: curr total
Info:  0.5  0.5  Source operand_b_SB_DFFS_Q_D_SB_LUT4_O_18_LC.O
Info:  2.0  2.6    Net debug_data_SB_LUT4_O_10_I2_SB_LUT4_O_I0_SB_LUT4_O_1_I2_SB_LUT4_O_I2_SB_LUT4_O_I0[2] (12,12) -> (9,3)
Info:                Sink debug_data_SB_LUT4_O_12_I0_SB_LUT4_O_I2_SB_LUT4_O_I0_SB_LUT4_O_2_I0_SB_LUT4_I0_O_SB_LUT4_O_1_I0_SB_LUT4_O_1_I0_SB_LUT4_I0_O_SB_LUT4_O_1_I3_SB_LUT4_I1_O_SB_LUT4_O_1_I3_SB_LUT4_I1_O_SB_LUT4_O_1_I3_SB_LUT4_I1_O_SB_LUT4_O_1_I3_SB_LUT4_I1_O_SB_LUT4_O_1_I3_SB_LUT4_O_1_LC.I1
Info:                Defined in:
Info:                  /root/chiploop-backend/backend/workflows/348dfdf9-8c11-400f-8e25-503b3373a6d9/fpga/src/rtl/review_input.sv:18.14-18.23
Info:  0.4  3.0  Source debug_data_SB_LUT4_O_12_I0_SB_LUT4_O_I2_SB_LUT4_O_I0_SB_LUT4_O_2_I0_SB_LUT4_I0_O_SB_LUT4_O_1_I0_SB_LUT4_O_1_I0_SB_LUT4_I0_O_SB_LUT4_O_1_I3_SB_LUT4_I1_O_SB_LUT4_O_1_I3_SB_LUT4_I1_O_SB_LUT4_O_1_I3_SB_LUT4_I1_O_SB_LUT4_O_1_I3_SB_LUT4_I1_O_SB_LUT4_O_1_I3_SB_LUT4_O_1_LC.O
Info:  0.6  3.5    Net debug_data_SB_LUT4_O_12_I0_SB_LUT4_O_I2_SB_LUT4_O_I0_SB_LUT4_O_2_I0_SB_LUT4_I0_O_SB_LUT4_O_1_I0_SB_LUT4_O_1_I0_SB_LUT4_I0_O_SB_LUT4_O_1_I3_SB_LUT4_I1_O_SB_LUT4_O_1_I3_SB_LUT4_I1_O_SB_LUT4_O_1_I3_SB_LUT4_I1_O_SB_LUT4_O_1_I3_SB_LUT4_I1_O_SB_LUT4_O_1_I3[1] (9,3) -> (10,2)
Info:                Sink debug_data_SB_LUT4_O_12_I0_SB_LUT4_O_I2_SB_LUT4_O_I0_SB_LUT4_O_2_I0_SB_LUT4_I0_O_SB_LUT4_O_1_I0_SB_LUT4_O_1_I0_SB_LUT4_I0_O_SB_LUT4_O_1_I3_SB_LUT4_I1_O_SB_LUT4_O_1_I3_SB_LUT4_I1_O_SB_LUT4_O_1_I3_SB_LUT4_I1_O_SB_LUT4_O_1_I3_SB_LUT4_I1_O_SB_LUT4_O_1_LC.I3
Info:                Defined in:
Info:                  /usr/bin/../share/yosys/ice40/cells_map.v:6.21-6.22
Info:  0.3  3.9  Source debug_data_SB_LUT4_O_12_I0_SB_LUT4_O_I2_SB_LUT4_O_I0_SB_LUT4_O_2_I0_SB_LUT4_I0_O_SB_LUT4_O_1_I0_SB_LUT4_O_1_I0_SB_LUT4_I0_O_SB_LUT4_O_1_I3_SB_LUT4_I1_O_SB_LUT4_O_1_I3_SB_LUT4_I1_O_SB_LUT4_O_1_I3_SB_LUT4_I1_O_SB_LUT4_O_1_I3_SB_LUT4_I1_O_SB_LUT4_O_1_LC.O
Info:  0.9  4.8    Net debug_data_SB_LUT4_O_12_I0_SB_LUT4_O_I2_SB_LUT4_O_I0_SB_LUT4_O_2_I0_SB_LUT4_I0_O_SB_LUT4_O_1_I0_SB_LUT4_O_1_I0_SB_LUT4_I0_O_SB_LUT4_O_1_I3_SB_LUT4_I1_O_SB_LUT4_O_1_I3_SB_LUT4_I1_O_SB_LUT4_O_1_I3_SB_LUT4_I1_O_SB_LUT4_O_1_I3_SB_LUT4_I1_O[1] (10,2) -> (11,2)
Info:                Sink debug_data_SB_LUT4_O_12_I0_SB_LUT4_O_I2_SB_LUT4_O_I0_SB_LUT4_O_2_I0_SB_LUT4_I0_O_SB_LUT4_O_1_I0_SB_LUT4_O_1_I0_SB_LUT4_I0_O_SB_LUT4_O_1_I3_SB_LUT4_I1_O_SB_LUT4_O_1_I3_SB_LUT4_I1_O_SB_LUT4_O_1_I3_SB_LUT4_I1_O_SB_LUT4_O_1_I3_SB_LUT4_I1_O_SB_LUT4_I1_LC.I2
Info:                Defined in:
Info:                  /usr/bin/../share/yosys/ice40/cells_map.v:6.21-6.22
Info:  0.4  5.1  Source debug_data_SB_LUT4_O_12_I0_SB_LUT4_O_I2_SB_LUT4_O_I0_SB_LUT4_O_2_I0_SB_LUT4_I0_O_SB_LUT4_O_1_I0_SB_LUT4_O_1_I0_SB_LUT4_I0_O_SB_LUT4_O_1_I3_SB_LUT4_I1_O_SB_LUT4_O_1_I3_SB_LUT4_I1_O_SB_LUT4_O_1_I3_SB_LUT4_I1_O_SB_LUT4_O_1_I3_SB_LUT4_I1_O_SB_LUT4_I1_LC.O
Info:  0.6  5.7    Net debug_data_SB_LUT4_O_12_I0_SB_LUT4_O_I2_SB_LUT4_O_I0_SB_LUT4_O_2_I0_SB_LUT4_I0_O_SB_LUT4_O_1_I0_SB_LUT4_O_1_I0_SB_LUT4_I0_O_SB_LUT4_O_1_I3_SB_LUT4_I1_O_SB_LUT4_O_1_I3_SB_LUT4_I1_O_SB_LUT4_O_1_I3_SB_LUT4_I1_O_SB_LUT4_O_1_I3_SB_LUT4_I1_O_SB_LUT4_I1_O[0] (11,2) -> (11,3)
Info:                Sink full_product_SB_LUT4_O_2_I0_SB_LUT4_I3_O_SB_LUT4_O_16_I2_SB_LUT4_O_I2_SB_LUT4_O_I1_SB_LUT4_O_1_I1_SB_LUT4_O_2_LC.I1
Info:                Defined in:
Info:                  /usr/bin/../share/yosys/ice40/cells_map.v:6.21-6.22
Info:  0.4  6.1  Source full_product_SB_LUT4_O_2_I0_SB_LUT4_I3_O_SB_LUT4_O_16_I2_SB_LUT4_O_I2_SB_LUT4_O_I1_SB_LUT4_O_1_I1_SB_LUT4_O_2_LC.O
Info:  1.0  7.1    Net full_product_SB_LUT4_O_2_I0_SB_LUT4_I3_O_SB_LUT4_O_16_I2_SB_LUT4_O_I2_SB_LUT4_O_I1_SB_LUT4_O_1_I1[0] (11,3) -> (11,5)
Info:                Sink full_product_SB_LUT4_O_2_I0_SB_LUT4_I3_O_SB_LUT4_O_16_I2_SB_LUT4_O_I2_SB_LUT4_O_I1_SB_LUT4_O_1_LC.I1
Info:                Defined in:
Info:                  /usr/bin/../share/yosys/ice40/cells_map.v:6.21-6.22
Info:  0.4  7.5  Source full_product_SB_LUT4_O_2_I0_SB_LUT4_I3_O_SB_LUT4_O_16_I2_SB_LUT4_O_I2_SB_LUT4_O_I1_SB_LUT4_O_1_LC.O
Info:  1.0  8.4    Net full_product_SB_LUT4_O_2_I0_SB_LUT4_I3_O_SB_LUT4_O_16_I2_SB_LUT4_O_I2_SB_LUT4_O_I1[1] (11,5) -> (12,7)
Info:                Sink full_product_SB_LUT4_O_2_I0_SB_LUT4_I3_O_SB_LUT4_O_16_I2_SB_LUT4_O_I2_SB_LUT4_O_LC.I2
Info:                Defined in:
Info:                  /usr/bin/../share/yosys/ice40/cells_map.v:6.21-6.22
Info:  0.4  8.8  Source full_product_SB_LUT4_O_2_I0_SB_LUT4_I3_O_SB_LUT4_O_16_I2_SB_LUT4_O_I2_SB_LUT4_O_LC.O
Info:  0.6  9.4    Net full_product_SB_LUT4_O_2_I0_SB_LUT4_I3_O_SB_LUT4_O_16_I2_SB_LUT4_O_I2[1] (12,7) -> (13,8)
Info:                Sink full_product_SB_LUT4_O_2_I0_SB_LUT4_I3_O_SB_LUT4_O_17_I2_SB_LUT4_O_LC.I3
Info:                Defined in:
Info:                  /usr/bin/../share/yosys/ice40/cells_map.v:6.21-6.22
Info:  0.3  9.7  Source full_product_SB_LUT4_O_2_I0_SB_LUT4_I3_O_SB_LUT4_O_17_I2_SB_LUT4_O_LC.O
Info:  0.6 10.3    Net full_product_SB_LUT4_O_2_I0_SB_LUT4_I3_O_SB_LUT4_O_17_I1[0] (13,8) -> (14,8)
Info:                Sink full_product_SB_LUT4_O_2_I0_SB_LUT4_I3_O_SB_LUT4_O_16_I1_SB_LUT4_O_1_LC.I3
Info:                Defined in:
Info:                  /usr/bin/../share/yosys/ice40/cells_map.v:6.21-6.22
Info:  0.3 10.6  Source full_product_SB_LUT4_O_2_I0_SB_LUT4_I3_O_SB_LUT4_O_16_I1_SB_LUT4_O_1_LC.O
Info:  0.6 11.2    Net full_product_SB_LUT4_O_2_I0_SB_LUT4_I3_O_SB_LUT4_O_16_I1[1] (14,8) -> (13,9)
Info:                Sink full_product_SB_LUT4_O_2_I0_SB_LUT4_I3_O_SB_LUT4_O_16_LC.I1
Info:                Defined in:
Info:                  /usr/bin/../share/yosys/ice40/cells_map.v:6.21-6.22
Info:  0.4 11.6  Source full_product_SB_LUT4_O_2_I0_SB_LUT4_I3_O_SB_LUT4_O_16_LC.O
Info:  1.6 13.3    Net full_product_SB_LUT4_O_2_I0_SB_LUT4_I3_O[14] (13,9) -> (15,14)
Info:                Sink full_product_SB_LUT4_O_48_LC.I1
Info:                Defined in:
Info:                  /usr/bin/../share/yosys/techmap.v:200.24-200.25
Info:  0.3 13.5  Source full_product_SB_LUT4_O_48_LC.COUT
Info:  0.0 13.5    Net full_product_SB_LUT4_O_I3[15] (15,14) -> (15,14)
Info:                Sink full_product_SB_LUT4_O_47_LC.CIN
Info:                Defined in:
Info:                  /usr/bin/../share/yosys/ice40/arith_map.v:51.21-51.22
Info:  0.1 13.6  Source full_product_SB_LUT4_O_47_LC.COUT
Info:  0.2 13.8    Net full_product_SB_LUT4_O_I3[16] (15,14) -> (15,15)
Info:                Sink full_product_SB_LUT4_O_46_LC.CIN
Info:                Defined in:
Info:                  /usr/bin/../share/yosys/ice40/arith_map.v:51.21-51.22
Info:  0.1 14.0  Source full_product_SB_LUT4_O_46_LC.COUT
Info:  0.0 14.0    Net full_product_SB_LUT4_O_I3[17] (15,15) -> (15,15)
Info:                Sink full_product_SB_LUT4_O_45_LC.CIN
Info:                Defined in:
Info:                  /usr/bin/../share/yosys/ice40/arith_map.v:51.21-51.22
Info:  0.1 14.1  Source full_product_SB_LUT4_O_45_LC.COUT
Info:  0.0 14.1    Net full_product_SB_LUT4_O_I3[18] (15,15) -> (15,15)
Info:                Sink full_product_SB_LUT4_O_44_LC.CIN
Info:                Defined in:
Info:                  /usr/bin/../share/yosys/ice40/arith_map.v:51.21-51.22
Info:  0.1 14.2  Source full_product_SB_LUT4_O_44_LC.COUT
Info:  0.0 14.2    Net full_product_SB_LUT4_O_I3[19] (15,15) -> (15,15)
Info:                Sink full_product_SB_LUT4_O_43_LC.CIN
Info:                Defined in:
Info:                  /usr/bin/../share/yosys/ice40/arith_map.v:51.21-51.22
Info:  0.1 14.3  Source full_product_SB_LUT4_O_43_LC.COUT
Info:  0.0 14.3    Net full_product_SB_LUT4_O_I3[20] (15,15) -> (15,15)
Info:                Sink full_product_SB_LUT4_O_42_LC.CIN
Info:                Defined in:
Info:                  /usr/bin/../share/yosys/ice40/arith_map.v:51.21-51.22
Info:  0.1 14.5  Source full_product_SB_LUT4_O_42_LC.COUT
Info:  0.0 14.5    Net full_product_SB_LUT4_O_I3[21] (15,15) -> (15,15)
Info:                Sink full_product_SB_LUT4_O_41_LC.CIN
Info:                Defined in:
Info:                  /usr/bin/../share/yosys/ice40/arith_map.v:51.21-51.22
Info:  0.1 14.6  Source full_product_SB_LUT4_O_41_LC.COUT
Info:  0.0 14.6    Net full_product_SB_LUT4_O_I3[22] (15,15) -> (15,15)
Info:                Sink full_product_SB_LUT4_O_40_LC.CIN
Info:                Defined in:
Info:                  /usr/bin/../share/yosys/ice40/arith_map.v:51.21-51.22
Info:  0.1 14.7  Source full_product_SB_LUT4_O_40_LC.COUT
Info:  0.0 14.7    Net full_product_SB_LUT4_O_I3[23] (15,15) -> (15,15)
Info:                Sink full_product_SB_LUT4_O_39_LC.CIN
Info:                Defined in:
Info:                  /usr/bin/../share/yosys/ice40/arith_map.v:51.21-51.22
Info:  0.1 14.8  Source full_product_SB_LUT4_O_39_LC.COUT
Info:  0.2 15.0    Net full_product_SB_LUT4_O_I3[24] (15,15) -> (15,16)
Info:                Sink full_product_SB_LUT4_O_38_LC.CIN
Info:                Defined in:
Info:                  /usr/bin/../share/yosys/ice40/arith_map.v:51.21-51.22
Info:  0.1 15.2  Source full_product_SB_LUT4_O_38_LC.COUT
Info:  0.0 15.2    Net full_product_SB_LUT4_O_I3[25] (15,16) -> (15,16)
Info:                Sink full_product_SB_LUT4_O_37_LC.CIN
Info:                Defined in:
Info:                  /usr/bin/../share/yosys/ice40/arith_map.v:51.21-51.22
Info:  0.1 15.3  Source full_product_SB_LUT4_O_37_LC.COUT
Info:  0.0 15.3    Net full_product_SB_LUT4_O_I3[26] (15,16) -> (15,16)
Info:                Sink full_product_SB_LUT4_O_36_LC.CIN
Info:                Defined in:
Info:                  /usr/bin/../share/yosys/ice40/arith_map.v:51.21-51.22
Info:  0.1 15.4  Source full_product_SB_LUT4_O_36_LC.COUT
Info:  0.0 15.4    Net full_product_SB_LUT4_O_I3[27] (15,16) -> (15,16)
Info:                Sink full_product_SB_LUT4_O_35_LC.CIN
Info:                Defined in:
Info:                  /usr/bin/../share/yosys/ice40/arith_map.v:51.21-51.22
Info:  0.1 15.5  Source full_product_SB_LUT4_O_35_LC.COUT
Info:  0.0 15.5    Net full_product_SB_LUT4_O_I3[28] (15,16) -> (15,16)
Info:                Sink full_product_SB_LUT4_O_34_LC.CIN
Info:                Defined in:
Info:                  /usr/bin/../share/yosys/ice40/arith_map.v:51.21-51.22
Info:  0.1 15.7  Source full_product_SB_LUT4_O_34_LC.COUT
Info:  0.0 15.7    Net full_product_SB_LUT4_O_I3[29] (15,16) -> (15,16)
Info:                Sink full_product_SB_LUT4_O_33_LC.CIN
Info:                Defined in:
Info:                  /usr/bin/../share/yosys/ice40/arith_map.v:51.21-51.22
Info:  0.1 15.8  Source full_product_SB_LUT4_O_33_LC.COUT
Info:  0.0 15.8    Net full_product_SB_LUT4_O_I3[30] (15,16) -> (15,16)
Info:                Sink full_product_SB_LUT4_O_32_LC.CIN
Info:                Defined in:
Info:                  /usr/bin/../share/yosys/ice40/arith_map.v:51.21-51.22
Info:  0.1 15.9  Source full_product_SB_LUT4_O_32_LC.COUT
Info:  0.0 15.9    Net full_product_SB_LUT4_O_I3[31] (15,16) -> (15,16)
Info:                Sink full_product_SB_LUT4_O_31_LC.CIN
Info:                Defined in:
Info:                  /usr/bin/../share/yosys/ice40/arith_map.v:51.21-51.22
Info:  0.1 16.1  Source full_product_SB_LUT4_O_31_LC.COUT
Info:  0.2 16.2    Net full_product_SB_LUT4_O_I3[32] (15,16) -> (15,17)
Info:                Sink full_product_SB_LUT4_O_30_LC.CIN
Info:                Defined in:
Info:                  /usr/bin/../share/yosys/ice40/arith_map.v:51.21-51.22
Info:  0.1 16.4  Source full_product_SB_LUT4_O_30_LC.COUT
Info:  0.0 16.4    Net full_product_SB_LUT4_O_I3[33] (15,17) -> (15,17)
Info:                Sink full_product_SB_LUT4_O_29_LC.CIN
Info:                Defined in:
Info:                  /usr/bin/../share/yosys/ice40/arith_map.v:51.21-51.22
Info:  0.1 16.5  Source full_product_SB_LUT4_O_29_LC.COUT
Info:  0.0 16.5    Net full_product_SB_LUT4_O_I3[34] (15,17) -> (15,17)
Info:                Sink full_product_SB_LUT4_O_28_LC.CIN
Info:                Defined in:
Info:                  /usr/bin/../share/yosys/ice40/arith_map.v:51.21-51.22
Info:  0.1 16.6  Source full_product_SB_LUT4_O_28_LC.COUT
Info:  0.0 16.6    Net full_product_SB_LUT4_O_I3[35] (15,17) -> (15,17)
Info:                Sink full_product_SB_LUT4_O_27_LC.CIN
Info:                Defined in:
Info:                  /usr/bin/../share/yosys/ice40/arith_map.v:51.21-51.22
Info:  0.1 16.8  Source full_product_SB_LUT4_O_27_LC.COUT
Info:  0.0 16.8    Net full_product_SB_LUT4_O_I3[36] (15,17) -> (15,17)
Info:                Sink full_product_SB_LUT4_O_26_LC.CIN
Info:                Defined in:
Info:                  /usr/bin/../share/yosys/ice40/arith_map.v:51.21-51.22
Info:  0.1 16.9  Source full_product_SB_LUT4_O_26_LC.COUT
Info:  0.0 16.9    Net full_product_SB_LUT4_O_I3[37] (15,17) -> (15,17)
Info:                Sink full_product_SB_LUT4_O_25_LC.CIN
Info:                Defined in:
Info:                  /usr/bin/../share/yosys/ice40/arith_map.v:51.21-51.22
Info:  0.1 17.0  Source full_product_SB_LUT4_O_25_LC.COUT
Info:  0.0 17.0    Net full_product_SB_LUT4_O_I3[38] (15,17) -> (15,17)
Info:                Sink full_product_SB_LUT4_O_24_LC.CIN
Info:                Defined in:
Info:                  /usr/bin/../share/yosys/ice40/arith_map.v:51.21-51.22
Info:  0.1 17.1  Source full_product_SB_LUT4_O_24_LC.COUT
Info:  0.0 17.1    Net full_product_SB_LUT4_O_I3[39] (15,17) -> (15,17)
Info:                Sink full_product_SB_LUT4_O_23_LC.CIN
Info:                Defined in:
Info:                  /usr/bin/../share/yosys/ice40/arith_map.v:51.21-51.22
Info:  0.1 17.3  Source full_product_SB_LUT4_O_23_LC.COUT
Info:  0.2 17.5    Net full_product_SB_LUT4_O_I3[40] (15,17) -> (15,18)
Info:                Sink full_product_SB_LUT4_O_22_LC.CIN
Info:                Defined in:
Info:                  /usr/bin/../share/yosys/ice40/arith_map.v:51.21-51.22
Info:  0.1 17.6  Source full_product_SB_LUT4_O_22_LC.COUT
Info:  0.0 17.6    Net full_product_SB_LUT4_O_I3[41] (15,18) -> (15,18)
Info:                Sink full_product_SB_LUT4_O_21_LC.CIN
Info:                Defined in:
Info:                  /usr/bin/../share/yosys/ice40/arith_map.v:51.21-51.22
Info:  0.1 17.7  Source full_product_SB_LUT4_O_21_LC.COUT
Info:  0.0 17.7    Net full_product_SB_LUT4_O_I3[42] (15,18) -> (15,18)
Info:                Sink full_product_SB_LUT4_O_20_LC.CIN
Info:                Defined in:
Info:                  /usr/bin/../share/yosys/ice40/arith_map.v:51.21-51.22
Info:  0.1 17.8  Source full_product_SB_LUT4_O_20_LC.COUT
Info:  0.0 17.8    Net full_product_SB_LUT4_O_I3[43] (15,18) -> (15,18)
Info:                Sink full_product_SB_LUT4_O_19_LC.CIN
Info:                Defined in:
Info:                  /usr/bin/../share/yosys/ice40/arith_map.v:51.21-51.22
Info:  0.1 18.0  Source full_product_SB_LUT4_O_19_LC.COUT
Info:  0.0 18.0    Net full_product_SB_LUT4_O_I3[44] (15,18) -> (15,18)
Info:                Sink full_product_SB_LUT4_O_18_LC.CIN
Info:                Defined in:
Info:                  /usr/bin/../share/yosys/ice40/arith_map.v:51.21-51.22
Info:  0.1 18.1  Source full_product_SB_LUT4_O_18_LC.COUT
Info:  0.0 18.1    Net full_product_SB_LUT4_O_I3[45] (15,18) -> (15,18)
Info:                Sink full_product_SB_LUT4_O_17_LC.CIN
Info:                Defined in:
Info:                  /usr/bin/../share/yosys/ice40/arith_map.v:51.21-51.22
Info:  0.1 18.2  Source full_product_SB_LUT4_O_17_LC.COUT
Info:  0.0 18.2    Net full_product_SB_LUT4_O_I3[46] (15,18) -> (15,18)
Info:                Sink full_product_SB_LUT4_O_16_LC.CIN
Info:                Defined in:
Info:                  /usr/bin/../share/yosys/ice40/arith_map.v:51.21-51.22
Info:  0.1 18.3  Source full_product_SB_LUT4_O_16_LC.COUT
Info:  0.0 18.3    Net full_product_SB_LUT4_O_I3[47] (15,18) -> (15,18)
Info:                Sink full_product_SB_LUT4_O_15_LC.CIN
Info:                Defined in:
Info:                  /usr/bin/../share/yosys/ice40/arith_map.v:51.21-51.22
Info:  0.1 18.5  Source full_product_SB_LUT4_O_15_LC.COUT
Info:  0.2 18.7    Net full_product_SB_LUT4_O_I3[48] (15,18) -> (15,19)
Info:                Sink full_product_SB_LUT4_O_14_LC.CIN
Info:                Defined in:
Info:                  /usr/bin/../share/yosys/ice40/arith_map.v:51.21-51.22
Info:  0.1 18.8  Source full_product_SB_LUT4_O_14_LC.COUT
Info:  0.0 18.8    Net full_product_SB_LUT4_O_I3[49] (15,19) -> (15,19)
Info:                Sink full_product_SB_LUT4_O_13_LC.CIN
Info:                Defined in:
Info:                  /usr/bin/../share/yosys/ice40/arith_map.v:51.21-51.22
Info:  0.1 18.9  Source full_product_SB_LUT4_O_13_LC.COUT
Info:  0.0 18.9    Net full_product_SB_LUT4_O_I3[50] (15,19) -> (15,19)
Info:                Sink full_product_SB_LUT4_O_12_LC.CIN
Info:                Defined in:
Info:                  /usr/bin/../share/yosys/ice40/arith_map.v:51.21-51.22
Info:  0.1 19.0  Source full_product_SB_LUT4_O_12_LC.COUT
Info:  0.0 19.0    Net full_product_SB_LUT4_O_I3[51] (15,19) -> (15,19)
Info:                Sink full_product_SB_LUT4_O_11_LC.CIN
Info:                Defined in:
Info:                  /usr/bin/../share/yosys/ice40/arith_map.v:51.21-51.22
Info:  0.1 19.2  Source full_product_SB_LUT4_O_11_LC.COUT
Info:  0.3 19.4    Net full_product_SB_LUT4_O_I3[52] (15,19) -> (15,19)
Info:                Sink full_product_SB_LUT4_O_10_LC.I3
Info:                Defined in:
Info:                  /usr/bin/../share/yosys/ice40/arith_map.v:51.21-51.22
Info:  0.3 19.7  Source full_product_SB_LUT4_O_10_LC.O
Info:  1.3 21.0    Net full_product[52] (15,19) -> (19,17)
Info:                Sink debug_data_SB_LUT4_O_3_I0_SB_LUT4_O_I2_SB_LUT4_O_1_I0_SB_LUT4_O_1_I2_SB_LUT4_I1_O_SB_LUT4_I0_O_SB_LUT4_O_I0_SB_LUT4_O_LC.I1
Info:                Defined in:
Info:                  /root/chiploop-backend/backend/workflows/348dfdf9-8c11-400f-8e25-503b3373a6d9/fpga/src/rtl/review_input.sv:37.15-37.27
Info:  0.4 21.4  Source debug_data_SB_LUT4_O_3_I0_SB_LUT4_O_I2_SB_LUT4_O_1_I0_SB_LUT4_O_1_I2_SB_LUT4_I1_O_SB_LUT4_I0_O_SB_LUT4_O_I0_SB_LUT4_O_LC.O
Info:  1.6 23.1    Net debug_data_SB_LUT4_O_3_I0_SB_LUT4_O_I2_SB_LUT4_O_1_I0_SB_LUT4_O_1_I2_SB_LUT4_I1_O_SB_LUT4_I0_O_SB_LUT4_O_I0[1] (19,17) -> (21,10)
Info:                Sink debug_data_SB_LUT4_O_3_I0_SB_LUT4_O_I2_SB_LUT4_O_1_I0_SB_LUT4_O_1_I2_SB_LUT4_I1_O_SB_LUT4_I0_O_SB_LUT4_O_LC.I1
Info:                Defined in:
Info:                  /usr/bin/../share/yosys/ice40/cells_map.v:6.21-6.22
Info:  0.4 23.5  Source debug_data_SB_LUT4_O_3_I0_SB_LUT4_O_I2_SB_LUT4_O_1_I0_SB_LUT4_O_1_I2_SB_LUT4_I1_O_SB_LUT4_I0_O_SB_LUT4_O_LC.O
Info:  0.6 24.0    Net debug_data_SB_LUT4_O_3_I0_SB_LUT4_O_I2_SB_LUT4_O_1_I0_SB_LUT4_O_1_I2_SB_LUT4_I1_O_SB_LUT4_I0_O[2] (21,10) -> (22,10)
Info:                Sink debug_data_SB_LUT4_O_27_I0_SB_LUT4_O_I2_SB_LUT4_O_1_I2_SB_LUT4_I2_O_SB_LUT4_O_I1_SB_LUT4_O_LC.I3
Info:                Defined in:
Info:                  /usr/bin/../share/yosys/ice40/cells_map.v:6.21-6.22
Info:  0.3 24.4  Source debug_data_SB_LUT4_O_27_I0_SB_LUT4_O_I2_SB_LUT4_O_1_I2_SB_LUT4_I2_O_SB_LUT4_O_I1_SB_LUT4_O_LC.O
Info:  0.6 24.9    Net debug_data_SB_LUT4_O_27_I0_SB_LUT4_O_I2_SB_LUT4_O_1_I2_SB_LUT4_I2_O_SB_LUT4_O_I1[2] (22,10) -> (21,11)
Info:                Sink debug_data_SB_LUT4_O_27_I0_SB_LUT4_O_I2_SB_LUT4_O_1_I2_SB_LUT4_I2_O_SB_LUT4_O_LC.I3
Info:                Defined in:
Info:                  /usr/bin/../share/yosys/ice40/cells_map.v:6.21-6.22
Info:  0.3 25.3  Source debug_data_SB_LUT4_O_27_I0_SB_LUT4_O_I2_SB_LUT4_O_1_I2_SB_LUT4_I2_O_SB_LUT4_O_LC.O
Info:  1.6 26.8    Net debug_data_SB_LUT4_O_27_I0_SB_LUT4_O_I2_SB_LUT4_O_1_I2_SB_LUT4_I2_O[1] (21,11) -> (26,14)
Info:                Sink debug_data_SB_LUT4_O_11_I2_SB_LUT4_O_LC.I1
Info:                Defined in:
Info:                  /usr/bin/../share/yosys/ice40/cells_map.v:6.21-6.22
Info:  0.4 27.2  Source debug_data_SB_LUT4_O_11_I2_SB_LUT4_O_LC.O
Info:  0.6 27.8    Net debug_data_SB_LUT4_O_11_I2[0] (26,14) -> (26,14)
Info:                Sink debug_data_SB_LUT4_O_11_LC.I2
Info:                Defined in:
Info:                  /usr/bin/../share/yosys/ice40/cells_map.v:6.21-6.22
Info:  0.4 28.2  Source debug_data_SB_LUT4_O_11_LC.O
Info:  1.7 29.9    Net debug_data[20]$SB_IO_OUT (26,14) -> (26,0)
Info:                Sink debug_data[20]$sb_io.D_OUT_0
Info:                Defined in:
Info:                  /root/chiploop-backend/backend/workflows/348dfdf9-8c11-400f-8e25-503b3373a6d9/fpga/src/rtl/review_input.sv:11.22-11.32
Info: 11.3 ns logic, 18.6 ns routing

Info: Max frequency for clock 'clk$SB_IO_IN_$glb_clk': 32.38 MHz (PASS at 30.00 MHz)

Info: Max delay <async>                       -> <async>                      : 15.70 ns
Info: Max delay <async>                       -> posedge clk$SB_IO_IN_$glb_clk: 19.22 ns
Info: Max delay posedge clk$SB_IO_IN_$glb_clk -> <async>                      : 29.88 ns

Info: Slack histogram:
Info:  legend: * represents 5 endpoint(s)
Info:          + represents [1,5) endpoint(s)
Info: [  2447,   3919) |*****************************+
Info: [  3919,   5391) |*********************+
Info: [  5391,   6863) |******************** 
Info: [  6863,   8335) |********************+
Info: [  8335,   9807) |*+
Info: [  9807,  11279) | 
Info: [ 11279,  12751) | 
Info: [ 12751,  14223) | 
Info: [ 14223,  15695) |+
Info: [ 15695,  17167) |** 
Info: [ 17167,  18639) |*+
Info: [ 18639,  20111) |*+
Info: [ 20111,  21583) |******+
Info: [ 21583,  23055) |*********+
Info: [ 23055,  24527) |*******************************+
Info: [ 24527,  25999) |************************************************************ 
Info: [ 25999,  27471) |******************************+
Info: [ 27471,  28943) |************+
Info: [ 28943,  30415) |**********************+
Info: [ 30415,  31887) |**********************+
1 warning, 0 errors

Info: Program finished normally.