=== STDERR ===
%Warning-WIDTHTRUNC: pass2/motor_control_transport_adapter.v:94:25: Operator ASSIGNDLY expects 128 bits on the Assign RHS, but Assign RHS's REPLICATE generates 176 bits.
                                                                  : ... note: In instance 'motor_control_top.u_motor_control_transport_adapter'
   94 |                 tx_data <= {32'h00000000, cfg_model_id, cfg_request_seq, cfg_expected_response_seq, cfg_request_flags, cfg_timeout_cycles, cfg_max_response_age, 32'h00000000};
      |                         ^~
                     ... For warning description see https://verilator.org/warn/WIDTHTRUNC?v=5.047
                     ... Use "/* verilator lint_off WIDTHTRUNC */" and lint_on around source to disable this message.
%Warning-WIDTHEXPAND: pass2/motor_control_register_map.v:125:26: Operator ASSIGN expects 64 bits on the Assign RHS, but Assign RHS's REPLICATE generates 56 bits.
                                                               : ... note: In instance 'motor_control_top.u_motor_control_register_map'
  125 |         8'h00: cfg_rdata = {48'h000000000000, status_fallback, status_fault, status_busy, cfg_slew_limit_en, cfg_clear_fault, cfg_abort, cfg_start_request, cfg_enable};
      |                          ^
                      ... For warning description see https://verilator.org/warn/WIDTHEXPAND?v=5.047
                      ... Use "/* verilator lint_off WIDTHEXPAND */" and lint_on around source to disable this message.
%Warning-WIDTHTRUNC: pass2/motor_control_register_map.v:126:26: Operator ASSIGN expects 64 bits on the Assign RHS, but Assign RHS's REPLICATE generates 80 bits.
                                                              : ... note: In instance 'motor_control_top.u_motor_control_register_map'
  126 |         8'h08: cfg_rdata = {16'h0000, cfg_request_flags, cfg_expected_response_seq, cfg_request_seq, cfg_model_id};
      |                          ^
%Warning-WIDTHTRUNC: pass2/motor_control_register_map.v:130:26: Operator ASSIGN expects 64 bits on the Assign RHS, but Assign RHS's REPLICATE generates 69 bits.
                                                              : ... note: In instance 'motor_control_top.u_motor_control_register_map'
  130 |         8'h38: cfg_rdata = {32'h00000000, status_last_seq, status_last_error_code, status_last_response_ok, status_request_outstanding, status_fallback, status_fault, status_busy, status_last_act_cmd[31:24]};
      |                          ^
%Error-PROCASSWIRE: pass2/motor_control_safety_fsm.v:92:9: Procedural assignment to wire, perhaps intended var (IEEE 1800-2023 6.5): 'command_applied'
                                                         : ... note: In instance 'motor_control_top.u_motor_control_safety_fsm'
   92 |         command_applied <= 1'b0;
      |         ^~~~~~~~~~~~~~~
                    ... For error description see https://verilator.org/warn/PROCASSWIRE?v=5.047
%Error-PROCASSWIRE: pass2/motor_control_safety_fsm.v:97:9: Procedural assignment to wire, perhaps intended var (IEEE 1800-2023 6.5): 'command_applied'
                                                         : ... note: In instance 'motor_control_top.u_motor_control_safety_fsm'
   97 |         command_applied <= 1'b0;
      |         ^~~~~~~~~~~~~~~
%Error-PROCASSWIRE: pass2/motor_control_safety_fsm.v:163:21: Procedural assignment to wire, perhaps intended var (IEEE 1800-2023 6.5): 'command_applied'
                                                           : ... note: In instance 'motor_control_top.u_motor_control_safety_fsm'
  163 |                     command_applied <= 1'b1;
      |                     ^~~~~~~~~~~~~~~
%Warning-UNUSEDSIGNAL: pass2/motor_control_top.v:64:13: Signal is not used: 'request_age'
                                                      : ... note: In instance 'motor_control_top'
   64 | wire [31:0] request_age;
      |             ^~~~~~~~~~~
                       ... For warning description see https://verilator.org/warn/UNUSEDSIGNAL?v=5.047
                       ... Use "/* verilator lint_off UNUSEDSIGNAL */" and lint_on around source to disable this message.
%Warning-UNUSEDSIGNAL: pass2/motor_control_top.v:74:12: Signal is not used: 'rejection_code'
                                                      : ... note: In instance 'motor_control_top'
   74 | wire [7:0] rejection_code;
      |            ^~~~~~~~~~~~~~
%Warning-UNUSEDSIGNAL: pass2/motor_control_top.v:77:6: Signal is not used: 'approved_seq_match'
                                                     : ... note: In instance 'motor_control_top'
   77 | wire approved_seq_match;
      |      ^~~~~~~~~~~~~~~~~~
%Warning-UNUSEDSIGNAL: pass2/motor_control_top.v:78:13: Signal is not used: 'limited_cmd'
                                                      : ... note: In instance 'motor_control_top'
   78 | wire [31:0] limited_cmd;
      |             ^~~~~~~~~~~
%Warning-UNUSEDSIGNAL: pass2/motor_control_top.v:79:13: Signal is not used: 'clamped_cmd'
                                                      : ... note: In instance 'motor_control_top'
   79 | wire [31:0] clamped_cmd;
      |             ^~~~~~~~~~~
%Warning-UNUSEDSIGNAL: pass2/motor_control_top.v:82:6: Signal is not used: 'state_idle'
                                                     : ... note: In instance 'motor_control_top'
   82 | wire state_idle;
      |      ^~~~~~~~~~
%Warning-UNUSEDSIGNAL: pass2/motor_control_top.v:83:6: Signal is not used: 'state_issue_request'
                                                     : ... note: In instance 'motor_control_top'
   83 | wire state_issue_request;
      |      ^~~~~~~~~~~~~~~~~~~
%Warning-UNUSEDSIGNAL: pass2/motor_control_top.v:84:6: Signal is not used: 'state_wait_response'
                                                     : ... note: In instance 'motor_control_top'
   84 | wire state_wait_response;
      |      ^~~~~~~~~~~~~~~~~~~
%Warning-UNUSEDSIGNAL: pass2/motor_control_top.v:85:6: Signal is not used: 'state_validate_response'
                                                     : ... note: In instance 'motor_control_top'
   85 | wire state_validate_response;
      |      ^~~~~~~~~~~~~~~~~~~~~~~
%Warning-UNUSEDSIGNAL: pass2/motor_control_top.v:86:6: Signal is not used: 'state_apply_command'
                                                     : ... note: In instance 'motor_control_top'
   86 | wire state_apply_command;
      |      ^~~~~~~~~~~~~~~~~~~
%Warning-UNUSEDSIGNAL: pass2/motor_control_top.v:87:6: Signal is not used: 'state_fallback'
                                                     : ... note: In instance 'motor_control_top'
   87 | wire state_fallback;
      |      ^~~~~~~~~~~~~~
%Warning-UNUSEDSIGNAL: pass2/motor_control_top.v:88:6: Signal is not used: 'state_abort'
                                                     : ... note: In instance 'motor_control_top'
   88 | wire state_abort;
      |      ^~~~~~~~~~~
%Warning-UNUSEDSIGNAL: pass2/motor_control_command_limiter.v:29:13: Signal is not used: 'approved_status'
                                                                  : ... note: In instance 'motor_control_top.u_motor_control_command_limiter'
   29 | input [7:0] approved_status;
      |             ^~~~~~~~~~~~~~~
%Warning-UNUSEDSIGNAL: pass2/motor_control_register_map.v:36:14: Bits of signal are not used: 'cfg_addr'[31:8]
                                                               : ... note: In instance 'motor_control_top.u_motor_control_register_map'
   36 | input [31:0] cfg_addr;
      |              ^~~~~~~~
%Warning-UNUSEDSIGNAL: pass2/motor_control_register_map.v:40:7: Signal is not used: 'cfg_re'
                                                              : ... note: In instance 'motor_control_top.u_motor_control_register_map'
   40 | input cfg_re;
      |       ^~~~~~
%Warning-UNUSEDSIGNAL: pass2/motor_control_register_map.v:63:14: Bits of signal are not used: 'status_last_act_cmd'[23:0]
                                                               : ... note: In instance 'motor_control_top.u_motor_control_register_map'
   63 | input [31:0] status_last_act_cmd;
      |              ^~~~~~~~~~~~~~~~~~~
%Warning-UNUSEDSIGNAL: pass2/motor_control_safety_fsm.v:44:14: Signal is not used: 'cfg_timeout_cycles'
                                                             : ... note: In instance 'motor_control_top.u_motor_control_safety_fsm'
   44 | input [31:0] cfg_timeout_cycles;
      |              ^~~~~~~~~~~~~~~~~~
%Warning-UNUSEDSIGNAL: pass2/motor_control_transport_adapter.v:53:15: Bits of signal are not used: 'rx_data'[127:72,31:25]
                                                                    : ... note: In instance 'motor_control_top.u_motor_control_transport_adapter'
   53 | input [127:0] rx_data;
      |               ^~~~~~~
%Error: Exiting due to 3 error(s)

=== RETURN CODE ===
1
