=== STDOUT ===
- V e r i l a t i o n   R e p o r t: Verilator 5.047 devel rev v5.046-161-g24918b83b
- Verilator: Built from 0.177 MB sources in 7 modules, into 0.058 MB in 3 C++ files needing 0.000 MB
- Verilator: Walltime 0.027 s (elab=0.004, cvt=0.012, bld=0.000); cpu 0.026 s on 1 threads; allocated 32.355 MB

=== STDERR ===
%Warning-WIDTHTRUNC: motor_control_transport_adapter.v:94:25: Operator ASSIGNDLY expects 128 bits on the Assign RHS, but Assign RHS's REPLICATE generates 144 bits.
                                                            : ... note: In instance 'motor_control_top.u_motor_control_transport_adapter'
   94 |                 tx_data <= {cfg_model_id, cfg_request_seq, cfg_expected_response_seq, cfg_request_flags, cfg_timeout_cycles[15:0], cfg_max_response_age, 48'h000000000000};
      |                         ^~
                     ... For warning description see https://verilator.org/warn/WIDTHTRUNC?v=5.047
                     ... Use "/* verilator lint_off WIDTHTRUNC */" and lint_on around source to disable this message.
%Warning-WIDTHEXPAND: motor_control_register_map.v:126:23: Operator ASSIGN expects 64 bits on the Assign RHS, but Assign RHS's REPLICATE generates 60 bits.
                                                         : ... note: In instance 'motor_control_top.u_motor_control_register_map'
  126 |             cfg_rdata = {45'h000000000000, 1'b0, status_fallback, status_fault, status_busy, 3'b000, cfg_slew_limit_en, 3'b000, cfg_clear_fault, cfg_abort, cfg_start_request, cfg_enable};
      |                       ^
                      ... For warning description see https://verilator.org/warn/WIDTHEXPAND?v=5.047
                      ... Use "/* verilator lint_off WIDTHEXPAND */" and lint_on around source to disable this message.
%Warning-WIDTHTRUNC: motor_control_register_map.v:141:23: Operator ASSIGN expects 64 bits on the Assign RHS, but Assign RHS's REPLICATE generates 73 bits.
                                                        : ... note: In instance 'motor_control_top.u_motor_control_register_map'
  141 |             cfg_rdata = {status_last_act_cmd, 8'h00, status_last_seq, 4'h0, status_fallback, status_fault, status_busy, status_request_outstanding, status_last_response_ok, status_last_error_code};
      |                       ^
%Warning-BLKSEQ: motor_control_command_limiter.v:60:22: Blocking assignment '=' in sequential logic process
                                                      : ... note: In instance 'motor_control_top.u_motor_control_command_limiter'
                                                      : ... Suggest using delayed assignment '<='
   60 |             next_cmd = approved_cmd_raw;
      |                      ^
                 ... For warning description see https://verilator.org/warn/BLKSEQ?v=5.047
                 ... Use "/* verilator lint_off BLKSEQ */" and lint_on around source to disable this message.
%Warning-BLKSEQ: motor_control_command_limiter.v:61:52: Blocking assignment '=' in sequential logic process
                                                      : ... note: In instance 'motor_control_top.u_motor_control_command_limiter'
                                                      : ... Suggest using delayed assignment '<='
   61 |             if (next_cmd < cfg_clamp_min) next_cmd = cfg_clamp_min;
      |                                                    ^
%Warning-BLKSEQ: motor_control_command_limiter.v:62:52: Blocking assignment '=' in sequential logic process
                                                      : ... note: In instance 'motor_control_top.u_motor_control_command_limiter'
                                                      : ... Suggest using delayed assignment '<='
   62 |             if (next_cmd > cfg_clamp_max) next_cmd = cfg_clamp_max;
      |                                                    ^
%Warning-BLKSEQ: motor_control_command_limiter.v:64:22: Blocking assignment '=' in sequential logic process
                                                      : ... note: In instance 'motor_control_top.u_motor_control_command_limiter'
                                                      : ... Suggest using delayed assignment '<='
   64 |             diff_cmd = (next_cmd >= prev_cmd) ? (next_cmd - prev_cmd) : (prev_cmd - next_cmd);
      |                      ^
%Warning-UNUSEDSIGNAL: motor_control_top.v:64:13: Signal is not used: 'request_age'
                                                : ... note: In instance 'motor_control_top'
   64 | wire [31:0] request_age;
      |             ^~~~~~~~~~~
                       ... For warning description see https://verilator.org/warn/UNUSEDSIGNAL?v=5.047
                       ... Use "/* verilator lint_off UNUSEDSIGNAL */" and lint_on around source to disable this message.
%Warning-UNUSEDSIGNAL: motor_control_top.v:74:12: Signal is not used: 'rejection_code'
                                                : ... note: In instance 'motor_control_top'
   74 | wire [7:0] rejection_code;
      |            ^~~~~~~~~~~~~~
%Warning-UNUSEDSIGNAL: motor_control_top.v:77:6: Signal is not used: 'approved_seq_match'
                                               : ... note: In instance 'motor_control_top'
   77 | wire approved_seq_match;
      |      ^~~~~~~~~~~~~~~~~~
%Warning-UNUSEDSIGNAL: motor_control_top.v:78:13: Signal is not used: 'limited_cmd'
                                                : ... note: In instance 'motor_control_top'
   78 | wire [31:0] limited_cmd;
      |             ^~~~~~~~~~~
%Warning-UNUSEDSIGNAL: motor_control_top.v:79:13: Signal is not used: 'clamped_cmd'
                                                : ... note: In instance 'motor_control_top'
   79 | wire [31:0] clamped_cmd;
      |             ^~~~~~~~~~~
%Warning-UNUSEDSIGNAL: motor_control_top.v:82:6: Signal is not used: 'state_idle'
                                               : ... note: In instance 'motor_control_top'
   82 | wire state_idle;
      |      ^~~~~~~~~~
%Warning-UNUSEDSIGNAL: motor_control_top.v:83:6: Signal is not used: 'state_issue_request'
                                               : ... note: In instance 'motor_control_top'
   83 | wire state_issue_request;
      |      ^~~~~~~~~~~~~~~~~~~
%Warning-UNUSEDSIGNAL: motor_control_top.v:84:6: Signal is not used: 'state_wait_response'
                                               : ... note: In instance 'motor_control_top'
   84 | wire state_wait_response;
      |      ^~~~~~~~~~~~~~~~~~~
%Warning-UNUSEDSIGNAL: motor_control_top.v:85:6: Signal is not used: 'state_validate_response'
                                               : ... note: In instance 'motor_control_top'
   85 | wire state_validate_response;
      |      ^~~~~~~~~~~~~~~~~~~~~~~
%Warning-UNUSEDSIGNAL: motor_control_top.v:86:6: Signal is not used: 'state_apply_command'
                                               : ... note: In instance 'motor_control_top'
   86 | wire state_apply_command;
      |      ^~~~~~~~~~~~~~~~~~~
%Warning-UNUSEDSIGNAL: motor_control_top.v:87:6: Signal is not used: 'state_fallback'
                                               : ... note: In instance 'motor_control_top'
   87 | wire state_fallback;
      |      ^~~~~~~~~~~~~~
%Warning-UNUSEDSIGNAL: motor_control_top.v:88:6: Signal is not used: 'state_abort'
                                               : ... note: In instance 'motor_control_top'
   88 | wire state_abort;
      |      ^~~~~~~~~~~
%Warning-UNUSEDSIGNAL: motor_control_top.v:89:6: Signal is not driven, nor used: 'fault_latched'
                                               : ... note: In instance 'motor_control_top'
   89 | wire fault_latched;
      |      ^~~~~~~~~~~~~
%Warning-UNDRIVEN: motor_control_top.v:95:6: Signal is not driven: 'status_busy'
                                           : ... note: In instance 'motor_control_top'
   95 | wire status_busy;
      |      ^~~~~~~~~~~
                   ... For warning description see https://verilator.org/warn/UNDRIVEN?v=5.047
                   ... Use "/* verilator lint_off UNDRIVEN */" and lint_on around source to disable this message.
%Warning-UNDRIVEN: motor_control_top.v:96:6: Signal is not driven: 'status_fault'
                                           : ... note: In instance 'motor_control_top'
   96 | wire status_fault;
      |      ^~~~~~~~~~~~
%Warning-UNDRIVEN: motor_control_top.v:97:6: Signal is not driven: 'status_fallback'
                                           : ... note: In instance 'motor_control_top'
   97 | wire status_fallback;
      |      ^~~~~~~~~~~~~~~
%Warning-UNUSEDSIGNAL: motor_control_command_limiter.v:29:13: Bits of signal are not used: 'approved_status'[7:1]
                                                            : ... note: In instance 'motor_control_top.u_motor_control_command_limiter'
   29 | input [7:0] approved_status;
      |             ^~~~~~~~~~~~~~~
%Warning-UNUSEDSIGNAL: motor_control_register_map.v:36:14: Bits of signal are not used: 'cfg_addr'[31:8]
                                                         : ... note: In instance 'motor_control_top.u_motor_control_register_map'
   36 | input [31:0] cfg_addr;
      |              ^~~~~~~~
%Warning-UNUSEDSIGNAL: motor_control_register_map.v:40:7: Signal is not used: 'cfg_re'
                                                        : ... note: In instance 'motor_control_top.u_motor_control_register_map'
   40 | input cfg_re;
      |       ^~~~~~
%Warning-UNUSEDSIGNAL: motor_control_safety_fsm.v:41:14: Signal is not used: 'cfg_timeout_cycles'
                                                       : ... note: In instance 'motor_control_top.u_motor_control_safety_fsm'
   41 | input [31:0] cfg_timeout_cycles;
      |              ^~~~~~~~~~~~~~~~~~
%Warning-UNUSEDSIGNAL: motor_control_transport_adapter.v:53:15: Bits of signal are not used: 'rx_data'[127:72,31:25]
                                                              : ... note: In instance 'motor_control_top.u_motor_control_transport_adapter'
   53 | input [127:0] rx_data;
      |               ^~~~~~~

=== RETURN CODE ===
0
