=== STDOUT ===
- V e r i l a t i o n   R e p o r t: Verilator 5.047 devel rev v5.046-161-g24918b83b
- Verilator: Built from 0.174 MB sources in 7 modules, into 0.067 MB in 3 C++ files needing 0.000 MB
- Verilator: Walltime 0.025 s (elab=0.003, cvt=0.011, bld=0.000); cpu 0.025 s on 1 threads; allocated 32.359 MB

=== STDERR ===
%Warning-PINCONNECTEMPTY: pass3/motor_control_top.v:217:6: Instance pin connected by name with empty reference: 'state_idle'
  217 |     .state_idle(),
      |      ^~~~~~~~~~
                          ... For warning description see https://verilator.org/warn/PINCONNECTEMPTY?v=5.047
                          ... Use "/* verilator lint_off PINCONNECTEMPTY */" and lint_on around source to disable this message.
%Warning-PINCONNECTEMPTY: pass3/motor_control_top.v:218:6: Instance pin connected by name with empty reference: 'state_issue_request'
  218 |     .state_issue_request(),
      |      ^~~~~~~~~~~~~~~~~~~
%Warning-PINCONNECTEMPTY: pass3/motor_control_top.v:219:6: Instance pin connected by name with empty reference: 'state_wait_response'
  219 |     .state_wait_response(),
      |      ^~~~~~~~~~~~~~~~~~~
%Warning-PINCONNECTEMPTY: pass3/motor_control_top.v:220:6: Instance pin connected by name with empty reference: 'state_validate_response'
  220 |     .state_validate_response(),
      |      ^~~~~~~~~~~~~~~~~~~~~~~
%Warning-PINCONNECTEMPTY: pass3/motor_control_top.v:221:6: Instance pin connected by name with empty reference: 'state_apply_command'
  221 |     .state_apply_command(),
      |      ^~~~~~~~~~~~~~~~~~~
%Warning-PINCONNECTEMPTY: pass3/motor_control_top.v:222:6: Instance pin connected by name with empty reference: 'state_fallback'
  222 |     .state_fallback(),
      |      ^~~~~~~~~~~~~~
%Warning-PINCONNECTEMPTY: pass3/motor_control_top.v:223:6: Instance pin connected by name with empty reference: 'state_abort'
  223 |     .state_abort(),
      |      ^~~~~~~~~~~
%Warning-WIDTHTRUNC: pass3/motor_control_transport_adapter.v:94:25: Operator ASSIGNDLY expects 128 bits on the Assign RHS, but Assign RHS's REPLICATE generates 160 bits.
                                                                  : ... note: In instance 'motor_control_top.u_motor_control_transport_adapter'
   94 |                 tx_data <= {16'h0000, cfg_model_id, cfg_request_seq, cfg_expected_response_seq, cfg_request_flags, cfg_timeout_cycles, cfg_max_response_age, 16'h0000, 16'h0000};
      |                         ^~
                     ... For warning description see https://verilator.org/warn/WIDTHTRUNC?v=5.047
                     ... Use "/* verilator lint_off WIDTHTRUNC */" and lint_on around source to disable this message.
%Warning-WIDTHTRUNC: pass3/motor_control_register_map.v:126:26: Operator ASSIGN expects 64 bits on the Assign RHS, but Assign RHS's REPLICATE generates 80 bits.
                                                              : ... note: In instance 'motor_control_top.u_motor_control_register_map'
  126 |         8'h08: cfg_rdata = {16'h0000, cfg_request_flags, cfg_expected_response_seq, cfg_request_seq, cfg_model_id};
      |                          ^
%Warning-WIDTHTRUNC: pass3/motor_control_register_map.v:130:26: Operator ASSIGN expects 64 bits on the Assign RHS, but Assign RHS's REPLICATE generates 69 bits.
                                                              : ... note: In instance 'motor_control_top.u_motor_control_register_map'
  130 |         8'h38: cfg_rdata = {32'h00000000, status_last_seq, status_last_error_code, status_last_response_ok, status_request_outstanding, status_fallback, status_fault, status_busy, status_last_act_cmd[31:24]};
      |                          ^
%Warning-BLKSEQ: pass3/motor_control_command_limiter.v:62:22: Blocking assignment '=' in sequential logic process
                                                            : ... note: In instance 'motor_control_top.u_motor_control_command_limiter'
                                                            : ... Suggest using delayed assignment '<='
   62 |             next_cmd = approved_cmd_raw;
      |                      ^
                 ... For warning description see https://verilator.org/warn/BLKSEQ?v=5.047
                 ... Use "/* verilator lint_off BLKSEQ */" and lint_on around source to disable this message.
%Warning-BLKSEQ: pass3/motor_control_command_limiter.v:63:60: Blocking assignment '=' in sequential logic process
                                                            : ... note: In instance 'motor_control_top.u_motor_control_command_limiter'
                                                            : ... Suggest using delayed assignment '<='
   63 |             if (approved_cmd_raw < cfg_clamp_min) next_cmd = cfg_clamp_min;
      |                                                            ^
%Warning-BLKSEQ: pass3/motor_control_command_limiter.v:64:60: Blocking assignment '=' in sequential logic process
                                                            : ... note: In instance 'motor_control_top.u_motor_control_command_limiter'
                                                            : ... Suggest using delayed assignment '<='
   64 |             if (approved_cmd_raw > cfg_clamp_max) next_cmd = cfg_clamp_max;
      |                                                            ^
%Warning-BLKSEQ: pass3/motor_control_command_limiter.v:66:22: Blocking assignment '=' in sequential logic process
                                                            : ... note: In instance 'motor_control_top.u_motor_control_command_limiter'
                                                            : ... Suggest using delayed assignment '<='
   66 |             diff_cmd = (next_cmd >= prev_cmd) ? (next_cmd - prev_cmd) : (prev_cmd - next_cmd);
      |                      ^
%Warning-UNUSEDSIGNAL: pass3/motor_control_top.v:64:13: Signal is not used: 'request_age'
                                                      : ... note: In instance 'motor_control_top'
   64 | wire [31:0] request_age;
      |             ^~~~~~~~~~~
                       ... For warning description see https://verilator.org/warn/UNUSEDSIGNAL?v=5.047
                       ... Use "/* verilator lint_off UNUSEDSIGNAL */" and lint_on around source to disable this message.
%Warning-UNUSEDSIGNAL: pass3/motor_control_top.v:74:12: Signal is not used: 'rejection_code'
                                                      : ... note: In instance 'motor_control_top'
   74 | wire [7:0] rejection_code;
      |            ^~~~~~~~~~~~~~
%Warning-UNUSEDSIGNAL: pass3/motor_control_top.v:77:6: Signal is not used: 'approved_seq_match'
                                                     : ... note: In instance 'motor_control_top'
   77 | wire approved_seq_match;
      |      ^~~~~~~~~~~~~~~~~~
%Warning-UNUSEDSIGNAL: pass3/motor_control_top.v:78:13: Signal is not used: 'limited_cmd'
                                                      : ... note: In instance 'motor_control_top'
   78 | wire [31:0] limited_cmd;
      |             ^~~~~~~~~~~
%Warning-UNUSEDSIGNAL: pass3/motor_control_top.v:79:13: Signal is not used: 'clamped_cmd'
                                                      : ... note: In instance 'motor_control_top'
   79 | wire [31:0] clamped_cmd;
      |             ^~~~~~~~~~~
%Warning-UNDRIVEN: pass3/motor_control_top.v:87:6: Signal is not driven: 'status_busy'
                                                 : ... note: In instance 'motor_control_top'
   87 | wire status_busy;
      |      ^~~~~~~~~~~
                   ... For warning description see https://verilator.org/warn/UNDRIVEN?v=5.047
                   ... Use "/* verilator lint_off UNDRIVEN */" and lint_on around source to disable this message.
%Warning-UNDRIVEN: pass3/motor_control_top.v:88:6: Signal is not driven: 'status_fault'
                                                 : ... note: In instance 'motor_control_top'
   88 | wire status_fault;
      |      ^~~~~~~~~~~~
%Warning-UNDRIVEN: pass3/motor_control_top.v:89:6: Signal is not driven: 'status_fallback'
                                                 : ... note: In instance 'motor_control_top'
   89 | wire status_fallback;
      |      ^~~~~~~~~~~~~~~
%Warning-UNUSEDSIGNAL: pass3/motor_control_command_limiter.v:29:13: Signal is not used: 'approved_status'
                                                                  : ... note: In instance 'motor_control_top.u_motor_control_command_limiter'
   29 | input [7:0] approved_status;
      |             ^~~~~~~~~~~~~~~
%Warning-UNUSEDSIGNAL: pass3/motor_control_register_map.v:36:14: Bits of signal are not used: 'cfg_addr'[31:8]
                                                               : ... note: In instance 'motor_control_top.u_motor_control_register_map'
   36 | input [31:0] cfg_addr;
      |              ^~~~~~~~
%Warning-UNUSEDSIGNAL: pass3/motor_control_register_map.v:40:7: Signal is not used: 'cfg_re'
                                                              : ... note: In instance 'motor_control_top.u_motor_control_register_map'
   40 | input cfg_re;
      |       ^~~~~~
%Warning-UNUSEDSIGNAL: pass3/motor_control_register_map.v:63:14: Bits of signal are not used: 'status_last_act_cmd'[23:0]
                                                               : ... note: In instance 'motor_control_top.u_motor_control_register_map'
   63 | input [31:0] status_last_act_cmd;
      |              ^~~~~~~~~~~~~~~~~~~
%Warning-UNUSEDSIGNAL: pass3/motor_control_safety_fsm.v:41:14: Signal is not used: 'cfg_timeout_cycles'
                                                             : ... note: In instance 'motor_control_top.u_motor_control_safety_fsm'
   41 | input [31:0] cfg_timeout_cycles;
      |              ^~~~~~~~~~~~~~~~~~
%Warning-UNUSEDSIGNAL: pass3/motor_control_safety_fsm.v:48:7: Signal is not used: 'fallback_cmd_active'
                                                            : ... note: In instance 'motor_control_top.u_motor_control_safety_fsm'
   48 | input fallback_cmd_active;
      |       ^~~~~~~~~~~~~~~~~~~
%Warning-UNUSEDSIGNAL: pass3/motor_control_transport_adapter.v:53:15: Bits of signal are not used: 'rx_data'[127:72,31:25]
                                                                    : ... note: In instance 'motor_control_top.u_motor_control_transport_adapter'
   53 | input [127:0] rx_data;
      |               ^~~~~~~

=== RETURN CODE ===
0
