Info: Logic utilisation before packing:
Info:     Total LUT4s:       125/83640     0%
Info:         logic LUTs:    101/83640     0%
Info:         carry LUTs:     24/83640     0%
Info:           RAM LUTs:      0/10455     0%
Info:          RAMW LUTs:      0/20910     0%

Info:      Total DFFs:        13/83640     0%

Info: Packing IOs..
Info: Packing constants..
Info: Packing carries...
Info: Packing LUTs...
Info: Packing LUT5-7s...
Info: Packing FFs...
Info:     1 FFs paired with LUTs.
Info: Generating derived timing constraints...
Info: Promoting globals...
Info:     promoting clock net clk$TRELLIS_IO_IN to global network
Info: Checksum: 0x65ec5e82

Info: Device utilisation:
Info: 	          TRELLIS_IO:    53/  365    14%
Info: 	                DCCA:     1/   56     1%
Info: 	              DP16KD:     0/  208     0%
Info: 	          MULT18X18D:     0/  156     0%
Info: 	              ALU54B:     0/   78     0%
Info: 	             EHXPLLL:     0/    4     0%
Info: 	             EXTREFB:     0/    2     0%
Info: 	                DCUA:     0/    2     0%
Info: 	           PCSCLKDIV:     0/    2     0%
Info: 	             IOLOGIC:     0/  224     0%
Info: 	            SIOLOGIC:     0/  141     0%
Info: 	                 GSR:     0/    1     0%
Info: 	               JTAGG:     0/    1     0%
Info: 	                OSCG:     0/    1     0%
Info: 	               SEDGA:     0/    1     0%
Info: 	                 DTR:     0/    1     0%
Info: 	             USRMCLK:     0/    1     0%
Info: 	             CLKDIVF:     0/    4     0%
Info: 	           ECLKSYNCB:     0/   10     0%
Info: 	             DLLDELD:     0/    8     0%
Info: 	              DDRDLL:     0/    4     0%
Info: 	             DQSBUFM:     0/   14     0%
Info: 	     TRELLIS_ECLKBUF:     0/    8     0%
Info: 	        ECLKBRIDGECS:     0/    2     0%
Info: 	                DCSC:     0/    2     0%
Info: 	          TRELLIS_FF:    13/83640     0%
Info: 	        TRELLIS_COMB:   135/83640     0%
Info: 	        TRELLIS_RAMW:     0/10455     0%

Info: Placed 0 cells based on constraints.
Info: Creating initial analytic placement for 74 cells, random placement wirelen = 12603.
Info:     at initial placer iter 0, wirelen = 5207
Info:     at initial placer iter 1, wirelen = 4679
Info:     at initial placer iter 2, wirelen = 4589
Info:     at initial placer iter 3, wirelen = 4565
Info: Running main analytical placer, max placement attempts per cell = 10000.
Info:     at iteration #1, type ALL: wirelen solved = 4555, spread = 4671, legal = 4673; time = 0.03s
Info: HeAP Placer Time: 0.13s
Info:   of which solving equations: 0.01s
Info:   of which spreading cells: 0.00s
Info:   of which strict legalisation: 0.00s

Info: Running simulated annealing placer for refinement.
Info:   at iteration #1: temp = 0.000000, timing cost = 0, wirelen = 4673
Info:   at iteration #5: temp = 0.000000, timing cost = 0, wirelen = 3779
Info:   at iteration #10: temp = 0.000000, timing cost = 0, wirelen = 3765
Info:   at iteration #15: temp = 0.000000, timing cost = 0, wirelen = 3758
Info:   at iteration #15: temp = 0.000000, timing cost = 0, wirelen = 3758 
Info: SA placement time 0.10s

Info: No Fmax available; no interior timing paths found in design.
Info: Checksum: 0x6286b7fb
Info: Routing globals...
Info:     routing clock net $glbnet$clk$TRELLIS_IO_IN using global 0

Info: Routing..
Info: Setting up routing queue.
Info: Routing 396 arcs.
Info:            |   (re-)routed arcs  |   delta    | remaining|       time spent     |
Info:    IterCnt |  w/ripup   wo/ripup |  w/r  wo/r |      arcs| batch(sec) total(sec)|
Info:        448 |       32        369 |   32   369 |         0|       0.15       0.15|
Info: Routing complete.
Info: Router1 time 0.15s
Info: Checksum: 0xcacf19f7

Info: Critical path report for cross-domain path '<async>' -> 'posedge $glbnet$clk$TRELLIS_IO_IN':
Info: curr total
Info:  0.0  0.0  Source requested_cmd[1]$tr_io.O
Info:  6.0  6.0    Net requested_cmd[1]$TRELLIS_IO_IN (4,0) -> (84,31)
Info:                Sink fallback_sel_LUT4_C_Z_LUT4_Z.B
Info:                Defined in:
Info:                  /root/chiploop-backend/backend/workflows/9c17c947-7429-4ac2-8c83-d7c3f630d808/fpga/src/upstream/adaptive_aero_control_top.v:12.12-12.24
Info:  0.2  6.2  Source fallback_sel_LUT4_C_Z_LUT4_Z.F
Info:  0.3  6.5    Net fallback_sel_LUT4_C_Z[0] (84,31) -> (84,31)
Info:                Sink selected_cmd_LUT4_Z_B_LUT4_Z.D
Info:                Defined in:
Info:                  /usr/bin/../share/yosys/ecp5/cells_map.v:108.23-108.24
Info:  0.2  6.7  Source selected_cmd_LUT4_Z_B_LUT4_Z.F
Info:  0.6  7.4    Net selected_cmd_LUT4_Z_B[0] (84,31) -> (84,31)
Info:                Sink selected_cmd_LUT4_Z_2.B
Info:                Defined in:
Info:                  /usr/bin/../share/yosys/ecp5/cells_map.v:108.23-108.24
Info:  0.2  7.6  Source selected_cmd_LUT4_Z_2.F
Info:  1.1  8.7    Net selected_cmd[5] (84,31) -> (82,31)
Info:                Sink selected_cmd_LUT4_Z_C_LUT4_D_Z_PFUMX_BLUT_Z_L6MUX21_D1_Z_CCU2C_COUT_S0_CCU2C_S0_2$CCU2_COMB1.B
Info:                Defined in:
Info:                  /root/chiploop-backend/backend/workflows/9c17c947-7429-4ac2-8c83-d7c3f630d808/fpga/src/upstream/adaptive_aero_control_top.v:12.12-12.24
Info:  0.4  9.1  Source selected_cmd_LUT4_Z_C_LUT4_D_Z_PFUMX_BLUT_Z_L6MUX21_D1_Z_CCU2C_COUT_S0_CCU2C_S0_2$CCU2_COMB1.FCO
Info:  0.0  9.1    Net selected_cmd_LUT4_Z_C_LUT4_D_Z_PFUMX_BLUT_Z_L6MUX21_D1_Z_CCU2C_COUT_S0_CCU2C_S0_COUT[6] (82,31) -> (83,31)
Info:                Sink selected_cmd_LUT4_Z_C_LUT4_D_Z_PFUMX_BLUT_Z_L6MUX21_D1_Z_CCU2C_COUT_S0_CCU2C_S0_1$CCU2_COMB0.FCI
Info:                Defined in:
Info:                  /root/chiploop-backend/backend/workflows/9c17c947-7429-4ac2-8c83-d7c3f630d808/fpga/src/upstream/adaptive_aero_control_top.v:34.9-34.36
Info:                  /usr/bin/../share/yosys/ecp5/arith_map.v:63.22-63.23
Info:  0.1  9.2  Source selected_cmd_LUT4_Z_C_LUT4_D_Z_PFUMX_BLUT_Z_L6MUX21_D1_Z_CCU2C_COUT_S0_CCU2C_S0_1$CCU2_COMB0.FCO
Info:  0.0  9.2    Net selected_cmd_LUT4_Z_C_LUT4_D_Z_PFUMX_BLUT_Z_L6MUX21_D1_Z_CCU2C_COUT_S0_CCU2C_S0_1$CCU2_FCI_INT (83,31) -> (83,31)
Info:                Sink selected_cmd_LUT4_Z_C_LUT4_D_Z_PFUMX_BLUT_Z_L6MUX21_D1_Z_CCU2C_COUT_S0_CCU2C_S0_1$CCU2_COMB1.FCI
Info:  0.0  9.2  Source selected_cmd_LUT4_Z_C_LUT4_D_Z_PFUMX_BLUT_Z_L6MUX21_D1_Z_CCU2C_COUT_S0_CCU2C_S0_1$CCU2_COMB1.FCO
Info:  0.0  9.2    Net selected_cmd_LUT4_Z_C_LUT4_D_Z_PFUMX_BLUT_Z_L6MUX21_D1_Z_CCU2C_COUT_S0_CCU2C_S0_COUT[8] (83,31) -> (83,31)
Info:                Sink selected_cmd_LUT4_Z_C_LUT4_D_Z_PFUMX_BLUT_Z_L6MUX21_D1_Z_CCU2C_COUT_S0_CCU2C_S0$CCU2_COMB0.FCI
Info:                Defined in:
Info:                  /root/chiploop-backend/backend/workflows/9c17c947-7429-4ac2-8c83-d7c3f630d808/fpga/src/upstream/adaptive_aero_control_top.v:34.9-34.36
Info:                  /usr/bin/../share/yosys/ecp5/arith_map.v:63.22-63.23
Info:  0.1  9.3  Source selected_cmd_LUT4_Z_C_LUT4_D_Z_PFUMX_BLUT_Z_L6MUX21_D1_Z_CCU2C_COUT_S0_CCU2C_S0$CCU2_COMB0.FCO
Info:  0.0  9.3    Net selected_cmd_LUT4_Z_C_LUT4_D_Z_PFUMX_BLUT_Z_L6MUX21_D1_Z_CCU2C_COUT_S0_CCU2C_S0$CCU2_FCI_INT (83,31) -> (83,31)
Info:                Sink selected_cmd_LUT4_Z_C_LUT4_D_Z_PFUMX_BLUT_Z_L6MUX21_D1_Z_CCU2C_COUT_S0_CCU2C_S0$CCU2_COMB1.FCI
Info:  0.0  9.3  Source selected_cmd_LUT4_Z_C_LUT4_D_Z_PFUMX_BLUT_Z_L6MUX21_D1_Z_CCU2C_COUT_S0_CCU2C_S0$CCU2_COMB1.FCO
Info:  0.0  9.3    Net selected_cmd_LUT4_Z_C_LUT4_D_Z_PFUMX_BLUT_Z_L6MUX21_D1_Z_CCU2C_COUT_S0_CCU2C_S0_COUT[10] (83,31) -> (83,31)
Info:                Sink selected_cmd_LUT4_Z_C_LUT4_D_Z_PFUMX_BLUT_Z_L6MUX21_D1_Z_CCU2C_COUT$CCU2_COMB0.FCI
Info:                Defined in:
Info:                  /root/chiploop-backend/backend/workflows/9c17c947-7429-4ac2-8c83-d7c3f630d808/fpga/src/upstream/adaptive_aero_control_top.v:34.9-34.36
Info:                  /usr/bin/../share/yosys/ecp5/arith_map.v:63.22-63.23
Info:  0.1  9.4  Source selected_cmd_LUT4_Z_C_LUT4_D_Z_PFUMX_BLUT_Z_L6MUX21_D1_Z_CCU2C_COUT$CCU2_COMB0.FCO
Info:  0.0  9.4    Net selected_cmd_LUT4_Z_C_LUT4_D_Z_PFUMX_BLUT_Z_L6MUX21_D1_Z_CCU2C_COUT$CCU2_FCI_INT (83,31) -> (83,31)
Info:                Sink selected_cmd_LUT4_Z_C_LUT4_D_Z_PFUMX_BLUT_Z_L6MUX21_D1_Z_CCU2C_COUT$CCU2_COMB1.FCI
Info:  0.0  9.4  Source selected_cmd_LUT4_Z_C_LUT4_D_Z_PFUMX_BLUT_Z_L6MUX21_D1_Z_CCU2C_COUT$CCU2_COMB1.FCO
Info:  0.0  9.4    Net $nextpnr_CCU2C_1$CIN (83,31) -> (83,31)
Info:                Sink $nextpnr_CCU2C_1$CCU2_COMB0.FCI
Info:  0.4  9.8  Source $nextpnr_CCU2C_1$CCU2_COMB0.F
Info:  0.7 10.5    Net selected_cmd_LUT4_Z_C_LUT4_D_Z_PFUMX_BLUT_Z_L6MUX21_D1_Z[6] (83,31) -> (85,31)
Info:                Sink selected_cmd_LUT4_Z_C_LUT4_D_Z_PFUMX_BLUT_Z_L6MUX21_D1_Z_PFUMX_C0_1_ALUT_LUT4_Z.M
Info:                Defined in:
Info:                  /usr/bin/../share/yosys/ecp5/cells_map.v:108.23-108.24
Info:  0.3 10.7  Source selected_cmd_LUT4_Z_C_LUT4_D_Z_PFUMX_BLUT_Z_L6MUX21_D1_Z_PFUMX_C0_1_ALUT_LUT4_Z.OFX
Info:  1.4 12.1    Net cmd_max_limit_CCU2C_A0_4_COUT[3] (85,31) -> (81,33)
Info:                Sink selected_cmd_LUT4_B_Z_LUT4_Z_7.D
Info:                Defined in:
Info:                  /usr/bin/../share/yosys/ecp5/cells_map.v:108.23-108.24
Info:  0.2 12.4  Source selected_cmd_LUT4_B_Z_LUT4_Z_7.F
Info:  0.8 13.2    Net selected_cmd_LUT4_B_Z[1] (81,33) -> (82,33)
Info:                Sink cmd_max_limit_CCU2C_A0_5$CCU2_COMB1.B
Info:                Defined in:
Info:                  /root/chiploop-backend/backend/workflows/9c17c947-7429-4ac2-8c83-d7c3f630d808/fpga/src/upstream/adaptive_aero_control_top.v:39.9-39.36
Info:                  /usr/bin/../share/yosys/ecp5/arith_map.v:32.22-32.23
Info:  0.4 13.6  Source cmd_max_limit_CCU2C_A0_5$CCU2_COMB1.FCO
Info:  0.0 13.6    Net cmd_max_limit_CCU2C_A0_COUT[2] (82,33) -> (82,33)
Info:                Sink cmd_max_limit_CCU2C_A0_3$CCU2_COMB0.FCI
Info:                Defined in:
Info:                  /root/chiploop-backend/backend/workflows/9c17c947-7429-4ac2-8c83-d7c3f630d808/fpga/src/upstream/adaptive_aero_control_top.v:39.9-39.36
Info:                  /usr/bin/../share/yosys/ecp5/arith_map.v:63.22-63.23
Info:  0.1 13.7  Source cmd_max_limit_CCU2C_A0_3$CCU2_COMB0.FCO
Info:  0.0 13.7    Net cmd_max_limit_CCU2C_A0_3$CCU2_FCI_INT (82,33) -> (82,33)
Info:                Sink cmd_max_limit_CCU2C_A0_3$CCU2_COMB1.FCI
Info:  0.0 13.7  Source cmd_max_limit_CCU2C_A0_3$CCU2_COMB1.FCO
Info:  0.0 13.7    Net cmd_max_limit_CCU2C_A0_COUT[4] (82,33) -> (82,33)
Info:                Sink cmd_max_limit_CCU2C_A0_2$CCU2_COMB0.FCI
Info:                Defined in:
Info:                  /root/chiploop-backend/backend/workflows/9c17c947-7429-4ac2-8c83-d7c3f630d808/fpga/src/upstream/adaptive_aero_control_top.v:39.9-39.36
Info:                  /usr/bin/../share/yosys/ecp5/arith_map.v:63.22-63.23
Info:  0.1 13.8  Source cmd_max_limit_CCU2C_A0_2$CCU2_COMB0.FCO
Info:  0.0 13.8    Net cmd_max_limit_CCU2C_A0_2$CCU2_FCI_INT (82,33) -> (82,33)
Info:                Sink cmd_max_limit_CCU2C_A0_2$CCU2_COMB1.FCI
Info:  0.0 13.8  Source cmd_max_limit_CCU2C_A0_2$CCU2_COMB1.FCO
Info:  0.0 13.8    Net cmd_max_limit_CCU2C_A0_COUT[6] (82,33) -> (83,33)
Info:                Sink cmd_max_limit_CCU2C_A0_1$CCU2_COMB0.FCI
Info:                Defined in:
Info:                  /root/chiploop-backend/backend/workflows/9c17c947-7429-4ac2-8c83-d7c3f630d808/fpga/src/upstream/adaptive_aero_control_top.v:39.9-39.36
Info:                  /usr/bin/../share/yosys/ecp5/arith_map.v:63.22-63.23
Info:  0.1 13.8  Source cmd_max_limit_CCU2C_A0_1$CCU2_COMB0.FCO
Info:  0.0 13.8    Net cmd_max_limit_CCU2C_A0_1$CCU2_FCI_INT (83,33) -> (83,33)
Info:                Sink cmd_max_limit_CCU2C_A0_1$CCU2_COMB1.FCI
Info:  0.0 13.8  Source cmd_max_limit_CCU2C_A0_1$CCU2_COMB1.FCO
Info:  0.0 13.8    Net cmd_max_limit_CCU2C_A0_COUT[8] (83,33) -> (83,33)
Info:                Sink cmd_max_limit_CCU2C_A0$CCU2_COMB0.FCI
Info:                Defined in:
Info:                  /root/chiploop-backend/backend/workflows/9c17c947-7429-4ac2-8c83-d7c3f630d808/fpga/src/upstream/adaptive_aero_control_top.v:39.9-39.36
Info:                  /usr/bin/../share/yosys/ecp5/arith_map.v:63.22-63.23
Info:  0.1 13.9  Source cmd_max_limit_CCU2C_A0$CCU2_COMB0.FCO
Info:  0.0 13.9    Net cmd_max_limit_CCU2C_A0$CCU2_FCI_INT (83,33) -> (83,33)
Info:                Sink cmd_max_limit_CCU2C_A0$CCU2_COMB1.FCI
Info:  0.0 13.9  Source cmd_max_limit_CCU2C_A0$CCU2_COMB1.FCO
Info:  0.0 13.9    Net cmd_max_limit_CCU2C_A0_COUT[10] (83,33) -> (83,33)
Info:                Sink cmd_max_limit_CCU2C_A0_4$CCU2_COMB0.FCI
Info:                Defined in:
Info:                  /root/chiploop-backend/backend/workflows/9c17c947-7429-4ac2-8c83-d7c3f630d808/fpga/src/upstream/adaptive_aero_control_top.v:39.9-39.36
Info:                  /usr/bin/../share/yosys/ecp5/arith_map.v:63.22-63.23
Info:  0.1 14.0  Source cmd_max_limit_CCU2C_A0_4$CCU2_COMB0.FCO
Info:  0.0 14.0    Net cmd_max_limit_CCU2C_A0_4$CCU2_FCI_INT (83,33) -> (83,33)
Info:                Sink cmd_max_limit_CCU2C_A0_4$CCU2_COMB1.FCI
Info:  0.0 14.0  Source cmd_max_limit_CCU2C_A0_4$CCU2_COMB1.FCO
Info:  0.0 14.0    Net $nextpnr_CCU2C_3$CIN (83,33) -> (83,33)
Info:                Sink $nextpnr_CCU2C_3$CCU2_COMB0.FCI
Info:  0.4 14.4  Source $nextpnr_CCU2C_3$CCU2_COMB0.F
Info:  5.7 20.1    Net cmd_max_limit_CCU2C_A0_4_COUT[4] (83,33) -> (4,54)
Info:                Sink clamped_cmd_PFUMX_Z_11_BLUT_LUT4_Z.M
Info:                Defined in:
Info:                  /usr/bin/../share/yosys/ecp5/cells_map.v:108.23-108.24
Info:  0.3 20.4  Source clamped_cmd_PFUMX_Z_11_BLUT_LUT4_Z.OFX
Info:  0.6 21.0    Net clamped_cmd[0] (4,54) -> (3,54)
Info:                Sink safe_cmd_TRELLIS_FF_Q_11.M
Info:                Defined in:
Info:                  /root/chiploop-backend/backend/workflows/9c17c947-7429-4ac2-8c83-d7c3f630d808/fpga/src/upstream/adaptive_aero_control_top.v:14.12-14.23
Info:  0.0 21.0  Setup safe_cmd_TRELLIS_FF_Q_11.M
Info: 3.8 ns logic, 17.2 ns routing

Info: Critical path report for cross-domain path 'posedge $glbnet$clk$TRELLIS_IO_IN' -> '<async>':
Info: curr total
Info:  0.5  0.5  Source safe_cmd_TRELLIS_FF_Q_3.Q
Info:  5.2  5.8    Net safe_cmd[8]$TRELLIS_IO_OUT (59,53) -> (18,95)
Info:                Sink safe_cmd[8]$tr_io.I
Info:                Defined in:
Info:                  /root/chiploop-backend/backend/workflows/9c17c947-7429-4ac2-8c83-d7c3f630d808/fpga/src/upstream/adaptive_aero_control_top.v:8.23-8.31
Info: 0.5 ns logic, 5.2 ns routing

Info: No Fmax available; no interior timing paths found in design.

Info: Program finished normally.