Info: Logic utilisation before packing:
Info:     Total LUT4s:      3977/43848     9%
Info:         logic LUTs:   3485/43848     7%
Info:         carry LUTs:    492/43848     1%
Info:           RAM LUTs:      0/ 5481     0%
Info:          RAMW LUTs:      0/10962     0%

Info:      Total DFFs:       799/43848     1%

Info: Packing IOs..
Info: Packing constants..
Info: Packing carries...
Info: Packing LUTs...
Info: Packing LUT5-7s...
Info: Packing FFs...
Info:     132 FFs paired with LUTs.
Info: Generating derived timing constraints...
Info: Promoting globals...
Info:     promoting clock net clk$TRELLIS_IO_IN to global network
Info: Checksum: 0x639da7d7

Info: Device utilisation:
Info: 	          TRELLIS_IO:    82/  245    33%
Info: 	                DCCA:     1/   56     1%
Info: 	              DP16KD:     0/  108     0%
Info: 	          MULT18X18D:     4/   72     5%
Info: 	              ALU54B:     0/   36     0%
Info: 	             EHXPLLL:     0/    4     0%
Info: 	             EXTREFB:     0/    2     0%
Info: 	                DCUA:     0/    2     0%
Info: 	           PCSCLKDIV:     0/    2     0%
Info: 	             IOLOGIC:     0/  160     0%
Info: 	            SIOLOGIC:     0/   85     0%
Info: 	                 GSR:     0/    1     0%
Info: 	               JTAGG:     0/    1     0%
Info: 	                OSCG:     0/    1     0%
Info: 	               SEDGA:     0/    1     0%
Info: 	                 DTR:     0/    1     0%
Info: 	             USRMCLK:     0/    1     0%
Info: 	             CLKDIVF:     0/    4     0%
Info: 	           ECLKSYNCB:     0/   10     0%
Info: 	             DLLDELD:     0/    8     0%
Info: 	              DDRDLL:     0/    4     0%
Info: 	             DQSBUFM:     0/   10     0%
Info: 	     TRELLIS_ECLKBUF:     0/    8     0%
Info: 	        ECLKBRIDGECS:     0/    2     0%
Info: 	                DCSC:     0/    2     0%
Info: 	          TRELLIS_FF:   799/43848     1%
Info: 	        TRELLIS_COMB:  4069/43848     9%
Info: 	        TRELLIS_RAMW:     0/ 5481     0%

Info: Placed 0 cells based on constraints.
Info: Creating initial analytic placement for 3105 cells, random placement wirelen = 244067.
Info:     at initial placer iter 0, wirelen = 7568
Info:     at initial placer iter 1, wirelen = 6505
Info:     at initial placer iter 2, wirelen = 6417
Info:     at initial placer iter 3, wirelen = 6284
Info: Running main analytical placer, max placement attempts per cell = 3069003.
Info:     at iteration #1, type ALL: wirelen solved = 6608, spread = 33837, legal = 38190; time = 0.29s
Info:     at iteration #2, type ALL: wirelen solved = 8515, spread = 29656, legal = 34997; time = 0.28s
Info:     at iteration #3, type ALL: wirelen solved = 11251, spread = 28463, legal = 33503; time = 0.25s
Info:     at iteration #4, type ALL: wirelen solved = 13287, spread = 25988, legal = 30326; time = 0.26s
Info:     at iteration #5, type ALL: wirelen solved = 14152, spread = 24773, legal = 29112; time = 0.26s
Info:     at iteration #6, type ALL: wirelen solved = 14911, spread = 24463, legal = 27998; time = 0.26s
Info:     at iteration #7, type ALL: wirelen solved = 15555, spread = 24650, legal = 28389; time = 0.24s
Info:     at iteration #8, type ALL: wirelen solved = 16394, spread = 24056, legal = 28255; time = 0.25s
Info:     at iteration #9, type ALL: wirelen solved = 16964, spread = 22930, legal = 28321; time = 0.26s
Info:     at iteration #10, type ALL: wirelen solved = 17249, spread = 23410, legal = 29688; time = 0.26s
Info:     at iteration #11, type ALL: wirelen solved = 17869, spread = 23037, legal = 31400; time = 0.29s
Info: HeAP Placer Time: 4.06s
Info:   of which solving equations: 2.08s
Info:   of which spreading cells: 0.19s
Info:   of which strict legalisation: 1.12s

Info: Running simulated annealing placer for refinement.
Info:   at iteration #1: temp = 0.000000, timing cost = 1165, wirelen = 27998
Info:   at iteration #5: temp = 0.000000, timing cost = 653, wirelen = 23015
Info:   at iteration #10: temp = 0.000000, timing cost = 855, wirelen = 21786
Info:   at iteration #15: temp = 0.000000, timing cost = 796, wirelen = 21224
Info:   at iteration #20: temp = 0.000000, timing cost = 759, wirelen = 20790
Info:   at iteration #25: temp = 0.000000, timing cost = 747, wirelen = 20656
Info:   at iteration #30: temp = 0.000000, timing cost = 747, wirelen = 20604
Info:   at iteration #32: temp = 0.000000, timing cost = 747, wirelen = 20592 
Info: SA placement time 13.24s

Info: Max frequency for clock '$glbnet$clk$TRELLIS_IO_IN': 42.44 MHz (PASS at 15.00 MHz)

Info: Max delay <async>                           -> <async>                          : 29.67 ns
Info: Max delay <async>                           -> posedge $glbnet$clk$TRELLIS_IO_IN: 27.86 ns
Info: Max delay posedge $glbnet$clk$TRELLIS_IO_IN -> <async>                          : 28.04 ns

Info: Slack histogram:
Info:  legend: * represents 3 endpoint(s)
Info:          + represents [1,3) endpoint(s)
Info: [ 43104,  44245) |********+
Info: [ 44245,  45386) |***************************+
Info: [ 45386,  46527) |************************************************************ 
Info: [ 46527,  47668) |******************************************+
Info: [ 47668,  48809) |****************+
Info: [ 48809,  49950) |+
Info: [ 49950,  51091) | 
Info: [ 51091,  52232) |**+
Info: [ 52232,  53373) |******+
Info: [ 53373,  54514) |**********+
Info: [ 54514,  55655) |****************************************+
Info: [ 55655,  56796) |******************************************+
Info: [ 56796,  57937) |*******************************+
Info: [ 57937,  59078) |*************************************+
Info: [ 59078,  60219) |**********************+
Info: [ 60219,  61360) |***************+
Info: [ 61360,  62501) |*****************+
Info: [ 62501,  63642) |************+
Info: [ 63642,  64783) |***+
Info: [ 64783,  65924) |**+
Info: Checksum: 0xc9d10be1
Info: Routing globals...
Info:     routing clock net $glbnet$clk$TRELLIS_IO_IN using global 0

Info: Routing..
Info: Setting up routing queue.
Info: Routing 13630 arcs.
Info:            |   (re-)routed arcs  |   delta    | remaining|       time spent     |
Info:    IterCnt |  w/ripup   wo/ripup |  w/r  wo/r |      arcs| batch(sec) total(sec)|
Info:       1000 |      197        802 |  197   802 |     12983|       0.49       0.49|
Info:       2000 |      531       1468 |  334   666 |     12482|       0.31       0.80|
Info:       3000 |     1115       1884 |  584   416 |     12245|       0.33       1.12|
Info:       4000 |     1466       2533 |  351   649 |     11755|       0.26       1.38|
Info:       5000 |     2103       2896 |  637   363 |     11569|       0.39       1.77|
Info:       6000 |     2430       3569 |  327   673 |     11089|       0.29       2.06|
Info:       7000 |     3156       3843 |  726   274 |     10987|       0.49       2.54|
Info:       8000 |     3533       4466 |  377   623 |     10622|       0.29       2.83|
Info:       9000 |     3881       5118 |  348   652 |     10193|       0.28       3.11|
Info:      10000 |     4579       5420 |  698   302 |     10040|       0.54       3.65|
Info:      11000 |     4947       6052 |  368   632 |      9690|       0.28       3.94|
Info:      12000 |     5294       6705 |  347   653 |      9319|       0.28       4.22|
Info:      13000 |     5845       7154 |  551   449 |      9004|       0.31       4.53|
Info:      14000 |     6168       7831 |  323   677 |      8449|       0.25       4.77|
Info:      15000 |     6441       8477 |  273   646 |      7929|       0.22       4.99|
Info:      16000 |     6730       9166 |  289   689 |      7365|       0.23       5.22|
Info:      17000 |     6990       9816 |  260   650 |      6773|       0.25       5.46|
Info:      18000 |     7146      10431 |  156   615 |      5944|       0.16       5.63|
Info:      19000 |     7385      11048 |  239   617 |      5242|       0.18       5.81|
Info:      20000 |     7679      11630 |  294   582 |      4624|       0.19       5.99|
Info:      21000 |     7844      12377 |  165   747 |      3800|       0.15       6.14|
Info:      22000 |     8064      13124 |  220   747 |      3237|       0.27       6.41|
Info:      23000 |     8270      13872 |  206   748 |      2631|       0.27       6.67|
Info:      24000 |     8543      14563 |  273   691 |      2015|       0.32       6.99|
Info:      25000 |     8889      15184 |  346   621 |      1668|       0.41       7.40|
Info:      26000 |     9154      15880 |  265   696 |      1089|       0.32       7.73|
Info:      27000 |     9504      16504 |  350   624 |       624|       0.40       8.13|
Info:      28000 |     9857      17115 |  353   611 |       107|       0.39       8.52|
Info:      28178 |     9899      17242 |   42   127 |         0|       0.10       8.62|
Info: Routing complete.
Info: Router1 time 8.62s
Info: Checksum: 0xdc34ac3b

Info: Critical path report for clock '$glbnet$clk$TRELLIS_IO_IN' (posedge -> posedge):
Info: curr total
Info:  0.5  0.5  Source operand_a_TRELLIS_FF_Q_17.Q
Info:  2.0  2.5    Net debug_data_LUT4_Z_3_A_LUT4_Z_B_LUT4_Z_A_L6MUX21_Z_D0_PFUMX_Z_BLUT_LUT4_Z_D_LUT4_B_Z_PFUMX_BLUT_Z_LUT4_A_Z_PFUMX_Z_C0_LUT4_Z_A_LUT4_Z_D_LUT4_D_Z_L6MUX21_Z_1_SD_L6MUX21_Z_1_SD_CCU2C_S0_S1_CCU2C_S1_COUT_CCU2C_COUT_8_S0[3] (31,15) -> (27,22)
Info:                Sink full_product_MULT18X18D_P0.A14
Info:                Defined in:
Info:                  /root/chiploop-backend/backend/workflows/6336cdbb-d539-48af-a39d-c10f6bb1304e/fpga/src/rtl/review_input.sv:17.14-17.23
Info:  3.9  6.4  Source full_product_MULT18X18D_P0.P20
Info:  1.8  8.2    Net full_product_MULT18X18D_P0_P18[2] (27,22) -> (27,19)
Info:                Sink full_product_MULT18X18D_P0_P18_CCU2C_A0_3$CCU2_COMB0.A
Info:                Defined in:
Info:                  /root/chiploop-backend/backend/workflows/6336cdbb-d539-48af-a39d-c10f6bb1304e/fpga/src/rtl/review_input.sv:37.30-37.51
Info:                  /usr/bin/../share/yosys/mul2dsp.v:148.7-152.6
Info:                  /usr/bin/../share/yosys/mul2dsp.v:230.32-230.125
Info:                  /usr/bin/../share/yosys/ecp5/arith_map.v:30.22-30.23
Info:  0.4  8.6  Source full_product_MULT18X18D_P0_P18_CCU2C_A0_3$CCU2_COMB0.FCO
Info:  0.0  8.6    Net full_product_MULT18X18D_P0_P18_CCU2C_A0_3$CCU2_FCI_INT (27,19) -> (27,19)
Info:                Sink full_product_MULT18X18D_P0_P18_CCU2C_A0_3$CCU2_COMB1.FCI
Info:  0.0  8.6  Source full_product_MULT18X18D_P0_P18_CCU2C_A0_3$CCU2_COMB1.FCO
Info:  0.0  8.6    Net full_product_CCU2C_S0_B0_CCU2C_S0_6_COUT[4] (27,19) -> (27,19)
Info:                Sink full_product_MULT18X18D_P0_P18_CCU2C_A0_2$CCU2_COMB0.FCI
Info:                Defined in:
Info:                  /root/chiploop-backend/backend/workflows/6336cdbb-d539-48af-a39d-c10f6bb1304e/fpga/src/rtl/review_input.sv:37.30-37.51
Info:                  /usr/bin/../share/yosys/mul2dsp.v:148.7-152.6
Info:                  /usr/bin/../share/yosys/mul2dsp.v:230.32-230.125
Info:                  /usr/bin/../share/yosys/ecp5/arith_map.v:38.23-38.25
Info:  0.1  8.7  Source full_product_MULT18X18D_P0_P18_CCU2C_A0_2$CCU2_COMB0.FCO
Info:  0.0  8.7    Net full_product_MULT18X18D_P0_P18_CCU2C_A0_2$CCU2_FCI_INT (27,19) -> (27,19)
Info:                Sink full_product_MULT18X18D_P0_P18_CCU2C_A0_2$CCU2_COMB1.FCI
Info:  0.0  8.7  Source full_product_MULT18X18D_P0_P18_CCU2C_A0_2$CCU2_COMB1.FCO
Info:  0.0  8.7    Net full_product_CCU2C_S0_B0_CCU2C_S0_6_COUT[6] (27,19) -> (28,19)
Info:                Sink full_product_MULT18X18D_P0_P18_CCU2C_A0_1$CCU2_COMB0.FCI
Info:                Defined in:
Info:                  /root/chiploop-backend/backend/workflows/6336cdbb-d539-48af-a39d-c10f6bb1304e/fpga/src/rtl/review_input.sv:37.30-37.51
Info:                  /usr/bin/../share/yosys/mul2dsp.v:148.7-152.6
Info:                  /usr/bin/../share/yosys/mul2dsp.v:230.32-230.125
Info:                  /usr/bin/../share/yosys/ecp5/arith_map.v:38.23-38.25
Info:  0.1  8.8  Source full_product_MULT18X18D_P0_P18_CCU2C_A0_1$CCU2_COMB0.FCO
Info:  0.0  8.8    Net full_product_MULT18X18D_P0_P18_CCU2C_A0_1$CCU2_FCI_INT (28,19) -> (28,19)
Info:                Sink full_product_MULT18X18D_P0_P18_CCU2C_A0_1$CCU2_COMB1.FCI
Info:  0.0  8.8  Source full_product_MULT18X18D_P0_P18_CCU2C_A0_1$CCU2_COMB1.FCO
Info:  0.0  8.8    Net full_product_CCU2C_S0_B0_CCU2C_S0_6_COUT[8] (28,19) -> (28,19)
Info:                Sink full_product_MULT18X18D_P0_P18_CCU2C_A0$CCU2_COMB0.FCI
Info:                Defined in:
Info:                  /root/chiploop-backend/backend/workflows/6336cdbb-d539-48af-a39d-c10f6bb1304e/fpga/src/rtl/review_input.sv:37.30-37.51
Info:                  /usr/bin/../share/yosys/mul2dsp.v:148.7-152.6
Info:                  /usr/bin/../share/yosys/mul2dsp.v:230.32-230.125
Info:                  /usr/bin/../share/yosys/ecp5/arith_map.v:38.23-38.25
Info:  0.1  8.9  Source full_product_MULT18X18D_P0_P18_CCU2C_A0$CCU2_COMB0.FCO
Info:  0.0  8.9    Net full_product_MULT18X18D_P0_P18_CCU2C_A0$CCU2_FCI_INT (28,19) -> (28,19)
Info:                Sink full_product_MULT18X18D_P0_P18_CCU2C_A0$CCU2_COMB1.FCI
Info:  0.0  8.9  Source full_product_MULT18X18D_P0_P18_CCU2C_A0$CCU2_COMB1.FCO
Info:  0.0  8.9    Net full_product_CCU2C_S0_B0_CCU2C_S0_6_COUT[10] (28,19) -> (28,19)
Info:                Sink full_product_MULT18X18D_P0_P18_CCU2C_A0_7$CCU2_COMB0.FCI
Info:                Defined in:
Info:                  /root/chiploop-backend/backend/workflows/6336cdbb-d539-48af-a39d-c10f6bb1304e/fpga/src/rtl/review_input.sv:37.30-37.51
Info:                  /usr/bin/../share/yosys/mul2dsp.v:148.7-152.6
Info:                  /usr/bin/../share/yosys/mul2dsp.v:230.32-230.125
Info:                  /usr/bin/../share/yosys/ecp5/arith_map.v:38.23-38.25
Info:  0.1  8.9  Source full_product_MULT18X18D_P0_P18_CCU2C_A0_7$CCU2_COMB0.FCO
Info:  0.0  8.9    Net full_product_MULT18X18D_P0_P18_CCU2C_A0_7$CCU2_FCI_INT (28,19) -> (28,19)
Info:                Sink full_product_MULT18X18D_P0_P18_CCU2C_A0_7$CCU2_COMB1.FCI
Info:  0.0  8.9  Source full_product_MULT18X18D_P0_P18_CCU2C_A0_7$CCU2_COMB1.FCO
Info:  0.0  8.9    Net full_product_CCU2C_S0_B0_CCU2C_S0_6_COUT[12] (28,19) -> (28,19)
Info:                Sink full_product_MULT18X18D_P0_P18_CCU2C_A0_6$CCU2_COMB0.FCI
Info:                Defined in:
Info:                  /root/chiploop-backend/backend/workflows/6336cdbb-d539-48af-a39d-c10f6bb1304e/fpga/src/rtl/review_input.sv:37.30-37.51
Info:                  /usr/bin/../share/yosys/mul2dsp.v:148.7-152.6
Info:                  /usr/bin/../share/yosys/mul2dsp.v:230.32-230.125
Info:                  /usr/bin/../share/yosys/ecp5/arith_map.v:38.23-38.25
Info:  0.1  9.0  Source full_product_MULT18X18D_P0_P18_CCU2C_A0_6$CCU2_COMB0.FCO
Info:  0.0  9.0    Net full_product_MULT18X18D_P0_P18_CCU2C_A0_6$CCU2_FCI_INT (28,19) -> (28,19)
Info:                Sink full_product_MULT18X18D_P0_P18_CCU2C_A0_6$CCU2_COMB1.FCI
Info:  0.0  9.0  Source full_product_MULT18X18D_P0_P18_CCU2C_A0_6$CCU2_COMB1.FCO
Info:  0.0  9.0    Net full_product_CCU2C_S0_B0_CCU2C_S0_6_COUT[14] (28,19) -> (29,19)
Info:                Sink full_product_MULT18X18D_P0_P18_CCU2C_A0_5$CCU2_COMB0.FCI
Info:                Defined in:
Info:                  /root/chiploop-backend/backend/workflows/6336cdbb-d539-48af-a39d-c10f6bb1304e/fpga/src/rtl/review_input.sv:37.30-37.51
Info:                  /usr/bin/../share/yosys/mul2dsp.v:148.7-152.6
Info:                  /usr/bin/../share/yosys/mul2dsp.v:230.32-230.125
Info:                  /usr/bin/../share/yosys/ecp5/arith_map.v:38.23-38.25
Info:  0.4  9.4  Source full_product_MULT18X18D_P0_P18_CCU2C_A0_5$CCU2_COMB0.F
Info:  1.1 10.6    Net full_product_CCU2C_S0_B0[14] (29,19) -> (29,20)
Info:                Sink full_product_CCU2C_S0_19$CCU2_COMB0.B
Info:                Defined in:
Info:                  /root/chiploop-backend/backend/workflows/6336cdbb-d539-48af-a39d-c10f6bb1304e/fpga/src/rtl/review_input.sv:37.30-37.51
Info:                  /usr/bin/../share/yosys/mul2dsp.v:148.7-152.6
Info:                  /usr/bin/../share/yosys/mul2dsp.v:230.32-230.125
Info:                  /usr/bin/../share/yosys/ecp5/arith_map.v:34.26-34.27
Info:  0.4 11.0  Source full_product_CCU2C_S0_19$CCU2_COMB0.FCO
Info:  0.0 11.0    Net full_product_CCU2C_S0_19$CCU2_FCI_INT (29,20) -> (29,20)
Info:                Sink full_product_CCU2C_S0_19$CCU2_COMB1.FCI
Info:  0.0 11.0  Source full_product_CCU2C_S0_19$CCU2_COMB1.FCO
Info:  0.0 11.0    Net full_product_CCU2C_S0_3_COUT[15] (29,20) -> (29,20)
Info:                Sink full_product_CCU2C_S0_18$CCU2_COMB0.FCI
Info:                Defined in:
Info:                  /root/chiploop-backend/backend/workflows/6336cdbb-d539-48af-a39d-c10f6bb1304e/fpga/src/rtl/review_input.sv:37.30-37.51
Info:                  /usr/bin/../share/yosys/mul2dsp.v:173.32-173.125
Info:                  /usr/bin/../share/yosys/ecp5/arith_map.v:63.22-63.23
Info:  0.1 11.1  Source full_product_CCU2C_S0_18$CCU2_COMB0.FCO
Info:  0.0 11.1    Net full_product_CCU2C_S0_18$CCU2_FCI_INT (29,20) -> (29,20)
Info:                Sink full_product_CCU2C_S0_18$CCU2_COMB1.FCI
Info:  0.0 11.1  Source full_product_CCU2C_S0_18$CCU2_COMB1.FCO
Info:  0.0 11.1    Net full_product_CCU2C_S0_3_COUT[17] (29,20) -> (29,20)
Info:                Sink full_product_CCU2C_S0_17$CCU2_COMB0.FCI
Info:                Defined in:
Info:                  /root/chiploop-backend/backend/workflows/6336cdbb-d539-48af-a39d-c10f6bb1304e/fpga/src/rtl/review_input.sv:37.30-37.51
Info:                  /usr/bin/../share/yosys/mul2dsp.v:173.32-173.125
Info:                  /usr/bin/../share/yosys/ecp5/arith_map.v:63.22-63.23
Info:  0.1 11.2  Source full_product_CCU2C_S0_17$CCU2_COMB0.FCO
Info:  0.0 11.2    Net full_product_CCU2C_S0_17$CCU2_FCI_INT (29,20) -> (29,20)
Info:                Sink full_product_CCU2C_S0_17$CCU2_COMB1.FCI
Info:  0.0 11.2  Source full_product_CCU2C_S0_17$CCU2_COMB1.FCO
Info:  0.0 11.2    Net full_product_CCU2C_S0_3_COUT[19] (29,20) -> (29,20)
Info:                Sink full_product_CCU2C_S0_16$CCU2_COMB0.FCI
Info:                Defined in:
Info:                  /root/chiploop-backend/backend/workflows/6336cdbb-d539-48af-a39d-c10f6bb1304e/fpga/src/rtl/review_input.sv:37.30-37.51
Info:                  /usr/bin/../share/yosys/mul2dsp.v:173.32-173.125
Info:                  /usr/bin/../share/yosys/ecp5/arith_map.v:63.22-63.23
Info:  0.1 11.2  Source full_product_CCU2C_S0_16$CCU2_COMB0.FCO
Info:  0.0 11.2    Net full_product_CCU2C_S0_16$CCU2_FCI_INT (29,20) -> (29,20)
Info:                Sink full_product_CCU2C_S0_16$CCU2_COMB1.FCI
Info:  0.0 11.2  Source full_product_CCU2C_S0_16$CCU2_COMB1.FCO
Info:  0.0 11.2    Net full_product_CCU2C_S0_3_COUT[21] (29,20) -> (30,20)
Info:                Sink full_product_CCU2C_S0_15$CCU2_COMB0.FCI
Info:                Defined in:
Info:                  /root/chiploop-backend/backend/workflows/6336cdbb-d539-48af-a39d-c10f6bb1304e/fpga/src/rtl/review_input.sv:37.30-37.51
Info:                  /usr/bin/../share/yosys/mul2dsp.v:173.32-173.125
Info:                  /usr/bin/../share/yosys/ecp5/arith_map.v:63.22-63.23
Info:  0.1 11.3  Source full_product_CCU2C_S0_15$CCU2_COMB0.FCO
Info:  0.0 11.3    Net full_product_CCU2C_S0_15$CCU2_FCI_INT (30,20) -> (30,20)
Info:                Sink full_product_CCU2C_S0_15$CCU2_COMB1.FCI
Info:  0.0 11.3  Source full_product_CCU2C_S0_15$CCU2_COMB1.FCO
Info:  0.0 11.3    Net full_product_CCU2C_S0_3_COUT[23] (30,20) -> (30,20)
Info:                Sink full_product_CCU2C_S0_14$CCU2_COMB0.FCI
Info:                Defined in:
Info:                  /root/chiploop-backend/backend/workflows/6336cdbb-d539-48af-a39d-c10f6bb1304e/fpga/src/rtl/review_input.sv:37.30-37.51
Info:                  /usr/bin/../share/yosys/mul2dsp.v:173.32-173.125
Info:                  /usr/bin/../share/yosys/ecp5/arith_map.v:63.22-63.23
Info:  0.1 11.4  Source full_product_CCU2C_S0_14$CCU2_COMB0.FCO
Info:  0.0 11.4    Net full_product_CCU2C_S0_14$CCU2_FCI_INT (30,20) -> (30,20)
Info:                Sink full_product_CCU2C_S0_14$CCU2_COMB1.FCI
Info:  0.0 11.4  Source full_product_CCU2C_S0_14$CCU2_COMB1.FCO
Info:  0.0 11.4    Net full_product_CCU2C_S0_3_COUT[25] (30,20) -> (30,20)
Info:                Sink full_product_CCU2C_S0_13$CCU2_COMB0.FCI
Info:                Defined in:
Info:                  /root/chiploop-backend/backend/workflows/6336cdbb-d539-48af-a39d-c10f6bb1304e/fpga/src/rtl/review_input.sv:37.30-37.51
Info:                  /usr/bin/../share/yosys/mul2dsp.v:173.32-173.125
Info:                  /usr/bin/../share/yosys/ecp5/arith_map.v:63.22-63.23
Info:  0.1 11.5  Source full_product_CCU2C_S0_13$CCU2_COMB0.FCO
Info:  0.0 11.5    Net full_product_CCU2C_S0_13$CCU2_FCI_INT (30,20) -> (30,20)
Info:                Sink full_product_CCU2C_S0_13$CCU2_COMB1.FCI
Info:  0.0 11.5  Source full_product_CCU2C_S0_13$CCU2_COMB1.FCO
Info:  0.0 11.5    Net full_product_CCU2C_S0_3_COUT[27] (30,20) -> (30,20)
Info:                Sink full_product_CCU2C_S0_12$CCU2_COMB0.FCI
Info:                Defined in:
Info:                  /root/chiploop-backend/backend/workflows/6336cdbb-d539-48af-a39d-c10f6bb1304e/fpga/src/rtl/review_input.sv:37.30-37.51
Info:                  /usr/bin/../share/yosys/mul2dsp.v:173.32-173.125
Info:                  /usr/bin/../share/yosys/ecp5/arith_map.v:63.22-63.23
Info:  0.1 11.5  Source full_product_CCU2C_S0_12$CCU2_COMB0.FCO
Info:  0.0 11.5    Net full_product_CCU2C_S0_12$CCU2_FCI_INT (30,20) -> (30,20)
Info:                Sink full_product_CCU2C_S0_12$CCU2_COMB1.FCI
Info:  0.0 11.5  Source full_product_CCU2C_S0_12$CCU2_COMB1.FCO
Info:  0.0 11.5    Net full_product_CCU2C_S0_3_COUT[29] (30,20) -> (31,20)
Info:                Sink full_product_CCU2C_S0_10$CCU2_COMB0.FCI
Info:                Defined in:
Info:                  /root/chiploop-backend/backend/workflows/6336cdbb-d539-48af-a39d-c10f6bb1304e/fpga/src/rtl/review_input.sv:37.30-37.51
Info:                  /usr/bin/../share/yosys/mul2dsp.v:173.32-173.125
Info:                  /usr/bin/../share/yosys/ecp5/arith_map.v:63.22-63.23
Info:  0.1 11.6  Source full_product_CCU2C_S0_10$CCU2_COMB0.FCO
Info:  0.0 11.6    Net full_product_CCU2C_S0_10$CCU2_FCI_INT (31,20) -> (31,20)
Info:                Sink full_product_CCU2C_S0_10$CCU2_COMB1.FCI
Info:  0.0 11.6  Source full_product_CCU2C_S0_10$CCU2_COMB1.FCO
Info:  0.0 11.6    Net full_product_CCU2C_S0_3_COUT[31] (31,20) -> (31,20)
Info:                Sink full_product_CCU2C_S0_9$CCU2_COMB0.FCI
Info:                Defined in:
Info:                  /root/chiploop-backend/backend/workflows/6336cdbb-d539-48af-a39d-c10f6bb1304e/fpga/src/rtl/review_input.sv:37.30-37.51
Info:                  /usr/bin/../share/yosys/mul2dsp.v:173.32-173.125
Info:                  /usr/bin/../share/yosys/ecp5/arith_map.v:63.22-63.23
Info:  0.1 11.7  Source full_product_CCU2C_S0_9$CCU2_COMB0.FCO
Info:  0.0 11.7    Net full_product_CCU2C_S0_9$CCU2_FCI_INT (31,20) -> (31,20)
Info:                Sink full_product_CCU2C_S0_9$CCU2_COMB1.FCI
Info:  0.4 12.1  Source full_product_CCU2C_S0_9$CCU2_COMB1.F
Info:  0.8 12.9    Net debug_data_LUT4_Z_3_A_LUT4_Z_B_LUT4_Z_A_L6MUX21_Z_D0_PFUMX_Z_BLUT_LUT4_Z_D_LUT4_B_Z_PFUMX_BLUT_Z_LUT4_A_Z_PFUMX_Z_C0_LUT4_Z_A_LUT4_Z_D_LUT4_D_Z_L6MUX21_Z_D0_PFUMX_Z_C0_CCU2C_S0_S1_CCU2C_S1_COUT_CCU2C_COUT_5_S1[2] (31,20) -> (31,23)
Info:                Sink debug_data_LUT4_Z_10_A_LUT4_Z_A_L6MUX21_Z_SD_L6MUX21_Z_2_D0_L6MUX21_Z_D1_PFUMX_Z_BLUT_LUT4_Z.C
Info:                Defined in:
Info:                  /root/chiploop-backend/backend/workflows/6336cdbb-d539-48af-a39d-c10f6bb1304e/fpga/src/rtl/review_input.sv:37.15-37.27
Info:  0.4 13.3  Source debug_data_LUT4_Z_10_A_LUT4_Z_A_L6MUX21_Z_SD_L6MUX21_Z_2_D0_L6MUX21_Z_D1_PFUMX_Z_BLUT_LUT4_Z.OFX
Info:  0.0 13.3    Net debug_data_LUT4_Z_10_A_LUT4_Z_A_L6MUX21_Z_SD_L6MUX21_Z_2_D0_L6MUX21_Z_D1 (31,23) -> (31,23)
Info:                Sink debug_data_LUT4_Z_10_A_LUT4_Z_A_L6MUX21_Z_SD_L6MUX21_Z_2_D0_L6MUX21_Z_D1_PFUMX_Z_ALUT_LUT4_Z.FXB
Info:                Defined in:
Info:                  /usr/bin/../share/yosys/ecp5/cells_map.v:157.54-157.56
Info:  0.2 13.5  Source debug_data_LUT4_Z_10_A_LUT4_Z_A_L6MUX21_Z_SD_L6MUX21_Z_2_D0_L6MUX21_Z_D1_PFUMX_Z_ALUT_LUT4_Z.OFX
Info:  0.0 13.5    Net debug_data_LUT4_Z_10_A_LUT4_Z_A_L6MUX21_Z_SD_L6MUX21_Z_2_D0 (31,23) -> (31,23)
Info:                Sink debug_data_LUT4_Z_10_A_LUT4_Z_A_L6MUX21_Z_SD_L6MUX21_Z_2_D1_L6MUX21_Z_D0_PFUMX_Z_ALUT_LUT4_Z.FXA
Info:                Defined in:
Info:                  /usr/bin/../share/yosys/ecp5/cells_map.v:157.66-157.68
Info:  0.2 13.8  Source debug_data_LUT4_Z_10_A_LUT4_Z_A_L6MUX21_Z_SD_L6MUX21_Z_2_D1_L6MUX21_Z_D0_PFUMX_Z_ALUT_LUT4_Z.OFX
Info:  1.3 15.1    Net debug_data_LUT4_Z_10_A_LUT4_Z_A_L6MUX21_Z_SD[3] (31,23) -> (40,27)
Info:                Sink debug_data_LUT4_Z_10_A_LUT4_Z_A_L6MUX21_Z_D1_PFUMX_Z_ALUT_LUT4_Z.D
Info:                Defined in:
Info:                  /usr/bin/../share/yosys/ecp5/cells_map.v:108.23-108.24
Info:  0.2 15.3  Source debug_data_LUT4_Z_10_A_LUT4_Z_A_L6MUX21_Z_D1_PFUMX_Z_ALUT_LUT4_Z.F
Info:  0.0 15.3    Net debug_data_LUT4_Z_10_A_LUT4_Z_A_L6MUX21_Z_D1_PFUMX_Z_ALUT (40,27) -> (40,27)
Info:                Sink debug_data_LUT4_Z_10_A_LUT4_Z_A_L6MUX21_Z_D1_PFUMX_Z_BLUT_LUT4_Z.F1
Info:                Defined in:
Info:                  /usr/bin/../share/yosys/ecp5/cells_map.v:141.30-141.32
Info:  0.2 15.5  Source debug_data_LUT4_Z_10_A_LUT4_Z_A_L6MUX21_Z_D1_PFUMX_Z_BLUT_LUT4_Z.OFX
Info:  0.0 15.5    Net debug_data_LUT4_Z_10_A_LUT4_Z_A_L6MUX21_Z_D1 (40,27) -> (40,27)
Info:                Sink debug_data_LUT4_Z_10_A_LUT4_Z_A_L6MUX21_Z_D1_PFUMX_Z_ALUT_LUT4_Z.FXB
Info:                Defined in:
Info:                  /usr/bin/../share/yosys/ecp5/cells_map.v:141.38-141.40
Info:  0.2 15.7  Source debug_data_LUT4_Z_10_A_LUT4_Z_A_L6MUX21_Z_D1_PFUMX_Z_ALUT_LUT4_Z.OFX
Info:  0.7 16.5    Net debug_data_LUT4_Z_10_A_LUT4_Z_A[3] (40,27) -> (44,27)
Info:                Sink debug_data_LUT4_Z_10_A_LUT4_Z.D
Info:                Defined in:
Info:                  /usr/bin/../share/yosys/ecp5/cells_map.v:108.23-108.24
Info:  0.2 16.7  Source debug_data_LUT4_Z_10_A_LUT4_Z.F
Info:  1.3 18.0    Net debug_data_LUT4_Z_10_A[1] (44,27) -> (45,32)
Info:                Sink debug_data_LUT4_Z_10_A_LUT4_A.A
Info:                Defined in:
Info:                  /usr/bin/../share/yosys/ecp5/cells_map.v:108.23-108.24
Info:  0.2 18.2  Source debug_data_LUT4_Z_10_A_LUT4_A.F
Info:  0.9 19.2    Net debug_data_LUT4_Z_10_A_LUT4_A_Z (45,32) -> (44,31)
Info:                Sink register_bank[8]_TRELLIS_FF_Q_12.M
Info:  0.0 19.2  Setup register_bank[8]_TRELLIS_FF_Q_12.M
Info: 9.2 ns logic, 10.0 ns routing

Info: Critical path report for cross-domain path '<async>' -> '<async>':
Info: curr total
Info:  0.0  0.0  Source debug_addr_b[1]$tr_io.O
Info:  4.9  4.9    Net debug_addr_b[1]$TRELLIS_IO_IN (90,20) -> (24,13)
Info:                Sink debug_addr_b_LUT4_A_14.D
Info:                Defined in:
Info:                  /usr/bin/../share/yosys/ecp5/cells_map.v:108.23-108.24
Info:  0.2  5.1  Source debug_addr_b_LUT4_A_14.F
Info:  2.4  7.5    Net read_b_PFUMX_Z_5_C0_LUT4_Z_3_A[3] (24,13) -> (17,30)
Info:                Sink read_b_PFUMX_Z_25_C0_LUT4_Z_4_A_LUT4_Z_3.D
Info:                Defined in:
Info:                  /usr/bin/../share/yosys/ecp5/cells_map.v:108.23-108.24
Info:  0.2  7.8  Source read_b_PFUMX_Z_25_C0_LUT4_Z_4_A_LUT4_Z_3.F
Info:  1.2  8.9    Net read_b_PFUMX_Z_25_C0_LUT4_Z_4_A[0] (17,30) -> (17,28)
Info:                Sink read_b_PFUMX_Z_25_C0_LUT4_Z_4.A
Info:                Defined in:
Info:                  /usr/bin/../share/yosys/ecp5/cells_map.v:108.23-108.24
Info:  0.2  9.2  Source read_b_PFUMX_Z_25_C0_LUT4_Z_4.F
Info:  1.1 10.3    Net read_b_PFUMX_Z_25_C0[0] (17,28) -> (16,29)
Info:                Sink read_b_PFUMX_Z_25_ALUT_LUT4_Z.A
Info:                Defined in:
Info:                  /usr/bin/../share/yosys/ecp5/cells_map.v:108.23-108.24
Info:  0.2 10.5  Source read_b_PFUMX_Z_25_ALUT_LUT4_Z.F
Info:  0.0 10.5    Net read_b_PFUMX_Z_25_ALUT (16,29) -> (16,29)
Info:                Sink read_b_PFUMX_Z_25_BLUT_LUT4_Z.F1
Info:                Defined in:
Info:                  /usr/bin/../share/yosys/ecp5/cells_map.v:133.22-133.24
Info:  0.2 10.7  Source read_b_PFUMX_Z_25_BLUT_LUT4_Z.OFX
Info:  1.3 11.9    Net debug_data_LUT4_Z_26_A[1] (16,29) -> (28,29)
Info:                Sink debug_data_LUT4_Z_26.B
Info:                Defined in:
Info:                  /root/chiploop-backend/backend/workflows/6336cdbb-d539-48af-a39d-c10f6bb1304e/fpga/src/rtl/review_input.sv:35.15-35.21
Info:  0.2 12.2  Source debug_data_LUT4_Z_26.F
Info:  4.1 16.3    Net debug_data[3]$TRELLIS_IO_OUT (28,29) -> (90,32)
Info:                Sink debug_data[3]$tr_io.I
Info:                Defined in:
Info:                  /root/chiploop-backend/backend/workflows/6336cdbb-d539-48af-a39d-c10f6bb1304e/fpga/src/rtl/review_input.sv:11.22-11.32
Info: 1.3 ns logic, 14.9 ns routing

Info: Critical path report for cross-domain path '<async>' -> 'posedge $glbnet$clk$TRELLIS_IO_IN':
Info: curr total
Info:  0.0  0.0  Source debug_addr_a[1]$tr_io.O
Info:  4.2  4.2    Net debug_addr_a[1]$TRELLIS_IO_IN (90,17) -> (23,17)
Info:                Sink debug_addr_a_LUT4_A_11.D
Info:                Defined in:
Info:                  /root/chiploop-backend/backend/workflows/6336cdbb-d539-48af-a39d-c10f6bb1304e/fpga/src/rtl/review_input.sv:4.22-4.34
Info:  0.2  4.4  Source debug_addr_a_LUT4_A_11.F
Info:  3.8  8.2    Net debug_addr_a_LUT4_A_11_Z[0] (23,17) -> (45,30)
Info:                Sink debug_data_LUT4_Z_10_C_PFUMX_Z_C0_LUT4_Z_4_A_LUT4_Z_1.A
Info:                Defined in:
Info:                  /usr/bin/../share/yosys/ecp5/cells_map.v:108.23-108.24
Info:  0.2  8.5  Source debug_data_LUT4_Z_10_C_PFUMX_Z_C0_LUT4_Z_4_A_LUT4_Z_1.F
Info:  0.8  9.3    Net debug_data_LUT4_Z_10_C_PFUMX_Z_C0_LUT4_Z_4_A[2] (45,30) -> (45,30)
Info:                Sink debug_data_LUT4_Z_10_C_PFUMX_Z_C0_LUT4_Z_4.C
Info:                Defined in:
Info:                  /usr/bin/../share/yosys/ecp5/cells_map.v:108.23-108.24
Info:  0.2  9.5  Source debug_data_LUT4_Z_10_C_PFUMX_Z_C0_LUT4_Z_4.F
Info:  0.7 10.2    Net debug_data_LUT4_Z_10_C_PFUMX_Z_C0[0] (45,30) -> (44,30)
Info:                Sink debug_data_LUT4_Z_10_C_PFUMX_Z_ALUT_LUT4_Z.A
Info:                Defined in:
Info:                  /usr/bin/../share/yosys/ecp5/cells_map.v:108.23-108.24
Info:  0.2 10.4  Source debug_data_LUT4_Z_10_C_PFUMX_Z_ALUT_LUT4_Z.F
Info:  0.0 10.4    Net debug_data_LUT4_Z_10_C_PFUMX_Z_ALUT (44,30) -> (44,30)
Info:                Sink debug_data_LUT4_Z_10_C_PFUMX_Z_BLUT_LUT4_Z.F1
Info:                Defined in:
Info:                  /usr/bin/../share/yosys/ecp5/cells_map.v:133.22-133.24
Info:  0.2 10.6  Source debug_data_LUT4_Z_10_C_PFUMX_Z_BLUT_LUT4_Z.OFX
Info:  2.0 12.6    Net debug_data_LUT4_Z_10_C[0] (44,30) -> (31,12)
Info:                Sink debug_data_LUT4_Z_10_C_LUT4_C_1.C
Info:                Defined in:
Info:                  /usr/bin/../share/yosys/ecp5/cells_map.v:108.23-108.24
Info:  0.2 12.8  Source debug_data_LUT4_Z_10_C_LUT4_C_1.F
Info:  1.3 14.2    Net debug_data_LUT4_Z_27_C_LUT4_B_Z[19] (31,12) -> (28,12)
Info:                Sink debug_data_LUT4_Z_9_C_LUT4_C_2_Z_CCU2C_B0_10$CCU2_COMB1.A
Info:                Defined in:
Info:                  /usr/bin/../share/yosys/techmap.v:200.24-200.25
Info:  0.4 14.6  Source debug_data_LUT4_Z_9_C_LUT4_C_2_Z_CCU2C_B0_10$CCU2_COMB1.FCO
Info:  0.0 14.6    Net debug_data_LUT4_Z_9_C_LUT4_C_2_Z_CCU2C_B0_3_COUT[19] (28,12) -> (28,12)
Info:                Sink debug_data_LUT4_Z_9_C_LUT4_C_2_Z_CCU2C_B0_9$CCU2_COMB0.FCI
Info:                Defined in:
Info:                  /usr/bin/../share/yosys/ecp5/arith_map.v:63.22-63.23
Info:  0.1 14.7  Source debug_data_LUT4_Z_9_C_LUT4_C_2_Z_CCU2C_B0_9$CCU2_COMB0.FCO
Info:  0.0 14.7    Net debug_data_LUT4_Z_9_C_LUT4_C_2_Z_CCU2C_B0_9$CCU2_FCI_INT (28,12) -> (28,12)
Info:                Sink debug_data_LUT4_Z_9_C_LUT4_C_2_Z_CCU2C_B0_9$CCU2_COMB1.FCI
Info:  0.0 14.7  Source debug_data_LUT4_Z_9_C_LUT4_C_2_Z_CCU2C_B0_9$CCU2_COMB1.FCO
Info:  0.0 14.7    Net debug_data_LUT4_Z_9_C_LUT4_C_2_Z_CCU2C_B0_3_COUT[21] (28,12) -> (29,12)
Info:                Sink debug_data_LUT4_Z_9_C_LUT4_C_2_Z_CCU2C_B0_8$CCU2_COMB0.FCI
Info:                Defined in:
Info:                  /usr/bin/../share/yosys/ecp5/arith_map.v:63.22-63.23
Info:  0.1 14.8  Source debug_data_LUT4_Z_9_C_LUT4_C_2_Z_CCU2C_B0_8$CCU2_COMB0.FCO
Info:  0.0 14.8    Net debug_data_LUT4_Z_9_C_LUT4_C_2_Z_CCU2C_B0_8$CCU2_FCI_INT (29,12) -> (29,12)
Info:                Sink debug_data_LUT4_Z_9_C_LUT4_C_2_Z_CCU2C_B0_8$CCU2_COMB1.FCI
Info:  0.0 14.8  Source debug_data_LUT4_Z_9_C_LUT4_C_2_Z_CCU2C_B0_8$CCU2_COMB1.FCO
Info:  0.0 14.8    Net debug_data_LUT4_Z_9_C_LUT4_C_2_Z_CCU2C_B0_3_COUT[23] (29,12) -> (29,12)
Info:                Sink debug_data_LUT4_Z_9_C_LUT4_C_2_Z_CCU2C_B0_7$CCU2_COMB0.FCI
Info:                Defined in:
Info:                  /usr/bin/../share/yosys/ecp5/arith_map.v:63.22-63.23
Info:  0.1 14.8  Source debug_data_LUT4_Z_9_C_LUT4_C_2_Z_CCU2C_B0_7$CCU2_COMB0.FCO
Info:  0.0 14.8    Net debug_data_LUT4_Z_9_C_LUT4_C_2_Z_CCU2C_B0_7$CCU2_FCI_INT (29,12) -> (29,12)
Info:                Sink debug_data_LUT4_Z_9_C_LUT4_C_2_Z_CCU2C_B0_7$CCU2_COMB1.FCI
Info:  0.0 14.8  Source debug_data_LUT4_Z_9_C_LUT4_C_2_Z_CCU2C_B0_7$CCU2_COMB1.FCO
Info:  0.0 14.8    Net debug_data_LUT4_Z_9_C_LUT4_C_2_Z_CCU2C_B0_3_COUT[25] (29,12) -> (29,12)
Info:                Sink debug_data_LUT4_Z_9_C_LUT4_C_2_Z_CCU2C_B0_6$CCU2_COMB0.FCI
Info:                Defined in:
Info:                  /usr/bin/../share/yosys/ecp5/arith_map.v:63.22-63.23
Info:  0.4 15.3  Source debug_data_LUT4_Z_9_C_LUT4_C_2_Z_CCU2C_B0_6$CCU2_COMB0.F
Info:  1.2 16.5    Net instruction_TRELLIS_FF_Q_DI[26] (29,12) -> (29,17)
Info:                Sink instruction_TRELLIS_FF_Q_5.M
Info:                Defined in:
Info:                  /usr/bin/../share/yosys/ecp5/arith_map.v:34.26-34.27
Info:  0.0 16.5  Setup instruction_TRELLIS_FF_Q_5.M
Info: 2.4 ns logic, 14.0 ns routing

Info: Critical path report for cross-domain path 'posedge $glbnet$clk$TRELLIS_IO_IN' -> '<async>':
Info: curr total
Info:  0.5  0.5  Source operand_a_TRELLIS_FF_Q_17.Q
Info:  2.0  2.5    Net debug_data_LUT4_Z_3_A_LUT4_Z_B_LUT4_Z_A_L6MUX21_Z_D0_PFUMX_Z_BLUT_LUT4_Z_D_LUT4_B_Z_PFUMX_BLUT_Z_LUT4_A_Z_PFUMX_Z_C0_LUT4_Z_A_LUT4_Z_D_LUT4_D_Z_L6MUX21_Z_1_SD_L6MUX21_Z_1_SD_CCU2C_S0_S1_CCU2C_S1_COUT_CCU2C_COUT_8_S0[3] (31,15) -> (27,22)
Info:                Sink full_product_MULT18X18D_P0.A14
Info:                Defined in:
Info:                  /root/chiploop-backend/backend/workflows/6336cdbb-d539-48af-a39d-c10f6bb1304e/fpga/src/rtl/review_input.sv:17.14-17.23
Info:  3.9  6.4  Source full_product_MULT18X18D_P0.P20
Info:  1.8  8.2    Net full_product_MULT18X18D_P0_P18[2] (27,22) -> (27,19)
Info:                Sink full_product_MULT18X18D_P0_P18_CCU2C_A0_3$CCU2_COMB0.A
Info:                Defined in:
Info:                  /root/chiploop-backend/backend/workflows/6336cdbb-d539-48af-a39d-c10f6bb1304e/fpga/src/rtl/review_input.sv:37.30-37.51
Info:                  /usr/bin/../share/yosys/mul2dsp.v:148.7-152.6
Info:                  /usr/bin/../share/yosys/mul2dsp.v:230.32-230.125
Info:                  /usr/bin/../share/yosys/ecp5/arith_map.v:30.22-30.23
Info:  0.4  8.6  Source full_product_MULT18X18D_P0_P18_CCU2C_A0_3$CCU2_COMB0.FCO
Info:  0.0  8.6    Net full_product_MULT18X18D_P0_P18_CCU2C_A0_3$CCU2_FCI_INT (27,19) -> (27,19)
Info:                Sink full_product_MULT18X18D_P0_P18_CCU2C_A0_3$CCU2_COMB1.FCI
Info:  0.0  8.6  Source full_product_MULT18X18D_P0_P18_CCU2C_A0_3$CCU2_COMB1.FCO
Info:  0.0  8.6    Net full_product_CCU2C_S0_B0_CCU2C_S0_6_COUT[4] (27,19) -> (27,19)
Info:                Sink full_product_MULT18X18D_P0_P18_CCU2C_A0_2$CCU2_COMB0.FCI
Info:                Defined in:
Info:                  /root/chiploop-backend/backend/workflows/6336cdbb-d539-48af-a39d-c10f6bb1304e/fpga/src/rtl/review_input.sv:37.30-37.51
Info:                  /usr/bin/../share/yosys/mul2dsp.v:148.7-152.6
Info:                  /usr/bin/../share/yosys/mul2dsp.v:230.32-230.125
Info:                  /usr/bin/../share/yosys/ecp5/arith_map.v:38.23-38.25
Info:  0.1  8.7  Source full_product_MULT18X18D_P0_P18_CCU2C_A0_2$CCU2_COMB0.FCO
Info:  0.0  8.7    Net full_product_MULT18X18D_P0_P18_CCU2C_A0_2$CCU2_FCI_INT (27,19) -> (27,19)
Info:                Sink full_product_MULT18X18D_P0_P18_CCU2C_A0_2$CCU2_COMB1.FCI
Info:  0.0  8.7  Source full_product_MULT18X18D_P0_P18_CCU2C_A0_2$CCU2_COMB1.FCO
Info:  0.0  8.7    Net full_product_CCU2C_S0_B0_CCU2C_S0_6_COUT[6] (27,19) -> (28,19)
Info:                Sink full_product_MULT18X18D_P0_P18_CCU2C_A0_1$CCU2_COMB0.FCI
Info:                Defined in:
Info:                  /root/chiploop-backend/backend/workflows/6336cdbb-d539-48af-a39d-c10f6bb1304e/fpga/src/rtl/review_input.sv:37.30-37.51
Info:                  /usr/bin/../share/yosys/mul2dsp.v:148.7-152.6
Info:                  /usr/bin/../share/yosys/mul2dsp.v:230.32-230.125
Info:                  /usr/bin/../share/yosys/ecp5/arith_map.v:38.23-38.25
Info:  0.1  8.8  Source full_product_MULT18X18D_P0_P18_CCU2C_A0_1$CCU2_COMB0.FCO
Info:  0.0  8.8    Net full_product_MULT18X18D_P0_P18_CCU2C_A0_1$CCU2_FCI_INT (28,19) -> (28,19)
Info:                Sink full_product_MULT18X18D_P0_P18_CCU2C_A0_1$CCU2_COMB1.FCI
Info:  0.0  8.8  Source full_product_MULT18X18D_P0_P18_CCU2C_A0_1$CCU2_COMB1.FCO
Info:  0.0  8.8    Net full_product_CCU2C_S0_B0_CCU2C_S0_6_COUT[8] (28,19) -> (28,19)
Info:                Sink full_product_MULT18X18D_P0_P18_CCU2C_A0$CCU2_COMB0.FCI
Info:                Defined in:
Info:                  /root/chiploop-backend/backend/workflows/6336cdbb-d539-48af-a39d-c10f6bb1304e/fpga/src/rtl/review_input.sv:37.30-37.51
Info:                  /usr/bin/../share/yosys/mul2dsp.v:148.7-152.6
Info:                  /usr/bin/../share/yosys/mul2dsp.v:230.32-230.125
Info:                  /usr/bin/../share/yosys/ecp5/arith_map.v:38.23-38.25
Info:  0.1  8.9  Source full_product_MULT18X18D_P0_P18_CCU2C_A0$CCU2_COMB0.FCO
Info:  0.0  8.9    Net full_product_MULT18X18D_P0_P18_CCU2C_A0$CCU2_FCI_INT (28,19) -> (28,19)
Info:                Sink full_product_MULT18X18D_P0_P18_CCU2C_A0$CCU2_COMB1.FCI
Info:  0.0  8.9  Source full_product_MULT18X18D_P0_P18_CCU2C_A0$CCU2_COMB1.FCO
Info:  0.0  8.9    Net full_product_CCU2C_S0_B0_CCU2C_S0_6_COUT[10] (28,19) -> (28,19)
Info:                Sink full_product_MULT18X18D_P0_P18_CCU2C_A0_7$CCU2_COMB0.FCI
Info:                Defined in:
Info:                  /root/chiploop-backend/backend/workflows/6336cdbb-d539-48af-a39d-c10f6bb1304e/fpga/src/rtl/review_input.sv:37.30-37.51
Info:                  /usr/bin/../share/yosys/mul2dsp.v:148.7-152.6
Info:                  /usr/bin/../share/yosys/mul2dsp.v:230.32-230.125
Info:                  /usr/bin/../share/yosys/ecp5/arith_map.v:38.23-38.25
Info:  0.1  8.9  Source full_product_MULT18X18D_P0_P18_CCU2C_A0_7$CCU2_COMB0.FCO
Info:  0.0  8.9    Net full_product_MULT18X18D_P0_P18_CCU2C_A0_7$CCU2_FCI_INT (28,19) -> (28,19)
Info:                Sink full_product_MULT18X18D_P0_P18_CCU2C_A0_7$CCU2_COMB1.FCI
Info:  0.0  8.9  Source full_product_MULT18X18D_P0_P18_CCU2C_A0_7$CCU2_COMB1.FCO
Info:  0.0  8.9    Net full_product_CCU2C_S0_B0_CCU2C_S0_6_COUT[12] (28,19) -> (28,19)
Info:                Sink full_product_MULT18X18D_P0_P18_CCU2C_A0_6$CCU2_COMB0.FCI
Info:                Defined in:
Info:                  /root/chiploop-backend/backend/workflows/6336cdbb-d539-48af-a39d-c10f6bb1304e/fpga/src/rtl/review_input.sv:37.30-37.51
Info:                  /usr/bin/../share/yosys/mul2dsp.v:148.7-152.6
Info:                  /usr/bin/../share/yosys/mul2dsp.v:230.32-230.125
Info:                  /usr/bin/../share/yosys/ecp5/arith_map.v:38.23-38.25
Info:  0.1  9.0  Source full_product_MULT18X18D_P0_P18_CCU2C_A0_6$CCU2_COMB0.FCO
Info:  0.0  9.0    Net full_product_MULT18X18D_P0_P18_CCU2C_A0_6$CCU2_FCI_INT (28,19) -> (28,19)
Info:                Sink full_product_MULT18X18D_P0_P18_CCU2C_A0_6$CCU2_COMB1.FCI
Info:  0.0  9.0  Source full_product_MULT18X18D_P0_P18_CCU2C_A0_6$CCU2_COMB1.FCO
Info:  0.0  9.0    Net full_product_CCU2C_S0_B0_CCU2C_S0_6_COUT[14] (28,19) -> (29,19)
Info:                Sink full_product_MULT18X18D_P0_P18_CCU2C_A0_5$CCU2_COMB0.FCI
Info:                Defined in:
Info:                  /root/chiploop-backend/backend/workflows/6336cdbb-d539-48af-a39d-c10f6bb1304e/fpga/src/rtl/review_input.sv:37.30-37.51
Info:                  /usr/bin/../share/yosys/mul2dsp.v:148.7-152.6
Info:                  /usr/bin/../share/yosys/mul2dsp.v:230.32-230.125
Info:                  /usr/bin/../share/yosys/ecp5/arith_map.v:38.23-38.25
Info:  0.4  9.4  Source full_product_MULT18X18D_P0_P18_CCU2C_A0_5$CCU2_COMB0.F
Info:  1.1 10.6    Net full_product_CCU2C_S0_B0[14] (29,19) -> (29,20)
Info:                Sink full_product_CCU2C_S0_19$CCU2_COMB0.B
Info:                Defined in:
Info:                  /root/chiploop-backend/backend/workflows/6336cdbb-d539-48af-a39d-c10f6bb1304e/fpga/src/rtl/review_input.sv:37.30-37.51
Info:                  /usr/bin/../share/yosys/mul2dsp.v:148.7-152.6
Info:                  /usr/bin/../share/yosys/mul2dsp.v:230.32-230.125
Info:                  /usr/bin/../share/yosys/ecp5/arith_map.v:34.26-34.27
Info:  0.4 11.0  Source full_product_CCU2C_S0_19$CCU2_COMB0.FCO
Info:  0.0 11.0    Net full_product_CCU2C_S0_19$CCU2_FCI_INT (29,20) -> (29,20)
Info:                Sink full_product_CCU2C_S0_19$CCU2_COMB1.FCI
Info:  0.0 11.0  Source full_product_CCU2C_S0_19$CCU2_COMB1.FCO
Info:  0.0 11.0    Net full_product_CCU2C_S0_3_COUT[15] (29,20) -> (29,20)
Info:                Sink full_product_CCU2C_S0_18$CCU2_COMB0.FCI
Info:                Defined in:
Info:                  /root/chiploop-backend/backend/workflows/6336cdbb-d539-48af-a39d-c10f6bb1304e/fpga/src/rtl/review_input.sv:37.30-37.51
Info:                  /usr/bin/../share/yosys/mul2dsp.v:173.32-173.125
Info:                  /usr/bin/../share/yosys/ecp5/arith_map.v:63.22-63.23
Info:  0.1 11.1  Source full_product_CCU2C_S0_18$CCU2_COMB0.FCO
Info:  0.0 11.1    Net full_product_CCU2C_S0_18$CCU2_FCI_INT (29,20) -> (29,20)
Info:                Sink full_product_CCU2C_S0_18$CCU2_COMB1.FCI
Info:  0.0 11.1  Source full_product_CCU2C_S0_18$CCU2_COMB1.FCO
Info:  0.0 11.1    Net full_product_CCU2C_S0_3_COUT[17] (29,20) -> (29,20)
Info:                Sink full_product_CCU2C_S0_17$CCU2_COMB0.FCI
Info:                Defined in:
Info:                  /root/chiploop-backend/backend/workflows/6336cdbb-d539-48af-a39d-c10f6bb1304e/fpga/src/rtl/review_input.sv:37.30-37.51
Info:                  /usr/bin/../share/yosys/mul2dsp.v:173.32-173.125
Info:                  /usr/bin/../share/yosys/ecp5/arith_map.v:63.22-63.23
Info:  0.1 11.2  Source full_product_CCU2C_S0_17$CCU2_COMB0.FCO
Info:  0.0 11.2    Net full_product_CCU2C_S0_17$CCU2_FCI_INT (29,20) -> (29,20)
Info:                Sink full_product_CCU2C_S0_17$CCU2_COMB1.FCI
Info:  0.0 11.2  Source full_product_CCU2C_S0_17$CCU2_COMB1.FCO
Info:  0.0 11.2    Net full_product_CCU2C_S0_3_COUT[19] (29,20) -> (29,20)
Info:                Sink full_product_CCU2C_S0_16$CCU2_COMB0.FCI
Info:                Defined in:
Info:                  /root/chiploop-backend/backend/workflows/6336cdbb-d539-48af-a39d-c10f6bb1304e/fpga/src/rtl/review_input.sv:37.30-37.51
Info:                  /usr/bin/../share/yosys/mul2dsp.v:173.32-173.125
Info:                  /usr/bin/../share/yosys/ecp5/arith_map.v:63.22-63.23
Info:  0.1 11.2  Source full_product_CCU2C_S0_16$CCU2_COMB0.FCO
Info:  0.0 11.2    Net full_product_CCU2C_S0_16$CCU2_FCI_INT (29,20) -> (29,20)
Info:                Sink full_product_CCU2C_S0_16$CCU2_COMB1.FCI
Info:  0.0 11.2  Source full_product_CCU2C_S0_16$CCU2_COMB1.FCO
Info:  0.0 11.2    Net full_product_CCU2C_S0_3_COUT[21] (29,20) -> (30,20)
Info:                Sink full_product_CCU2C_S0_15$CCU2_COMB0.FCI
Info:                Defined in:
Info:                  /root/chiploop-backend/backend/workflows/6336cdbb-d539-48af-a39d-c10f6bb1304e/fpga/src/rtl/review_input.sv:37.30-37.51
Info:                  /usr/bin/../share/yosys/mul2dsp.v:173.32-173.125
Info:                  /usr/bin/../share/yosys/ecp5/arith_map.v:63.22-63.23
Info:  0.1 11.3  Source full_product_CCU2C_S0_15$CCU2_COMB0.FCO
Info:  0.0 11.3    Net full_product_CCU2C_S0_15$CCU2_FCI_INT (30,20) -> (30,20)
Info:                Sink full_product_CCU2C_S0_15$CCU2_COMB1.FCI
Info:  0.0 11.3  Source full_product_CCU2C_S0_15$CCU2_COMB1.FCO
Info:  0.0 11.3    Net full_product_CCU2C_S0_3_COUT[23] (30,20) -> (30,20)
Info:                Sink full_product_CCU2C_S0_14$CCU2_COMB0.FCI
Info:                Defined in:
Info:                  /root/chiploop-backend/backend/workflows/6336cdbb-d539-48af-a39d-c10f6bb1304e/fpga/src/rtl/review_input.sv:37.30-37.51
Info:                  /usr/bin/../share/yosys/mul2dsp.v:173.32-173.125
Info:                  /usr/bin/../share/yosys/ecp5/arith_map.v:63.22-63.23
Info:  0.1 11.4  Source full_product_CCU2C_S0_14$CCU2_COMB0.FCO
Info:  0.0 11.4    Net full_product_CCU2C_S0_14$CCU2_FCI_INT (30,20) -> (30,20)
Info:                Sink full_product_CCU2C_S0_14$CCU2_COMB1.FCI
Info:  0.0 11.4  Source full_product_CCU2C_S0_14$CCU2_COMB1.FCO
Info:  0.0 11.4    Net full_product_CCU2C_S0_3_COUT[25] (30,20) -> (30,20)
Info:                Sink full_product_CCU2C_S0_13$CCU2_COMB0.FCI
Info:                Defined in:
Info:                  /root/chiploop-backend/backend/workflows/6336cdbb-d539-48af-a39d-c10f6bb1304e/fpga/src/rtl/review_input.sv:37.30-37.51
Info:                  /usr/bin/../share/yosys/mul2dsp.v:173.32-173.125
Info:                  /usr/bin/../share/yosys/ecp5/arith_map.v:63.22-63.23
Info:  0.1 11.5  Source full_product_CCU2C_S0_13$CCU2_COMB0.FCO
Info:  0.0 11.5    Net full_product_CCU2C_S0_13$CCU2_FCI_INT (30,20) -> (30,20)
Info:                Sink full_product_CCU2C_S0_13$CCU2_COMB1.FCI
Info:  0.0 11.5  Source full_product_CCU2C_S0_13$CCU2_COMB1.FCO
Info:  0.0 11.5    Net full_product_CCU2C_S0_3_COUT[27] (30,20) -> (30,20)
Info:                Sink full_product_CCU2C_S0_12$CCU2_COMB0.FCI
Info:                Defined in:
Info:                  /root/chiploop-backend/backend/workflows/6336cdbb-d539-48af-a39d-c10f6bb1304e/fpga/src/rtl/review_input.sv:37.30-37.51
Info:                  /usr/bin/../share/yosys/mul2dsp.v:173.32-173.125
Info:                  /usr/bin/../share/yosys/ecp5/arith_map.v:63.22-63.23
Info:  0.1 11.5  Source full_product_CCU2C_S0_12$CCU2_COMB0.FCO
Info:  0.0 11.5    Net full_product_CCU2C_S0_12$CCU2_FCI_INT (30,20) -> (30,20)
Info:                Sink full_product_CCU2C_S0_12$CCU2_COMB1.FCI
Info:  0.0 11.5  Source full_product_CCU2C_S0_12$CCU2_COMB1.FCO
Info:  0.0 11.5    Net full_product_CCU2C_S0_3_COUT[29] (30,20) -> (31,20)
Info:                Sink full_product_CCU2C_S0_10$CCU2_COMB0.FCI
Info:                Defined in:
Info:                  /root/chiploop-backend/backend/workflows/6336cdbb-d539-48af-a39d-c10f6bb1304e/fpga/src/rtl/review_input.sv:37.30-37.51
Info:                  /usr/bin/../share/yosys/mul2dsp.v:173.32-173.125
Info:                  /usr/bin/../share/yosys/ecp5/arith_map.v:63.22-63.23
Info:  0.1 11.6  Source full_product_CCU2C_S0_10$CCU2_COMB0.FCO
Info:  0.0 11.6    Net full_product_CCU2C_S0_10$CCU2_FCI_INT (31,20) -> (31,20)
Info:                Sink full_product_CCU2C_S0_10$CCU2_COMB1.FCI
Info:  0.4 12.0  Source full_product_CCU2C_S0_10$CCU2_COMB1.F
Info:  0.9 12.9    Net debug_data_LUT4_Z_3_A_LUT4_Z_B_LUT4_Z_A_L6MUX21_Z_D0_PFUMX_Z_BLUT_LUT4_Z_D_LUT4_B_Z_PFUMX_BLUT_Z_LUT4_A_Z_PFUMX_Z_C0_LUT4_Z_A_LUT4_Z_D_LUT4_D_Z_L6MUX21_Z_D0_PFUMX_Z_C0_CCU2C_S0_S1_CCU2C_S1_COUT_CCU2C_COUT_6_S1[2] (31,20) -> (35,20)
Info:                Sink debug_data_LUT4_Z_3_A_LUT4_Z_B_LUT4_Z_A_L6MUX21_Z_D0_PFUMX_Z_BLUT_LUT4_Z_D_LUT4_B_Z_PFUMX_BLUT_Z_LUT4_A_Z_PFUMX_Z_C0_LUT4_Z_A_LUT4_Z_D_LUT4_D_Z_L6MUX21_Z_1_SD_L6MUX21_Z_1_SD_CCU2C_S0_S1_CCU2C_S1_COUT_CCU2C_COUT_7_S1_LUT4_A_Z_PFUMX_BLUT_Z_L6MUX21_D1_Z_L6MUX21_Z_1_D0_L6MUX21_Z_D1_PFUMX_Z_BLUT_LUT4_Z.C
Info:                Defined in:
Info:                  /root/chiploop-backend/backend/workflows/6336cdbb-d539-48af-a39d-c10f6bb1304e/fpga/src/rtl/review_input.sv:37.15-37.27
Info:  0.4 13.3  Source debug_data_LUT4_Z_3_A_LUT4_Z_B_LUT4_Z_A_L6MUX21_Z_D0_PFUMX_Z_BLUT_LUT4_Z_D_LUT4_B_Z_PFUMX_BLUT_Z_LUT4_A_Z_PFUMX_Z_C0_LUT4_Z_A_LUT4_Z_D_LUT4_D_Z_L6MUX21_Z_1_SD_L6MUX21_Z_1_SD_CCU2C_S0_S1_CCU2C_S1_COUT_CCU2C_COUT_7_S1_LUT4_A_Z_PFUMX_BLUT_Z_L6MUX21_D1_Z_L6MUX21_Z_1_D0_L6MUX21_Z_D1_PFUMX_Z_BLUT_LUT4_Z.OFX
Info:  0.0 13.3    Net debug_data_LUT4_Z_3_A_LUT4_Z_B_LUT4_Z_A_L6MUX21_Z_D0_PFUMX_Z_BLUT_LUT4_Z_D_LUT4_B_Z_PFUMX_BLUT_Z_LUT4_A_Z_PFUMX_Z_C0_LUT4_Z_A_LUT4_Z_D_LUT4_D_Z_L6MUX21_Z_1_SD_L6MUX21_Z_1_SD_CCU2C_S0_S1_CCU2C_S1_COUT_CCU2C_COUT_7_S1_LUT4_A_Z_PFUMX_BLUT_Z_L6MUX21_D1_Z_L6MUX21_Z_1_D0_L6MUX21_Z_D1 (35,20) -> (35,20)
Info:                Sink debug_data_LUT4_Z_3_A_LUT4_Z_B_LUT4_Z_A_L6MUX21_Z_D0_PFUMX_Z_BLUT_LUT4_Z_D_LUT4_B_Z_PFUMX_BLUT_Z_LUT4_A_Z_PFUMX_Z_C0_LUT4_Z_A_LUT4_Z_D_LUT4_D_Z_L6MUX21_Z_1_SD_L6MUX21_Z_1_SD_CCU2C_S0_S1_CCU2C_S1_COUT_CCU2C_COUT_7_S1_LUT4_A_Z_PFUMX_BLUT_Z_L6MUX21_D1_Z_L6MUX21_Z_1_D0_L6MUX21_Z_D1_PFUMX_Z_ALUT_LUT4_Z.FXB
Info:                Defined in:
Info:                  /usr/bin/../share/yosys/ecp5/cells_map.v:157.54-157.56
Info:  0.2 13.6  Source debug_data_LUT4_Z_3_A_LUT4_Z_B_LUT4_Z_A_L6MUX21_Z_D0_PFUMX_Z_BLUT_LUT4_Z_D_LUT4_B_Z_PFUMX_BLUT_Z_LUT4_A_Z_PFUMX_Z_C0_LUT4_Z_A_LUT4_Z_D_LUT4_D_Z_L6MUX21_Z_1_SD_L6MUX21_Z_1_SD_CCU2C_S0_S1_CCU2C_S1_COUT_CCU2C_COUT_7_S1_LUT4_A_Z_PFUMX_BLUT_Z_L6MUX21_D1_Z_L6MUX21_Z_1_D0_L6MUX21_Z_D1_PFUMX_Z_ALUT_LUT4_Z.OFX
Info:  0.0 13.6    Net debug_data_LUT4_Z_3_A_LUT4_Z_B_LUT4_Z_A_L6MUX21_Z_D0_PFUMX_Z_BLUT_LUT4_Z_D_LUT4_B_Z_PFUMX_BLUT_Z_LUT4_A_Z_PFUMX_Z_C0_LUT4_Z_A_LUT4_Z_D_LUT4_D_Z_L6MUX21_Z_1_SD_L6MUX21_Z_1_SD_CCU2C_S0_S1_CCU2C_S1_COUT_CCU2C_COUT_7_S1_LUT4_A_Z_PFUMX_BLUT_Z_L6MUX21_D1_Z_L6MUX21_Z_1_D0 (35,20) -> (35,20)
Info:                Sink debug_data_LUT4_Z_3_A_LUT4_Z_B_LUT4_Z_A_L6MUX21_Z_D0_PFUMX_Z_BLUT_LUT4_Z_D_LUT4_B_Z_PFUMX_BLUT_Z_LUT4_A_Z_PFUMX_Z_C0_LUT4_Z_A_LUT4_Z_D_LUT4_D_Z_L6MUX21_Z_1_SD_L6MUX21_Z_1_SD_CCU2C_S0_S1_CCU2C_S1_COUT_CCU2C_COUT_7_S1_LUT4_A_Z_PFUMX_BLUT_Z_L6MUX21_D1_Z_L6MUX21_Z_1_D1_L6MUX21_Z_D0_PFUMX_Z_ALUT_LUT4_Z.FXA
Info:                Defined in:
Info:                  /usr/bin/../share/yosys/ecp5/cells_map.v:157.66-157.68
Info:  0.2 13.8  Source debug_data_LUT4_Z_3_A_LUT4_Z_B_LUT4_Z_A_L6MUX21_Z_D0_PFUMX_Z_BLUT_LUT4_Z_D_LUT4_B_Z_PFUMX_BLUT_Z_LUT4_A_Z_PFUMX_Z_C0_LUT4_Z_A_LUT4_Z_D_LUT4_D_Z_L6MUX21_Z_1_SD_L6MUX21_Z_1_SD_CCU2C_S0_S1_CCU2C_S1_COUT_CCU2C_COUT_7_S1_LUT4_A_Z_PFUMX_BLUT_Z_L6MUX21_D1_Z_L6MUX21_Z_1_D1_L6MUX21_Z_D0_PFUMX_Z_ALUT_LUT4_Z.OFX
Info:  0.7 14.5    Net debug_data_LUT4_Z_3_A_LUT4_Z_B_LUT4_Z_A_L6MUX21_Z_D0_PFUMX_Z_BLUT_LUT4_Z_D_LUT4_B_Z_PFUMX_BLUT_Z_LUT4_A_Z_PFUMX_Z_C0_LUT4_Z_A_LUT4_Z_D_LUT4_D_Z_L6MUX21_Z_1_SD_L6MUX21_Z_1_SD_CCU2C_S0_S1_CCU2C_S1_COUT_CCU2C_COUT_7_S1_LUT4_A_Z_PFUMX_BLUT_Z_L6MUX21_D1_Z[3] (35,20) -> (35,18)
Info:                Sink debug_data_LUT4_Z_12_A_LUT4_Z_B_L6MUX21_Z_D1_PFUMX_Z_ALUT_LUT4_Z.D
Info:                Defined in:
Info:                  /usr/bin/../share/yosys/ecp5/cells_map.v:108.23-108.24
Info:  0.2 14.8  Source debug_data_LUT4_Z_12_A_LUT4_Z_B_L6MUX21_Z_D1_PFUMX_Z_ALUT_LUT4_Z.F
Info:  0.0 14.8    Net debug_data_LUT4_Z_12_A_LUT4_Z_B_L6MUX21_Z_D1_PFUMX_Z_ALUT (35,18) -> (35,18)
Info:                Sink debug_data_LUT4_Z_12_A_LUT4_Z_B_L6MUX21_Z_D1_PFUMX_Z_BLUT_LUT4_Z.F1
Info:                Defined in:
Info:                  /usr/bin/../share/yosys/ecp5/cells_map.v:141.30-141.32
Info:  0.2 14.9  Source debug_data_LUT4_Z_12_A_LUT4_Z_B_L6MUX21_Z_D1_PFUMX_Z_BLUT_LUT4_Z.OFX
Info:  0.0 14.9    Net debug_data_LUT4_Z_12_A_LUT4_Z_B_L6MUX21_Z_D1 (35,18) -> (35,18)
Info:                Sink debug_data_LUT4_Z_12_A_LUT4_Z_B_L6MUX21_Z_D1_PFUMX_Z_ALUT_LUT4_Z.FXB
Info:                Defined in:
Info:                  /usr/bin/../share/yosys/ecp5/cells_map.v:141.38-141.40
Info:  0.2 15.2  Source debug_data_LUT4_Z_12_A_LUT4_Z_B_L6MUX21_Z_D1_PFUMX_Z_ALUT_LUT4_Z.OFX
Info:  1.2 16.4    Net debug_data_LUT4_Z_12_A_LUT4_Z_B[2] (35,18) -> (35,13)
Info:                Sink debug_data_LUT4_Z_12_A_LUT4_Z.D
Info:                Defined in:
Info:                  /usr/bin/../share/yosys/ecp5/cells_map.v:108.23-108.24
Info:  0.2 16.6  Source debug_data_LUT4_Z_12_A_LUT4_Z.F
Info:  0.9 17.5    Net debug_data_LUT4_Z_12_A[0] (35,13) -> (34,14)
Info:                Sink debug_data_LUT4_Z_12.A
Info:                Defined in:
Info:                  /usr/bin/../share/yosys/ecp5/cells_map.v:108.23-108.24
Info:  0.2 17.7  Source debug_data_LUT4_Z_12.F
Info:  3.5 21.2    Net debug_data[17]$TRELLIS_IO_OUT (34,14) -> (90,14)
Info:                Sink debug_data[17]$tr_io.I
Info:                Defined in:
Info:                  /root/chiploop-backend/backend/workflows/6336cdbb-d539-48af-a39d-c10f6bb1304e/fpga/src/rtl/review_input.sv:11.22-11.32
Info: 9.1 ns logic, 12.1 ns routing

Info: Max frequency for clock '$glbnet$clk$TRELLIS_IO_IN': 52.19 MHz (PASS at 15.00 MHz)

Info: Max delay <async>                           -> <async>                          : 16.27 ns
Info: Max delay <async>                           -> posedge $glbnet$clk$TRELLIS_IO_IN: 16.49 ns
Info: Max delay posedge $glbnet$clk$TRELLIS_IO_IN -> <async>                          : 21.20 ns

Info: Slack histogram:
Info:  legend: * represents 4 endpoint(s)
Info:          + represents [1,4) endpoint(s)
Info: [ 47504,  48398) |***************+
Info: [ 48398,  49292) |*************************************************+
Info: [ 49292,  50186) |************************************************+
Info: [ 50186,  51080) |**********+
Info: [ 51080,  51974) |+
Info: [ 51974,  52868) | 
Info: [ 52868,  53762) |+
Info: [ 53762,  54656) |*+
Info: [ 54656,  55550) |+
Info: [ 55550,  56444) |**+
Info: [ 56444,  57338) |*****+
Info: [ 57338,  58232) |*****+
Info: [ 58232,  59126) |*********+
Info: [ 59126,  60020) |**************************************+
Info: [ 60020,  60914) |************************************************************ 
Info: [ 60914,  61808) |**********************************+
Info: [ 61808,  62702) |**************+
Info: [ 62702,  63596) |*******************+
Info: [ 63596,  64490) |**+
Info: [ 64490,  65384) |*+

Info: Program finished normally.