=== STDOUT ===
- V e r i l a t i o n   R e p o r t: Verilator 5.047 devel rev v5.046-161-g24918b83b
- Verilator: Built from 0.155 MB sources in 6 modules, into 0.079 MB in 3 C++ files needing 0.000 MB
- Verilator: Walltime 0.026 s (elab=0.004, cvt=0.012, bld=0.000); cpu 0.026 s on 1 threads; allocated 32.359 MB

=== STDERR ===
%Warning-WIDTHTRUNC: aero_actuator_mapper.v:82:29: Operator ASSIGNDLY expects 64 bits on the Assign RHS, but Assign RHS's REPLICATE generates 88 bits.
                                                 : ... note: In instance 'adaptive_aero_control_top.u_aero_actuator_mapper'
   82 |         candidate_command_r <= {response_sequence_number, response_status_code, velocity_mps, actuator_hint[15:0], drag_estimate[15:0], lift_estimate[15:0]};
      |                             ^~
                     ... For warning description see https://verilator.org/warn/WIDTHTRUNC?v=5.047
                     ... Use "/* verilator lint_off WIDTHTRUNC */" and lint_on around source to disable this message.
%Warning-UNUSEDSIGNAL: adaptive_aero_control_top.v:49:6: Signal is not driven, nor used: 'status_busy'
                                                       : ... note: In instance 'adaptive_aero_control_top'
   49 | wire status_busy;
      |      ^~~~~~~~~~~
                       ... For warning description see https://verilator.org/warn/UNUSEDSIGNAL?v=5.047
                       ... Use "/* verilator lint_off UNUSEDSIGNAL */" and lint_on around source to disable this message.
%Warning-UNUSEDSIGNAL: adaptive_aero_control_top.v:50:6: Signal is not driven, nor used: 'status_request_outstanding'
                                                       : ... note: In instance 'adaptive_aero_control_top'
   50 | wire status_request_outstanding;
      |      ^~~~~~~~~~~~~~~~~~~~~~~~~~
%Warning-UNUSEDSIGNAL: adaptive_aero_control_top.v:51:6: Signal is not driven, nor used: 'status_response_accepted'
                                                       : ... note: In instance 'adaptive_aero_control_top'
   51 | wire status_response_accepted;
      |      ^~~~~~~~~~~~~~~~~~~~~~~~
%Warning-UNUSEDSIGNAL: adaptive_aero_control_top.v:52:6: Signal is not driven, nor used: 'status_stale_reject'
                                                       : ... note: In instance 'adaptive_aero_control_top'
   52 | wire status_stale_reject;
      |      ^~~~~~~~~~~~~~~~~~~
%Warning-UNUSEDSIGNAL: adaptive_aero_control_top.v:53:6: Signal is not driven, nor used: 'status_timeout_reject'
                                                       : ... note: In instance 'adaptive_aero_control_top'
   53 | wire status_timeout_reject;
      |      ^~~~~~~~~~~~~~~~~~~~~
%Warning-UNUSEDSIGNAL: adaptive_aero_control_top.v:54:6: Signal is not driven, nor used: 'status_malformed_reject'
                                                       : ... note: In instance 'adaptive_aero_control_top'
   54 | wire status_malformed_reject;
      |      ^~~~~~~~~~~~~~~~~~~~~~~
%Warning-UNUSEDSIGNAL: adaptive_aero_control_top.v:55:6: Signal is not driven, nor used: 'status_fallback_active'
                                                       : ... note: In instance 'adaptive_aero_control_top'
   55 | wire status_fallback_active;
      |      ^~~~~~~~~~~~~~~~~~~~~~
%Warning-UNUSEDSIGNAL: adaptive_aero_control_top.v:56:6: Signal is not driven, nor used: 'status_clamp_active'
                                                       : ... note: In instance 'adaptive_aero_control_top'
   56 | wire status_clamp_active;
      |      ^~~~~~~~~~~~~~~~~~~
%Warning-UNUSEDSIGNAL: adaptive_aero_control_top.v:57:6: Signal is not driven, nor used: 'status_fault'
                                                       : ... note: In instance 'adaptive_aero_control_top'
   57 | wire status_fault;
      |      ^~~~~~~~~~~~
%Warning-UNDRIVEN: adaptive_aero_control_top.v:58:13: Signal is not driven: 'last_sequence_accepted'
                                                    : ... note: In instance 'adaptive_aero_control_top'
   58 | wire [15:0] last_sequence_accepted;
      |             ^~~~~~~~~~~~~~~~~~~~~~
                   ... For warning description see https://verilator.org/warn/UNDRIVEN?v=5.047
                   ... Use "/* verilator lint_off UNDRIVEN */" and lint_on around source to disable this message.
%Warning-UNUSEDSIGNAL: aero_actuator_mapper.v:40:14: Bits of signal are not used: 'actuator_hint'[31:16]
                                                   : ... note: In instance 'adaptive_aero_control_top.u_aero_actuator_mapper'
   40 | input [31:0] actuator_hint;
      |              ^~~~~~~~~~~~~
%Warning-UNUSEDSIGNAL: aero_actuator_mapper.v:41:14: Bits of signal are not used: 'lift_estimate'[31:16]
                                                   : ... note: In instance 'adaptive_aero_control_top.u_aero_actuator_mapper'
   41 | input [31:0] lift_estimate;
      |              ^~~~~~~~~~~~~
%Warning-UNUSEDSIGNAL: aero_actuator_mapper.v:42:14: Bits of signal are not used: 'drag_estimate'[31:16]
                                                   : ... note: In instance 'adaptive_aero_control_top.u_aero_actuator_mapper'
   42 | input [31:0] drag_estimate;
      |              ^~~~~~~~~~~~~
%Warning-UNUSEDSIGNAL: aero_actuator_mapper.v:59:12: Signal is not used: 'candidate_command_r'
                                                   : ... note: In instance 'adaptive_aero_control_top.u_aero_actuator_mapper'
   59 | reg [63:0] candidate_command_r;
      |            ^~~~~~~~~~~~~~~~~~~
%Warning-UNUSEDSIGNAL: aero_actuator_mapper.v:62:5: Signal is not used: 'fallback_event_r'
                                                  : ... note: In instance 'adaptive_aero_control_top.u_aero_actuator_mapper'
   62 | reg fallback_event_r;
      |     ^~~~~~~~~~~~~~~~
%Warning-UNUSEDSIGNAL: aero_mmio_register_window.v:37:14: Bits of signal are not used: 'cfg_wdata'[31:8]
                                                        : ... note: In instance 'adaptive_aero_control_top.u_aero_mmio_register_window'
   37 | input [31:0] cfg_wdata;
      |              ^~~~~~~~~
%Warning-UNUSEDSIGNAL: aero_request_framer.v:24:14: Signal is not used: 'cfg_sequence_seed'
                                                  : ... note: In instance 'adaptive_aero_control_top.u_aero_request_framer'
   24 | input [15:0] cfg_sequence_seed;
      |              ^~~~~~~~~~~~~~~~~
%Warning-UNUSEDSIGNAL: aero_response_deframer.v:37:15: Bits of signal are not used: 'rsp_data'[7:0]
                                                     : ... note: In instance 'adaptive_aero_control_top.u_aero_response_deframer'
   37 | input [127:0] rsp_data;
      |               ^~~~~~~~
%Warning-UNUSEDSIGNAL: aero_response_deframer.v:52:14: Bits of signal are not used: 'request_flags'[23:1]
                                                     : ... note: In instance 'adaptive_aero_control_top.u_aero_response_deframer'
   52 | input [23:0] request_flags;
      |              ^~~~~~~~~~~~~

=== RETURN CODE ===
0
