=== STDERR ===
%Error: temp_monitor_digital_sample_ctrl.v:129:67: syntax error, unexpected '['
  129 |             avg_value <= ({1'b0, adc_code} + {1'b0, sample_hist0})[12:1];
      |                                                                   ^
        ... See the manual at https://verilator.org/verilator_doc.html?v=5.047 for more assistance.
%Error: temp_monitor_digital_sample_ctrl.v:130:69: syntax error, unexpected '['
  130 |             latest_temp <= ({1'b0, adc_code} + {1'b0, sample_hist0})[12:1];
      |                                                                     ^
%Error: temp_monitor_digital_sample_ctrl.v:131:67: syntax error, unexpected '['
  131 |             temp_code <= ({1'b0, adc_code} + {1'b0, sample_hist0})[12:1];
      |                                                                   ^
%Error: temp_monitor_digital_sample_ctrl.v:139:72: syntax error, unexpected '['
  139 |             compare_alert <= (({1'b0, adc_code} + {1'b0, sample_hist0})[12:1] > threshold_code_reg);
      |                                                                        ^
%Error: temp_monitor_digital_sample_ctrl.v:140:58: syntax error, unexpected '['
  140 |             if (({1'b0, adc_code} + {1'b0, sample_hist0})[12:1] > threshold_code_reg) begin
      |                                                          ^
%Error: temp_monitor_digital_sample_ctrl.v:169:1: syntax error, unexpected end
  169 | end
      | ^~~
%Error: Cannot continue
        ... This fatal error may be caused by the earlier error(s); resolve those first.

=== RETURN CODE ===
1
