=== STDOUT ===
- V e r i l a t i o n   R e p o r t: Verilator 5.047 devel rev v5.046-161-g24918b83b
- Verilator: Built from 0.078 MB sources in 4 modules, into 0.028 MB in 3 C++ files needing 0.000 MB
- Verilator: Walltime 0.016 s (elab=0.002, cvt=0.007, bld=0.000); cpu 0.016 s on 1 threads; allocated 31.359 MB

=== STDERR ===
%Warning-BLKSEQ: pass2/temp_monitor_digital_sample_ctrl.v:128:26: Blocking assignment '=' in sequential logic process
                                                                : ... note: In instance 'temp_monitor_digital.u_temp_monitor_digital_sample_ctrl'
                                                                : ... Suggest using delayed assignment '<='
  128 |             avg_sum_next = {1'b0, adc_code} + {1'b0, sample_hist0};
      |                          ^
                 ... For warning description see https://verilator.org/warn/BLKSEQ?v=5.047
                 ... Use "/* verilator lint_off BLKSEQ */" and lint_on around source to disable this message.
%Warning-UNUSEDSIGNAL: pass2/temp_monitor_digital.v:49:6: Signal is not used: 'compare_alert'
                                                        : ... note: In instance 'temp_monitor_digital'
   49 | wire compare_alert;
      |      ^~~~~~~~~~~~~
                       ... For warning description see https://verilator.org/warn/UNUSEDSIGNAL?v=5.047
                       ... Use "/* verilator lint_off UNUSEDSIGNAL */" and lint_on around source to disable this message.
%Warning-UNUSEDSIGNAL: pass2/temp_monitor_digital.v:50:6: Signal is not used: 'sample_done_pulse'
                                                        : ... note: In instance 'temp_monitor_digital'
   50 | wire sample_done_pulse;
      |      ^~~~~~~~~~~~~~~~~
%Warning-UNUSEDSIGNAL: pass2/temp_monitor_digital.v:51:6: Signal is not used: 'sample_req_pulse'
                                                        : ... note: In instance 'temp_monitor_digital'
   51 | wire sample_req_pulse;
      |      ^~~~~~~~~~~~~~~~
%Warning-UNUSEDSIGNAL: pass2/temp_monitor_digital_regfile.v:31:14: Bits of signal are not used: 'wr_data'[15:12]
                                                                 : ... note: In instance 'temp_monitor_digital.u_temp_monitor_digital_regfile'
   31 | input [15:0] wr_data;
      |              ^~~~~~~
%Warning-UNUSEDSIGNAL: pass2/temp_monitor_digital_sample_ctrl.v:58:12: Signal is not used: 'sample_hist1'
                                                                     : ... note: In instance 'temp_monitor_digital.u_temp_monitor_digital_sample_ctrl'
   58 | reg [11:0] sample_hist1;
      |            ^~~~~~~~~~~~
%Warning-UNUSEDSIGNAL: pass2/temp_monitor_digital_sample_ctrl.v:59:12: Signal is not used: 'avg_sum'
                                                                     : ... note: In instance 'temp_monitor_digital.u_temp_monitor_digital_sample_ctrl'
   59 | reg [12:0] avg_sum;
      |            ^~~~~~~
%Warning-UNUSEDSIGNAL: pass2/temp_monitor_digital_sample_ctrl.v:60:12: Signal is not used: 'avg_value'
                                                                     : ... note: In instance 'temp_monitor_digital.u_temp_monitor_digital_sample_ctrl'
   60 | reg [11:0] avg_value;
      |            ^~~~~~~~~

=== RETURN CODE ===
0
