=== STDOUT ===
- V e r i l a t i o n   R e p o r t: Verilator 5.047 devel rev v5.046-161-g24918b83b
- Verilator: Built from 0.050 MB sources in 2 modules, into 0.086 MB in 3 C++ files needing 0.000 MB
- Verilator: Walltime 0.022 s (elab=0.002, cvt=0.011, bld=0.000); cpu 0.022 s on 1 threads; allocated 32.355 MB

=== STDERR ===
%Warning-UNUSEDSIGNAL: adaptive_aero_control_top.v:35:15: Bits of signal are not used: 'model_rsp_data'[127:64,47:35,32]
                                                        : ... note: In instance 'adaptive_aero_control_top'
   35 | input [127:0] model_rsp_data;
      |               ^~~~~~~~~~~~~~
                       ... For warning description see https://verilator.org/warn/UNUSEDSIGNAL?v=5.047
                       ... Use "/* verilator lint_off UNUSEDSIGNAL */" and lint_on around source to disable this message.
%Warning-UNUSEDSIGNAL: adaptive_aero_control_top.v:88:20: Signal is not used: 'state_n'
                                                        : ... note: In instance 'adaptive_aero_control_top'
   88 | reg [2:0] state_r, state_n;
      |                    ^~~~~~~
%Warning-UNUSEDSIGNAL: adaptive_aero_control_top.v:108:12: Signal is not used: 'last_rsp_transaction_id_r'
                                                         : ... note: In instance 'adaptive_aero_control_top'
  108 | reg [15:0] last_rsp_transaction_id_r;
      |            ^~~~~~~~~~~~~~~~~~~~~~~~~
%Warning-UNUSEDSIGNAL: adaptive_aero_control_top.v:110:5: Signal is not used: 'last_rsp_status_ok_r'
                                                        : ... note: In instance 'adaptive_aero_control_top'
  110 | reg last_rsp_status_ok_r;
      |     ^~~~~~~~~~~~~~~~~~~~
%Warning-UNUSEDSIGNAL: adaptive_aero_control_top.v:126:5: Signal is not used: 'csr_write_hit'
                                                        : ... note: In instance 'adaptive_aero_control_top'
  126 | reg csr_write_hit;
      |     ^~~~~~~~~~~~~
%Warning-UNUSEDSIGNAL: adaptive_aero_control_top.v:128:5: Signal is not used: 'model_req_accept'
                                                        : ... note: In instance 'adaptive_aero_control_top'
  128 | reg model_req_accept;
      |     ^~~~~~~~~~~~~~~~
%Warning-UNUSEDSIGNAL: adaptive_aero_control_top.v:129:5: Signal is not used: 'model_rsp_accept'
                                                        : ... note: In instance 'adaptive_aero_control_top'
  129 | reg model_rsp_accept;
      |     ^~~~~~~~~~~~~~~~
%Warning-UNUSEDSIGNAL: adaptive_aero_control_top.v:133:5: Signal is not used: 'clamp_needed'
                                                        : ... note: In instance 'adaptive_aero_control_top'
  133 | reg clamp_needed;
      |     ^~~~~~~~~~~~

=== RETURN CODE ===
0
