=== STDOUT ===
- V e r i l a t i o n   R e p o r t: Verilator 5.047 devel rev v5.046-161-g24918b83b
- Verilator: Built from 0.153 MB sources in 6 modules, into 0.076 MB in 3 C++ files needing 0.000 MB
- Verilator: Walltime 0.023 s (elab=0.002, cvt=0.011, bld=0.000); cpu 0.023 s on 1 threads; allocated 32.359 MB

=== STDERR ===
%Warning-UNUSEDSIGNAL: pass4/adaptive_aero_control_top.v:65:17: Signal is not used: 'hist_dout'
                                                              : ... note: In instance 'adaptive_aero_control_top'
   65 |     wire [31:0] hist_dout;
      |                 ^~~~~~~~~
                       ... For warning description see https://verilator.org/warn/UNUSEDSIGNAL?v=5.047
                       ... Use "/* verilator lint_off UNUSEDSIGNAL */" and lint_on around source to disable this message.
%Warning-UNUSEDSIGNAL: pass4/adaptive_aero_control_top.v:70:6: Signal is not driven, nor used: 'adaptive_aero_history_bram_ctrl_hist_csb'
                                                             : ... note: In instance 'adaptive_aero_control_top'
   70 | wire adaptive_aero_history_bram_ctrl_hist_csb;
      |      ^~~~~~~~~~~~~~~~~~~~~~~~~~~~~~~~~~~~~~~~
%Warning-UNUSEDSIGNAL: pass4/adaptive_aero_control_top.v:71:6: Signal is not driven, nor used: 'adaptive_aero_history_bram_ctrl_hist_we_n'
                                                             : ... note: In instance 'adaptive_aero_control_top'
   71 | wire adaptive_aero_history_bram_ctrl_hist_we_n;
      |      ^~~~~~~~~~~~~~~~~~~~~~~~~~~~~~~~~~~~~~~~~
%Warning-UNUSEDSIGNAL: pass4/adaptive_aero_cmd_safety.v:41:19: Bits of signal are not used: 'cmd_stream_payload'[127:48]
                                                             : ... note: In instance 'adaptive_aero_control_top.u_cmd_safety'
   41 |     input [127:0] cmd_stream_payload;
      |                   ^~~~~~~~~~~~~~~~~~
%Warning-UNUSEDSIGNAL: pass4/adaptive_aero_cmd_safety.v:43:11: Signal is not used: 'resp_stream_ready'
                                                             : ... note: In instance 'adaptive_aero_control_top.u_cmd_safety'
   43 |     input resp_stream_ready;
      |           ^~~~~~~~~~~~~~~~~
%Warning-UNUSEDSIGNAL: pass4/adaptive_aero_cmd_safety.v:92:16: Signal is not used: 'hist_word'
                                                             : ... note: In instance 'adaptive_aero_control_top.u_cmd_safety'
   92 |     reg [31:0] hist_word;
      |                ^~~~~~~~~
%Warning-UNUSEDSIGNAL: pass4/adaptive_aero_regfile.v:33:18: Bits of signal are not used: 'host_reg_wdata'[63:16]
                                                          : ... note: In instance 'adaptive_aero_control_top.u_regfile'
   33 |     input [63:0] host_reg_wdata;
      |                  ^~~~~~~~~~~~~~
%Warning-UNUSEDSIGNAL: pass4/adaptive_aero_regfile.v:34:17: Bits of signal are not used: 'host_reg_be'[7:2]
                                                          : ... note: In instance 'adaptive_aero_control_top.u_regfile'
   34 |     input [7:0] host_reg_be;
      |                 ^~~~~~~~~~~

=== RETURN CODE ===
0
