=== STDOUT ===
- V e r i l a t i o n   R e p o r t: Verilator 5.047 devel rev v5.046-161-g24918b83b
- Verilator: Built from 0.153 MB sources in 6 modules, into 0.075 MB in 3 C++ files needing 0.000 MB
- Verilator: Walltime 0.021 s (elab=0.003, cvt=0.010, bld=0.000); cpu 0.021 s on 1 threads; allocated 32.355 MB

=== STDERR ===
%Warning-UNUSEDSIGNAL: pass2/adaptive_aero_control_top.v:71:6: Signal is not driven, nor used: 'adaptive_aero_history_bram_ctrl_hist_csb'
                                                             : ... note: In instance 'adaptive_aero_control_top'
   71 | wire adaptive_aero_history_bram_ctrl_hist_csb;
      |      ^~~~~~~~~~~~~~~~~~~~~~~~~~~~~~~~~~~~~~~~
                       ... For warning description see https://verilator.org/warn/UNUSEDSIGNAL?v=5.047
                       ... Use "/* verilator lint_off UNUSEDSIGNAL */" and lint_on around source to disable this message.
%Warning-UNUSEDSIGNAL: pass2/adaptive_aero_control_top.v:72:6: Signal is not driven, nor used: 'adaptive_aero_history_bram_ctrl_hist_we_n'
                                                             : ... note: In instance 'adaptive_aero_control_top'
   72 | wire adaptive_aero_history_bram_ctrl_hist_we_n;
      |      ^~~~~~~~~~~~~~~~~~~~~~~~~~~~~~~~~~~~~~~~~
%Warning-UNUSEDSIGNAL: pass2/adaptive_aero_cmd_safety.v:41:19: Bits of signal are not used: 'cmd_stream_payload'[127:48]
                                                             : ... note: In instance 'adaptive_aero_control_top.u_cmd_safety'
   41 |     input [127:0] cmd_stream_payload;
      |                   ^~~~~~~~~~~~~~~~~~
%Warning-UNUSEDSIGNAL: pass2/adaptive_aero_cmd_safety.v:43:11: Signal is not used: 'resp_stream_ready'
                                                             : ... note: In instance 'adaptive_aero_control_top.u_cmd_safety'
   43 |     input resp_stream_ready;
      |           ^~~~~~~~~~~~~~~~~
%Warning-UNUSEDSIGNAL: pass2/adaptive_aero_history_bram_ctrl.v:15:17: Signal is not used: 'hist_addr'
                                                                    : ... note: In instance 'adaptive_aero_control_top.u_history_bram_ctrl'
   15 |     input [3:0] hist_addr;
      |                 ^~~~~~~~~
%Warning-UNUSEDSIGNAL: pass2/adaptive_aero_history_bram_ctrl.v:16:18: Signal is not used: 'hist_din'
                                                                    : ... note: In instance 'adaptive_aero_control_top.u_history_bram_ctrl'
   16 |     input [31:0] hist_din;
      |                  ^~~~~~~~
%Warning-UNDRIVEN: pass2/adaptive_aero_history_bram_ctrl.v:17:19: Signal is not driven: 'hist_dout'
                                                                : ... note: In instance 'adaptive_aero_control_top.u_history_bram_ctrl'
   17 |     output [31:0] hist_dout;
      |                   ^~~~~~~~~
                   ... For warning description see https://verilator.org/warn/UNDRIVEN?v=5.047
                   ... Use "/* verilator lint_off UNDRIVEN */" and lint_on around source to disable this message.
%Warning-UNUSEDSIGNAL: pass2/adaptive_aero_regfile.v:35:18: Bits of signal are not used: 'host_reg_wdata'[63:16]
                                                          : ... note: In instance 'adaptive_aero_control_top.u_regfile'
   35 |     input [63:0] host_reg_wdata;
      |                  ^~~~~~~~~~~~~~
%Warning-UNUSEDSIGNAL: pass2/adaptive_aero_regfile.v:36:17: Signal is not used: 'host_reg_be'
                                                          : ... note: In instance 'adaptive_aero_control_top.u_regfile'
   36 |     input [7:0] host_reg_be;
      |                 ^~~~~~~~~~~

=== RETURN CODE ===
0
