=== STDOUT ===
- V e r i l a t i o n   R e p o r t: Verilator 5.047 devel rev v5.046-161-g24918b83b
- Verilator: Built from 0.060 MB sources in 3 modules, into 0.087 MB in 3 C++ files needing 0.000 MB
- Verilator: Walltime 0.023 s (elab=0.002, cvt=0.010, bld=0.000); cpu 0.023 s on 1 threads; allocated 32.355 MB

=== STDERR ===
%Warning-WIDTHTRUNC: pass2/adaptive_aero_control_top.v:154:26: Operator ASSIGNW expects 16 bits on the Assign RHS, but Assign RHS's REPLICATE generates 28 bits.
                                                             : ... note: In instance 'adaptive_aero_control_top'
  154 |     assign calc_checksum = {cmd_opcode, cmd_seq[3:0], cmd_vel, cmd_geom[3:0], cmd_intent[3:0], cmd_seq[15:12]};
      |                          ^
                     ... For warning description see https://verilator.org/warn/WIDTHTRUNC?v=5.047
                     ... Use "/* verilator lint_off WIDTHTRUNC */" and lint_on around source to disable this message.
%Warning-SELRANGE: pass2/adaptive_aero_control_top.v:246:53: Extracting 10 bits from only 8 bit number
                                                           : ... note: In instance 'adaptive_aero_control_top'
  246 |             8'h28: reg_rdata_r = {54'h0, status0_reg[9:0]};
      |                                                     ^
                   ... For warning description see https://verilator.org/warn/SELRANGE?v=5.047
                   ... Use "/* verilator lint_off SELRANGE */" and lint_on around source to disable this message.
%Warning-SELRANGE: pass2/adaptive_aero_control_top.v:246:53: Selection index out of range: 9:0 outside 7:0
                                                           : ... note: In instance 'adaptive_aero_control_top'
  246 |             8'h28: reg_rdata_r = {54'h0, status0_reg[9:0]};
      |                                                     ^
%Warning-WIDTHTRUNC: pass2/adaptive_aero_control_top.v:269:25: Operator ASSIGNDLY expects 64 bits on the Assign RHS, but Assign RHS's REPLICATE generates 95 bits.
                                                             : ... note: In instance 'adaptive_aero_control_top'
  269 |             version_reg <= {31'b0, 32'h00000000, IP_VERSION};
      |                         ^~
%Warning-WIDTHTRUNC: pass2/adaptive_aero_control_top.v:312:25: Operator ASSIGNDLY expects 64 bits on the Assign RHS, but Assign RHS's REPLICATE generates 126 bits.
                                                             : ... note: In instance 'adaptive_aero_control_top'
  312 |             version_reg <= {62'b0, BUILD_ID, IP_VERSION};
      |                         ^~
%Warning-UNUSEDSIGNAL: pass2/adaptive_aero_control_top.v:40:18: Bits of signal are not used: 'reg_wdata'[63:33]
                                                              : ... note: In instance 'adaptive_aero_control_top'
   40 |     input [63:0] reg_wdata;
      |                  ^~~~~~~~~
                       ... For warning description see https://verilator.org/warn/UNUSEDSIGNAL?v=5.047
                       ... Use "/* verilator lint_off UNUSEDSIGNAL */" and lint_on around source to disable this message.
%Warning-UNUSEDSIGNAL: pass2/adaptive_aero_control_top.v:69:16: Signal is not used: 'current_cmd'
                                                              : ... note: In instance 'adaptive_aero_control_top'
   69 |     reg [15:0] current_cmd;
      |                ^~~~~~~~~~~
%Warning-UNUSEDSIGNAL: pass2/adaptive_aero_control_top.v:72:16: Signal is not used: 'safe_last_cmd'
                                                              : ... note: In instance 'adaptive_aero_control_top'
   72 |     reg [15:0] safe_last_cmd;
      |                ^~~~~~~~~~~~~
%Warning-UNUSEDSIGNAL: pass2/adaptive_aero_control_top.v:73:16: Signal is not used: 'last_seq_seen'
                                                              : ... note: In instance 'adaptive_aero_control_top'
   73 |     reg [15:0] last_seq_seen;
      |                ^~~~~~~~~~~~~
%Warning-UNUSEDSIGNAL: pass2/adaptive_aero_control_top.v:74:16: Signal is not used: 'freshness_age'
                                                              : ... note: In instance 'adaptive_aero_control_top'
   74 |     reg [15:0] freshness_age;
      |                ^~~~~~~~~~~~~
%Warning-UNUSEDSIGNAL: pass2/adaptive_aero_control_top.v:77:16: Signal is not used: 'pending_cmd'
                                                              : ... note: In instance 'adaptive_aero_control_top'
   77 |     reg [15:0] pending_cmd;
      |                ^~~~~~~~~~~
%Warning-UNUSEDSIGNAL: pass2/adaptive_aero_control_top.v:78:16: Signal is not used: 'pending_velocity'
                                                              : ... note: In instance 'adaptive_aero_control_top'
   78 |     reg [15:0] pending_velocity;
      |                ^~~~~~~~~~~~~~~~
%Warning-UNUSEDSIGNAL: pass2/adaptive_aero_control_top.v:79:15: Signal is not used: 'pending_opcode'
                                                              : ... note: In instance 'adaptive_aero_control_top'
   79 |     reg [3:0] pending_opcode;
      |               ^~~~~~~~~~~~~~
%Warning-UNUSEDSIGNAL: pass2/adaptive_aero_control_top.v:81:9: Signal is not used: 'pending_valid'
                                                             : ... note: In instance 'adaptive_aero_control_top'
   81 |     reg pending_valid;
      |         ^~~~~~~~~~~~~
%Warning-UNUSEDSIGNAL: pass2/adaptive_aero_control_top.v:82:9: Signal is not used: 'pending_clamp'
                                                             : ... note: In instance 'adaptive_aero_control_top'
   82 |     reg pending_clamp;
      |         ^~~~~~~~~~~~~
%Warning-UNUSEDPARAM: pass2/adaptive_aero_control_top.v:113:22: Parameter is not used: 'FAULT_TRANSPORT'
                                                              : ... note: In instance 'adaptive_aero_control_top'
  113 |     localparam [7:0] FAULT_TRANSPORT = 8'h05;
      |                      ^~~~~~~~~~~~~~~
                      ... For warning description see https://verilator.org/warn/UNUSEDPARAM?v=5.047
                      ... Use "/* verilator lint_off UNUSEDPARAM */" and lint_on around source to disable this message.
%Warning-UNUSEDSIGNAL: pass2/adaptive_aero_control_top.v:122:17: Bits of signal are not used: 'cmd_geom'[15:4]
                                                               : ... note: In instance 'adaptive_aero_control_top'
  122 |     wire [15:0] cmd_geom;
      |                 ^~~~~~~~
%Warning-UNUSEDSIGNAL: pass2/adaptive_aero_control_top.v:131:17: Signal is not used: 'lower_bound'
                                                               : ... note: In instance 'adaptive_aero_control_top'
  131 |     wire [15:0] lower_bound;
      |                 ^~~~~~~~~~~
%Warning-UNUSEDSIGNAL: pass2/adaptive_aero_control_top.v:132:17: Signal is not used: 'upper_bound'
                                                               : ... note: In instance 'adaptive_aero_control_top'
  132 |     wire [15:0] upper_bound;
      |                 ^~~~~~~~~~~
%Warning-UNUSEDSIGNAL: pass2/adaptive_aero_control_top.v:142:6: Signal is not driven, nor used: 'wr_en'
                                                              : ... note: In instance 'adaptive_aero_control_top'
  142 | wire wr_en;
      |      ^~~~~
%Warning-UNUSEDSIGNAL: pass2/adaptive_aero_control_top.v:143:12: Signal is not driven, nor used: 'wr_addr'
                                                               : ... note: In instance 'adaptive_aero_control_top'
  143 | wire [5:0] wr_addr;
      |            ^~~~~~~
%Warning-UNUSEDSIGNAL: pass2/adaptive_aero_control_top.v:144:13: Signal is not driven, nor used: 'wr_data'
                                                               : ... note: In instance 'adaptive_aero_control_top'
  144 | wire [63:0] wr_data;
      |             ^~~~~~~
%Warning-UNUSEDSIGNAL: pass2/adaptive_aero_control_top.v:145:12: Signal is not driven, nor used: 'rd_addr'
                                                               : ... note: In instance 'adaptive_aero_control_top'
  145 | wire [5:0] rd_addr;
      |            ^~~~~~~
%Warning-UNUSEDSIGNAL: pass2/adaptive_aero_control_top.v:146:13: Signal is not driven, nor used: 'rd_data'
                                                               : ... note: In instance 'adaptive_aero_control_top'
  146 | wire [63:0] rd_data;
      |             ^~~~~~~

=== RETURN CODE ===
0
