[2026-08-06T03:32:39.234432Z] Digital Implementation Setup Agent
workflow_id=30734adb-33b9-4000-8b0e-a911961bac0f
workflow_dir=/root/chiploop-backend/artifacts/3c6dfa47-ba1d-4be5-857c-c60b38fc0ff6/30734adb-33b9-4000-8b0e-a911961bac0f/a3d869e5-ee6f-4838-9460-66c7ab5ff8f1/digital/arch2tapeout
profile_path=/root/chiploop-backend/artifacts/3c6dfa47-ba1d-4be5-857c-c60b38fc0ff6/30734adb-33b9-4000-8b0e-a911961bac0f/a3d869e5-ee6f-4838-9460-66c7ab5ff8f1/digital/arch2tapeout/digital/foundry/foundry_profile.json
spec_json=None
top_module=AeroGuard_Active_Aerodynamics_Controller
rtl_count=5
clock_port=clk
reset_name=rst_n
clock_mhz=100.0
clock_period_ns=10.0
clock_intent={"type": "digital_clock_intent", "clocks": [{"name": "clk", "port": "clk", "frequency_mhz": 100.0, "period_ns": 10.0, "source": "rtl_port_inference+default_frequency", "needs_user_frequency": false}], "resets": [{"name": "rst_n", "port": "rst_n", "active_low": true, "source": "rtl_port_inference"}], "primary_clock": "clk", "primary_reset": "rst_n", "needs_user_review": false, "provenance": {"requested": true, "sdc_clocks": 0, "spec_clocks": 0, "rtl_clocks": 1, "spec_resets": 0, "rtl_resets": 1}}
request_target_frequency_mhz=100.0
request_constraints_sdc_present=False
upstream_sdc=None
sdc_source=inferred_clock_intent
sdc_basename=AeroGuard_Active_Aerodynamics_Controller.sdc
canonical_sdc=/root/chiploop-backend/artifacts/3c6dfa47-ba1d-4be5-857c-c60b38fc0ff6/30734adb-33b9-4000-8b0e-a911961bac0f/a3d869e5-ee6f-4838-9460-66c7ab5ff8f1/digital/arch2tapeout/digital/impl_setup/constraints/AeroGuard_Active_Aerodynamics_Controller.sdc
filelist=/root/chiploop-backend/artifacts/3c6dfa47-ba1d-4be5-857c-c60b38fc0ff6/30734adb-33b9-4000-8b0e-a911961bac0f/a3d869e5-ee6f-4838-9460-66c7ab5ff8f1/digital/arch2tapeout/digital/impl_setup/filelist.f
pdk=sky130A
pdk_root=/root/chiploop-backend/backend/pdk
openlane_cfg=/root/chiploop-backend/artifacts/3c6dfa47-ba1d-4be5-857c-c60b38fc0ff6/30734adb-33b9-4000-8b0e-a911961bac0f/a3d869e5-ee6f-4838-9460-66c7ab5ff8f1/digital/arch2tapeout/digital/impl_setup/openlane/config.json
corners=/root/chiploop-backend/artifacts/3c6dfa47-ba1d-4be5-857c-c60b38fc0ff6/30734adb-33b9-4000-8b0e-a911961bac0f/a3d869e5-ee6f-4838-9460-66c7ab5ff8f1/digital/arch2tapeout/digital/impl_setup/corners.json
