=== STDOUT ===
- V e r i l a t i o n   R e p o r t: Verilator 5.047 devel rev v5.046-161-g24918b83b
- Verilator: Built from 0.071 MB sources in 3 modules, into 0.068 MB in 3 C++ files needing 0.000 MB
- Verilator: Walltime 0.022 s (elab=0.002, cvt=0.011, bld=0.000); cpu 0.022 s on 1 threads; allocated 32.359 MB

=== STDERR ===
%Warning-UNUSEDSIGNAL: pass5/adaptive_aero_control_top.v:29:11: Signal is not used: 'req_ready'
                                                              : ... note: In instance 'adaptive_aero_control_top'
   29 |     input req_ready;
      |           ^~~~~~~~~
                       ... For warning description see https://verilator.org/warn/UNUSEDSIGNAL?v=5.047
                       ... Use "/* verilator lint_off UNUSEDSIGNAL */" and lint_on around source to disable this message.
%Warning-UNUSEDSIGNAL: pass5/adaptive_aero_control_top.v:33:18: Bits of signal are not used: 'rsp_data'[71:0]
                                                              : ... note: In instance 'adaptive_aero_control_top'
   33 |     input [95:0] rsp_data;
      |                  ^~~~~~~~
%Warning-UNUSEDSIGNAL: pass5/adaptive_aero_control_top.v:73:16: Signal is not used: 'accepted_cmd_q'
                                                              : ... note: In instance 'adaptive_aero_control_top'
   73 |     reg [31:0] accepted_cmd_q;
      |                ^~~~~~~~~~~~~~
%Warning-UNUSEDSIGNAL: pass5/adaptive_aero_control_top.v:98:17: Signal is not used: 'req_fifo_word'
                                                              : ... note: In instance 'adaptive_aero_control_top'
   98 |     wire [95:0] req_fifo_word;
      |                 ^~~~~~~~~~~~~

=== RETURN CODE ===
0
